✅ W&B initialized
Compiling model with torch.compile...
✅ Compiled
✅ DDP with 2 GPUs
Parameters: 18,986,689 (18.99M)

❌ Training failed: name 'EMA' is not defined
Traceback (most recent call last):
  File "/kaggle/working/rectified_flow_ct_augmentation.py", line 1208, in <module>
    ema, scheduler = train()
                     ^^^^^^^
  File "/kaggle/working/rectified_flow_ct_augmentation.py", line 905, in train
    ema = EMA(raw_model, decay=cfg.EMA_DECAY)
          ^^^
NameError: name 'EMA' is not defined

============================================================
TRAINING — Rectified Flow
  Precision:     FP16 AMP
  Batch:         12 × 2 = 24
  Resolution:    224×224
  Timestep:      logit_normal
  Time Guard:    10.0h
============================================================
[34m[1mwandb[0m: [33mWARNING[0m Calling wandb.login() after wandb.init() has no effect.
[34m[1mwandb[0m: wandb.init() called while a run is active and reinit is set to 'default', so returning the previous run.
✅ W&B initialized
Compiling model with torch.compile...
✅ Compiled

 Failed: Default process group has not been initialized, please make sure to call init_process_group.
Traceback (most recent call last):
  File "/kaggle/working/rectified_flow_ct_augmentation.py", line 1656, in <module>
    ema, scheduler = train()
                     ^^^^^^^
  File "/kaggle/working/rectified_flow_ct_augmentation.py", line 893, in train
    model = DDP(model, device_ids=[LOCAL_RANK], output_device=LOCAL_RANK)
            ^^^^^^^^^^^^^^^^^^^^^^^^^^^^^^^^^^^^^^^^^^^^^^^^^^^^^^^^^^^^^
  File "/usr/local/lib/python3.12/dist-packages/torch/nn/parallel/distributed.py", line 691, in __init__
    self.process_group = _get_default_group()
                         ^^^^^^^^^^^^^^^^^^^^
  File "/usr/local/lib/python3.12/dist-packages/torch/distributed/distributed_c10d.py", line 1303, in _get_default_group
    raise ValueError(
ValueError: Default process group has not been initialized, please make sure to call init_process_group.
