============================================================
Lung-EffNet — Sequential 70/20/10 Split (No Shuffle)
============================================================
Total images: 1097
  Bengin cases: 120
  Malignant cases: 561
  Normal cases: 416
  [v2.1] val split empty — using test as val for monitoring.

After sequential 70/20/10 split:
  Train: 876 (first 70%)
  Val:   221 (next 20%)
  Test:  221 (last 10%)
    Bengin cases: train=96, val=24, test=24
    Malignant cases: train=448, val=113, test=113
    Normal cases: train=332, val=84, test=84
Train after augmentation: 3140

############################################################
 EfficientNet-B0 | SEQUENTIAL SPLIT
############################################################
  EfficientNet-B0: 4.01M params

============================================================
 Training: EffNet-B0 | 30 epochs | LR=0.001
============================================================
  [  1/30] loss=0.4075/0.5590 acc=0.8291/0.8190 f1=0.7467 lr=1.0e-03 (23.3s) ★
  [  2/30] loss=0.1920/0.3377 acc=0.9305/0.8597 f1=0.7986 lr=1.0e-03 (23.9s) ★
  [  3/30] loss=0.0990/0.1458 acc=0.9643/0.9638 f1=0.9312 lr=1.0e-03 (22.4s) ★
  [  4/30] loss=0.0924/0.1335 acc=0.9697/0.9548 f1=0.9146 lr=1.0e-03 (24.7s)
  [  5/30] loss=0.0554/0.2144 acc=0.9818/0.9502 f1=0.8999 lr=1.0e-03 (22.9s)
  [  6/30] loss=0.0770/0.1686 acc=0.9735/0.9683 f1=0.9298 lr=1.0e-03 (23.3s) ★
  [  7/30] loss=0.0642/0.1752 acc=0.9774/0.9638 f1=0.9343 lr=1.0e-03 (23.3s)
  [  8/30] loss=0.0744/0.0712 acc=0.9758/0.9638 f1=0.9350 lr=1.0e-03 (22.0s)
  [  9/30] loss=0.0279/0.0810 acc=0.9898/0.9864 f1=0.9728 lr=1.0e-03 (22.4s) ★
  [ 10/30] loss=0.0378/0.1927 acc=0.9863/0.9638 f1=0.9265 lr=1.0e-03 (23.5s)
  [ 11/30] loss=0.0183/0.0489 acc=0.9920/0.9864 f1=0.9719 lr=1.0e-03 (23.5s)
  [ 12/30] loss=0.0198/0.0810 acc=0.9936/0.9729 f1=0.9409 lr=1.0e-03 (22.2s)
  [ 13/30] loss=0.0414/0.0547 acc=0.9841/0.9864 f1=0.9719 lr=1.0e-03 (23.7s)
  [ 14/30] loss=0.0297/0.0590 acc=0.9885/0.9864 f1=0.9719 lr=1.0e-03 (22.3s)
  [ 15/30] loss=0.0293/0.0877 acc=0.9888/0.9638 f1=0.9362 lr=3.0e-04 (23.2s)
  [ 16/30] loss=0.0215/0.1385 acc=0.9927/0.9593 f1=0.9232 lr=3.0e-04 (22.6s)
  ⏹ Early stop at epoch 16 (no improvement for 7 epochs)

============================================================
 TEST RESULTS — EffNet-B0
============================================================
Accuracy:  98.64%
Parameters: 4.01M

              precision    recall  f1-score   support

      Benign       0.96      0.92      0.94        24
   Malignant       1.00      1.00      1.00       113
      Normal       0.98      0.99      0.98        84

    accuracy                           0.99       221
   macro avg       0.98      0.97      0.97       221
weighted avg       0.99      0.99      0.99       221


############################################################
 EfficientNet-B1 | SEQUENTIAL SPLIT
############################################################
  EfficientNet-B1: 6.52M params

============================================================
 Training: EffNet-B1 | 30 epochs | LR=0.001
============================================================
  [  1/30] loss=0.4059/0.4106 acc=0.8166/0.8597 f1=0.7866 lr=1.0e-03 (28.6s) ★
  [  2/30] loss=0.1647/0.1762 acc=0.9365/0.9502 f1=0.8939 lr=1.0e-03 (28.5s) ★
  [  3/30] loss=0.1003/0.1441 acc=0.9640/0.9502 f1=0.9111 lr=1.0e-03 (28.4s)
  [  4/30] loss=0.0775/0.2050 acc=0.9745/0.9321 f1=0.8753 lr=1.0e-03 (28.7s)
  [  5/30] loss=0.0633/0.1196 acc=0.9805/0.9729 f1=0.9483 lr=1.0e-03 (28.6s) ★
  [  6/30] loss=0.0338/0.3147 acc=0.9901/0.9412 f1=0.8839 lr=1.0e-03 (28.5s)
  [  7/30] loss=0.0539/0.2809 acc=0.9802/0.9367 f1=0.8710 lr=1.0e-03 (28.7s)
  [  8/30] loss=0.0429/0.2413 acc=0.9882/0.9548 f1=0.9029 lr=1.0e-03 (28.6s)
  [  9/30] loss=0.0501/0.0882 acc=0.9802/0.9683 f1=0.9414 lr=1.0e-03 (28.6s)
  [ 10/30] loss=0.0140/0.2192 acc=0.9965/0.9502 f1=0.8903 lr=1.0e-03 (28.8s)
  [ 11/30] loss=0.0310/0.2357 acc=0.9882/0.9593 f1=0.9061 lr=3.0e-04 (28.4s)
  [ 12/30] loss=0.0109/0.1938 acc=0.9968/0.9729 f1=0.9409 lr=3.0e-04 (28.9s)
  ⏹ Early stop at epoch 12 (no improvement for 7 epochs)

============================================================
 TEST RESULTS — EffNet-B1
============================================================
Accuracy:  97.29%
Parameters: 6.52M

              precision    recall  f1-score   support

      Benign       1.00      0.79      0.88        24
   Malignant       1.00      0.99      1.00       113
      Normal       0.93      1.00      0.97        84

    accuracy                           0.97       221
   macro avg       0.98      0.93      0.95       221
weighted avg       0.97      0.97      0.97       221


############################################################
 EfficientNet-B2 | SEQUENTIAL SPLIT
############################################################
  EfficientNet-B2: 7.71M params

============================================================
 Training: EffNet-B2 | 30 epochs | LR=0.001
============================================================
  [  1/30] loss=0.4051/0.0928 acc=0.8268/0.9638 f1=0.9286 lr=1.0e-03 (31.0s) ★
  [  2/30] loss=0.1443/0.1309 acc=0.9522/0.9638 f1=0.9332 lr=1.0e-03 (30.7s)
  [  3/30] loss=0.1233/0.1283 acc=0.9573/0.9729 f1=0.9480 lr=1.0e-03 (30.6s) ★
  [  4/30] loss=0.0954/0.0768 acc=0.9675/0.9819 f1=0.9709 lr=1.0e-03 (30.7s) ★
  [  5/30] loss=0.0660/0.0729 acc=0.9774/0.9774 f1=0.9516 lr=1.0e-03 (31.1s)
  [  6/30] loss=0.0455/0.0937 acc=0.9857/0.9819 f1=0.9702 lr=1.0e-03 (30.5s)
  [  7/30] loss=0.0396/0.1825 acc=0.9882/0.9638 f1=0.9265 lr=1.0e-03 (30.6s)
  [  8/30] loss=0.0381/0.0406 acc=0.9892/0.9819 f1=0.9619 lr=1.0e-03 (31.0s)
  [  9/30] loss=0.0320/0.0668 acc=0.9876/0.9819 f1=0.9632 lr=1.0e-03 (30.5s)
  [ 10/30] loss=0.0148/0.1074 acc=0.9955/0.9683 f1=0.9378 lr=3.0e-04 (30.8s)
  [ 11/30] loss=0.0088/0.1036 acc=0.9978/0.9774 f1=0.9516 lr=3.0e-04 (30.8s)
  ⏹ Early stop at epoch 11 (no improvement for 7 epochs)

============================================================
 TEST RESULTS — EffNet-B2
============================================================
Accuracy:  98.19%
Parameters: 7.71M

              precision    recall  f1-score   support

      Benign       0.89      1.00      0.94        24
   Malignant       1.00      0.99      1.00       113
      Normal       0.99      0.96      0.98        84

    accuracy                           0.98       221
   macro avg       0.96      0.99      0.97       221
weighted avg       0.98      0.98      0.98       221


############################################################
 EfficientNet-B3 | SEQUENTIAL SPLIT
############################################################
  EfficientNet-B3: 10.70M params

============================================================
 Training: EffNet-B3 | 30 epochs | LR=0.001
============================================================
  [  1/30] loss=0.4051/0.2724 acc=0.8281/0.9095 f1=0.8096 lr=1.0e-03 (40.5s) ★
  [  2/30] loss=0.1676/0.1843 acc=0.9349/0.9502 f1=0.9264 lr=1.0e-03 (40.1s) ★
  [  3/30] loss=0.0915/0.1395 acc=0.9672/0.9457 f1=0.8966 lr=1.0e-03 (40.6s)
  [  4/30] loss=0.0835/0.2880 acc=0.9729/0.9457 f1=0.8871 lr=1.0e-03 (40.4s)
  [  5/30] loss=0.0620/0.0871 acc=0.9780/0.9729 f1=0.9552 lr=1.0e-03 (40.6s) ★
  [  6/30] loss=0.0149/0.0459 acc=0.9946/0.9819 f1=0.9694 lr=1.0e-03 (40.6s) ★
  [  7/30] loss=0.0444/0.2017 acc=0.9872/0.9683 f1=0.9519 lr=1.0e-03 (40.0s)
  [  8/30] loss=0.0302/0.2145 acc=0.9908/0.9548 f1=0.9223 lr=1.0e-03 (40.4s)
  [  9/30] loss=0.0388/0.2638 acc=0.9860/0.9638 f1=0.9485 lr=1.0e-03 (40.5s)
  [ 10/30] loss=0.0386/0.0973 acc=0.9863/0.9774 f1=0.9547 lr=1.0e-03 (40.6s)
  [ 11/30] loss=0.0193/0.1790 acc=0.9949/0.9638 f1=0.9212 lr=1.0e-03 (40.4s)
  [ 12/30] loss=0.0256/0.0700 acc=0.9917/0.9683 f1=0.9401 lr=3.0e-04 (40.1s)
  [ 13/30] loss=0.0096/0.0551 acc=0.9968/0.9910 f1=0.9816 lr=3.0e-04 (40.1s) ★
  [ 14/30] loss=0.0037/0.0989 acc=0.9987/0.9819 f1=0.9619 lr=3.0e-04 (40.4s)
  [ 15/30] loss=0.0034/0.0998 acc=0.9984/0.9819 f1=0.9619 lr=3.0e-04 (40.6s)
  [ 16/30] loss=0.0023/0.1013 acc=0.9990/0.9819 f1=0.9619 lr=3.0e-04 (40.7s)
  [ 17/30] loss=0.0020/0.1180 acc=0.9994/0.9819 f1=0.9619 lr=3.0e-04 (40.6s)
  [ 18/30] loss=0.0018/0.0916 acc=0.9994/0.9864 f1=0.9719 lr=3.0e-04 (40.6s)
  [ 19/30] loss=0.0040/0.1743 acc=0.9987/0.9683 f1=0.9298 lr=9.0e-05 (40.6s)
  [ 20/30] loss=0.0076/0.1244 acc=0.9984/0.9774 f1=0.9516 lr=9.0e-05 (40.7s)
  ⏹ Early stop at epoch 20 (no improvement for 7 epochs)

============================================================
 TEST RESULTS — EffNet-B3
============================================================
Accuracy:  99.10%
Parameters: 10.70M

              precision    recall  f1-score   support

      Benign       1.00      0.92      0.96        24
   Malignant       1.00      1.00      1.00       113
      Normal       0.98      1.00      0.99        84

    accuracy                           0.99       221
   macro avg       0.99      0.97      0.98       221
weighted avg       0.99      0.99      0.99       221


############################################################
 EfficientNet-B4 | SEQUENTIAL SPLIT
############################################################
  EfficientNet-B4: 17.55M params

============================================================
 Training: EffNet-B4 | 30 epochs | LR=0.001
============================================================
  [  1/30] loss=0.3921/0.1862 acc=0.8291/0.9321 f1=0.8459 lr=1.0e-03 (55.1s) ★
  [  2/30] loss=0.1372/0.0837 acc=0.9496/0.9683 f1=0.9322 lr=1.0e-03 (55.3s) ★
  [  3/30] loss=0.0788/0.0709 acc=0.9713/0.9819 f1=0.9653 lr=1.0e-03 (55.5s) ★
  [  4/30] loss=0.0570/0.1317 acc=0.9783/0.9593 f1=0.9061 lr=1.0e-03 (55.5s)
  [  5/30] loss=0.0270/0.0399 acc=0.9898/0.9864 f1=0.9736 lr=1.0e-03 (55.4s) ★
  [  6/30] loss=0.0263/0.0274 acc=0.9888/0.9864 f1=0.9728 lr=1.0e-03 (55.1s)
  [  7/30] loss=0.0424/0.0301 acc=0.9869/0.9955 f1=0.9909 lr=1.0e-03 (55.4s) ★
  [  8/30] loss=0.0304/0.1890 acc=0.9898/0.9729 f1=0.9483 lr=1.0e-03 (55.4s)
  [  9/30] loss=0.0366/0.1738 acc=0.9857/0.9774 f1=0.9516 lr=1.0e-03 (55.6s)
  [ 10/30] loss=0.0298/0.0557 acc=0.9904/0.9774 f1=0.9516 lr=1.0e-03 (55.6s)
  [ 11/30] loss=0.0146/0.2001 acc=0.9952/0.9638 f1=0.9182 lr=1.0e-03 (55.4s)
  [ 12/30] loss=0.0326/0.1248 acc=0.9898/0.9774 f1=0.9532 lr=1.0e-03 (55.4s)
  [ 13/30] loss=0.0199/0.0587 acc=0.9949/0.9819 f1=0.9702 lr=3.0e-04 (54.9s)
  [ 14/30] loss=0.0100/0.0911 acc=0.9968/0.9819 f1=0.9685 lr=3.0e-04 (55.7s)
  ⏹ Early stop at epoch 14 (no improvement for 7 epochs)

============================================================
 TEST RESULTS — EffNet-B4
============================================================
Accuracy:  99.55%
Parameters: 17.55M

              precision    recall  f1-score   support

      Benign       1.00      0.96      0.98        24
   Malignant       1.00      1.00      1.00       113
      Normal       0.99      1.00      0.99        84

    accuracy                           1.00       221
   macro avg       1.00      0.99      0.99       221
weighted avg       1.00      1.00      1.00       221


===========================================================================
 COMPARISON: Paper (Leaky) vs Sequential (Honest)
===========================================================================
Model         Paper Acc    Seq Acc    Δ Acc
---------------------------------------------
EffNet-B0        93.67%     98.64%   +4.97%
EffNet-B1        99.10%     97.29%   -1.81%
EffNet-B2        99.10%     98.19%   -0.91%
EffNet-B3        98.19%     99.10%   +0.91%
EffNet-B4        97.29%     99.55%   +2.26%

Generating XAI on best model...

✅ XAI visualizations generated.
