============================================================
Lung-EffNet — Sequential 70/20/10 Split (No Shuffle)
============================================================
Total images: 1097
  Bengin cases: 120
  Malignant cases: 561
  Normal cases: 416
  [v2.1] val split empty — using test as val for monitoring.

After sequential 70/20/10 split:
  Train: 876 (first 70%)
  Val:   221 (next 20%)
  Test:  221 (last 10%)
    Bengin cases: train=96, val=24, test=24
    Malignant cases: train=448, val=113, test=113
    Normal cases: train=332, val=84, test=84
Train after augmentation: 3140

############################################################
 EfficientNet-B0 | SEQUENTIAL SPLIT
############################################################
  EfficientNet-B0: 4.01M params

============================================================
 Training: EffNet-B0 | 30 epochs | LR=0.001
============================================================
  [  1/30] loss=0.4111/0.6598 acc=0.8157/0.7647 f1=0.6693 lr=1.0e-03 (24.9s) ★
  [  2/30] loss=0.1585/1.5320 acc=0.9381/0.7104 f1=0.6326 lr=1.0e-03 (23.6s)
  [  3/30] loss=0.0913/0.8138 acc=0.9617/0.8462 f1=0.7699 lr=1.0e-03 (23.8s) ★
  [  4/30] loss=0.0697/0.8773 acc=0.9770/0.8190 f1=0.7359 lr=1.0e-03 (21.8s)
  [  5/30] loss=0.0564/0.7212 acc=0.9834/0.8688 f1=0.7848 lr=1.0e-03 (23.1s) ★
  [  6/30] loss=0.0434/1.0583 acc=0.9869/0.8416 f1=0.7552 lr=1.0e-03 (23.2s)
  [  7/30] loss=0.0447/1.1554 acc=0.9857/0.8281 f1=0.7474 lr=1.0e-03 (23.8s)
  [  8/30] loss=0.0743/1.3858 acc=0.9742/0.8462 f1=0.7699 lr=1.0e-03 (23.3s)
  [  9/30] loss=0.0501/1.0995 acc=0.9828/0.8507 f1=0.7820 lr=1.0e-03 (22.2s)
  [ 10/30] loss=0.0304/0.8045 acc=0.9908/0.8733 f1=0.7846 lr=1.0e-03 (22.8s) ★
  [ 11/30] loss=0.0103/0.8623 acc=0.9974/0.8552 f1=0.6993 lr=1.0e-03 (22.3s)
  [ 12/30] loss=0.0164/1.4249 acc=0.9939/0.8597 f1=0.7821 lr=1.0e-03 (23.9s)
  [ 13/30] loss=0.0438/1.0182 acc=0.9869/0.8281 f1=0.7502 lr=1.0e-03 (22.0s)
  [ 14/30] loss=0.0436/1.5708 acc=0.9847/0.8597 f1=0.7590 lr=1.0e-03 (24.1s)
  [ 15/30] loss=0.0365/1.5992 acc=0.9882/0.7692 f1=0.6751 lr=1.0e-03 (23.3s)
  [ 16/30] loss=0.0276/0.6205 acc=0.9892/0.9095 f1=0.8393 lr=1.0e-03 (23.8s) ★
  [ 17/30] loss=0.0147/0.7483 acc=0.9955/0.8959 f1=0.8173 lr=1.0e-03 (22.7s)
  [ 18/30] loss=0.0162/0.8052 acc=0.9939/0.9095 f1=0.8384 lr=1.0e-03 (23.8s)
  [ 19/30] loss=0.0098/0.9981 acc=0.9974/0.8778 f1=0.7872 lr=1.0e-03 (23.1s)
  [ 20/30] loss=0.0027/1.0655 acc=0.9990/0.8688 f1=0.7829 lr=1.0e-03 (22.8s)
  [ 21/30] loss=0.0015/1.1876 acc=1.0000/0.8778 f1=0.8068 lr=1.0e-03 (22.8s)
  [ 22/30] loss=0.0088/1.6658 acc=0.9978/0.8552 f1=0.7694 lr=3.0e-04 (23.8s)
  [ 23/30] loss=0.0063/1.3365 acc=0.9978/0.8733 f1=0.7935 lr=3.0e-04 (23.6s)
  ⏹ Early stop at epoch 23 (no improvement for 7 epochs)

============================================================
 TEST RESULTS — EffNet-B0
============================================================
Accuracy:  90.95%
Parameters: 4.01M

              precision    recall  f1-score   support

      Benign       0.56      0.75      0.64        24
   Malignant       1.00      1.00      1.00       113
      Normal       0.92      0.83      0.88        84

    accuracy                           0.91       221
   macro avg       0.83      0.86      0.84       221
weighted avg       0.92      0.91      0.91       221


############################################################
 EfficientNet-B1 | SEQUENTIAL SPLIT
############################################################
  EfficientNet-B1: 6.52M params

============================================================
 Training: EffNet-B1 | 30 epochs | LR=0.001
============================================================
  [  1/30] loss=0.3547/0.2909 acc=0.8418/0.9095 f1=0.8342 lr=1.0e-03 (29.1s) ★
  [  2/30] loss=0.1256/0.4687 acc=0.9570/0.8824 f1=0.7957 lr=1.0e-03 (28.3s)
  [  3/30] loss=0.0621/0.7881 acc=0.9790/0.8281 f1=0.7485 lr=1.0e-03 (29.0s)
  [  4/30] loss=0.0760/0.6483 acc=0.9729/0.8597 f1=0.7640 lr=1.0e-03 (28.7s)
  [  5/30] loss=0.0381/0.7440 acc=0.9876/0.8507 f1=0.7824 lr=1.0e-03 (28.5s)
  [  6/30] loss=0.0337/0.6269 acc=0.9876/0.8824 f1=0.7974 lr=1.0e-03 (28.4s)
  [  7/30] loss=0.0288/0.6387 acc=0.9917/0.8688 f1=0.8052 lr=3.0e-04 (29.1s)
  [  8/30] loss=0.0189/0.6154 acc=0.9943/0.9005 f1=0.8341 lr=3.0e-04 (28.8s)
  ⏹ Early stop at epoch 8 (no improvement for 7 epochs)

============================================================
 TEST RESULTS — EffNet-B1
============================================================
Accuracy:  90.95%
Parameters: 6.52M

              precision    recall  f1-score   support

      Benign       0.59      0.67      0.63        24
   Malignant       1.00      0.99      1.00       113
      Normal       0.89      0.87      0.88        84

    accuracy                           0.91       221
   macro avg       0.83      0.84      0.83       221
weighted avg       0.91      0.91      0.91       221


############################################################
 EfficientNet-B2 | SEQUENTIAL SPLIT
############################################################
  EfficientNet-B2: 7.71M params

============================================================
 Training: EffNet-B2 | 30 epochs | LR=0.001
============================================================
  [  1/30] loss=0.3682/1.0414 acc=0.8422/0.7783 f1=0.6790 lr=1.0e-03 (31.4s) ★
  [  2/30] loss=0.1169/1.0604 acc=0.9595/0.8643 f1=0.7643 lr=1.0e-03 (30.5s) ★
  [  3/30] loss=0.1156/0.6161 acc=0.9624/0.9005 f1=0.7861 lr=1.0e-03 (30.5s) ★
  [  4/30] loss=0.0614/0.8558 acc=0.9818/0.8507 f1=0.7317 lr=1.0e-03 (30.8s)
  [  5/30] loss=0.0272/0.8973 acc=0.9914/0.8824 f1=0.7769 lr=1.0e-03 (30.7s)
  [  6/30] loss=0.0474/1.1447 acc=0.9831/0.8416 f1=0.7607 lr=1.0e-03 (30.8s)
  [  7/30] loss=0.0430/0.6808 acc=0.9853/0.8597 f1=0.7611 lr=1.0e-03 (30.8s)
  [  8/30] loss=0.0362/1.0599 acc=0.9882/0.8416 f1=0.7595 lr=1.0e-03 (30.7s)
  [  9/30] loss=0.0355/0.8538 acc=0.9888/0.8778 f1=0.7901 lr=3.0e-04 (30.9s)
  [ 10/30] loss=0.0090/0.8171 acc=0.9971/0.8778 f1=0.7960 lr=3.0e-04 (31.0s)
  ⏹ Early stop at epoch 10 (no improvement for 7 epochs)

============================================================
 TEST RESULTS — EffNet-B2
============================================================
Accuracy:  90.05%
Parameters: 7.71M

              precision    recall  f1-score   support

      Benign       0.59      0.42      0.49        24
   Malignant       1.00      0.99      1.00       113
      Normal       0.84      0.92      0.88        84

    accuracy                           0.90       221
   macro avg       0.81      0.77      0.79       221
weighted avg       0.89      0.90      0.89       221


############################################################
 EfficientNet-B3 | SEQUENTIAL SPLIT
############################################################
  EfficientNet-B3: 10.70M params

============================================================
 Training: EffNet-B3 | 30 epochs | LR=0.001
============================================================
  [  1/30] loss=0.4016/0.8042 acc=0.8371/0.7964 f1=0.7206 lr=1.0e-03 (40.6s) ★
  [  2/30] loss=0.1270/0.9785 acc=0.9534/0.8190 f1=0.7182 lr=1.0e-03 (40.6s) ★
  [  3/30] loss=0.0969/0.7724 acc=0.9652/0.8462 f1=0.7772 lr=1.0e-03 (40.9s) ★
  [  4/30] loss=0.0589/0.5611 acc=0.9815/0.9005 f1=0.8143 lr=1.0e-03 (40.7s) ★
  [  5/30] loss=0.0527/0.8596 acc=0.9799/0.8597 f1=0.7888 lr=1.0e-03 (40.6s)
  [  6/30] loss=0.0433/0.4631 acc=0.9850/0.9186 f1=0.8519 lr=1.0e-03 (40.4s) ★
  [  7/30] loss=0.0440/0.6608 acc=0.9866/0.9005 f1=0.8308 lr=1.0e-03 (40.9s)
  [  8/30] loss=0.0233/0.9823 acc=0.9923/0.8869 f1=0.8197 lr=1.0e-03 (40.3s)
  [  9/30] loss=0.0218/0.9285 acc=0.9936/0.8778 f1=0.8138 lr=1.0e-03 (40.7s)
  [ 10/30] loss=0.0392/1.1132 acc=0.9885/0.8507 f1=0.7827 lr=1.0e-03 (40.2s)
  [ 11/30] loss=0.0513/0.7955 acc=0.9821/0.8824 f1=0.8039 lr=1.0e-03 (40.5s)
  [ 12/30] loss=0.0290/1.0568 acc=0.9888/0.8733 f1=0.8081 lr=3.0e-04 (40.7s)
  [ 13/30] loss=0.0207/0.6090 acc=0.9946/0.9321 f1=0.8780 lr=3.0e-04 (40.9s) ★
  [ 14/30] loss=0.0044/0.6209 acc=0.9981/0.9231 f1=0.8583 lr=3.0e-04 (40.4s)
  [ 15/30] loss=0.0022/0.7268 acc=0.9994/0.9231 f1=0.8618 lr=3.0e-04 (40.6s)
  [ 16/30] loss=0.0026/0.6183 acc=0.9990/0.9186 f1=0.8439 lr=3.0e-04 (40.2s)
  [ 17/30] loss=0.0035/0.7164 acc=0.9987/0.9140 f1=0.8547 lr=3.0e-04 (40.7s)
  [ 18/30] loss=0.0167/0.8263 acc=0.9971/0.9095 f1=0.8462 lr=3.0e-04 (40.7s)
  [ 19/30] loss=0.0046/0.8122 acc=0.9990/0.9186 f1=0.8586 lr=9.0e-05 (40.6s)
  [ 20/30] loss=0.0012/0.7636 acc=1.0000/0.9231 f1=0.8618 lr=9.0e-05 (40.5s)
  ⏹ Early stop at epoch 20 (no improvement for 7 epochs)

============================================================
 TEST RESULTS — EffNet-B3
============================================================
Accuracy:  93.21%
Parameters: 10.70M

              precision    recall  f1-score   support

      Benign       0.65      0.83      0.73        24
   Malignant       1.00      1.00      1.00       113
      Normal       0.95      0.87      0.91        84

    accuracy                           0.93       221
   macro avg       0.86      0.90      0.88       221
weighted avg       0.94      0.93      0.93       221


############################################################
 EfficientNet-B4 | SEQUENTIAL SPLIT
############################################################
  EfficientNet-B4: 17.55M params

============================================================
 Training: EffNet-B4 | 30 epochs | LR=0.001
============================================================
  [  1/30] loss=0.3730/0.5074 acc=0.8425/0.8552 f1=0.7807 lr=1.0e-03 (55.4s) ★
  [  2/30] loss=0.0975/0.5539 acc=0.9630/0.8914 f1=0.8249 lr=1.0e-03 (55.6s) ★
  [  3/30] loss=0.0413/0.9320 acc=0.9847/0.9095 f1=0.8214 lr=1.0e-03 (55.0s) ★
  [  4/30] loss=0.0464/0.7389 acc=0.9837/0.9005 f1=0.8308 lr=1.0e-03 (55.4s)
  [  5/30] loss=0.0372/0.6713 acc=0.9898/0.9186 f1=0.8480 lr=1.0e-03 (55.5s) ★
  [  6/30] loss=0.0281/0.6538 acc=0.9911/0.8869 f1=0.7942 lr=1.0e-03 (55.4s)
  [  7/30] loss=0.0295/1.4584 acc=0.9908/0.9005 f1=0.8372 lr=1.0e-03 (55.6s)
  [  8/30] loss=0.0221/0.8249 acc=0.9946/0.8824 f1=0.8092 lr=1.0e-03 (55.1s)
  [  9/30] loss=0.0283/0.5388 acc=0.9933/0.9095 f1=0.8429 lr=1.0e-03 (55.4s)
  [ 10/30] loss=0.0083/0.7305 acc=0.9968/0.9140 f1=0.8455 lr=1.0e-03 (55.6s)
  [ 11/30] loss=0.0095/0.7390 acc=0.9968/0.9231 f1=0.8459 lr=1.0e-03 (55.8s) ★
  [ 12/30] loss=0.0164/1.4293 acc=0.9933/0.8778 f1=0.8019 lr=1.0e-03 (55.0s)
  [ 13/30] loss=0.0309/0.6056 acc=0.9914/0.9005 f1=0.8260 lr=1.0e-03 (55.7s)
  [ 14/30] loss=0.0293/2.3065 acc=0.9904/0.8507 f1=0.7826 lr=1.0e-03 (55.8s)
  [ 15/30] loss=0.0109/1.8146 acc=0.9962/0.9095 f1=0.8462 lr=1.0e-03 (55.6s)
  [ 16/30] loss=0.0096/2.6268 acc=0.9962/0.8733 f1=0.7964 lr=1.0e-03 (55.2s)
  [ 17/30] loss=0.0035/2.0085 acc=0.9984/0.9005 f1=0.8271 lr=3.0e-04 (55.3s)
  [ 18/30] loss=0.0006/2.2002 acc=1.0000/0.8824 f1=0.8039 lr=3.0e-04 (55.2s)
  ⏹ Early stop at epoch 18 (no improvement for 7 epochs)

============================================================
 TEST RESULTS — EffNet-B4
============================================================
Accuracy:  92.31%
Parameters: 17.55M

              precision    recall  f1-score   support

      Benign       0.65      0.62      0.64        24
   Malignant       1.00      1.00      1.00       113
      Normal       0.89      0.90      0.90        84

    accuracy                           0.92       221
   macro avg       0.85      0.84      0.85       221
weighted avg       0.92      0.92      0.92       221


===========================================================================
 COMPARISON: Paper (Leaky) vs Sequential (Honest)
===========================================================================
Model         Paper Acc    Seq Acc    Δ Acc
---------------------------------------------
EffNet-B0        93.67%     90.95%   -2.72%
EffNet-B1        99.10%     90.95%   -8.15%
EffNet-B2        99.10%     90.05%   -9.05%
EffNet-B3        98.19%     93.21%   -4.98%
EffNet-B4        97.29%     92.31%   -4.98%

Generating XAI on best model...

✅ XAI visualizations generated.
