============================================================
PLOS ONE CNN — Image-Level 80/20 Split (Leaky)
============================================================
Total images: 1097
  Bengin cases: 120
  Malignant cases: 561
  Normal cases: 416

After 80/20 split: train=789, val=88, test=220
Train after augmentation: 2824
  PLOS-CNN: 7.60M params

============================================================
 Training PLOS-CNN | 30 epochs | LR=0.001
============================================================
  [  1/30] loss=1.7044/0.9052 acc=0.5373/0.6818 f1=0.4608 lr=1.0e-03 (22.8s) ★
  [  2/30] loss=0.6807/3.0883 acc=0.6552/0.5795 f1=0.3388 lr=1.0e-03 (19.8s)
  [  3/30] loss=0.5744/1.1512 acc=0.6932/0.6932 f1=0.4754 lr=1.0e-03 (20.0s) ★
  [  4/30] loss=0.5397/5.5634 acc=0.7205/0.2841 f1=0.2961 lr=1.0e-03 (20.3s)
  [  5/30] loss=0.5430/2.1564 acc=0.7184/0.4773 f1=0.4465 lr=1.0e-03 (20.6s)
  [  6/30] loss=0.5314/6.7014 acc=0.7347/0.3068 f1=0.3214 lr=1.0e-03 (21.0s)
  [  7/30] loss=0.4835/4.5514 acc=0.7479/0.4205 f1=0.3781 lr=1.0e-03 (21.7s)
  [  8/30] loss=0.4841/4.8887 acc=0.7543/0.3068 f1=0.3194 lr=1.0e-03 (22.4s)
  [  9/30] loss=0.4649/0.7660 acc=0.7734/0.6705 f1=0.6250 lr=3.0e-04 (21.7s)
  [ 10/30] loss=0.4094/0.4376 acc=0.7837/0.7841 f1=0.7116 lr=3.0e-04 (21.7s) ★
  [ 11/30] loss=0.3685/0.3049 acc=0.8136/0.8864 f1=0.8365 lr=3.0e-04 (22.0s) ★
  [ 12/30] loss=0.3571/0.2826 acc=0.8143/0.9091 f1=0.8541 lr=3.0e-04 (22.0s) ★
  [ 13/30] loss=0.3396/0.3276 acc=0.8324/0.8864 f1=0.8365 lr=3.0e-04 (21.9s)
  [ 14/30] loss=0.3192/0.3479 acc=0.8349/0.8636 f1=0.7986 lr=3.0e-04 (21.9s)
  [ 15/30] loss=0.3055/0.4196 acc=0.8509/0.7955 f1=0.7272 lr=3.0e-04 (21.8s)
  [ 16/30] loss=0.2918/0.3046 acc=0.8537/0.8864 f1=0.8208 lr=3.0e-04 (21.9s)
  [ 17/30] loss=0.2875/0.3707 acc=0.8643/0.8864 f1=0.8189 lr=3.0e-04 (21.8s)
  [ 18/30] loss=0.2321/0.2768 acc=0.8931/0.8750 f1=0.8060 lr=9.0e-05 (21.9s)
  [ 19/30] loss=0.2059/0.2193 acc=0.9134/0.9091 f1=0.8371 lr=9.0e-05 (21.9s)
  ⏹ Early stop at epoch 19

============================================================
 TEST RESULTS — PLOS-CNN (Leaky)
============================================================
Accuracy: 90.00%

              precision    recall  f1-score   support

      Benign       0.53      0.88      0.66        24
   Malignant       1.00      0.99      1.00       113
      Normal       0.96      0.78      0.86        83

    accuracy                           0.90       220
   macro avg       0.83      0.88      0.84       220
weighted avg       0.93      0.90      0.91       220


Generating XAI...

✅ Grad-CAM visualizations generated.
