============================================================
PLOS ONE CNN — Sequential 70/20/10 Split (Honest)
============================================================
Total images: 1097
  Bengin cases: 120
  Malignant cases: 561
  Normal cases: 416

After sequential 70/20/10 split:
  Train: 767, Val: 218, Test: 112
Train after augmentation: 2749
  PLOS-CNN: 7.60M params

============================================================
 Training PLOS-CNN | 30 epochs | LR=0.001
============================================================
  [  1/30] loss=1.6346/0.7828 acc=0.4963/0.6330 f1=0.4463 lr=1.0e-03 (22.1s) ★
  [  2/30] loss=0.7518/0.5642 acc=0.6478/0.7248 f1=0.5304 lr=1.0e-03 (19.5s) ★
  [  3/30] loss=0.6530/0.4568 acc=0.6842/0.8028 f1=0.6092 lr=1.0e-03 (19.7s) ★
  [  4/30] loss=0.5550/0.7848 acc=0.7603/0.7615 f1=0.5951 lr=1.0e-03 (19.8s)
  [  5/30] loss=0.4548/0.6779 acc=0.7801/0.6972 f1=0.5727 lr=1.0e-03 (20.0s)
  [  6/30] loss=0.3994/0.5088 acc=0.8279/0.7110 f1=0.5913 lr=1.0e-03 (20.2s)
  [  7/30] loss=0.3712/0.3459 acc=0.8246/0.7982 f1=0.6534 lr=1.0e-03 (20.2s)
  [  8/30] loss=0.3314/0.5581 acc=0.8460/0.8394 f1=0.5969 lr=1.0e-03 (20.1s) ★
  [  9/30] loss=0.3439/0.8888 acc=0.8449/0.5275 f1=0.4190 lr=1.0e-03 (20.1s)
  [ 10/30] loss=0.3228/0.5499 acc=0.8577/0.7431 f1=0.6945 lr=1.0e-03 (20.2s)
  [ 11/30] loss=0.3133/1.3090 acc=0.8632/0.7431 f1=0.5770 lr=1.0e-03 (20.2s)
  [ 12/30] loss=0.2918/5.3507 acc=0.8629/0.5505 f1=0.2956 lr=1.0e-03 (20.1s)
  [ 13/30] loss=0.2656/12.1414 acc=0.8849/0.3807 f1=0.1838 lr=1.0e-03 (20.1s)
  [ 14/30] loss=0.2654/0.7297 acc=0.8779/0.7156 f1=0.5146 lr=3.0e-04 (20.1s)
  [ 15/30] loss=0.1989/1.2797 acc=0.9140/0.7018 f1=0.5785 lr=3.0e-04 (20.2s)
  ⏹ Early stop at epoch 15

============================================================
 TEST RESULTS — PLOS-CNN (Honest)
============================================================
Accuracy: 83.93%

              precision    recall  f1-score   support

      Benign       0.35      0.46      0.40        13
   Malignant       1.00      1.00      1.00        57
      Normal       0.82      0.74      0.78        42

    accuracy                           0.84       112
   macro avg       0.72      0.73      0.72       112
weighted avg       0.86      0.84      0.85       112


Generating XAI...

✅ Grad-CAM visualizations generated.
