============================================================
Lung-EffNet — Sequential 70/20/10 Split (No Shuffle)
============================================================
Total images: 1097
  Bengin cases: 120
  Malignant cases: 561
  Normal cases: 416
  [v2.1] val split empty — using test as val for monitoring.

After sequential 70/20/10 split:
  Train: 876 (first 70%)
  Val:   221 (next 20%)
  Test:  221 (last 10%)
    Bengin cases: train=96, val=24, test=24
    Malignant cases: train=448, val=113, test=113
    Normal cases: train=332, val=84, test=84
Train after augmentation: 3140

############################################################
 EfficientNet-B0 | SEQUENTIAL SPLIT
############################################################
Downloading: "https://download.pytorch.org/models/efficientnet_b0_rwightman-7f5810bc.pth" to /root/.cache/torch/hub/checkpoints/efficientnet_b0_rwightman-7f5810bc.pth
100%|██████████| 20.5M/20.5M [00:00<00:00, 138MB/s] 
  EfficientNet-B0: 4.01M params

============================================================
 Training: EffNet-B0 | 30 epochs | LR=0.001
============================================================
  [  1/30] loss=0.4050/0.2059 acc=0.8284/0.9095 f1=0.8429 lr=1.0e-03 (25.7s) ★
  [  2/30] loss=0.1861/0.1212 acc=0.9327/0.9593 f1=0.9158 lr=1.0e-03 (23.7s) ★
  [  3/30] loss=0.0979/0.1271 acc=0.9681/0.9593 f1=0.9333 lr=1.0e-03 (23.8s)
  [  4/30] loss=0.0869/0.1106 acc=0.9691/0.9683 f1=0.9365 lr=1.0e-03 (24.2s) ★
  [  5/30] loss=0.1114/0.2028 acc=0.9630/0.9502 f1=0.8903 lr=1.0e-03 (22.2s)
  [  6/30] loss=0.0495/0.1467 acc=0.9850/0.9593 f1=0.9230 lr=1.0e-03 (23.5s)
  [  7/30] loss=0.0358/0.0788 acc=0.9876/0.9864 f1=0.9728 lr=1.0e-03 (23.1s) ★
  [  8/30] loss=0.0361/0.1060 acc=0.9892/0.9593 f1=0.9307 lr=1.0e-03 (22.8s)
  [  9/30] loss=0.0563/0.1370 acc=0.9821/0.9412 f1=0.8998 lr=1.0e-03 (24.2s)
  [ 10/30] loss=0.0348/0.0796 acc=0.9872/0.9638 f1=0.9289 lr=1.0e-03 (23.7s)
  [ 11/30] loss=0.0308/0.0861 acc=0.9908/0.9819 f1=0.9702 lr=1.0e-03 (22.4s)
  [ 12/30] loss=0.0220/0.0850 acc=0.9949/0.9729 f1=0.9573 lr=1.0e-03 (23.5s)
  [ 13/30] loss=0.0327/0.0439 acc=0.9920/0.9819 f1=0.9653 lr=3.0e-04 (23.7s)
  [ 14/30] loss=0.0138/0.0648 acc=0.9962/0.9864 f1=0.9728 lr=3.0e-04 (23.3s)
  ⏹ Early stop at epoch 14 (no improvement for 7 epochs)

============================================================
 TEST RESULTS — EffNet-B0
============================================================
Accuracy:  98.64%
Parameters: 4.01M

              precision    recall  f1-score   support

      Benign       0.96      0.92      0.94        24
   Malignant       1.00      1.00      1.00       113
      Normal       0.98      0.99      0.98        84

    accuracy                           0.99       221
   macro avg       0.98      0.97      0.97       221
weighted avg       0.99      0.99      0.99       221


############################################################
 EfficientNet-B1 | SEQUENTIAL SPLIT
############################################################
Downloading: "https://download.pytorch.org/models/efficientnet_b1_rwightman-bac287d4.pth" to /root/.cache/torch/hub/checkpoints/efficientnet_b1_rwightman-bac287d4.pth
100%|██████████| 30.1M/30.1M [00:00<00:00, 142MB/s] 
  EfficientNet-B1: 6.52M params

============================================================
 Training: EffNet-B1 | 30 epochs | LR=0.001
============================================================
  [  1/30] loss=0.3900/0.3237 acc=0.8409/0.9186 f1=0.8117 lr=1.0e-03 (29.0s) ★
  [  2/30] loss=0.1328/0.1124 acc=0.9496/0.9593 f1=0.9298 lr=1.0e-03 (28.5s) ★
  [  3/30] loss=0.0983/0.2640 acc=0.9643/0.9321 f1=0.8459 lr=1.0e-03 (28.7s)
  [  4/30] loss=0.0601/0.0501 acc=0.9754/0.9864 f1=0.9736 lr=1.0e-03 (28.5s) ★
  [  5/30] loss=0.0604/0.2678 acc=0.9774/0.9186 f1=0.8725 lr=1.0e-03 (28.6s)
  [  6/30] loss=0.0486/0.2681 acc=0.9834/0.9186 f1=0.8782 lr=1.0e-03 (28.6s)
  [  7/30] loss=0.0487/0.2249 acc=0.9844/0.9638 f1=0.9265 lr=1.0e-03 (28.6s)
  [  8/30] loss=0.0474/0.0911 acc=0.9857/0.9683 f1=0.9528 lr=1.0e-03 (28.6s)
  [  9/30] loss=0.0238/0.1230 acc=0.9946/0.9683 f1=0.9396 lr=1.0e-03 (28.6s)
  [ 10/30] loss=0.0333/0.1900 acc=0.9876/0.9593 f1=0.9232 lr=3.0e-04 (28.3s)
  [ 11/30] loss=0.0079/0.1193 acc=0.9981/0.9729 f1=0.9483 lr=3.0e-04 (28.5s)
  ⏹ Early stop at epoch 11 (no improvement for 7 epochs)

============================================================
 TEST RESULTS — EffNet-B1
============================================================
Accuracy:  98.64%
Parameters: 6.52M

              precision    recall  f1-score   support

      Benign       0.92      0.96      0.94        24
   Malignant       1.00      1.00      1.00       113
      Normal       0.99      0.98      0.98        84

    accuracy                           0.99       221
   macro avg       0.97      0.98      0.97       221
weighted avg       0.99      0.99      0.99       221


############################################################
 EfficientNet-B2 | SEQUENTIAL SPLIT
############################################################
Downloading: "https://download.pytorch.org/models/efficientnet_b2_rwightman-c35c1473.pth" to /root/.cache/torch/hub/checkpoints/efficientnet_b2_rwightman-c35c1473.pth
100%|██████████| 35.2M/35.2M [00:00<00:00, 146MB/s] 
  EfficientNet-B2: 7.71M params

============================================================
 Training: EffNet-B2 | 30 epochs | LR=0.001
============================================================
  [  1/30] loss=0.4109/0.2034 acc=0.8233/0.9050 f1=0.8548 lr=1.0e-03 (30.8s) ★
  [  2/30] loss=0.1648/0.1564 acc=0.9391/0.9321 f1=0.8889 lr=1.0e-03 (30.7s) ★
  [  3/30] loss=0.1130/0.0479 acc=0.9611/0.9819 f1=0.9643 lr=1.0e-03 (30.7s) ★
  [  4/30] loss=0.0602/0.0640 acc=0.9790/0.9638 f1=0.9432 lr=1.0e-03 (30.6s)
  [  5/30] loss=0.0430/0.0851 acc=0.9876/0.9729 f1=0.9493 lr=1.0e-03 (30.9s)
  [  6/30] loss=0.0444/0.1298 acc=0.9834/0.9502 f1=0.9029 lr=1.0e-03 (30.6s)
  [  7/30] loss=0.0413/0.0826 acc=0.9876/0.9683 f1=0.9401 lr=1.0e-03 (31.0s)
  [  8/30] loss=0.0324/0.2832 acc=0.9898/0.9231 f1=0.8850 lr=1.0e-03 (30.7s)
  [  9/30] loss=0.0488/0.0925 acc=0.9853/0.9774 f1=0.9560 lr=3.0e-04 (30.5s)
  [ 10/30] loss=0.0139/0.0558 acc=0.9955/0.9864 f1=0.9728 lr=3.0e-04 (30.6s) ★
  [ 11/30] loss=0.0079/0.0452 acc=0.9978/0.9910 f1=0.9816 lr=3.0e-04 (30.6s) ★
  [ 12/30] loss=0.0050/0.0550 acc=0.9984/0.9864 f1=0.9719 lr=3.0e-04 (31.1s)
  [ 13/30] loss=0.0025/0.0707 acc=0.9990/0.9819 f1=0.9619 lr=3.0e-04 (30.7s)
  [ 14/30] loss=0.0024/0.0781 acc=0.9994/0.9864 f1=0.9719 lr=3.0e-04 (31.2s)
  [ 15/30] loss=0.0010/0.0626 acc=1.0000/0.9819 f1=0.9619 lr=3.0e-04 (30.9s)
  [ 16/30] loss=0.0009/0.0672 acc=1.0000/0.9864 f1=0.9719 lr=3.0e-04 (30.7s)
  [ 17/30] loss=0.0024/0.0421 acc=0.9994/0.9864 f1=0.9728 lr=9.0e-05 (31.1s)
  [ 18/30] loss=0.0012/0.0488 acc=0.9997/0.9864 f1=0.9728 lr=9.0e-05 (30.5s)
  ⏹ Early stop at epoch 18 (no improvement for 7 epochs)

============================================================
 TEST RESULTS — EffNet-B2
============================================================
Accuracy:  99.10%
Parameters: 7.71M

              precision    recall  f1-score   support

      Benign       1.00      0.92      0.96        24
   Malignant       1.00      1.00      1.00       113
      Normal       0.98      1.00      0.99        84

    accuracy                           0.99       221
   macro avg       0.99      0.97      0.98       221
weighted avg       0.99      0.99      0.99       221


############################################################
 EfficientNet-B3 | SEQUENTIAL SPLIT
############################################################
Downloading: "https://download.pytorch.org/models/efficientnet_b3_rwightman-b3899882.pth" to /root/.cache/torch/hub/checkpoints/efficientnet_b3_rwightman-b3899882.pth
100%|██████████| 47.2M/47.2M [00:00<00:00, 137MB/s] 
  EfficientNet-B3: 10.70M params

============================================================
 Training: EffNet-B3 | 30 epochs | LR=0.001
============================================================
  [  1/30] loss=0.4100/0.2211 acc=0.8227/0.9367 f1=0.8862 lr=1.0e-03 (40.9s) ★
  [  2/30] loss=0.1615/0.1798 acc=0.9391/0.9593 f1=0.9232 lr=1.0e-03 (40.4s) ★
  [  3/30] loss=0.0982/0.1191 acc=0.9665/0.9729 f1=0.9464 lr=1.0e-03 (40.5s) ★
  [  4/30] loss=0.0741/0.0423 acc=0.9761/0.9864 f1=0.9728 lr=1.0e-03 (40.5s) ★
  [  5/30] loss=0.0382/0.0793 acc=0.9866/0.9683 f1=0.9401 lr=1.0e-03 (40.3s)
  [  6/30] loss=0.0319/0.0707 acc=0.9895/0.9729 f1=0.9483 lr=1.0e-03 (40.1s)
  [  7/30] loss=0.0225/0.1320 acc=0.9930/0.9683 f1=0.9322 lr=1.0e-03 (40.4s)
  [  8/30] loss=0.0540/0.2288 acc=0.9841/0.9548 f1=0.9020 lr=1.0e-03 (40.4s)
  [  9/30] loss=0.0556/0.0792 acc=0.9821/0.9774 f1=0.9650 lr=1.0e-03 (40.3s)
  [ 10/30] loss=0.0426/0.1782 acc=0.9847/0.9729 f1=0.9495 lr=3.0e-04 (40.2s)
  [ 11/30] loss=0.0117/0.0846 acc=0.9962/0.9910 f1=0.9816 lr=3.0e-04 (40.6s) ★
  [ 12/30] loss=0.0057/0.1032 acc=0.9981/0.9864 f1=0.9719 lr=3.0e-04 (40.3s)
  [ 13/30] loss=0.0050/0.0591 acc=0.9981/0.9910 f1=0.9816 lr=3.0e-04 (40.3s)
  [ 14/30] loss=0.0040/0.0830 acc=0.9987/0.9864 f1=0.9782 lr=3.0e-04 (40.4s)
  [ 15/30] loss=0.0017/0.0871 acc=0.9994/0.9910 f1=0.9816 lr=3.0e-04 (40.3s)
  [ 16/30] loss=0.0006/0.0753 acc=1.0000/0.9864 f1=0.9781 lr=3.0e-04 (40.4s)
  [ 17/30] loss=0.0018/0.0671 acc=0.9994/0.9864 f1=0.9782 lr=9.0e-05 (40.2s)
  [ 18/30] loss=0.0025/0.0873 acc=0.9987/0.9910 f1=0.9816 lr=9.0e-05 (40.3s)
  ⏹ Early stop at epoch 18 (no improvement for 7 epochs)

============================================================
 TEST RESULTS — EffNet-B3
============================================================
Accuracy:  99.10%
Parameters: 10.70M

              precision    recall  f1-score   support

      Benign       1.00      0.92      0.96        24
   Malignant       1.00      1.00      1.00       113
      Normal       0.98      1.00      0.99        84

    accuracy                           0.99       221
   macro avg       0.99      0.97      0.98       221
weighted avg       0.99      0.99      0.99       221


############################################################
 EfficientNet-B4 | SEQUENTIAL SPLIT
############################################################
Downloading: "https://download.pytorch.org/models/efficientnet_b4_rwightman-23ab8bcd.pth" to /root/.cache/torch/hub/checkpoints/efficientnet_b4_rwightman-23ab8bcd.pth
100%|██████████| 74.5M/74.5M [00:00<00:00, 181MB/s] 
  EfficientNet-B4: 17.55M params

============================================================
 Training: EffNet-B4 | 30 epochs | LR=0.001
============================================================
  [  1/30] loss=0.4333/0.1565 acc=0.8119/0.9457 f1=0.9111 lr=1.0e-03 (55.5s) ★
  [  2/30] loss=0.1299/0.1779 acc=0.9509/0.9412 f1=0.8953 lr=1.0e-03 (55.2s)
  [  3/30] loss=0.0662/0.0684 acc=0.9783/0.9774 f1=0.9547 lr=1.0e-03 (55.4s) ★
  [  4/30] loss=0.0552/0.1445 acc=0.9805/0.9774 f1=0.9516 lr=1.0e-03 (55.2s)
  [  5/30] loss=0.0436/0.0517 acc=0.9841/0.9864 f1=0.9719 lr=1.0e-03 (55.7s) ★
  [  6/30] loss=0.0268/0.1562 acc=0.9911/0.9774 f1=0.9532 lr=1.0e-03 (55.3s)
  [  7/30] loss=0.0298/0.0920 acc=0.9917/0.9774 f1=0.9516 lr=1.0e-03 (55.4s)
  [  8/30] loss=0.0285/0.0973 acc=0.9904/0.9774 f1=0.9516 lr=1.0e-03 (55.4s)
  [  9/30] loss=0.0237/0.1487 acc=0.9917/0.9774 f1=0.9586 lr=1.0e-03 (55.3s)
  [ 10/30] loss=0.0348/0.0914 acc=0.9888/0.9819 f1=0.9619 lr=1.0e-03 (55.3s)
  [ 11/30] loss=0.0236/0.0973 acc=0.9917/0.9774 f1=0.9516 lr=3.0e-04 (55.6s)
  [ 12/30] loss=0.0116/0.1112 acc=0.9962/0.9774 f1=0.9516 lr=3.0e-04 (55.5s)
  ⏹ Early stop at epoch 12 (no improvement for 7 epochs)

============================================================
 TEST RESULTS — EffNet-B4
============================================================
Accuracy:  98.64%
Parameters: 17.55M

              precision    recall  f1-score   support

      Benign       1.00      0.88      0.93        24
   Malignant       1.00      1.00      1.00       113
      Normal       0.97      1.00      0.98        84

    accuracy                           0.99       221
   macro avg       0.99      0.96      0.97       221
weighted avg       0.99      0.99      0.99       221


===========================================================================
 COMPARISON: Paper (Leaky) vs Sequential (Honest)
===========================================================================
Model         Paper Acc    Seq Acc    Δ Acc
---------------------------------------------
EffNet-B0        93.67%     98.64%   +4.97%
EffNet-B1        99.10%     98.64%   -0.46%
EffNet-B2        99.10%     99.10%   -0.00%
EffNet-B3        98.19%     99.10%   +0.91%
EffNet-B4        97.29%     98.64%   +1.35%

Generating XAI on best model...

✅ XAI visualizations generated.
