✅ W&B run initialised

🚀 Starting training for DepthWiseMamba-Pico3...
  Ep   1/50 | Tr 0.5876/0.7024 | Val 0.4896/0.6979 | 20.9s ★ saved
  Ep   2/50 | Tr 0.3963/0.8001 | Val 0.4771/0.7188 | 20.1s ★ saved
  Ep   3/50 | Tr 0.3553/0.8271 | Val 0.4656/0.7344 | 20.0s ★ saved
  Ep   4/50 | Tr 0.3118/0.8533 | Val 0.4507/0.7292 | 20.0s
  Ep   5/50 | Tr 0.2901/0.8653 | Val 0.4041/0.7448 | 20.1s ★ saved
  Ep   6/50 | Tr 0.2744/0.8766 | Val 0.4058/0.7865 | 20.0s ★ saved
  Ep   7/50 | Tr 0.2490/0.8927 | Val 0.4430/0.7292 | 19.9s
  Ep   8/50 | Tr 0.2335/0.8972 | Val 0.4039/0.7865 | 19.8s
  Ep   9/50 | Tr 0.2111/0.9081 | Val 0.4003/0.8177 | 20.0s ★ saved
  Ep  10/50 | Tr 0.2013/0.9151 | Val 0.3323/0.8490 | 20.0s ★ saved
  Ep  11/50 | Tr 0.1846/0.9247 | Val 0.4369/0.7812 | 19.7s
  Ep  12/50 | Tr 0.1811/0.9260 | Val 0.3773/0.8125 | 19.8s
  Ep  13/50 | Tr 0.1666/0.9332 | Val 0.4895/0.7917 | 19.6s
  Ep  14/50 | Tr 0.1644/0.9342 | Val 0.4486/0.8385 | 19.8s
  Ep  15/50 | Tr 0.1617/0.9360 | Val 0.3512/0.8177 | 19.9s
  Ep  16/50 | Tr 0.1452/0.9417 | Val 0.4219/0.8021 | 19.7s
  Ep  17/50 | Tr 0.1486/0.9409 | Val 0.4947/0.7917 | 19.6s
  Ep  18/50 | Tr 0.1321/0.9501 | Val 0.5165/0.8177 | 19.7s
  Ep  19/50 | Tr 0.1344/0.9452 | Val 0.4192/0.8229 | 19.7s
  Ep  20/50 | Tr 0.1233/0.9541 | Val 0.4886/0.7917 | 19.9s
  Ep  21/50 | Tr 0.1207/0.9551 | Val 0.5681/0.8125 | 19.8s
  Ep  22/50 | Tr 0.1199/0.9529 | Val 0.4832/0.8073 | 19.9s
  Ep  23/50 | Tr 0.1160/0.9545 | Val 0.5221/0.7917 | 19.8s
  Ep  24/50 | Tr 0.1125/0.9584 | Val 0.5314/0.8073 | 19.8s
  Ep  25/50 | Tr 0.1151/0.9574 | Val 0.5287/0.7865 | 19.9s
  Ep  26/50 | Tr 0.1036/0.9627 | Val 0.5626/0.8281 | 19.7s
  Ep  27/50 | Tr 0.1018/0.9622 | Val 0.4721/0.8594 | 19.9s ★ saved
  Ep  28/50 | Tr 0.1015/0.9627 | Val 0.4282/0.8438 | 19.7s
  Ep  29/50 | Tr 0.0981/0.9632 | Val 0.4334/0.8698 | 19.7s ★ saved
  Ep  30/50 | Tr 0.0910/0.9679 | Val 0.6172/0.8333 | 19.7s
  Ep  31/50 | Tr 0.0918/0.9654 | Val 0.4394/0.8698 | 19.8s
  Ep  32/50 | Tr 0.0929/0.9657 | Val 0.6183/0.8333 | 19.8s
  Ep  33/50 | Tr 0.0977/0.9642 | Val 0.4336/0.8490 | 19.8s
  Ep  34/50 | Tr 0.0931/0.9663 | Val 0.4945/0.8438 | 19.7s
  Ep  35/50 | Tr 0.0897/0.9670 | Val 0.4054/0.8802 | 19.7s ★ saved
  Ep  36/50 | Tr 0.0846/0.9698 | Val 0.5037/0.8646 | 19.9s
  Ep  37/50 | Tr 0.0784/0.9720 | Val 0.5562/0.8385 | 19.7s
  Ep  38/50 | Tr 0.0795/0.9704 | Val 0.6158/0.8021 | 19.7s
  Ep  39/50 | Tr 0.0819/0.9699 | Val 0.4818/0.8646 | 19.7s
  Ep  40/50 | Tr 0.0739/0.9733 | Val 0.5291/0.8490 | 19.9s
  Ep  41/50 | Tr 0.0776/0.9731 | Val 0.6534/0.8177 | 19.7s
  Ep  42/50 | Tr 0.0752/0.9717 | Val 0.8454/0.7500 | 19.7s
  Ep  43/50 | Tr 0.0765/0.9743 | Val 0.4271/0.8854 | 19.8s ★ saved
  Ep  44/50 | Tr 0.0680/0.9767 | Val 0.5105/0.8646 | 19.9s
  Ep  45/50 | Tr 0.0721/0.9735 | Val 0.7539/0.8177 | 19.8s
  Ep  46/50 | Tr 0.0659/0.9769 | Val 0.7134/0.7865 | 19.8s
  Ep  47/50 | Tr 0.0705/0.9750 | Val 0.6986/0.8281 | 19.8s
  Ep  48/50 | Tr 0.0720/0.9742 | Val 0.6499/0.8333 | 19.9s
  Ep  49/50 | Tr 0.0689/0.9764 | Val 0.4199/0.8594 | 19.8s
  Ep  50/50 | Tr 0.0674/0.9763 | Val 0.5203/0.8750 | 19.6s

  💾 Best model loaded: Epoch 43 | Val Acc: 88.54%
======================================================================
  TEST EVALUATION: DepthWiseMamba-Pico3 | Test Acc: 80.21%
======================================================================
              precision    recall  f1-score   support

      Benign       0.58      0.64      0.61        94
   Malignant       0.83      0.80      0.81       211
      Normal       1.00      1.00      1.00        84

    accuracy                           0.80       389
   macro avg       0.80      0.81      0.81       389
weighted avg       0.81      0.80      0.80       389
