============================================================
Lung-EffNet — Sequential 70/20/10 Split (No Shuffle)
============================================================
Total images: 1097
  Bengin cases: 120
  Malignant cases: 561
  Normal cases: 416
  [v2.1] val split empty — using test as val for monitoring.

After sequential 70/20/10 split:
  Train: 876 (first 70%)
  Val:   221 (next 20%)
  Test:  221 (last 10%)
    Bengin cases: train=96, val=24, test=24
    Malignant cases: train=448, val=113, test=113
    Normal cases: train=332, val=84, test=84
Train after augmentation: 3140

############################################################
 EfficientNet-B0 | SEQUENTIAL SPLIT
############################################################
  EfficientNet-B0: 4.01M params

============================================================
 Training: EffNet-B0 | 30 epochs | LR=0.001
============================================================
  [  1/30] loss=0.4140/0.4412 acc=0.8265/0.9140 f1=0.8041 lr=1.0e-03 (23.1s) ★
  [  2/30] loss=0.1899/0.2863 acc=0.9228/0.9186 f1=0.8677 lr=1.0e-03 (24.4s) ★
  [  3/30] loss=0.0989/0.0819 acc=0.9665/0.9638 f1=0.9306 lr=1.0e-03 (24.2s) ★
  [  4/30] loss=0.0893/0.2700 acc=0.9659/0.9457 f1=0.9077 lr=1.0e-03 (24.1s)
  [  5/30] loss=0.0746/0.1527 acc=0.9716/0.9548 f1=0.9196 lr=1.0e-03 (24.2s)
  [  6/30] loss=0.0477/0.0424 acc=0.9850/0.9819 f1=0.9643 lr=1.0e-03 (23.6s) ★
  [  7/30] loss=0.0331/0.1486 acc=0.9888/0.9502 f1=0.9126 lr=1.0e-03 (23.8s)
  [  8/30] loss=0.0705/0.1513 acc=0.9780/0.9412 f1=0.9180 lr=1.0e-03 (23.7s)
  [  9/30] loss=0.0449/0.0375 acc=0.9860/0.9864 f1=0.9719 lr=1.0e-03 (23.4s) ★
  [ 10/30] loss=0.0225/0.0486 acc=0.9927/0.9864 f1=0.9736 lr=1.0e-03 (24.2s)
  [ 11/30] loss=0.0187/0.1036 acc=0.9927/0.9819 f1=0.9653 lr=1.0e-03 (22.8s)
  [ 12/30] loss=0.0300/0.0287 acc=0.9901/0.9910 f1=0.9816 lr=1.0e-03 (24.4s) ★
  [ 13/30] loss=0.0459/0.0529 acc=0.9805/0.9819 f1=0.9685 lr=1.0e-03 (23.9s)
  [ 14/30] loss=0.0282/0.0438 acc=0.9882/0.9910 f1=0.9816 lr=1.0e-03 (24.0s)
  [ 15/30] loss=0.0325/0.0522 acc=0.9885/0.9774 f1=0.9572 lr=1.0e-03 (23.0s)
  [ 16/30] loss=0.0261/0.0550 acc=0.9892/0.9729 f1=0.9493 lr=1.0e-03 (22.8s)
  [ 17/30] loss=0.0145/0.0787 acc=0.9946/0.9729 f1=0.9506 lr=1.0e-03 (23.8s)
  [ 18/30] loss=0.0156/0.0624 acc=0.9927/0.9910 f1=0.9816 lr=3.0e-04 (23.9s)
  [ 19/30] loss=0.0046/0.0271 acc=0.9984/0.9955 f1=0.9909 lr=3.0e-04 (21.9s) ★
  [ 20/30] loss=0.0043/0.0292 acc=0.9990/0.9910 f1=0.9821 lr=3.0e-04 (23.2s)
  [ 21/30] loss=0.0028/0.0329 acc=0.9994/0.9910 f1=0.9821 lr=3.0e-04 (23.1s)
  [ 22/30] loss=0.0028/0.0175 acc=0.9994/0.9955 f1=0.9909 lr=3.0e-04 (22.9s)
  [ 23/30] loss=0.0019/0.0266 acc=0.9994/0.9955 f1=0.9909 lr=3.0e-04 (24.0s)
  [ 24/30] loss=0.0025/0.0125 acc=0.9987/0.9955 f1=0.9909 lr=3.0e-04 (22.7s)
  [ 25/30] loss=0.0019/0.0107 acc=0.9994/0.9955 f1=0.9909 lr=9.0e-05 (24.0s)
  [ 26/30] loss=0.0010/0.0129 acc=0.9997/0.9910 f1=0.9821 lr=9.0e-05 (23.3s)
  ⏹ Early stop at epoch 26 (no improvement for 7 epochs)

============================================================
 TEST RESULTS — EffNet-B0
============================================================
Accuracy:  99.55%
Parameters: 4.01M

              precision    recall  f1-score   support

      Benign       1.00      0.96      0.98        24
   Malignant       1.00      1.00      1.00       113
      Normal       0.99      1.00      0.99        84

    accuracy                           1.00       221
   macro avg       1.00      0.99      0.99       221
weighted avg       1.00      1.00      1.00       221


############################################################
 EfficientNet-B1 | SEQUENTIAL SPLIT
############################################################
  EfficientNet-B1: 6.52M params

============================================================
 Training: EffNet-B1 | 30 epochs | LR=0.001
============================================================
  [  1/30] loss=0.3962/0.4128 acc=0.8281/0.9276 f1=0.8754 lr=1.0e-03 (28.7s) ★
  [  2/30] loss=0.1531/0.1868 acc=0.9455/0.9502 f1=0.9143 lr=1.0e-03 (28.8s) ★
  [  3/30] loss=0.0772/0.2527 acc=0.9770/0.9276 f1=0.8816 lr=1.0e-03 (28.3s)
  [  4/30] loss=0.1037/0.1698 acc=0.9662/0.9457 f1=0.9219 lr=1.0e-03 (28.6s)
  [  5/30] loss=0.0639/0.0579 acc=0.9774/0.9819 f1=0.9653 lr=1.0e-03 (28.5s) ★
  [  6/30] loss=0.0446/0.1287 acc=0.9809/0.9683 f1=0.9417 lr=1.0e-03 (28.8s)
  [  7/30] loss=0.0307/0.0682 acc=0.9908/0.9864 f1=0.9736 lr=1.0e-03 (28.4s) ★
  [  8/30] loss=0.0460/0.2480 acc=0.9869/0.9367 f1=0.8923 lr=1.0e-03 (29.0s)
  [  9/30] loss=0.0533/0.0696 acc=0.9809/0.9729 f1=0.9448 lr=1.0e-03 (28.8s)
  [ 10/30] loss=0.0527/0.0318 acc=0.9812/0.9864 f1=0.9736 lr=1.0e-03 (28.7s)
  [ 11/30] loss=0.0329/0.0267 acc=0.9882/0.9910 f1=0.9816 lr=1.0e-03 (28.8s) ★
  [ 12/30] loss=0.0137/0.0395 acc=0.9949/0.9910 f1=0.9816 lr=1.0e-03 (28.5s)
  [ 13/30] loss=0.0119/0.0444 acc=0.9955/0.9910 f1=0.9875 lr=1.0e-03 (28.8s)
  [ 14/30] loss=0.0107/0.0447 acc=0.9968/0.9910 f1=0.9816 lr=1.0e-03 (28.5s)
  [ 15/30] loss=0.0345/0.0552 acc=0.9892/0.9819 f1=0.9662 lr=1.0e-03 (28.7s)
  [ 16/30] loss=0.0236/0.0333 acc=0.9927/0.9910 f1=0.9821 lr=1.0e-03 (29.0s)
  [ 17/30] loss=0.0140/0.0415 acc=0.9949/0.9819 f1=0.9662 lr=3.0e-04 (29.0s)
  [ 18/30] loss=0.0037/0.0109 acc=0.9990/0.9955 f1=0.9909 lr=3.0e-04 (29.2s) ★
  [ 19/30] loss=0.0023/0.0314 acc=0.9990/0.9955 f1=0.9909 lr=3.0e-04 (28.6s)
  [ 20/30] loss=0.0019/0.0495 acc=0.9997/0.9955 f1=0.9909 lr=3.0e-04 (28.8s)
  [ 21/30] loss=0.0040/0.0716 acc=0.9987/0.9910 f1=0.9821 lr=3.0e-04 (28.6s)
  [ 22/30] loss=0.0033/0.0587 acc=0.9990/0.9955 f1=0.9909 lr=3.0e-04 (28.7s)
  [ 23/30] loss=0.0005/0.0604 acc=1.0000/0.9955 f1=0.9909 lr=3.0e-04 (28.9s)
  [ 24/30] loss=0.0020/0.0589 acc=0.9994/0.9955 f1=0.9909 lr=9.0e-05 (28.6s)
  [ 25/30] loss=0.0005/0.0580 acc=1.0000/0.9955 f1=0.9909 lr=9.0e-05 (28.7s)
  ⏹ Early stop at epoch 25 (no improvement for 7 epochs)

============================================================
 TEST RESULTS — EffNet-B1
============================================================
Accuracy:  99.55%
Parameters: 6.52M

              precision    recall  f1-score   support

      Benign       1.00      0.96      0.98        24
   Malignant       1.00      1.00      1.00       113
      Normal       0.99      1.00      0.99        84

    accuracy                           1.00       221
   macro avg       1.00      0.99      0.99       221
weighted avg       1.00      1.00      1.00       221


############################################################
 EfficientNet-B2 | SEQUENTIAL SPLIT
############################################################
  EfficientNet-B2: 7.71M params

============================================================
 Training: EffNet-B2 | 30 epochs | LR=0.001
============================================================
  [  1/30] loss=0.4267/0.3972 acc=0.8227/0.9005 f1=0.8527 lr=1.0e-03 (30.7s) ★
  [  2/30] loss=0.1504/0.2639 acc=0.9445/0.9140 f1=0.8630 lr=1.0e-03 (31.2s) ★
  [  3/30] loss=0.1003/0.0551 acc=0.9640/0.9774 f1=0.9565 lr=1.0e-03 (30.4s) ★
  [  4/30] loss=0.0827/0.1259 acc=0.9668/0.9548 f1=0.9251 lr=1.0e-03 (30.7s)
  [  5/30] loss=0.0767/0.1334 acc=0.9770/0.9593 f1=0.9285 lr=1.0e-03 (30.8s)
  [  6/30] loss=0.0377/0.1229 acc=0.9882/0.9367 f1=0.9008 lr=1.0e-03 (30.8s)
  [  7/30] loss=0.0483/0.0364 acc=0.9825/0.9864 f1=0.9787 lr=1.0e-03 (30.8s) ★
  [  8/30] loss=0.0429/0.2938 acc=0.9860/0.9412 f1=0.9010 lr=1.0e-03 (30.8s)
  [  9/30] loss=0.0270/0.0173 acc=0.9911/0.9864 f1=0.9728 lr=1.0e-03 (30.5s)
  [ 10/30] loss=0.0304/0.1852 acc=0.9911/0.9593 f1=0.9268 lr=1.0e-03 (31.0s)
  [ 11/30] loss=0.0366/0.0392 acc=0.9879/0.9955 f1=0.9909 lr=1.0e-03 (30.8s) ★
  [ 12/30] loss=0.0231/0.2570 acc=0.9917/0.9140 f1=0.8630 lr=1.0e-03 (30.8s)
  [ 13/30] loss=0.0270/0.1504 acc=0.9911/0.9774 f1=0.9668 lr=1.0e-03 (30.8s)
  [ 14/30] loss=0.0387/0.1127 acc=0.9879/0.9819 f1=0.9643 lr=1.0e-03 (30.5s)
  [ 15/30] loss=0.0279/0.1327 acc=0.9898/0.9593 f1=0.9285 lr=1.0e-03 (30.7s)
  [ 16/30] loss=0.0213/0.0252 acc=0.9943/0.9864 f1=0.9743 lr=1.0e-03 (30.9s)
  [ 17/30] loss=0.0269/0.0505 acc=0.9920/0.9774 f1=0.9583 lr=3.0e-04 (30.5s)
  [ 18/30] loss=0.0122/0.0338 acc=0.9965/0.9910 f1=0.9827 lr=3.0e-04 (30.8s)
  ⏹ Early stop at epoch 18 (no improvement for 7 epochs)

============================================================
 TEST RESULTS — EffNet-B2
============================================================
Accuracy:  99.55%
Parameters: 7.71M

              precision    recall  f1-score   support

      Benign       1.00      0.96      0.98        24
   Malignant       1.00      1.00      1.00       113
      Normal       0.99      1.00      0.99        84

    accuracy                           1.00       221
   macro avg       1.00      0.99      0.99       221
weighted avg       1.00      1.00      1.00       221


############################################################
 EfficientNet-B3 | SEQUENTIAL SPLIT
############################################################
  EfficientNet-B3: 10.70M params

============================================================
 Training: EffNet-B3 | 30 epochs | LR=0.001
============================================================
  [  1/30] loss=0.4107/0.5311 acc=0.8176/0.8235 f1=0.7542 lr=1.0e-03 (40.3s) ★
  [  2/30] loss=0.1654/0.1539 acc=0.9452/0.9367 f1=0.8706 lr=1.0e-03 (39.9s) ★
  [  3/30] loss=0.1041/0.0693 acc=0.9611/0.9729 f1=0.9493 lr=1.0e-03 (40.5s) ★
  [  4/30] loss=0.0654/0.0768 acc=0.9758/0.9864 f1=0.9841 lr=1.0e-03 (39.8s) ★
  [  5/30] loss=0.0587/0.0935 acc=0.9777/0.9683 f1=0.9322 lr=1.0e-03 (40.3s)
  [  6/30] loss=0.0302/0.0806 acc=0.9898/0.9819 f1=0.9753 lr=1.0e-03 (40.3s)
  [  7/30] loss=0.0395/0.0917 acc=0.9876/0.9638 f1=0.9360 lr=1.0e-03 (40.7s)
  [  8/30] loss=0.0333/0.1679 acc=0.9888/0.9683 f1=0.9417 lr=1.0e-03 (40.1s)
  [  9/30] loss=0.0397/0.0676 acc=0.9857/0.9729 f1=0.9493 lr=1.0e-03 (40.4s)
  [ 10/30] loss=0.0301/0.0630 acc=0.9904/0.9819 f1=0.9653 lr=3.0e-04 (40.3s)
  [ 11/30] loss=0.0065/0.0403 acc=0.9971/0.9864 f1=0.9736 lr=3.0e-04 (40.3s)
  ⏹ Early stop at epoch 11 (no improvement for 7 epochs)

============================================================
 TEST RESULTS — EffNet-B3
============================================================
Accuracy:  98.64%
Parameters: 10.70M

              precision    recall  f1-score   support

      Benign       1.00      0.96      0.98        24
   Malignant       1.00      0.98      0.99       113
      Normal       0.97      1.00      0.98        84

    accuracy                           0.99       221
   macro avg       0.99      0.98      0.98       221
weighted avg       0.99      0.99      0.99       221


############################################################
 EfficientNet-B4 | SEQUENTIAL SPLIT
############################################################
  EfficientNet-B4: 17.55M params

============================================================
 Training: EffNet-B4 | 30 epochs | LR=0.001
============================================================
  [  1/30] loss=0.3896/0.1655 acc=0.8345/0.9457 f1=0.8895 lr=1.0e-03 (55.3s) ★
  [  2/30] loss=0.1096/0.2658 acc=0.9605/0.9231 f1=0.8753 lr=1.0e-03 (55.5s)
  [  3/30] loss=0.0830/0.0728 acc=0.9713/0.9729 f1=0.9593 lr=1.0e-03 (55.2s) ★
  [  4/30] loss=0.0551/0.0403 acc=0.9825/0.9819 f1=0.9662 lr=1.0e-03 (55.3s) ★
  [  5/30] loss=0.0342/0.1150 acc=0.9879/0.9683 f1=0.9611 lr=1.0e-03 (55.3s)
  [  6/30] loss=0.0338/0.0365 acc=0.9904/0.9864 f1=0.9736 lr=1.0e-03 (55.4s) ★
  [  7/30] loss=0.0321/0.0118 acc=0.9904/0.9955 f1=0.9912 lr=1.0e-03 (55.7s) ★
  [  8/30] loss=0.0262/0.0195 acc=0.9908/0.9910 f1=0.9821 lr=1.0e-03 (55.2s)
  [  9/30] loss=0.0212/0.0455 acc=0.9930/0.9864 f1=0.9719 lr=1.0e-03 (55.4s)
  [ 10/30] loss=0.0339/0.0135 acc=0.9876/0.9910 f1=0.9821 lr=1.0e-03 (55.1s)
  [ 11/30] loss=0.0111/0.0067 acc=0.9974/0.9955 f1=0.9909 lr=1.0e-03 (55.3s)
  [ 12/30] loss=0.0168/0.0249 acc=0.9955/0.9955 f1=0.9909 lr=1.0e-03 (55.5s)
  [ 13/30] loss=0.0184/0.0160 acc=0.9933/0.9910 f1=0.9821 lr=3.0e-04 (55.1s)
  [ 14/30] loss=0.0065/0.0081 acc=0.9978/0.9955 f1=0.9909 lr=3.0e-04 (55.3s)
  ⏹ Early stop at epoch 14 (no improvement for 7 epochs)

============================================================
 TEST RESULTS — EffNet-B4
============================================================
Accuracy:  99.55%
Parameters: 17.55M

              precision    recall  f1-score   support

      Benign       0.96      1.00      0.98        24
   Malignant       1.00      1.00      1.00       113
      Normal       1.00      0.99      0.99        84

    accuracy                           1.00       221
   macro avg       0.99      1.00      0.99       221
weighted avg       1.00      1.00      1.00       221


===========================================================================
 COMPARISON: Paper (Leaky) vs Sequential (Honest)
===========================================================================
Model         Paper Acc    Seq Acc    Δ Acc
---------------------------------------------
EffNet-B0        93.67%     99.55%   +5.88%
EffNet-B1        99.10%     99.55%   +0.45%
EffNet-B2        99.10%     99.55%   +0.45%
EffNet-B3        98.19%     98.64%   +0.45%
EffNet-B4        97.29%     99.55%   +2.26%

Generating XAI on best model...

✅ XAI visualizations generated.
