✅ W&B initialized
Compiling model with torch.compile...
✅ Compiled
Parameters: 18,986,689 (18.99M)

🚀 Training for 3000 epochs (1→3000)
  AMP dtype:      torch.float16
  GradScaler:     ON
  CFG dropout:    10.0%
  Timestep dist:  logit_normal
Epoch 1/3000:   0%|          | 0/56 [00:00<?, ?it/s]W0226 13:24:48.573000 24 torch/_inductor/utils.py:1558] [0/0] Not enough SMs to use max_autotune_gemm mode
Epoch 1/3000: 100%|██████████| 56/56 [01:43<00:00,  1.85s/it, loss=0.1866] 
Epoch 1/3000 | Loss: 0.5314 | Best: inf | 103.6s | Elapsed: 0.0h | ETA: 5177m | LR: 0.000150
  ★ Saved best model (loss=0.5314)
Epoch 2/3000: 100%|██████████| 56/56 [00:20<00:00,  2.69it/s, loss=0.5316]
Epoch 2/3000 | Loss: 0.3755 | Best: 0.5314 | 20.8s | Elapsed: 0.0h | ETA: 3109m | LR: 0.000150
  ★ Saved best model (loss=0.3755)
Epoch 3/3000: 100%|██████████| 56/56 [00:21<00:00,  2.55it/s, loss=0.5439]
Epoch 3/3000 | Loss: 0.3587 | Best: 0.3755 | 22.0s | Elapsed: 0.0h | ETA: 2437m | LR: 0.000150
  ★ Saved best model (loss=0.3587)
Epoch 4/3000: 100%|██████████| 56/56 [00:23<00:00,  2.40it/s, loss=0.4397]
Epoch 4/3000 | Loss: 0.3187 | Best: 0.3587 | 23.3s | Elapsed: 0.1h | ETA: 2118m | LR: 0.000150
  ★ Saved best model (loss=0.3187)
Epoch 5/3000: 100%|██████████| 56/56 [00:24<00:00,  2.32it/s, loss=0.2407]
Epoch 5/3000 | Loss: 0.2988 | Best: 0.3187 | 24.1s | Elapsed: 0.1h | ETA: 1935m | LR: 0.000150
  ★ Saved best model (loss=0.2988)
Epoch 6/3000: 100%|██████████| 56/56 [00:23<00:00,  2.42it/s, loss=0.2732]
Epoch 6/3000 | Loss: 0.2825 | Best: 0.2988 | 23.1s | Elapsed: 0.1h | ETA: 1804m | LR: 0.000150
  ★ Saved best model (loss=0.2825)
Epoch 7/3000: 100%|██████████| 56/56 [00:22<00:00,  2.44it/s, loss=0.1312]
Epoch 7/3000 | Loss: 0.2988 | Best: 0.2825 | 22.9s | Elapsed: 0.1h | ETA: 1709m | LR: 0.000150
Epoch 8/3000: 100%|██████████| 56/56 [00:23<00:00,  2.39it/s, loss=0.2515]
Epoch 8/3000 | Loss: 0.2807 | Best: 0.2825 | 23.5s | Elapsed: 0.1h | ETA: 1641m | LR: 0.000150
  ★ Saved best model (loss=0.2807)
Epoch 9/3000: 100%|██████████| 56/56 [00:23<00:00,  2.38it/s, loss=0.5094]
Epoch 9/3000 | Loss: 0.2417 | Best: 0.2807 | 23.5s | Elapsed: 0.1h | ETA: 1589m | LR: 0.000150
  ★ Saved best model (loss=0.2417)
Epoch 10/3000: 100%|██████████| 56/56 [00:23<00:00,  2.40it/s, loss=0.3958]
Epoch 10/3000 | Loss: 0.2461 | Best: 0.2417 | 23.3s | Elapsed: 0.1h | ETA: 1546m | LR: 0.000150
Epoch 11/3000: 100%|██████████| 56/56 [00:23<00:00,  2.41it/s, loss=0.1802]
Epoch 11/3000 | Loss: 0.2432 | Best: 0.2417 | 23.2s | Elapsed: 0.1h | ETA: 1510m | LR: 0.000150
Epoch 12/3000: 100%|██████████| 56/56 [00:23<00:00,  2.41it/s, loss=0.1873]
Epoch 12/3000 | Loss: 0.2527 | Best: 0.2417 | 23.2s | Elapsed: 0.1h | ETA: 1480m | LR: 0.000150
Epoch 13/3000: 100%|██████████| 56/56 [00:23<00:00,  2.40it/s, loss=0.1322]
Epoch 13/3000 | Loss: 0.2957 | Best: 0.2417 | 23.3s | Elapsed: 0.1h | ETA: 1455m | LR: 0.000150
Epoch 14/3000: 100%|██████████| 56/56 [00:23<00:00,  2.40it/s, loss=0.2455]
Epoch 14/3000 | Loss: 0.2685 | Best: 0.2417 | 23.4s | Elapsed: 0.1h | ETA: 1434m | LR: 0.000150
Epoch 15/3000: 100%|██████████| 56/56 [00:23<00:00,  2.38it/s, loss=0.3100]
Epoch 15/3000 | Loss: 0.2211 | Best: 0.2417 | 23.5s | Elapsed: 0.1h | ETA: 1415m | LR: 0.000150
  ★ Saved best model (loss=0.2211)
Epoch 16/3000: 100%|██████████| 56/56 [00:23<00:00,  2.39it/s, loss=0.3773]
Epoch 16/3000 | Loss: 0.2904 | Best: 0.2211 | 23.5s | Elapsed: 0.1h | ETA: 1400m | LR: 0.000150
Epoch 17/3000: 100%|██████████| 56/56 [00:23<00:00,  2.38it/s, loss=0.4406]
Epoch 17/3000 | Loss: 0.2233 | Best: 0.2211 | 23.5s | Elapsed: 0.1h | ETA: 1386m | LR: 0.000150
Epoch 18/3000: 100%|██████████| 56/56 [00:23<00:00,  2.38it/s, loss=0.2878]
Epoch 18/3000 | Loss: 0.2535 | Best: 0.2211 | 23.5s | Elapsed: 0.1h | ETA: 1373m | LR: 0.000150
Epoch 19/3000: 100%|██████████| 56/56 [00:23<00:00,  2.39it/s, loss=0.1695]
Epoch 19/3000 | Loss: 0.2193 | Best: 0.2211 | 23.4s | Elapsed: 0.1h | ETA: 1362m | LR: 0.000150
  ★ Saved best model (loss=0.2193)
Epoch 20/3000: 100%|██████████| 56/56 [00:23<00:00,  2.39it/s, loss=0.4657]
Epoch 20/3000 | Loss: 0.2156 | Best: 0.2193 | 23.4s | Elapsed: 0.2h | ETA: 1351m | LR: 0.000150
  ★ Saved best model (loss=0.2156)
Epoch 21/3000: 100%|██████████| 56/56 [00:23<00:00,  2.40it/s, loss=0.1672]
Epoch 21/3000 | Loss: 0.2398 | Best: 0.2156 | 23.4s | Elapsed: 0.2h | ETA: 1342m | LR: 0.000150
Epoch 22/3000: 100%|██████████| 56/56 [00:23<00:00,  2.39it/s, loss=0.4268]
Epoch 22/3000 | Loss: 0.2353 | Best: 0.2156 | 23.5s | Elapsed: 0.2h | ETA: 1333m | LR: 0.000150
Epoch 23/3000: 100%|██████████| 56/56 [00:23<00:00,  2.39it/s, loss=0.1908]
Epoch 23/3000 | Loss: 0.2199 | Best: 0.2156 | 23.5s | Elapsed: 0.2h | ETA: 1325m | LR: 0.000150
Epoch 24/3000: 100%|██████████| 56/56 [00:23<00:00,  2.38it/s, loss=0.1229]
Epoch 24/3000 | Loss: 0.2620 | Best: 0.2156 | 23.5s | Elapsed: 0.2h | ETA: 1318m | LR: 0.000150
Epoch 25/3000: 100%|██████████| 56/56 [00:23<00:00,  2.39it/s, loss=0.2356]
Epoch 25/3000 | Loss: 0.2402 | Best: 0.2156 | 23.5s | Elapsed: 0.2h | ETA: 1312m | LR: 0.000150
RF Euler Sampling: 100%|██████████| 30/30 [00:12<00:00,  2.38it/s]
RF Euler Sampling: 100%|██████████| 30/30 [00:07<00:00,  3.78it/s]
RF Euler Sampling: 100%|██████████| 30/30 [00:07<00:00,  3.77it/s]
Epoch 26/3000: 100%|██████████| 56/56 [00:23<00:00,  2.39it/s, loss=0.3369]
Epoch 26/3000 | Loss: 0.2405 | Best: 0.2156 | 23.4s | Elapsed: 0.2h | ETA: 1306m | LR: 0.000150
Epoch 27/3000: 100%|██████████| 56/56 [00:23<00:00,  2.39it/s, loss=0.1903]
Epoch 27/3000 | Loss: 0.2202 | Best: 0.2156 | 23.4s | Elapsed: 0.2h | ETA: 1300m | LR: 0.000150
Epoch 28/3000: 100%|██████████| 56/56 [00:23<00:00,  2.39it/s, loss=0.2948]
Epoch 28/3000 | Loss: 0.2309 | Best: 0.2156 | 23.4s | Elapsed: 0.2h | ETA: 1294m | LR: 0.000150
Epoch 29/3000: 100%|██████████| 56/56 [00:23<00:00,  2.39it/s, loss=0.3664]
Epoch 29/3000 | Loss: 0.2224 | Best: 0.2156 | 23.4s | Elapsed: 0.2h | ETA: 1289m | LR: 0.000150
Epoch 30/3000: 100%|██████████| 56/56 [00:23<00:00,  2.40it/s, loss=0.1477]
Epoch 30/3000 | Loss: 0.2452 | Best: 0.2156 | 23.4s | Elapsed: 0.2h | ETA: 1284m | LR: 0.000150
Epoch 31/3000: 100%|██████████| 56/56 [00:23<00:00,  2.40it/s, loss=0.3392]
Epoch 31/3000 | Loss: 0.2266 | Best: 0.2156 | 23.3s | Elapsed: 0.2h | ETA: 1280m | LR: 0.000150
Epoch 32/3000: 100%|██████████| 56/56 [00:23<00:00,  2.39it/s, loss=0.0690]
Epoch 32/3000 | Loss: 0.2360 | Best: 0.2156 | 23.4s | Elapsed: 0.2h | ETA: 1276m | LR: 0.000150
Epoch 33/3000: 100%|██████████| 56/56 [00:23<00:00,  2.39it/s, loss=0.2963]
Epoch 33/3000 | Loss: 0.2180 | Best: 0.2156 | 23.5s | Elapsed: 0.2h | ETA: 1272m | LR: 0.000150
Epoch 34/3000: 100%|██████████| 56/56 [00:23<00:00,  2.39it/s, loss=0.1632]
Epoch 34/3000 | Loss: 0.2207 | Best: 0.2156 | 23.5s | Elapsed: 0.3h | ETA: 1268m | LR: 0.000150
Epoch 35/3000: 100%|██████████| 56/56 [00:23<00:00,  2.38it/s, loss=0.1502]
Epoch 35/3000 | Loss: 0.2233 | Best: 0.2156 | 23.5s | Elapsed: 0.3h | ETA: 1265m | LR: 0.000150
Epoch 36/3000: 100%|██████████| 56/56 [00:23<00:00,  2.38it/s, loss=0.2996]
Epoch 36/3000 | Loss: 0.2251 | Best: 0.2156 | 23.5s | Elapsed: 0.3h | ETA: 1261m | LR: 0.000150
Epoch 37/3000: 100%|██████████| 56/56 [00:23<00:00,  2.38it/s, loss=0.3216]
Epoch 37/3000 | Loss: 0.2349 | Best: 0.2156 | 23.5s | Elapsed: 0.3h | ETA: 1258m | LR: 0.000150
Epoch 38/3000: 100%|██████████| 56/56 [00:23<00:00,  2.39it/s, loss=0.3458]
Epoch 38/3000 | Loss: 0.2584 | Best: 0.2156 | 23.5s | Elapsed: 0.3h | ETA: 1255m | LR: 0.000150
Epoch 39/3000: 100%|██████████| 56/56 [00:23<00:00,  2.39it/s, loss=0.2422]
Epoch 39/3000 | Loss: 0.2315 | Best: 0.2156 | 23.4s | Elapsed: 0.3h | ETA: 1252m | LR: 0.000150
Epoch 40/3000: 100%|██████████| 56/56 [00:23<00:00,  2.39it/s, loss=0.1425]
Epoch 40/3000 | Loss: 0.2185 | Best: 0.2156 | 23.4s | Elapsed: 0.3h | ETA: 1249m | LR: 0.000150
Epoch 41/3000: 100%|██████████| 56/56 [00:23<00:00,  2.39it/s, loss=0.0725]
Epoch 41/3000 | Loss: 0.2130 | Best: 0.2156 | 23.4s | Elapsed: 0.3h | ETA: 1247m | LR: 0.000150
  ★ Saved best model (loss=0.2130)
Epoch 42/3000: 100%|██████████| 56/56 [00:23<00:00,  2.40it/s, loss=0.1185]
Epoch 42/3000 | Loss: 0.2185 | Best: 0.2130 | 23.3s | Elapsed: 0.3h | ETA: 1244m | LR: 0.000150
Epoch 43/3000: 100%|██████████| 56/56 [00:23<00:00,  2.39it/s, loss=0.2062]
Epoch 43/3000 | Loss: 0.1985 | Best: 0.2130 | 23.4s | Elapsed: 0.3h | ETA: 1241m | LR: 0.000150
  ★ Saved best model (loss=0.1985)
Epoch 44/3000: 100%|██████████| 56/56 [00:23<00:00,  2.40it/s, loss=0.1404]
Epoch 44/3000 | Loss: 0.2275 | Best: 0.1985 | 23.4s | Elapsed: 0.3h | ETA: 1239m | LR: 0.000150
Epoch 45/3000: 100%|██████████| 56/56 [00:23<00:00,  2.39it/s, loss=0.1493]
Epoch 45/3000 | Loss: 0.2269 | Best: 0.1985 | 23.4s | Elapsed: 0.3h | ETA: 1237m | LR: 0.000150
Epoch 46/3000: 100%|██████████| 56/56 [00:23<00:00,  2.38it/s, loss=0.2893]
Epoch 46/3000 | Loss: 0.2347 | Best: 0.1985 | 23.5s | Elapsed: 0.3h | ETA: 1234m | LR: 0.000150
Epoch 47/3000: 100%|██████████| 56/56 [00:23<00:00,  2.37it/s, loss=0.1639]
Epoch 47/3000 | Loss: 0.2030 | Best: 0.1985 | 23.6s | Elapsed: 0.3h | ETA: 1233m | LR: 0.000150
Epoch 48/3000: 100%|██████████| 56/56 [00:23<00:00,  2.37it/s, loss=0.1628]
Epoch 48/3000 | Loss: 0.1953 | Best: 0.1985 | 23.6s | Elapsed: 0.3h | ETA: 1231m | LR: 0.000150
  ★ Saved best model (loss=0.1953)
Epoch 49/3000: 100%|██████████| 56/56 [00:23<00:00,  2.38it/s, loss=0.1612]
Epoch 49/3000 | Loss: 0.2357 | Best: 0.1953 | 23.6s | Elapsed: 0.4h | ETA: 1229m | LR: 0.000150
Epoch 50/3000: 100%|██████████| 56/56 [00:23<00:00,  2.37it/s, loss=0.2614]
Epoch 50/3000 | Loss: 0.2343 | Best: 0.1953 | 23.6s | Elapsed: 0.4h | ETA: 1227m | LR: 0.000150
RF Euler Sampling: 100%|██████████| 30/30 [00:08<00:00,  3.75it/s]
RF Euler Sampling: 100%|██████████| 30/30 [00:07<00:00,  3.75it/s]
RF Euler Sampling: 100%|██████████| 30/30 [00:07<00:00,  3.77it/s]
Epoch 51/3000: 100%|██████████| 56/56 [00:23<00:00,  2.39it/s, loss=0.2435]
Epoch 51/3000 | Loss: 0.2091 | Best: 0.1953 | 23.4s | Elapsed: 0.4h | ETA: 1225m | LR: 0.000150
Epoch 52/3000: 100%|██████████| 56/56 [00:23<00:00,  2.40it/s, loss=0.1813]
Epoch 52/3000 | Loss: 0.2243 | Best: 0.1953 | 23.3s | Elapsed: 0.4h | ETA: 1223m | LR: 0.000150
Epoch 53/3000: 100%|██████████| 56/56 [00:23<00:00,  2.40it/s, loss=0.1997]
Epoch 53/3000 | Loss: 0.2381 | Best: 0.1953 | 23.3s | Elapsed: 0.4h | ETA: 1221m | LR: 0.000150
Epoch 54/3000: 100%|██████████| 56/56 [00:23<00:00,  2.40it/s, loss=0.3948]
Epoch 54/3000 | Loss: 0.2012 | Best: 0.1953 | 23.4s | Elapsed: 0.4h | ETA: 1220m | LR: 0.000150
Epoch 55/3000: 100%|██████████| 56/56 [00:23<00:00,  2.39it/s, loss=0.2679]
Epoch 55/3000 | Loss: 0.2403 | Best: 0.1953 | 23.5s | Elapsed: 0.4h | ETA: 1218m | LR: 0.000150
Epoch 56/3000: 100%|██████████| 56/56 [00:23<00:00,  2.38it/s, loss=0.2838]
Epoch 56/3000 | Loss: 0.2174 | Best: 0.1953 | 23.6s | Elapsed: 0.4h | ETA: 1216m | LR: 0.000150
Epoch 57/3000: 100%|██████████| 56/56 [00:23<00:00,  2.37it/s, loss=0.1785]
Epoch 57/3000 | Loss: 0.2258 | Best: 0.1953 | 23.6s | Elapsed: 0.4h | ETA: 1215m | LR: 0.000150
Epoch 58/3000: 100%|██████████| 56/56 [00:23<00:00,  2.37it/s, loss=0.2688]
Epoch 58/3000 | Loss: 0.2102 | Best: 0.1953 | 23.6s | Elapsed: 0.4h | ETA: 1214m | LR: 0.000150
Epoch 59/3000: 100%|██████████| 56/56 [00:23<00:00,  2.37it/s, loss=0.3159]
Epoch 59/3000 | Loss: 0.2341 | Best: 0.1953 | 23.6s | Elapsed: 0.4h | ETA: 1212m | LR: 0.000150
Epoch 60/3000: 100%|██████████| 56/56 [00:23<00:00,  2.38it/s, loss=0.1673]
Epoch 60/3000 | Loss: 0.2049 | Best: 0.1953 | 23.5s | Elapsed: 0.4h | ETA: 1211m | LR: 0.000150
Epoch 61/3000: 100%|██████████| 56/56 [00:23<00:00,  2.38it/s, loss=0.1908]
Epoch 61/3000 | Loss: 0.2110 | Best: 0.1953 | 23.5s | Elapsed: 0.4h | ETA: 1209m | LR: 0.000150
Epoch 62/3000: 100%|██████████| 56/56 [00:23<00:00,  2.39it/s, loss=0.1517]
Epoch 62/3000 | Loss: 0.2030 | Best: 0.1953 | 23.5s | Elapsed: 0.4h | ETA: 1208m | LR: 0.000150
Epoch 63/3000: 100%|██████████| 56/56 [00:23<00:00,  2.39it/s, loss=0.4510]
Epoch 63/3000 | Loss: 0.2325 | Best: 0.1953 | 23.4s | Elapsed: 0.5h | ETA: 1207m | LR: 0.000150
Epoch 64/3000: 100%|██████████| 56/56 [00:23<00:00,  2.39it/s, loss=0.3765]
Epoch 64/3000 | Loss: 0.1845 | Best: 0.1953 | 23.5s | Elapsed: 0.5h | ETA: 1205m | LR: 0.000150
  ★ Saved best model (loss=0.1845)
Epoch 65/3000: 100%|██████████| 56/56 [00:23<00:00,  2.39it/s, loss=0.4507]
Epoch 65/3000 | Loss: 0.2039 | Best: 0.1845 | 23.4s | Elapsed: 0.5h | ETA: 1204m | LR: 0.000150
Epoch 66/3000: 100%|██████████| 56/56 [00:23<00:00,  2.38it/s, loss=0.2384]
Epoch 66/3000 | Loss: 0.2045 | Best: 0.1845 | 23.5s | Elapsed: 0.5h | ETA: 1203m | LR: 0.000150
Epoch 67/3000: 100%|██████████| 56/56 [00:23<00:00,  2.37it/s, loss=0.3178]
Epoch 67/3000 | Loss: 0.2216 | Best: 0.1845 | 23.7s | Elapsed: 0.5h | ETA: 1202m | LR: 0.000150
Epoch 68/3000: 100%|██████████| 56/56 [00:23<00:00,  2.37it/s, loss=0.0778]
Epoch 68/3000 | Loss: 0.2231 | Best: 0.1845 | 23.7s | Elapsed: 0.5h | ETA: 1201m | LR: 0.000150
Epoch 69/3000: 100%|██████████| 56/56 [00:23<00:00,  2.37it/s, loss=0.2573]
Epoch 69/3000 | Loss: 0.1965 | Best: 0.1845 | 23.6s | Elapsed: 0.5h | ETA: 1200m | LR: 0.000150
Epoch 70/3000: 100%|██████████| 56/56 [00:23<00:00,  2.38it/s, loss=0.1664]
Epoch 70/3000 | Loss: 0.2080 | Best: 0.1845 | 23.5s | Elapsed: 0.5h | ETA: 1198m | LR: 0.000150
Epoch 71/3000: 100%|██████████| 56/56 [00:23<00:00,  2.39it/s, loss=0.1423]
Epoch 71/3000 | Loss: 0.2033 | Best: 0.1845 | 23.4s | Elapsed: 0.5h | ETA: 1197m | LR: 0.000150
Epoch 72/3000: 100%|██████████| 56/56 [00:23<00:00,  2.38it/s, loss=0.1988]
Epoch 72/3000 | Loss: 0.1976 | Best: 0.1845 | 23.5s | Elapsed: 0.5h | ETA: 1196m | LR: 0.000150
Epoch 73/3000: 100%|██████████| 56/56 [00:23<00:00,  2.38it/s, loss=0.4017]
Epoch 73/3000 | Loss: 0.2140 | Best: 0.1845 | 23.5s | Elapsed: 0.5h | ETA: 1195m | LR: 0.000150
Epoch 74/3000: 100%|██████████| 56/56 [00:23<00:00,  2.39it/s, loss=0.0649]
Epoch 74/3000 | Loss: 0.2160 | Best: 0.1845 | 23.5s | Elapsed: 0.5h | ETA: 1194m | LR: 0.000150
Epoch 75/3000: 100%|██████████| 56/56 [00:23<00:00,  2.39it/s, loss=0.0997]
Epoch 75/3000 | Loss: 0.1961 | Best: 0.1845 | 23.5s | Elapsed: 0.5h | ETA: 1193m | LR: 0.000150
RF Euler Sampling: 100%|██████████| 30/30 [00:07<00:00,  3.77it/s]
RF Euler Sampling: 100%|██████████| 30/30 [00:07<00:00,  3.77it/s]
RF Euler Sampling: 100%|██████████| 30/30 [00:07<00:00,  3.77it/s]
Epoch 76/3000: 100%|██████████| 56/56 [00:23<00:00,  2.38it/s, loss=0.4408]
Epoch 76/3000 | Loss: 0.2181 | Best: 0.1845 | 23.5s | Elapsed: 0.5h | ETA: 1192m | LR: 0.000150
Epoch 77/3000: 100%|██████████| 56/56 [00:23<00:00,  2.37it/s, loss=0.2986]
Epoch 77/3000 | Loss: 0.2287 | Best: 0.1845 | 23.6s | Elapsed: 0.6h | ETA: 1191m | LR: 0.000150
Epoch 78/3000: 100%|██████████| 56/56 [00:23<00:00,  2.37it/s, loss=0.1659]
Epoch 78/3000 | Loss: 0.2159 | Best: 0.1845 | 23.6s | Elapsed: 0.6h | ETA: 1190m | LR: 0.000150
Epoch 79/3000: 100%|██████████| 56/56 [00:23<00:00,  2.37it/s, loss=0.0964]
Epoch 79/3000 | Loss: 0.2206 | Best: 0.1845 | 23.7s | Elapsed: 0.6h | ETA: 1189m | LR: 0.000150
Epoch 80/3000: 100%|██████████| 56/56 [00:23<00:00,  2.36it/s, loss=0.0612]
Epoch 80/3000 | Loss: 0.1953 | Best: 0.1845 | 23.7s | Elapsed: 0.6h | ETA: 1188m | LR: 0.000150
Epoch 81/3000: 100%|██████████| 56/56 [00:23<00:00,  2.37it/s, loss=0.1260]
Epoch 81/3000 | Loss: 0.2040 | Best: 0.1845 | 23.6s | Elapsed: 0.6h | ETA: 1187m | LR: 0.000150
Epoch 82/3000: 100%|██████████| 56/56 [00:23<00:00,  2.38it/s, loss=0.0760]
Epoch 82/3000 | Loss: 0.2152 | Best: 0.1845 | 23.5s | Elapsed: 0.6h | ETA: 1186m | LR: 0.000150
Epoch 83/3000: 100%|██████████| 56/56 [00:23<00:00,  2.39it/s, loss=0.2824]
Epoch 83/3000 | Loss: 0.2189 | Best: 0.1845 | 23.5s | Elapsed: 0.6h | ETA: 1185m | LR: 0.000150
Epoch 84/3000: 100%|██████████| 56/56 [00:23<00:00,  2.40it/s, loss=0.1653]
Epoch 84/3000 | Loss: 0.2335 | Best: 0.1845 | 23.4s | Elapsed: 0.6h | ETA: 1185m | LR: 0.000150
Epoch 85/3000: 100%|██████████| 56/56 [00:23<00:00,  2.40it/s, loss=0.1100]
Epoch 85/3000 | Loss: 0.2080 | Best: 0.1845 | 23.4s | Elapsed: 0.6h | ETA: 1184m | LR: 0.000150
Epoch 86/3000: 100%|██████████| 56/56 [00:23<00:00,  2.40it/s, loss=0.1121]
Epoch 86/3000 | Loss: 0.2319 | Best: 0.1845 | 23.4s | Elapsed: 0.6h | ETA: 1183m | LR: 0.000150
Epoch 87/3000: 100%|██████████| 56/56 [00:23<00:00,  2.40it/s, loss=0.4611]
Epoch 87/3000 | Loss: 0.2535 | Best: 0.1845 | 23.3s | Elapsed: 0.6h | ETA: 1182m | LR: 0.000150
Epoch 88/3000: 100%|██████████| 56/56 [00:23<00:00,  2.40it/s, loss=0.1561]
Epoch 88/3000 | Loss: 0.2113 | Best: 0.1845 | 23.3s | Elapsed: 0.6h | ETA: 1181m | LR: 0.000150
Epoch 89/3000: 100%|██████████| 56/56 [00:23<00:00,  2.40it/s, loss=0.1981]
Epoch 89/3000 | Loss: 0.2264 | Best: 0.1845 | 23.3s | Elapsed: 0.6h | ETA: 1180m | LR: 0.000150
Epoch 90/3000: 100%|██████████| 56/56 [00:23<00:00,  2.40it/s, loss=0.3717]
Epoch 90/3000 | Loss: 0.2101 | Best: 0.1845 | 23.3s | Elapsed: 0.6h | ETA: 1179m | LR: 0.000150
Epoch 91/3000: 100%|██████████| 56/56 [00:23<00:00,  2.39it/s, loss=0.1843]
Epoch 91/3000 | Loss: 0.2049 | Best: 0.1845 | 23.4s | Elapsed: 0.6h | ETA: 1178m | LR: 0.000150
Epoch 92/3000: 100%|██████████| 56/56 [00:23<00:00,  2.38it/s, loss=0.1501]
Epoch 92/3000 | Loss: 0.2043 | Best: 0.1845 | 23.5s | Elapsed: 0.6h | ETA: 1177m | LR: 0.000150
Epoch 93/3000: 100%|██████████| 56/56 [00:23<00:00,  2.38it/s, loss=0.2203]
Epoch 93/3000 | Loss: 0.2165 | Best: 0.1845 | 23.6s | Elapsed: 0.7h | ETA: 1176m | LR: 0.000150
Epoch 94/3000: 100%|██████████| 56/56 [00:23<00:00,  2.36it/s, loss=0.2731]
Epoch 94/3000 | Loss: 0.2031 | Best: 0.1845 | 23.7s | Elapsed: 0.7h | ETA: 1176m | LR: 0.000150
Epoch 95/3000: 100%|██████████| 56/56 [00:23<00:00,  2.38it/s, loss=0.2961]
Epoch 95/3000 | Loss: 0.2043 | Best: 0.1845 | 23.6s | Elapsed: 0.7h | ETA: 1175m | LR: 0.000150
Epoch 96/3000: 100%|██████████| 56/56 [00:23<00:00,  2.38it/s, loss=0.2292]
Epoch 96/3000 | Loss: 0.2051 | Best: 0.1845 | 23.6s | Elapsed: 0.7h | ETA: 1174m | LR: 0.000150
Epoch 97/3000: 100%|██████████| 56/56 [00:23<00:00,  2.37it/s, loss=0.1209]
Epoch 97/3000 | Loss: 0.2007 | Best: 0.1845 | 23.6s | Elapsed: 0.7h | ETA: 1173m | LR: 0.000150
Epoch 98/3000: 100%|██████████| 56/56 [00:23<00:00,  2.38it/s, loss=0.1911]
Epoch 98/3000 | Loss: 0.1908 | Best: 0.1845 | 23.5s | Elapsed: 0.7h | ETA: 1173m | LR: 0.000150
Epoch 99/3000: 100%|██████████| 56/56 [00:23<00:00,  2.38it/s, loss=0.1929]
Epoch 99/3000 | Loss: 0.1972 | Best: 0.1845 | 23.5s | Elapsed: 0.7h | ETA: 1172m | LR: 0.000150
Epoch 100/3000: 100%|██████████| 56/56 [00:23<00:00,  2.38it/s, loss=0.2503]
Epoch 100/3000 | Loss: 0.2091 | Best: 0.1845 | 23.5s | Elapsed: 0.7h | ETA: 1171m | LR: 0.000150
  💾 Checkpoint saved: epoch 100
RF Euler Sampling: 100%|██████████| 30/30 [00:07<00:00,  3.78it/s]
RF Euler Sampling: 100%|██████████| 30/30 [00:07<00:00,  3.76it/s]
RF Euler Sampling: 100%|██████████| 30/30 [00:07<00:00,  3.76it/s]
Epoch 101/3000: 100%|██████████| 56/56 [00:23<00:00,  2.39it/s, loss=0.1459]
Epoch 101/3000 | Loss: 0.2150 | Best: 0.1845 | 23.5s | Elapsed: 0.7h | ETA: 1170m | LR: 0.000150
Epoch 102/3000: 100%|██████████| 56/56 [00:23<00:00,  2.38it/s, loss=0.2646]
Epoch 102/3000 | Loss: 0.2152 | Best: 0.1845 | 23.6s | Elapsed: 0.7h | ETA: 1170m | LR: 0.000150
Epoch 103/3000: 100%|██████████| 56/56 [00:23<00:00,  2.38it/s, loss=0.3194]
Epoch 103/3000 | Loss: 0.2158 | Best: 0.1845 | 23.6s | Elapsed: 0.7h | ETA: 1169m | LR: 0.000150
Epoch 104/3000: 100%|██████████| 56/56 [00:23<00:00,  2.38it/s, loss=0.1973]
Epoch 104/3000 | Loss: 0.1748 | Best: 0.1845 | 23.5s | Elapsed: 0.7h | ETA: 1168m | LR: 0.000150
  ★ Saved best model (loss=0.1748)
Epoch 105/3000: 100%|██████████| 56/56 [00:23<00:00,  2.38it/s, loss=0.5249]
Epoch 105/3000 | Loss: 0.2242 | Best: 0.1748 | 23.5s | Elapsed: 0.7h | ETA: 1167m | LR: 0.000150
Epoch 106/3000: 100%|██████████| 56/56 [00:23<00:00,  2.37it/s, loss=0.3132]
Epoch 106/3000 | Loss: 0.2043 | Best: 0.1748 | 23.6s | Elapsed: 0.7h | ETA: 1167m | LR: 0.000150
Epoch 107/3000: 100%|██████████| 56/56 [00:23<00:00,  2.38it/s, loss=0.2579]
Epoch 107/3000 | Loss: 0.2141 | Best: 0.1748 | 23.5s | Elapsed: 0.8h | ETA: 1166m | LR: 0.000150
Epoch 108/3000: 100%|██████████| 56/56 [00:23<00:00,  2.39it/s, loss=0.3151]
Epoch 108/3000 | Loss: 0.1946 | Best: 0.1748 | 23.4s | Elapsed: 0.8h | ETA: 1165m | LR: 0.000150
Epoch 109/3000: 100%|██████████| 56/56 [00:23<00:00,  2.39it/s, loss=0.2282]
Epoch 109/3000 | Loss: 0.2320 | Best: 0.1748 | 23.4s | Elapsed: 0.8h | ETA: 1165m | LR: 0.000150
Epoch 110/3000: 100%|██████████| 56/56 [00:23<00:00,  2.39it/s, loss=0.2406]
Epoch 110/3000 | Loss: 0.1982 | Best: 0.1748 | 23.5s | Elapsed: 0.8h | ETA: 1164m | LR: 0.000150
Epoch 111/3000: 100%|██████████| 56/56 [00:23<00:00,  2.40it/s, loss=0.1325]
Epoch 111/3000 | Loss: 0.1870 | Best: 0.1748 | 23.4s | Elapsed: 0.8h | ETA: 1163m | LR: 0.000149
Epoch 112/3000: 100%|██████████| 56/56 [00:23<00:00,  2.39it/s, loss=0.3045]
Epoch 112/3000 | Loss: 0.1955 | Best: 0.1748 | 23.4s | Elapsed: 0.8h | ETA: 1162m | LR: 0.000149
Epoch 113/3000: 100%|██████████| 56/56 [00:23<00:00,  2.40it/s, loss=0.1554]
Epoch 113/3000 | Loss: 0.2247 | Best: 0.1748 | 23.4s | Elapsed: 0.8h | ETA: 1162m | LR: 0.000149
Epoch 114/3000: 100%|██████████| 56/56 [00:23<00:00,  2.39it/s, loss=0.2744]
Epoch 114/3000 | Loss: 0.2033 | Best: 0.1748 | 23.4s | Elapsed: 0.8h | ETA: 1161m | LR: 0.000149
Epoch 115/3000: 100%|██████████| 56/56 [00:23<00:00,  2.40it/s, loss=0.1903]
Epoch 115/3000 | Loss: 0.2081 | Best: 0.1748 | 23.3s | Elapsed: 0.8h | ETA: 1160m | LR: 0.000149
Epoch 116/3000: 100%|██████████| 56/56 [00:23<00:00,  2.40it/s, loss=0.1935]
Epoch 116/3000 | Loss: 0.2024 | Best: 0.1748 | 23.3s | Elapsed: 0.8h | ETA: 1159m | LR: 0.000149
Epoch 117/3000: 100%|██████████| 56/56 [00:23<00:00,  2.39it/s, loss=0.2370]
Epoch 117/3000 | Loss: 0.2199 | Best: 0.1748 | 23.4s | Elapsed: 0.8h | ETA: 1159m | LR: 0.000149
Epoch 118/3000: 100%|██████████| 56/56 [00:23<00:00,  2.38it/s, loss=0.2017]
Epoch 118/3000 | Loss: 0.2106 | Best: 0.1748 | 23.5s | Elapsed: 0.8h | ETA: 1158m | LR: 0.000149
Epoch 119/3000: 100%|██████████| 56/56 [00:23<00:00,  2.38it/s, loss=0.1472]
Epoch 119/3000 | Loss: 0.1939 | Best: 0.1748 | 23.6s | Elapsed: 0.8h | ETA: 1157m | LR: 0.000149
Epoch 120/3000: 100%|██████████| 56/56 [00:23<00:00,  2.37it/s, loss=0.1879]
Epoch 120/3000 | Loss: 0.1939 | Best: 0.1748 | 23.6s | Elapsed: 0.8h | ETA: 1157m | LR: 0.000149
Epoch 121/3000: 100%|██████████| 56/56 [00:23<00:00,  2.38it/s, loss=0.0903]
Epoch 121/3000 | Loss: 0.2253 | Best: 0.1748 | 23.6s | Elapsed: 0.8h | ETA: 1156m | LR: 0.000149
Epoch 122/3000: 100%|██████████| 56/56 [00:23<00:00,  2.37it/s, loss=0.3319]
Epoch 122/3000 | Loss: 0.1972 | Best: 0.1748 | 23.7s | Elapsed: 0.9h | ETA: 1156m | LR: 0.000149
Epoch 123/3000: 100%|██████████| 56/56 [00:23<00:00,  2.37it/s, loss=0.1070]
Epoch 123/3000 | Loss: 0.1866 | Best: 0.1748 | 23.6s | Elapsed: 0.9h | ETA: 1155m | LR: 0.000149
Epoch 124/3000: 100%|██████████| 56/56 [00:23<00:00,  2.37it/s, loss=0.1783]
Epoch 124/3000 | Loss: 0.2075 | Best: 0.1748 | 23.6s | Elapsed: 0.9h | ETA: 1155m | LR: 0.000149
Epoch 125/3000: 100%|██████████| 56/56 [00:23<00:00,  2.36it/s, loss=0.1586]
Epoch 125/3000 | Loss: 0.2103 | Best: 0.1748 | 23.8s | Elapsed: 0.9h | ETA: 1154m | LR: 0.000149
RF Euler Sampling: 100%|██████████| 30/30 [00:08<00:00,  3.74it/s]
RF Euler Sampling: 100%|██████████| 30/30 [00:08<00:00,  3.74it/s]
RF Euler Sampling: 100%|██████████| 30/30 [00:07<00:00,  3.75it/s]
Epoch 126/3000: 100%|██████████| 56/56 [00:23<00:00,  2.38it/s, loss=0.0658]
Epoch 126/3000 | Loss: 0.2055 | Best: 0.1748 | 23.5s | Elapsed: 0.9h | ETA: 1153m | LR: 0.000149
Epoch 127/3000: 100%|██████████| 56/56 [00:23<00:00,  2.38it/s, loss=0.1576]
Epoch 127/3000 | Loss: 0.2187 | Best: 0.1748 | 23.5s | Elapsed: 0.9h | ETA: 1153m | LR: 0.000149
Epoch 128/3000: 100%|██████████| 56/56 [00:23<00:00,  2.39it/s, loss=0.0567]
Epoch 128/3000 | Loss: 0.2026 | Best: 0.1748 | 23.4s | Elapsed: 0.9h | ETA: 1152m | LR: 0.000149
Epoch 129/3000: 100%|██████████| 56/56 [00:23<00:00,  2.39it/s, loss=0.3047]
Epoch 129/3000 | Loss: 0.2367 | Best: 0.1748 | 23.4s | Elapsed: 0.9h | ETA: 1152m | LR: 0.000149
Epoch 130/3000: 100%|██████████| 56/56 [00:23<00:00,  2.39it/s, loss=0.2132]
Epoch 130/3000 | Loss: 0.2246 | Best: 0.1748 | 23.4s | Elapsed: 0.9h | ETA: 1151m | LR: 0.000149
Epoch 131/3000: 100%|██████████| 56/56 [00:23<00:00,  2.39it/s, loss=0.1682]
Epoch 131/3000 | Loss: 0.1940 | Best: 0.1748 | 23.4s | Elapsed: 0.9h | ETA: 1150m | LR: 0.000149
Epoch 132/3000: 100%|██████████| 56/56 [00:23<00:00,  2.40it/s, loss=0.2028]
Epoch 132/3000 | Loss: 0.2448 | Best: 0.1748 | 23.3s | Elapsed: 0.9h | ETA: 1150m | LR: 0.000149
Epoch 133/3000: 100%|██████████| 56/56 [00:23<00:00,  2.38it/s, loss=0.1804]
Epoch 133/3000 | Loss: 0.1811 | Best: 0.1748 | 23.5s | Elapsed: 0.9h | ETA: 1149m | LR: 0.000149
Epoch 134/3000: 100%|██████████| 56/56 [00:23<00:00,  2.36it/s, loss=0.1220]
Epoch 134/3000 | Loss: 0.2195 | Best: 0.1748 | 23.7s | Elapsed: 0.9h | ETA: 1148m | LR: 0.000149
Epoch 135/3000: 100%|██████████| 56/56 [00:23<00:00,  2.38it/s, loss=0.1413]
Epoch 135/3000 | Loss: 0.2025 | Best: 0.1748 | 23.5s | Elapsed: 0.9h | ETA: 1148m | LR: 0.000149
Epoch 136/3000: 100%|██████████| 56/56 [00:23<00:00,  2.38it/s, loss=0.1234]
Epoch 136/3000 | Loss: 0.2169 | Best: 0.1748 | 23.5s | Elapsed: 0.9h | ETA: 1147m | LR: 0.000149
Epoch 137/3000: 100%|██████████| 56/56 [00:23<00:00,  2.38it/s, loss=0.0949]
Epoch 137/3000 | Loss: 0.2213 | Best: 0.1748 | 23.5s | Elapsed: 1.0h | ETA: 1147m | LR: 0.000149
Epoch 138/3000: 100%|██████████| 56/56 [00:23<00:00,  2.40it/s, loss=0.2561]
Epoch 138/3000 | Loss: 0.2188 | Best: 0.1748 | 23.4s | Elapsed: 1.0h | ETA: 1146m | LR: 0.000149
Epoch 139/3000: 100%|██████████| 56/56 [00:23<00:00,  2.40it/s, loss=0.1097]
Epoch 139/3000 | Loss: 0.2295 | Best: 0.1748 | 23.3s | Elapsed: 1.0h | ETA: 1145m | LR: 0.000149
Epoch 140/3000: 100%|██████████| 56/56 [00:23<00:00,  2.40it/s, loss=0.2723]
Epoch 140/3000 | Loss: 0.2284 | Best: 0.1748 | 23.4s | Elapsed: 1.0h | ETA: 1145m | LR: 0.000149
Epoch 141/3000: 100%|██████████| 56/56 [00:23<00:00,  2.39it/s, loss=0.1849]
Epoch 141/3000 | Loss: 0.2012 | Best: 0.1748 | 23.4s | Elapsed: 1.0h | ETA: 1144m | LR: 0.000149
Epoch 142/3000: 100%|██████████| 56/56 [00:23<00:00,  2.39it/s, loss=0.1961]
Epoch 142/3000 | Loss: 0.2121 | Best: 0.1748 | 23.4s | Elapsed: 1.0h | ETA: 1144m | LR: 0.000149
Epoch 143/3000: 100%|██████████| 56/56 [00:23<00:00,  2.39it/s, loss=0.2027]
Epoch 143/3000 | Loss: 0.1988 | Best: 0.1748 | 23.5s | Elapsed: 1.0h | ETA: 1143m | LR: 0.000149
Epoch 144/3000: 100%|██████████| 56/56 [00:23<00:00,  2.38it/s, loss=0.2822]
Epoch 144/3000 | Loss: 0.2168 | Best: 0.1748 | 23.5s | Elapsed: 1.0h | ETA: 1142m | LR: 0.000149
Epoch 145/3000: 100%|██████████| 56/56 [00:23<00:00,  2.37it/s, loss=0.2018]
Epoch 145/3000 | Loss: 0.1928 | Best: 0.1748 | 23.6s | Elapsed: 1.0h | ETA: 1142m | LR: 0.000149
Epoch 146/3000: 100%|██████████| 56/56 [00:23<00:00,  2.37it/s, loss=0.1417]
Epoch 146/3000 | Loss: 0.2054 | Best: 0.1748 | 23.6s | Elapsed: 1.0h | ETA: 1141m | LR: 0.000149
Epoch 147/3000: 100%|██████████| 56/56 [00:23<00:00,  2.35it/s, loss=0.1002]
Epoch 147/3000 | Loss: 0.2172 | Best: 0.1748 | 23.8s | Elapsed: 1.0h | ETA: 1141m | LR: 0.000149
Epoch 148/3000: 100%|██████████| 56/56 [00:23<00:00,  2.39it/s, loss=0.1780]
Epoch 148/3000 | Loss: 0.1841 | Best: 0.1748 | 23.5s | Elapsed: 1.0h | ETA: 1140m | LR: 0.000149
Epoch 149/3000: 100%|██████████| 56/56 [00:23<00:00,  2.40it/s, loss=0.2546]
Epoch 149/3000 | Loss: 0.2163 | Best: 0.1748 | 23.4s | Elapsed: 1.0h | ETA: 1140m | LR: 0.000149
Epoch 150/3000: 100%|██████████| 56/56 [00:23<00:00,  2.38it/s, loss=0.1866]
Epoch 150/3000 | Loss: 0.1991 | Best: 0.1748 | 23.6s | Elapsed: 1.0h | ETA: 1139m | LR: 0.000149
RF Euler Sampling: 100%|██████████| 30/30 [00:08<00:00,  3.74it/s]
RF Euler Sampling: 100%|██████████| 30/30 [00:08<00:00,  3.73it/s]
RF Euler Sampling: 100%|██████████| 30/30 [00:08<00:00,  3.73it/s]
Epoch 151/3000: 100%|██████████| 56/56 [00:23<00:00,  2.37it/s, loss=0.1790]
Epoch 151/3000 | Loss: 0.1893 | Best: 0.1748 | 23.6s | Elapsed: 1.1h | ETA: 1139m | LR: 0.000149
Epoch 152/3000: 100%|██████████| 56/56 [00:23<00:00,  2.40it/s, loss=0.1403]
Epoch 152/3000 | Loss: 0.2081 | Best: 0.1748 | 23.3s | Elapsed: 1.1h | ETA: 1138m | LR: 0.000149
Epoch 153/3000: 100%|██████████| 56/56 [00:23<00:00,  2.38it/s, loss=0.2525]
Epoch 153/3000 | Loss: 0.2234 | Best: 0.1748 | 23.5s | Elapsed: 1.1h | ETA: 1138m | LR: 0.000149
Epoch 154/3000: 100%|██████████| 56/56 [00:23<00:00,  2.35it/s, loss=0.1704]
Epoch 154/3000 | Loss: 0.1963 | Best: 0.1748 | 23.8s | Elapsed: 1.1h | ETA: 1137m | LR: 0.000149
Epoch 155/3000: 100%|██████████| 56/56 [00:23<00:00,  2.37it/s, loss=0.2249]
Epoch 155/3000 | Loss: 0.1989 | Best: 0.1748 | 23.6s | Elapsed: 1.1h | ETA: 1137m | LR: 0.000149
Epoch 156/3000: 100%|██████████| 56/56 [00:23<00:00,  2.39it/s, loss=0.2144]
Epoch 156/3000 | Loss: 0.2068 | Best: 0.1748 | 23.5s | Elapsed: 1.1h | ETA: 1136m | LR: 0.000149
Epoch 157/3000: 100%|██████████| 56/56 [00:23<00:00,  2.39it/s, loss=0.1452]
Epoch 157/3000 | Loss: 0.2206 | Best: 0.1748 | 23.5s | Elapsed: 1.1h | ETA: 1136m | LR: 0.000149
Epoch 158/3000: 100%|██████████| 56/56 [00:23<00:00,  2.37it/s, loss=0.2211]
Epoch 158/3000 | Loss: 0.2361 | Best: 0.1748 | 23.6s | Elapsed: 1.1h | ETA: 1135m | LR: 0.000149
Epoch 159/3000: 100%|██████████| 56/56 [00:23<00:00,  2.37it/s, loss=0.2930]
Epoch 159/3000 | Loss: 0.2215 | Best: 0.1748 | 23.6s | Elapsed: 1.1h | ETA: 1134m | LR: 0.000149
Epoch 160/3000: 100%|██████████| 56/56 [00:23<00:00,  2.39it/s, loss=0.1181]
Epoch 160/3000 | Loss: 0.2066 | Best: 0.1748 | 23.4s | Elapsed: 1.1h | ETA: 1134m | LR: 0.000149
Epoch 161/3000: 100%|██████████| 56/56 [00:23<00:00,  2.40it/s, loss=0.2735]
Epoch 161/3000 | Loss: 0.2142 | Best: 0.1748 | 23.4s | Elapsed: 1.1h | ETA: 1133m | LR: 0.000149
Epoch 162/3000: 100%|██████████| 56/56 [00:23<00:00,  2.39it/s, loss=0.2054]
Epoch 162/3000 | Loss: 0.2161 | Best: 0.1748 | 23.4s | Elapsed: 1.1h | ETA: 1133m | LR: 0.000149
Epoch 163/3000: 100%|██████████| 56/56 [00:23<00:00,  2.39it/s, loss=0.0452]
Epoch 163/3000 | Loss: 0.2180 | Best: 0.1748 | 23.4s | Elapsed: 1.1h | ETA: 1132m | LR: 0.000149
Epoch 164/3000: 100%|██████████| 56/56 [00:23<00:00,  2.40it/s, loss=0.2273]
Epoch 164/3000 | Loss: 0.1914 | Best: 0.1748 | 23.4s | Elapsed: 1.1h | ETA: 1132m | LR: 0.000149
Epoch 165/3000: 100%|██████████| 56/56 [00:23<00:00,  2.38it/s, loss=0.1306]
Epoch 165/3000 | Loss: 0.1940 | Best: 0.1748 | 23.5s | Elapsed: 1.1h | ETA: 1131m | LR: 0.000149
Epoch 166/3000: 100%|██████████| 56/56 [00:23<00:00,  2.36it/s, loss=0.1286]
Epoch 166/3000 | Loss: 0.1809 | Best: 0.1748 | 23.8s | Elapsed: 1.2h | ETA: 1131m | LR: 0.000149
Epoch 167/3000: 100%|██████████| 56/56 [00:23<00:00,  2.36it/s, loss=0.1743]
Epoch 167/3000 | Loss: 0.1886 | Best: 0.1748 | 23.8s | Elapsed: 1.2h | ETA: 1130m | LR: 0.000149
Epoch 168/3000: 100%|██████████| 56/56 [00:23<00:00,  2.35it/s, loss=0.2387]
Epoch 168/3000 | Loss: 0.1924 | Best: 0.1748 | 23.8s | Elapsed: 1.2h | ETA: 1130m | LR: 0.000149
Epoch 169/3000: 100%|██████████| 56/56 [00:23<00:00,  2.36it/s, loss=0.0837]
Epoch 169/3000 | Loss: 0.2417 | Best: 0.1748 | 23.7s | Elapsed: 1.2h | ETA: 1129m | LR: 0.000149
Epoch 170/3000: 100%|██████████| 56/56 [00:23<00:00,  2.39it/s, loss=0.2822]
Epoch 170/3000 | Loss: 0.2194 | Best: 0.1748 | 23.4s | Elapsed: 1.2h | ETA: 1129m | LR: 0.000149
Epoch 171/3000: 100%|██████████| 56/56 [00:23<00:00,  2.38it/s, loss=0.1718]
Epoch 171/3000 | Loss: 0.1988 | Best: 0.1748 | 23.6s | Elapsed: 1.2h | ETA: 1128m | LR: 0.000149
Epoch 172/3000: 100%|██████████| 56/56 [00:23<00:00,  2.39it/s, loss=0.4506]
Epoch 172/3000 | Loss: 0.2084 | Best: 0.1748 | 23.4s | Elapsed: 1.2h | ETA: 1128m | LR: 0.000149
Epoch 173/3000: 100%|██████████| 56/56 [00:23<00:00,  2.39it/s, loss=0.1863]
Epoch 173/3000 | Loss: 0.1952 | Best: 0.1748 | 23.4s | Elapsed: 1.2h | ETA: 1127m | LR: 0.000149
Epoch 174/3000: 100%|██████████| 56/56 [00:23<00:00,  2.37it/s, loss=0.0630]
Epoch 174/3000 | Loss: 0.1740 | Best: 0.1748 | 23.7s | Elapsed: 1.2h | ETA: 1127m | LR: 0.000149
  ★ Saved best model (loss=0.1740)
Epoch 175/3000: 100%|██████████| 56/56 [00:23<00:00,  2.36it/s, loss=0.2025]
Epoch 175/3000 | Loss: 0.2388 | Best: 0.1740 | 23.7s | Elapsed: 1.2h | ETA: 1126m | LR: 0.000149
RF Euler Sampling: 100%|██████████| 30/30 [00:08<00:00,  3.75it/s]
RF Euler Sampling: 100%|██████████| 30/30 [00:08<00:00,  3.75it/s]
RF Euler Sampling: 100%|██████████| 30/30 [00:08<00:00,  3.75it/s]
Epoch 176/3000: 100%|██████████| 56/56 [00:23<00:00,  2.36it/s, loss=0.1686]
Epoch 176/3000 | Loss: 0.2040 | Best: 0.1740 | 23.7s | Elapsed: 1.2h | ETA: 1126m | LR: 0.000149
Epoch 177/3000: 100%|██████████| 56/56 [00:23<00:00,  2.36it/s, loss=0.1484]
Epoch 177/3000 | Loss: 0.2438 | Best: 0.1740 | 23.7s | Elapsed: 1.2h | ETA: 1125m | LR: 0.000149
Epoch 178/3000: 100%|██████████| 56/56 [00:23<00:00,  2.38it/s, loss=0.2163]
Epoch 178/3000 | Loss: 0.1950 | Best: 0.1740 | 23.5s | Elapsed: 1.2h | ETA: 1125m | LR: 0.000149
Epoch 179/3000: 100%|██████████| 56/56 [00:23<00:00,  2.40it/s, loss=0.1458]
Epoch 179/3000 | Loss: 0.2069 | Best: 0.1740 | 23.4s | Elapsed: 1.2h | ETA: 1124m | LR: 0.000149
Epoch 180/3000: 100%|██████████| 56/56 [00:23<00:00,  2.39it/s, loss=0.3227]
Epoch 180/3000 | Loss: 0.2179 | Best: 0.1740 | 23.4s | Elapsed: 1.3h | ETA: 1124m | LR: 0.000149
Epoch 181/3000: 100%|██████████| 56/56 [00:23<00:00,  2.39it/s, loss=0.1290]
Epoch 181/3000 | Loss: 0.2084 | Best: 0.1740 | 23.4s | Elapsed: 1.3h | ETA: 1123m | LR: 0.000149
Epoch 182/3000: 100%|██████████| 56/56 [00:23<00:00,  2.39it/s, loss=0.1411]
Epoch 182/3000 | Loss: 0.2005 | Best: 0.1740 | 23.4s | Elapsed: 1.3h | ETA: 1123m | LR: 0.000149
Epoch 183/3000: 100%|██████████| 56/56 [00:23<00:00,  2.38it/s, loss=0.1619]
Epoch 183/3000 | Loss: 0.2445 | Best: 0.1740 | 23.5s | Elapsed: 1.3h | ETA: 1122m | LR: 0.000149
Epoch 184/3000: 100%|██████████| 56/56 [00:23<00:00,  2.37it/s, loss=0.2318]
Epoch 184/3000 | Loss: 0.1867 | Best: 0.1740 | 23.6s | Elapsed: 1.3h | ETA: 1122m | LR: 0.000149
Epoch 185/3000: 100%|██████████| 56/56 [00:23<00:00,  2.39it/s, loss=0.0638]
Epoch 185/3000 | Loss: 0.2001 | Best: 0.1740 | 23.5s | Elapsed: 1.3h | ETA: 1121m | LR: 0.000149
Epoch 186/3000: 100%|██████████| 56/56 [00:23<00:00,  2.38it/s, loss=0.2972]
Epoch 186/3000 | Loss: 0.1988 | Best: 0.1740 | 23.5s | Elapsed: 1.3h | ETA: 1121m | LR: 0.000149
Epoch 187/3000: 100%|██████████| 56/56 [00:23<00:00,  2.37it/s, loss=0.2611]
Epoch 187/3000 | Loss: 0.1769 | Best: 0.1740 | 23.6s | Elapsed: 1.3h | ETA: 1120m | LR: 0.000149
Epoch 188/3000: 100%|██████████| 56/56 [00:23<00:00,  2.37it/s, loss=0.2564]
Epoch 188/3000 | Loss: 0.2059 | Best: 0.1740 | 23.7s | Elapsed: 1.3h | ETA: 1120m | LR: 0.000149
Epoch 189/3000: 100%|██████████| 56/56 [00:23<00:00,  2.37it/s, loss=0.1949]
Epoch 189/3000 | Loss: 0.2094 | Best: 0.1740 | 23.6s | Elapsed: 1.3h | ETA: 1119m | LR: 0.000149
Epoch 190/3000: 100%|██████████| 56/56 [00:23<00:00,  2.37it/s, loss=0.0811]
Epoch 190/3000 | Loss: 0.1961 | Best: 0.1740 | 23.6s | Elapsed: 1.3h | ETA: 1119m | LR: 0.000149
Epoch 191/3000: 100%|██████████| 56/56 [00:23<00:00,  2.38it/s, loss=0.1753]
Epoch 191/3000 | Loss: 0.2001 | Best: 0.1740 | 23.5s | Elapsed: 1.3h | ETA: 1118m | LR: 0.000149
Epoch 192/3000: 100%|██████████| 56/56 [00:23<00:00,  2.36it/s, loss=0.0910]
Epoch 192/3000 | Loss: 0.2051 | Best: 0.1740 | 23.7s | Elapsed: 1.3h | ETA: 1118m | LR: 0.000148
Epoch 193/3000: 100%|██████████| 56/56 [00:23<00:00,  2.37it/s, loss=0.3925]
Epoch 193/3000 | Loss: 0.2063 | Best: 0.1740 | 23.6s | Elapsed: 1.3h | ETA: 1118m | LR: 0.000148
Epoch 194/3000: 100%|██████████| 56/56 [00:23<00:00,  2.37it/s, loss=0.2209]
Epoch 194/3000 | Loss: 0.2216 | Best: 0.1740 | 23.6s | Elapsed: 1.3h | ETA: 1117m | LR: 0.000148
Epoch 195/3000: 100%|██████████| 56/56 [00:23<00:00,  2.39it/s, loss=0.2824]
Epoch 195/3000 | Loss: 0.2014 | Best: 0.1740 | 23.4s | Elapsed: 1.3h | ETA: 1117m | LR: 0.000148
Epoch 196/3000: 100%|██████████| 56/56 [00:23<00:00,  2.38it/s, loss=0.2881]
Epoch 196/3000 | Loss: 0.2041 | Best: 0.1740 | 23.6s | Elapsed: 1.4h | ETA: 1116m | LR: 0.000148
Epoch 197/3000: 100%|██████████| 56/56 [00:23<00:00,  2.37it/s, loss=0.2266]
Epoch 197/3000 | Loss: 0.1862 | Best: 0.1740 | 23.6s | Elapsed: 1.4h | ETA: 1116m | LR: 0.000148
Epoch 198/3000: 100%|██████████| 56/56 [00:23<00:00,  2.38it/s, loss=0.1450]
Epoch 198/3000 | Loss: 0.2138 | Best: 0.1740 | 23.5s | Elapsed: 1.4h | ETA: 1115m | LR: 0.000148
Epoch 199/3000: 100%|██████████| 56/56 [00:23<00:00,  2.37it/s, loss=0.2104]
Epoch 199/3000 | Loss: 0.1965 | Best: 0.1740 | 23.6s | Elapsed: 1.4h | ETA: 1115m | LR: 0.000148
Epoch 200/3000: 100%|██████████| 56/56 [00:23<00:00,  2.35it/s, loss=0.1582]
Epoch 200/3000 | Loss: 0.2115 | Best: 0.1740 | 23.8s | Elapsed: 1.4h | ETA: 1114m | LR: 0.000148
  💾 Checkpoint saved: epoch 200
RF Euler Sampling: 100%|██████████| 30/30 [00:07<00:00,  3.76it/s]
RF Euler Sampling: 100%|██████████| 30/30 [00:07<00:00,  3.76it/s]
RF Euler Sampling: 100%|██████████| 30/30 [00:07<00:00,  3.77it/s]
Epoch 201/3000: 100%|██████████| 56/56 [00:23<00:00,  2.39it/s, loss=0.2067]
Epoch 201/3000 | Loss: 0.2255 | Best: 0.1740 | 23.4s | Elapsed: 1.4h | ETA: 1114m | LR: 0.000148
Epoch 202/3000: 100%|██████████| 56/56 [00:23<00:00,  2.38it/s, loss=0.3947]
Epoch 202/3000 | Loss: 0.2534 | Best: 0.1740 | 23.6s | Elapsed: 1.4h | ETA: 1113m | LR: 0.000148
Epoch 203/3000: 100%|██████████| 56/56 [00:23<00:00,  2.36it/s, loss=0.1662]
Epoch 203/3000 | Loss: 0.1785 | Best: 0.1740 | 23.8s | Elapsed: 1.4h | ETA: 1113m | LR: 0.000148
Epoch 204/3000: 100%|██████████| 56/56 [00:23<00:00,  2.34it/s, loss=0.2863]
Epoch 204/3000 | Loss: 0.2068 | Best: 0.1740 | 23.9s | Elapsed: 1.4h | ETA: 1113m | LR: 0.000148
Epoch 205/3000: 100%|██████████| 56/56 [00:23<00:00,  2.37it/s, loss=0.2758]
Epoch 205/3000 | Loss: 0.2047 | Best: 0.1740 | 23.7s | Elapsed: 1.4h | ETA: 1112m | LR: 0.000148
Epoch 206/3000: 100%|██████████| 56/56 [00:23<00:00,  2.36it/s, loss=0.3985]
Epoch 206/3000 | Loss: 0.2061 | Best: 0.1740 | 23.8s | Elapsed: 1.4h | ETA: 1112m | LR: 0.000148
Epoch 207/3000: 100%|██████████| 56/56 [00:23<00:00,  2.35it/s, loss=0.3489]
Epoch 207/3000 | Loss: 0.2092 | Best: 0.1740 | 23.8s | Elapsed: 1.4h | ETA: 1111m | LR: 0.000148
Epoch 208/3000: 100%|██████████| 56/56 [00:23<00:00,  2.39it/s, loss=0.2577]
Epoch 208/3000 | Loss: 0.2198 | Best: 0.1740 | 23.4s | Elapsed: 1.4h | ETA: 1111m | LR: 0.000148
Epoch 209/3000: 100%|██████████| 56/56 [00:23<00:00,  2.39it/s, loss=0.1380]
Epoch 209/3000 | Loss: 0.2225 | Best: 0.1740 | 23.4s | Elapsed: 1.4h | ETA: 1110m | LR: 0.000148
Epoch 210/3000: 100%|██████████| 56/56 [00:23<00:00,  2.37it/s, loss=0.2175]
Epoch 210/3000 | Loss: 0.1954 | Best: 0.1740 | 23.6s | Elapsed: 1.5h | ETA: 1110m | LR: 0.000148
Epoch 211/3000: 100%|██████████| 56/56 [00:23<00:00,  2.36it/s, loss=0.2640]
Epoch 211/3000 | Loss: 0.2336 | Best: 0.1740 | 23.7s | Elapsed: 1.5h | ETA: 1109m | LR: 0.000148
Epoch 212/3000: 100%|██████████| 56/56 [00:23<00:00,  2.37it/s, loss=0.1331]
Epoch 212/3000 | Loss: 0.2178 | Best: 0.1740 | 23.7s | Elapsed: 1.5h | ETA: 1109m | LR: 0.000148
Epoch 213/3000: 100%|██████████| 56/56 [00:23<00:00,  2.38it/s, loss=0.1376]
Epoch 213/3000 | Loss: 0.2221 | Best: 0.1740 | 23.5s | Elapsed: 1.5h | ETA: 1108m | LR: 0.000148
Epoch 214/3000: 100%|██████████| 56/56 [00:23<00:00,  2.38it/s, loss=0.1616]
Epoch 214/3000 | Loss: 0.1930 | Best: 0.1740 | 23.5s | Elapsed: 1.5h | ETA: 1108m | LR: 0.000148
Epoch 215/3000: 100%|██████████| 56/56 [00:23<00:00,  2.39it/s, loss=0.2523]
Epoch 215/3000 | Loss: 0.1843 | Best: 0.1740 | 23.4s | Elapsed: 1.5h | ETA: 1107m | LR: 0.000148
Epoch 216/3000: 100%|██████████| 56/56 [00:23<00:00,  2.39it/s, loss=0.3120]
Epoch 216/3000 | Loss: 0.2008 | Best: 0.1740 | 23.4s | Elapsed: 1.5h | ETA: 1107m | LR: 0.000148
Epoch 217/3000: 100%|██████████| 56/56 [00:23<00:00,  2.38it/s, loss=0.1364]
Epoch 217/3000 | Loss: 0.1942 | Best: 0.1740 | 23.6s | Elapsed: 1.5h | ETA: 1107m | LR: 0.000148
Epoch 218/3000: 100%|██████████| 56/56 [00:23<00:00,  2.35it/s, loss=0.3470]
Epoch 218/3000 | Loss: 0.2308 | Best: 0.1740 | 23.8s | Elapsed: 1.5h | ETA: 1106m | LR: 0.000148
Epoch 219/3000: 100%|██████████| 56/56 [00:23<00:00,  2.37it/s, loss=0.1325]
Epoch 219/3000 | Loss: 0.2064 | Best: 0.1740 | 23.6s | Elapsed: 1.5h | ETA: 1106m | LR: 0.000148
Epoch 220/3000: 100%|██████████| 56/56 [00:23<00:00,  2.40it/s, loss=0.1847]
Epoch 220/3000 | Loss: 0.1845 | Best: 0.1740 | 23.3s | Elapsed: 1.5h | ETA: 1105m | LR: 0.000148
Epoch 221/3000: 100%|██████████| 56/56 [00:23<00:00,  2.38it/s, loss=0.1854]
Epoch 221/3000 | Loss: 0.2393 | Best: 0.1740 | 23.5s | Elapsed: 1.5h | ETA: 1105m | LR: 0.000148
Epoch 222/3000: 100%|██████████| 56/56 [00:23<00:00,  2.37it/s, loss=0.2191]
Epoch 222/3000 | Loss: 0.2072 | Best: 0.1740 | 23.7s | Elapsed: 1.5h | ETA: 1104m | LR: 0.000148
Epoch 223/3000: 100%|██████████| 56/56 [00:23<00:00,  2.35it/s, loss=0.1322]
Epoch 223/3000 | Loss: 0.2144 | Best: 0.1740 | 23.8s | Elapsed: 1.5h | ETA: 1104m | LR: 0.000148
Epoch 224/3000: 100%|██████████| 56/56 [00:23<00:00,  2.36it/s, loss=0.2017]
Epoch 224/3000 | Loss: 0.1910 | Best: 0.1740 | 23.7s | Elapsed: 1.5h | ETA: 1103m | LR: 0.000148
Epoch 225/3000: 100%|██████████| 56/56 [00:23<00:00,  2.37it/s, loss=0.1872]
Epoch 225/3000 | Loss: 0.2131 | Best: 0.1740 | 23.6s | Elapsed: 1.6h | ETA: 1103m | LR: 0.000148
RF Euler Sampling: 100%|██████████| 30/30 [00:08<00:00,  3.74it/s]
RF Euler Sampling: 100%|██████████| 30/30 [00:08<00:00,  3.73it/s]
RF Euler Sampling: 100%|██████████| 30/30 [00:08<00:00,  3.74it/s]
Epoch 226/3000: 100%|██████████| 56/56 [00:23<00:00,  2.36it/s, loss=0.1426]
Epoch 226/3000 | Loss: 0.1956 | Best: 0.1740 | 23.7s | Elapsed: 1.6h | ETA: 1103m | LR: 0.000148
Epoch 227/3000: 100%|██████████| 56/56 [00:23<00:00,  2.36it/s, loss=0.0515]
Epoch 227/3000 | Loss: 0.2245 | Best: 0.1740 | 23.7s | Elapsed: 1.6h | ETA: 1102m | LR: 0.000148
Epoch 228/3000: 100%|██████████| 56/56 [00:23<00:00,  2.35it/s, loss=0.2030]
Epoch 228/3000 | Loss: 0.2151 | Best: 0.1740 | 23.8s | Elapsed: 1.6h | ETA: 1102m | LR: 0.000148
Epoch 229/3000: 100%|██████████| 56/56 [00:23<00:00,  2.40it/s, loss=0.3107]
Epoch 229/3000 | Loss: 0.2159 | Best: 0.1740 | 23.4s | Elapsed: 1.6h | ETA: 1101m | LR: 0.000148
Epoch 230/3000: 100%|██████████| 56/56 [00:23<00:00,  2.39it/s, loss=0.1525]
Epoch 230/3000 | Loss: 0.1819 | Best: 0.1740 | 23.4s | Elapsed: 1.6h | ETA: 1101m | LR: 0.000148
Epoch 231/3000: 100%|██████████| 56/56 [00:23<00:00,  2.35it/s, loss=0.1082]
Epoch 231/3000 | Loss: 0.1792 | Best: 0.1740 | 23.9s | Elapsed: 1.6h | ETA: 1100m | LR: 0.000148
Epoch 232/3000: 100%|██████████| 56/56 [00:23<00:00,  2.38it/s, loss=0.1600]
Epoch 232/3000 | Loss: 0.1878 | Best: 0.1740 | 23.6s | Elapsed: 1.6h | ETA: 1100m | LR: 0.000148
Epoch 233/3000: 100%|██████████| 56/56 [00:23<00:00,  2.40it/s, loss=0.2789]
Epoch 233/3000 | Loss: 0.1740 | Best: 0.1740 | 23.4s | Elapsed: 1.6h | ETA: 1099m | LR: 0.000148
Epoch 234/3000: 100%|██████████| 56/56 [00:23<00:00,  2.37it/s, loss=0.0705]
Epoch 234/3000 | Loss: 0.1978 | Best: 0.1740 | 23.7s | Elapsed: 1.6h | ETA: 1099m | LR: 0.000148
Epoch 235/3000: 100%|██████████| 56/56 [00:23<00:00,  2.35it/s, loss=0.0589]
Epoch 235/3000 | Loss: 0.1781 | Best: 0.1740 | 23.8s | Elapsed: 1.6h | ETA: 1099m | LR: 0.000148
Epoch 236/3000: 100%|██████████| 56/56 [00:23<00:00,  2.39it/s, loss=0.2390]
Epoch 236/3000 | Loss: 0.1830 | Best: 0.1740 | 23.5s | Elapsed: 1.6h | ETA: 1098m | LR: 0.000148
Epoch 237/3000: 100%|██████████| 56/56 [00:23<00:00,  2.40it/s, loss=0.2522]
Epoch 237/3000 | Loss: 0.1966 | Best: 0.1740 | 23.4s | Elapsed: 1.6h | ETA: 1098m | LR: 0.000148
Epoch 238/3000: 100%|██████████| 56/56 [00:23<00:00,  2.36it/s, loss=0.4726]
Epoch 238/3000 | Loss: 0.2160 | Best: 0.1740 | 23.7s | Elapsed: 1.6h | ETA: 1097m | LR: 0.000148
Epoch 239/3000: 100%|██████████| 56/56 [00:23<00:00,  2.34it/s, loss=0.2192]
Epoch 239/3000 | Loss: 0.2151 | Best: 0.1740 | 23.9s | Elapsed: 1.7h | ETA: 1097m | LR: 0.000148
Epoch 240/3000: 100%|██████████| 56/56 [00:23<00:00,  2.37it/s, loss=0.1567]
Epoch 240/3000 | Loss: 0.1807 | Best: 0.1740 | 23.6s | Elapsed: 1.7h | ETA: 1096m | LR: 0.000148
Epoch 241/3000: 100%|██████████| 56/56 [00:23<00:00,  2.37it/s, loss=0.2598]
Epoch 241/3000 | Loss: 0.2137 | Best: 0.1740 | 23.6s | Elapsed: 1.7h | ETA: 1096m | LR: 0.000148
Epoch 242/3000: 100%|██████████| 56/56 [00:23<00:00,  2.37it/s, loss=0.1072]
Epoch 242/3000 | Loss: 0.2096 | Best: 0.1740 | 23.6s | Elapsed: 1.7h | ETA: 1095m | LR: 0.000148
Epoch 243/3000: 100%|██████████| 56/56 [00:23<00:00,  2.38it/s, loss=0.2520]
Epoch 243/3000 | Loss: 0.2056 | Best: 0.1740 | 23.6s | Elapsed: 1.7h | ETA: 1095m | LR: 0.000148
Epoch 244/3000: 100%|██████████| 56/56 [00:23<00:00,  2.38it/s, loss=0.1207]
Epoch 244/3000 | Loss: 0.1947 | Best: 0.1740 | 23.5s | Elapsed: 1.7h | ETA: 1095m | LR: 0.000148
Epoch 245/3000: 100%|██████████| 56/56 [00:23<00:00,  2.36it/s, loss=0.2544]
Epoch 245/3000 | Loss: 0.2223 | Best: 0.1740 | 23.8s | Elapsed: 1.7h | ETA: 1094m | LR: 0.000148
Epoch 246/3000: 100%|██████████| 56/56 [00:23<00:00,  2.35it/s, loss=0.1917]
Epoch 246/3000 | Loss: 0.2151 | Best: 0.1740 | 23.8s | Elapsed: 1.7h | ETA: 1094m | LR: 0.000148
Epoch 247/3000: 100%|██████████| 56/56 [00:23<00:00,  2.38it/s, loss=0.3019]
Epoch 247/3000 | Loss: 0.2270 | Best: 0.1740 | 23.5s | Elapsed: 1.7h | ETA: 1093m | LR: 0.000148
Epoch 248/3000: 100%|██████████| 56/56 [00:23<00:00,  2.39it/s, loss=0.0856]
Epoch 248/3000 | Loss: 0.1908 | Best: 0.1740 | 23.5s | Elapsed: 1.7h | ETA: 1093m | LR: 0.000147
Epoch 249/3000: 100%|██████████| 56/56 [00:23<00:00,  2.39it/s, loss=0.2256]
Epoch 249/3000 | Loss: 0.1935 | Best: 0.1740 | 23.4s | Elapsed: 1.7h | ETA: 1092m | LR: 0.000147
Epoch 250/3000: 100%|██████████| 56/56 [00:23<00:00,  2.38it/s, loss=0.1416]
Epoch 250/3000 | Loss: 0.2093 | Best: 0.1740 | 23.5s | Elapsed: 1.7h | ETA: 1092m | LR: 0.000147
RF Euler Sampling: 100%|██████████| 30/30 [00:08<00:00,  3.74it/s]
RF Euler Sampling: 100%|██████████| 30/30 [00:08<00:00,  3.73it/s]
RF Euler Sampling: 100%|██████████| 30/30 [00:08<00:00,  3.73it/s]
Epoch 251/3000: 100%|██████████| 56/56 [00:23<00:00,  2.35it/s, loss=0.1186]
Epoch 251/3000 | Loss: 0.1962 | Best: 0.1740 | 23.8s | Elapsed: 1.7h | ETA: 1092m | LR: 0.000147
Epoch 252/3000: 100%|██████████| 56/56 [00:23<00:00,  2.37it/s, loss=0.2392]
Epoch 252/3000 | Loss: 0.1939 | Best: 0.1740 | 23.6s | Elapsed: 1.7h | ETA: 1091m | LR: 0.000147
Epoch 253/3000: 100%|██████████| 56/56 [00:23<00:00,  2.36it/s, loss=0.2941]
Epoch 253/3000 | Loss: 0.2226 | Best: 0.1740 | 23.7s | Elapsed: 1.8h | ETA: 1091m | LR: 0.000147
Epoch 254/3000: 100%|██████████| 56/56 [00:23<00:00,  2.37it/s, loss=0.3221]
Epoch 254/3000 | Loss: 0.2198 | Best: 0.1740 | 23.7s | Elapsed: 1.8h | ETA: 1090m | LR: 0.000147

⏹️ Early stopping at epoch 254

============================================================
TRAINING COMPLETE
  Stop reason:  early_stop (patience=80)
  Final epoch:  254
  Best loss:    0.1740
  Total time:   1.8h
  Best model:   /kaggle/working/rf_output/best_rf_model.pt
============================================================
