Creating CCAL model...
Model Parameters: 703,331
Trainable Parameters: 703,331
[34m[1mwandb[0m: [33mWARNING[0m Calling wandb.login() after wandb.init() has no effect.
Starting training...
Training Epoch 1: 100%|██████████| 28/28 [00:06<00:00,  4.28it/s]
✓ New best model saved! Val Acc: 51.36%
Epoch  1: Train Loss: 1.2443, Train Acc: 33.87% | Val Loss: 1.0901, Val Acc: 51.36%
Training Epoch 2: 100%|██████████| 28/28 [00:05<00:00,  5.00it/s]
Epoch  2: Train Loss: 1.2411, Train Acc: 32.27% | Val Loss: 1.1039, Val Acc: 37.73%
Training Epoch 3: 100%|██████████| 28/28 [00:05<00:00,  4.92it/s]
Epoch  3: Train Loss: 1.1910, Train Acc: 32.38% | Val Loss: 1.1535, Val Acc: 10.91%
Training Epoch 4: 100%|██████████| 28/28 [00:05<00:00,  5.02it/s]
Epoch  4: Train Loss: 1.1812, Train Acc: 35.46% | Val Loss: 1.1584, Val Acc: 17.27%
Training Epoch 5: 100%|██████████| 28/28 [00:05<00:00,  4.99it/s]
Epoch  5: Train Loss: 1.1595, Train Acc: 36.94% | Val Loss: 1.1109, Val Acc: 30.00%
Training Epoch 6: 100%|██████████| 28/28 [00:05<00:00,  4.89it/s]
Epoch  6: Train Loss: 1.1253, Train Acc: 37.97% | Val Loss: 1.0923, Val Acc: 37.27%
Training Epoch 7: 100%|██████████| 28/28 [00:05<00:00,  5.06it/s]
Epoch  7: Train Loss: 1.1231, Train Acc: 39.34% | Val Loss: 1.0982, Val Acc: 33.18%
Training Epoch 8: 100%|██████████| 28/28 [00:05<00:00,  4.99it/s]
Epoch  8: Train Loss: 1.1465, Train Acc: 37.86% | Val Loss: 1.0396, Val Acc: 49.55%
Training Epoch 9: 100%|██████████| 28/28 [00:05<00:00,  4.88it/s]
✓ New best model saved! Val Acc: 51.82%
Epoch  9: Train Loss: 1.0962, Train Acc: 42.53% | Val Loss: 1.0121, Val Acc: 51.82%
Training Epoch 10: 100%|██████████| 28/28 [00:05<00:00,  4.96it/s]
Epoch 10: Train Loss: 1.0617, Train Acc: 43.33% | Val Loss: 1.0209, Val Acc: 45.00%
Training Epoch 11: 100%|██████████| 28/28 [00:05<00:00,  4.92it/s]
✓ New best model saved! Val Acc: 63.18%
Epoch 11: Train Loss: 1.0496, Train Acc: 45.95% | Val Loss: 0.9267, Val Acc: 63.18%
Training Epoch 12: 100%|██████████| 28/28 [00:05<00:00,  4.96it/s]
Epoch 12: Train Loss: 0.9892, Train Acc: 49.26% | Val Loss: 0.9215, Val Acc: 61.36%
Training Epoch 13: 100%|██████████| 28/28 [00:05<00:00,  5.11it/s]
✓ New best model saved! Val Acc: 63.64%
Epoch 13: Train Loss: 0.9762, Train Acc: 52.11% | Val Loss: 0.8792, Val Acc: 63.64%
Training Epoch 14: 100%|██████████| 28/28 [00:05<00:00,  4.89it/s]
✓ New best model saved! Val Acc: 67.27%
Epoch 14: Train Loss: 0.9153, Train Acc: 55.76% | Val Loss: 0.8007, Val Acc: 67.27%
Training Epoch 15: 100%|██████████| 28/28 [00:05<00:00,  4.85it/s]
✓ New best model saved! Val Acc: 69.55%
Epoch 15: Train Loss: 0.8759, Train Acc: 61.46% | Val Loss: 0.7833, Val Acc: 69.55%
Training Epoch 16: 100%|██████████| 28/28 [00:05<00:00,  5.01it/s]
Epoch 16: Train Loss: 0.8651, Train Acc: 58.95% | Val Loss: 0.7817, Val Acc: 65.91%
Training Epoch 17: 100%|██████████| 28/28 [00:05<00:00,  4.90it/s]
Epoch 17: Train Loss: 0.8063, Train Acc: 62.71% | Val Loss: 0.7372, Val Acc: 69.55%
Training Epoch 18: 100%|██████████| 28/28 [00:05<00:00,  4.85it/s]
Epoch 18: Train Loss: 0.7692, Train Acc: 67.50% | Val Loss: 0.8168, Val Acc: 65.00%
Training Epoch 19: 100%|██████████| 28/28 [00:05<00:00,  5.02it/s]
Epoch 19: Train Loss: 0.7116, Train Acc: 71.15% | Val Loss: 0.8474, Val Acc: 65.00%
Training Epoch 20: 100%|██████████| 28/28 [00:05<00:00,  4.89it/s]
Epoch 20: Train Loss: 0.6748, Train Acc: 73.20% | Val Loss: 0.7713, Val Acc: 65.91%
Training Epoch 21: 100%|██████████| 28/28 [00:05<00:00,  4.97it/s]
Epoch 21: Train Loss: 0.6307, Train Acc: 75.26% | Val Loss: 0.9563, Val Acc: 60.91%
Training Epoch 22: 100%|██████████| 28/28 [00:05<00:00,  4.98it/s]
Epoch 22: Train Loss: 0.6164, Train Acc: 76.85% | Val Loss: 0.8272, Val Acc: 65.91%
Training Epoch 23: 100%|██████████| 28/28 [00:05<00:00,  4.89it/s]
Epoch 23: Train Loss: 0.5775, Train Acc: 79.70% | Val Loss: 1.1617, Val Acc: 59.09%
Training Epoch 24: 100%|██████████| 28/28 [00:05<00:00,  5.05it/s]
Epoch 24: Train Loss: 0.5709, Train Acc: 78.68% | Val Loss: 1.0528, Val Acc: 60.00%
Training Epoch 25: 100%|██████████| 28/28 [00:05<00:00,  5.01it/s]
Epoch 25: Train Loss: 0.5479, Train Acc: 80.62% | Val Loss: 1.5249, Val Acc: 56.82%
Training Epoch 26: 100%|██████████| 28/28 [00:05<00:00,  5.01it/s]
Epoch 26: Train Loss: 0.5439, Train Acc: 79.02% | Val Loss: 1.1615, Val Acc: 59.55%
Training Epoch 27: 100%|██████████| 28/28 [00:05<00:00,  5.02it/s]
Epoch 27: Train Loss: 0.5115, Train Acc: 81.41% | Val Loss: 1.3289, Val Acc: 58.18%
Training Epoch 28: 100%|██████████| 28/28 [00:05<00:00,  5.05it/s]
Epoch 28: Train Loss: 0.5088, Train Acc: 82.55% | Val Loss: 1.2983, Val Acc: 58.18%
Training Epoch 29: 100%|██████████| 28/28 [00:05<00:00,  4.87it/s]
Epoch 29: Train Loss: 0.4991, Train Acc: 82.67% | Val Loss: 1.1076, Val Acc: 60.45%
Training Epoch 30: 100%|██████████| 28/28 [00:05<00:00,  5.11it/s]
Epoch 30: Train Loss: 0.4867, Train Acc: 82.90% | Val Loss: 1.3179, Val Acc: 58.64%
Training Epoch 31: 100%|██████████| 28/28 [00:05<00:00,  5.07it/s]
Epoch 31: Train Loss: 0.4935, Train Acc: 82.67% | Val Loss: 1.3610, Val Acc: 58.64%
Training Epoch 32: 100%|██████████| 28/28 [00:05<00:00,  4.96it/s]
Epoch 32: Train Loss: 0.4822, Train Acc: 82.33% | Val Loss: 1.4247, Val Acc: 58.64%
Training Epoch 33: 100%|██████████| 28/28 [00:05<00:00,  5.02it/s]
Epoch 33: Train Loss: 0.4712, Train Acc: 82.33% | Val Loss: 1.1118, Val Acc: 60.91%
Training Epoch 34: 100%|██████████| 28/28 [00:05<00:00,  5.02it/s]
Epoch 34: Train Loss: 0.4628, Train Acc: 84.26% | Val Loss: 1.3028, Val Acc: 59.09%
Training Epoch 35: 100%|██████████| 28/28 [00:05<00:00,  4.88it/s]
Epoch 35: Train Loss: 0.4681, Train Acc: 84.83% | Val Loss: 1.3987, Val Acc: 59.09%
Training Epoch 36: 100%|██████████| 28/28 [00:05<00:00,  4.97it/s]
Epoch 36: Train Loss: 0.4475, Train Acc: 85.06% | Val Loss: 1.4111, Val Acc: 59.09%
Training Epoch 37: 100%|██████████| 28/28 [00:05<00:00,  5.04it/s]
Epoch 37: Train Loss: 0.4265, Train Acc: 84.15% | Val Loss: 1.4028, Val Acc: 59.09%
Training Epoch 38: 100%|██████████| 28/28 [00:05<00:00,  4.91it/s]
Epoch 38: Train Loss: 0.4555, Train Acc: 83.01% | Val Loss: 1.3857, Val Acc: 59.09%
Training Epoch 39: 100%|██████████| 28/28 [00:05<00:00,  5.09it/s]
Epoch 39: Train Loss: 0.4283, Train Acc: 83.92% | Val Loss: 1.3604, Val Acc: 59.55%
Training Epoch 40: 100%|██████████| 28/28 [00:05<00:00,  5.04it/s]
Epoch 40: Train Loss: 0.4161, Train Acc: 85.06% | Val Loss: 1.0254, Val Acc: 61.82%
Training Epoch 41: 100%|██████████| 28/28 [00:05<00:00,  5.04it/s]
Epoch 41: Train Loss: 0.4116, Train Acc: 84.49% | Val Loss: 0.9755, Val Acc: 61.82%
Training Epoch 42: 100%|██████████| 28/28 [00:05<00:00,  5.00it/s]
Epoch 42: Train Loss: 0.4104, Train Acc: 83.92% | Val Loss: 1.0317, Val Acc: 61.82%
Training Epoch 43: 100%|██████████| 28/28 [00:05<00:00,  5.02it/s]
Epoch 43: Train Loss: 0.4445, Train Acc: 83.24% | Val Loss: 1.5200, Val Acc: 60.00%
Training Epoch 44: 100%|██████████| 28/28 [00:05<00:00,  4.97it/s]
Epoch 44: Train Loss: 0.4353, Train Acc: 84.15% | Val Loss: 1.4170, Val Acc: 60.45%
Training Epoch 45: 100%|██████████| 28/28 [00:05<00:00,  5.09it/s]
Epoch 45: Train Loss: 0.4053, Train Acc: 84.26% | Val Loss: 1.3200, Val Acc: 60.91%
Training Epoch 46: 100%|██████████| 28/28 [00:05<00:00,  4.98it/s]
Epoch 46: Train Loss: 0.4010, Train Acc: 85.06% | Val Loss: 1.6453, Val Acc: 59.55%
Training Epoch 47: 100%|██████████| 28/28 [00:05<00:00,  4.97it/s]
Epoch 47: Train Loss: 0.4049, Train Acc: 84.61% | Val Loss: 1.3383, Val Acc: 61.36%
Training Epoch 48: 100%|██████████| 28/28 [00:05<00:00,  5.04it/s]
Epoch 48: Train Loss: 0.3750, Train Acc: 85.63% | Val Loss: 1.7930, Val Acc: 59.55%
Training Epoch 49:  57%|█████▋    | 16/28 [00:03<00:02,  4.12it/s]
