============================================================
ViT Lung Cancer — Image-Level 80/20 Split (Leaky)
============================================================
Total images: 1097
  Bengin cases: 120
  Malignant cases: 561
  Normal cases: 416

After 80/20 split: train=789, val=88, test=220
Train after augmentation: 2824

############################################################
 vit_b_16 | LEAKY SPLIT
############################################################
Downloading: "https://download.pytorch.org/models/vit_b_16-c867db91.pth" to /root/.cache/torch/hub/checkpoints/vit_b_16-c867db91.pth
100%|██████████| 330M/330M [00:01<00:00, 219MB/s]  
  vit_b_16: 85.80M params

============================================================
 Training: vit_b_16 | 30 epochs | LR=0.0001
============================================================
  [  1/30] loss=0.9376/0.8815 acc=0.5249/0.5000 f1=0.4318 lr=1.0e-04 (101.4s) ★
  [  2/30] loss=0.7117/0.7844 acc=0.6506/0.6364 f1=0.5853 lr=1.0e-04 (107.6s) ★
  [  3/30] loss=0.6028/0.5577 acc=0.7131/0.6705 f1=0.5652 lr=1.0e-04 (107.4s) ★
  [  4/30] loss=0.5527/0.6749 acc=0.7475/0.6818 f1=0.5996 lr=1.0e-04 (107.7s) ★
  [  5/30] loss=0.4523/0.3993 acc=0.8001/0.8636 f1=0.8065 lr=1.0e-04 (108.0s) ★
  [  6/30] loss=0.3824/0.4921 acc=0.8366/0.7841 f1=0.7051 lr=1.0e-04 (107.8s)
  [  7/30] loss=0.3423/0.2924 acc=0.8583/0.8750 f1=0.8273 lr=1.0e-04 (107.8s) ★
  [  8/30] loss=0.3502/0.4321 acc=0.8491/0.8068 f1=0.7469 lr=1.0e-04 (107.9s)
  [  9/30] loss=0.2878/0.3543 acc=0.8874/0.8750 f1=0.8151 lr=1.0e-04 (107.7s)
  [ 10/30] loss=0.2701/0.3368 acc=0.8949/0.8523 f1=0.7869 lr=1.0e-04 (107.8s)
  [ 11/30] loss=0.2206/0.2174 acc=0.9119/0.9091 f1=0.8599 lr=1.0e-04 (107.5s) ★
  [ 12/30] loss=0.1981/0.3417 acc=0.9240/0.9091 f1=0.8588 lr=1.0e-04 (107.8s)
  [ 13/30] loss=0.1943/0.3238 acc=0.9244/0.8864 f1=0.8325 lr=1.0e-04 (107.9s)
  [ 14/30] loss=0.1713/0.1922 acc=0.9364/0.9318 f1=0.8920 lr=1.0e-04 (107.8s) ★
  [ 15/30] loss=0.1368/0.4377 acc=0.9485/0.8409 f1=0.7730 lr=1.0e-04 (107.9s)
  [ 16/30] loss=0.1575/0.2740 acc=0.9418/0.9205 f1=0.8787 lr=1.0e-04 (107.9s)
  [ 17/30] loss=0.1360/0.3035 acc=0.9485/0.8636 f1=0.8109 lr=1.0e-04 (107.4s)
  [ 18/30] loss=0.1343/0.0985 acc=0.9403/0.9318 f1=0.8778 lr=1.0e-04 (107.6s)
  [ 19/30] loss=0.1549/0.2547 acc=0.9403/0.9091 f1=0.8615 lr=1.0e-04 (108.0s)
  [ 20/30] loss=0.0914/0.1508 acc=0.9659/0.9432 f1=0.9060 lr=1.0e-04 (107.8s) ★
  [ 21/30] loss=0.1374/0.1374 acc=0.9524/0.9432 f1=0.9011 lr=1.0e-04 (107.6s)
  [ 22/30] loss=0.0977/0.1271 acc=0.9641/0.9659 f1=0.9456 lr=1.0e-04 (107.8s) ★
  [ 23/30] loss=0.1008/0.0709 acc=0.9609/0.9773 f1=0.9593 lr=1.0e-04 (107.8s) ★
  [ 24/30] loss=0.0831/0.0892 acc=0.9677/0.9659 f1=0.9424 lr=1.0e-04 (107.8s)
  [ 25/30] loss=0.0958/0.1176 acc=0.9645/0.9432 f1=0.9011 lr=1.0e-04 (107.5s)
  [ 26/30] loss=0.0884/0.1135 acc=0.9680/0.9205 f1=0.8614 lr=1.0e-04 (107.8s)
  [ 27/30] loss=0.0792/0.1617 acc=0.9730/0.9432 f1=0.9081 lr=1.0e-04 (107.8s)
  [ 28/30] loss=0.1111/0.2283 acc=0.9620/0.9205 f1=0.8811 lr=1.0e-04 (107.5s)
  [ 29/30] loss=0.0576/0.2176 acc=0.9780/0.9432 f1=0.9060 lr=3.0e-05 (107.6s)
  [ 30/30] loss=0.0316/0.1289 acc=0.9879/0.9545 f1=0.9229 lr=3.0e-05 (107.7s)
  ⏹ Early stop at epoch 30

============================================================
 TEST RESULTS — vit_b_16
============================================================
Accuracy:  97.27%
Parameters: 85.80M

              precision    recall  f1-score   support

      Benign       0.88      0.88      0.88        24
   Malignant       1.00      1.00      1.00       113
      Normal       0.96      0.96      0.96        83

    accuracy                           0.97       220
   macro avg       0.95      0.95      0.95       220
weighted avg       0.97      0.97      0.97       220


############################################################
 vit_b_32 | LEAKY SPLIT
############################################################
Downloading: "https://download.pytorch.org/models/vit_b_32-d86f8d99.pth" to /root/.cache/torch/hub/checkpoints/vit_b_32-d86f8d99.pth
100%|██████████| 337M/337M [00:01<00:00, 208MB/s] 
  vit_b_32: 87.46M params

============================================================
 Training: vit_b_32 | 30 epochs | LR=0.0001
============================================================
  [  1/30] loss=1.1272/1.1025 acc=0.3633/0.3864 f1=0.3100 lr=1.0e-04 (32.1s) ★
  [  2/30] loss=1.0721/1.0171 acc=0.4205/0.4205 f1=0.2985 lr=1.0e-04 (31.9s) ★
  [  3/30] loss=1.0408/1.1513 acc=0.4407/0.2614 f1=0.2263 lr=1.0e-04 (31.8s)
  [  4/30] loss=1.0268/0.9907 acc=0.4624/0.4545 f1=0.4506 lr=1.0e-04 (32.0s) ★
  [  5/30] loss=1.0141/0.9876 acc=0.4595/0.3977 f1=0.3027 lr=1.0e-04 (31.8s)
  [  6/30] loss=1.0083/0.8972 acc=0.4634/0.5000 f1=0.4305 lr=1.0e-04 (31.9s) ★
  [  7/30] loss=1.0036/0.9279 acc=0.4812/0.4659 f1=0.4524 lr=1.0e-04 (32.0s)
  [  8/30] loss=0.9719/0.9971 acc=0.4940/0.3523 f1=0.2967 lr=1.0e-04 (32.1s)
  [  9/30] loss=0.9673/0.8001 acc=0.5103/0.6477 f1=0.5327 lr=1.0e-04 (32.0s) ★
  [ 10/30] loss=0.9562/0.9683 acc=0.5138/0.4432 f1=0.3379 lr=1.0e-04 (32.0s)
  [ 11/30] loss=0.9342/0.9101 acc=0.5291/0.5000 f1=0.4192 lr=1.0e-04 (32.0s)
  [ 12/30] loss=0.9369/0.8809 acc=0.5277/0.5568 f1=0.4870 lr=1.0e-04 (32.0s)
  [ 13/30] loss=0.9450/0.9460 acc=0.5167/0.4432 f1=0.4296 lr=1.0e-04 (32.0s)
  [ 14/30] loss=0.9167/0.9312 acc=0.5291/0.5682 f1=0.5391 lr=1.0e-04 (32.0s)
  [ 15/30] loss=0.9048/0.9016 acc=0.5547/0.4886 f1=0.4701 lr=3.0e-05 (32.0s)
  [ 16/30] loss=0.8462/0.8090 acc=0.5870/0.5341 f1=0.4848 lr=3.0e-05 (32.0s)
  ⏹ Early stop at epoch 16

============================================================
 TEST RESULTS — vit_b_32
============================================================
Accuracy:  55.00%
Parameters: 87.46M

              precision    recall  f1-score   support

      Benign       0.12      0.21      0.15        24
   Malignant       0.76      0.60      0.67       113
      Normal       0.55      0.58      0.56        83

    accuracy                           0.55       220
   macro avg       0.47      0.46      0.46       220
weighted avg       0.61      0.55      0.57       220


############################################################
 vit_l_16 | LEAKY SPLIT
############################################################
Downloading: "https://download.pytorch.org/models/vit_l_16-852ce7e3.pth" to /root/.cache/torch/hub/checkpoints/vit_l_16-852ce7e3.pth
100%|██████████| 1.13G/1.13G [00:05<00:00, 216MB/s] 
  vit_l_16: 303.30M params

============================================================
 Training: vit_l_16 | 30 epochs | LR=0.0001
============================================================
  [  1/30] loss=0.6611/0.4534 acc=0.6765/0.7727 f1=0.7020 lr=1.0e-04 (342.2s) ★
  [  2/30] loss=0.4542/0.3317 acc=0.7955/0.8523 f1=0.8045 lr=1.0e-04 (341.0s) ★
  [  3/30] loss=0.3474/0.3037 acc=0.8580/0.8636 f1=0.8046 lr=1.0e-04 (341.1s) ★
  [  4/30] loss=0.2628/0.2277 acc=0.9020/0.9318 f1=0.9015 lr=1.0e-04 (341.3s) ★
  [  5/30] loss=0.2430/0.3706 acc=0.8970/0.8523 f1=0.8013 lr=1.0e-04 (341.3s)
  [  6/30] loss=0.1891/0.2924 acc=0.9318/0.8750 f1=0.8238 lr=1.0e-04 (341.6s)
  [  7/30] loss=0.1942/0.4224 acc=0.9222/0.8864 f1=0.8353 lr=1.0e-04 (341.1s)
  [  8/30] loss=0.1407/0.3156 acc=0.9489/0.9091 f1=0.8699 lr=1.0e-04 (341.0s)
  [  9/30] loss=0.1518/0.2094 acc=0.9467/0.9205 f1=0.8740 lr=1.0e-04 (341.4s)
  [ 10/30] loss=0.1405/0.2210 acc=0.9492/0.8864 f1=0.8441 lr=3.0e-05 (341.0s)
  [ 11/30] loss=0.0439/0.0767 acc=0.9822/0.9659 f1=0.9406 lr=3.0e-05 (341.4s) ★
  [ 12/30] loss=0.0409/0.2824 acc=0.9851/0.8977 f1=0.8494 lr=3.0e-05 (341.3s)
  [ 13/30] loss=0.0432/0.0961 acc=0.9840/0.9545 f1=0.9319 lr=3.0e-05 (341.6s)
  [ 14/30] loss=0.0280/0.1165 acc=0.9872/0.9318 f1=0.8973 lr=3.0e-05 (341.4s)
  [ 15/30] loss=0.0282/0.0514 acc=0.9890/0.9659 f1=0.9406 lr=3.0e-05 (341.5s)
  [ 16/30] loss=0.0287/0.3318 acc=0.9897/0.8977 f1=0.8527 lr=3.0e-05 (341.7s)
