✅ W&B run initialised

🚀 Starting training for DepthWiseMamba-Pico3...
  Ep   1/50 | Tr 1.0543/0.4628 | Val 0.9881/0.5091 | 10.0s ★ saved
  Ep   2/50 | Tr 0.9614/0.5372 | Val 1.1985/0.5091 | 6.6s
  Ep   3/50 | Tr 0.9093/0.5854 | Val 1.0952/0.5091 | 6.4s
  Ep   4/50 | Tr 0.8704/0.5932 | Val 1.0668/0.5091 | 6.6s
  Ep   5/50 | Tr 0.8268/0.6506 | Val 0.9362/0.5727 | 6.6s ★ saved
  Ep   6/50 | Tr 0.8527/0.6310 | Val 1.0305/0.5818 | 6.6s ★ saved
  Ep   7/50 | Tr 0.7952/0.6649 | Val 0.9136/0.6182 | 6.7s ★ saved
  Ep   8/50 | Tr 0.7925/0.6636 | Val 0.6897/0.7364 | 6.6s ★ saved
  Ep   9/50 | Tr 0.7544/0.6793 | Val 0.6296/0.7545 | 6.6s ★ saved
  Ep  10/50 | Tr 0.7552/0.6962 | Val 0.6248/0.7818 | 6.7s ★ saved
  Ep  11/50 | Tr 0.7278/0.7053 | Val 0.6166/0.7909 | 6.7s ★ saved
  Ep  12/50 | Tr 0.7247/0.7106 | Val 0.6034/0.7818 | 6.5s
  Ep  13/50 | Tr 0.7002/0.7145 | Val 0.5824/0.8000 | 6.6s ★ saved
  Ep  14/50 | Tr 0.6744/0.7379 | Val 0.6212/0.7727 | 6.7s
  Ep  15/50 | Tr 0.6656/0.7366 | Val 0.5715/0.7909 | 6.5s
  Ep  16/50 | Tr 0.6668/0.7484 | Val 0.7117/0.7000 | 6.6s
  Ep  17/50 | Tr 0.6547/0.7562 | Val 0.5716/0.7727 | 6.6s
  Ep  18/50 | Tr 0.6419/0.7549 | Val 0.6233/0.7636 | 6.5s
  Ep  19/50 | Tr 0.6708/0.7419 | Val 0.5489/0.7818 | 6.6s
  Ep  20/50 | Tr 0.6173/0.7601 | Val 0.5740/0.8000 | 6.5s
  Ep  21/50 | Tr 0.6595/0.7471 | Val 0.5611/0.8091 | 6.5s ★ saved
  Ep  22/50 | Tr 0.6078/0.7575 | Val 0.5677/0.8091 | 6.7s
  Ep  23/50 | Tr 0.6203/0.7562 | Val 0.5901/0.7727 | 6.5s
  Ep  24/50 | Tr 0.6000/0.7836 | Val 0.5621/0.8182 | 6.6s ★ saved
  Ep  25/50 | Tr 0.6003/0.7627 | Val 0.5405/0.8091 | 6.7s
  Ep  26/50 | Tr 0.6040/0.7653 | Val 0.5326/0.8182 | 6.6s
  Ep  27/50 | Tr 0.6007/0.7614 | Val 0.5337/0.8182 | 6.6s
  Ep  28/50 | Tr 0.6197/0.7562 | Val 0.5521/0.8000 | 6.6s
  Ep  29/50 | Tr 0.6167/0.7679 | Val 0.5175/0.8182 | 6.5s
  Ep  30/50 | Tr 0.6015/0.7731 | Val 0.5352/0.8091 | 6.5s
  Ep  31/50 | Tr 0.5896/0.7705 | Val 0.5175/0.8273 | 6.6s ★ saved
  Ep  32/50 | Tr 0.5767/0.7836 | Val 0.5249/0.8182 | 6.5s
  Ep  33/50 | Tr 0.5724/0.7823 | Val 0.5615/0.7909 | 6.6s
  Ep  34/50 | Tr 0.6081/0.7705 | Val 0.7157/0.7091 | 6.7s
  Ep  35/50 | Tr 0.5878/0.7731 | Val 0.5616/0.8000 | 6.5s
  Ep  36/50 | Tr 0.5656/0.7914 | Val 0.5293/0.8091 | 6.6s
  Ep  37/50 | Tr 0.5326/0.7953 | Val 0.5096/0.8273 | 6.5s
  Ep  38/50 | Tr 0.5498/0.8018 | Val 0.4969/0.8455 | 6.5s ★ saved
  Ep  39/50 | Tr 0.5320/0.7992 | Val 0.5041/0.8091 | 6.5s
  Ep  40/50 | Tr 0.5892/0.7849 | Val 0.4894/0.8273 | 6.5s
  Ep  41/50 | Tr 0.5828/0.7705 | Val 0.5937/0.7545 | 6.6s
  Ep  42/50 | Tr 0.5718/0.7692 | Val 0.6007/0.7364 | 6.6s
  Ep  43/50 | Tr 0.5456/0.8018 | Val 0.5809/0.7636 | 6.6s
  Ep  44/50 | Tr 0.5625/0.7744 | Val 0.5158/0.7909 | 6.5s
  Ep  45/50 | Tr 0.5645/0.8005 | Val 0.5805/0.7727 | 6.6s
  Ep  46/50 | Tr 0.5455/0.7888 | Val 0.4827/0.8364 | 6.5s
  Ep  47/50 | Tr 0.5254/0.8123 | Val 0.5401/0.7818 | 6.4s
  Ep  48/50 | Tr 0.5344/0.7966 | Val 0.4680/0.8364 | 6.5s
  Ep  49/50 | Tr 0.5290/0.8005 | Val 0.4832/0.8273 | 6.5s
