✅ W&B run initialised

🚀 Starting training for DepthWiseMamba-Pico1...
  Ep   1/50 | Tr 1.2367/0.3452 | Val 1.2378/0.3818 | 3.8s ★ saved
  Ep   2/50 | Tr 1.1835/0.3864 | Val 1.1409/0.3818 | 3.4s
  Ep   3/50 | Tr 1.1251/0.4077 | Val 0.9532/0.6242 | 3.4s ★ saved
  Ep   4/50 | Tr 1.0710/0.4446 | Val 0.9296/0.6364 | 3.5s ★ saved
  Ep   5/50 | Tr 1.0571/0.4432 | Val 0.8680/0.6485 | 3.4s ★ saved
  Ep   6/50 | Tr 1.0925/0.4190 | Val 0.8443/0.6606 | 3.5s ★ saved
  Ep   7/50 | Tr 1.0681/0.4347 | Val 0.8887/0.5879 | 3.4s
  Ep   8/50 | Tr 1.0103/0.5000 | Val 0.8536/0.6303 | 3.3s
  Ep   9/50 | Tr 0.9985/0.4886 | Val 0.7954/0.7091 | 3.4s ★ saved
  Ep  10/50 | Tr 0.9802/0.5099 | Val 0.8147/0.6424 | 3.5s
  Ep  11/50 | Tr 0.9973/0.4986 | Val 0.8084/0.6485 | 3.4s
  Ep  12/50 | Tr 0.9563/0.5284 | Val 0.7912/0.6424 | 3.4s
  Ep  13/50 | Tr 0.9951/0.5256 | Val 0.7272/0.7212 | 3.5s ★ saved
  Ep  14/50 | Tr 0.9151/0.5682 | Val 0.7520/0.6606 | 3.3s
  Ep  15/50 | Tr 0.9185/0.5497 | Val 0.7717/0.6606 | 3.3s
  Ep  16/50 | Tr 0.9198/0.5653 | Val 0.7609/0.6727 | 3.4s
  Ep  17/50 | Tr 0.9611/0.5469 | Val 0.7117/0.7030 | 3.3s
  Ep  18/50 | Tr 0.9557/0.5568 | Val 0.6909/0.7212 | 3.3s
  Ep  19/50 | Tr 0.9072/0.5866 | Val 0.6536/0.7576 | 3.4s ★ saved
  Ep  20/50 | Tr 0.8647/0.6037 | Val 0.6924/0.6909 | 3.2s
  Ep  21/50 | Tr 0.8720/0.5739 | Val 0.6294/0.7515 | 3.3s
  Ep  22/50 | Tr 0.8581/0.5881 | Val 0.6001/0.7697 | 3.4s ★ saved
  Ep  23/50 | Tr 0.8720/0.6023 | Val 0.6499/0.7212 | 3.3s
  Ep  24/50 | Tr 0.8123/0.6435 | Val 0.6644/0.7091 | 3.3s
  Ep  25/50 | Tr 0.8070/0.6619 | Val 0.6159/0.7333 | 3.6s
  Ep  26/50 | Tr 0.8177/0.6378 | Val 0.5739/0.7697 | 3.3s
  Ep  27/50 | Tr 0.8009/0.6491 | Val 0.5529/0.7697 | 3.4s
  Ep  28/50 | Tr 0.8090/0.6307 | Val 0.5646/0.7636 | 3.4s
  Ep  29/50 | Tr 0.7965/0.6477 | Val 0.5814/0.7333 | 3.3s
  Ep  30/50 | Tr 0.8041/0.6435 | Val 0.5492/0.7758 | 3.4s ★ saved
  Ep  31/50 | Tr 0.7908/0.6506 | Val 0.5408/0.7818 | 3.4s ★ saved
  Ep  32/50 | Tr 0.7969/0.6264 | Val 0.5560/0.7455 | 3.3s
  Ep  33/50 | Tr 0.7639/0.6548 | Val 0.6045/0.7212 | 3.3s
  Ep  34/50 | Tr 0.7446/0.6690 | Val 0.5390/0.7758 | 3.3s
  Ep  35/50 | Tr 0.7580/0.6662 | Val 0.5656/0.7333 | 3.2s
  Ep  36/50 | Tr 0.7757/0.6349 | Val 0.5208/0.7576 | 3.4s
  Ep  37/50 | Tr 0.7213/0.6719 | Val 0.5056/0.7939 | 3.5s ★ saved
  Ep  38/50 | Tr 0.7247/0.6776 | Val 0.6086/0.7455 | 3.3s
  Ep  39/50 | Tr 0.7531/0.6406 | Val 0.5332/0.7758 | 3.5s
  Ep  40/50 | Tr 0.7472/0.6435 | Val 0.4714/0.8182 | 3.3s ★ saved
  Ep  41/50 | Tr 0.7320/0.6648 | Val 0.5101/0.8061 | 3.2s
  Ep  42/50 | Tr 0.7279/0.6804 | Val 0.5170/0.7939 | 3.3s
  Ep  43/50 | Tr 0.7048/0.7060 | Val 0.5124/0.7879 | 3.4s
  Ep  44/50 | Tr 0.7113/0.6861 | Val 0.5137/0.7879 | 3.2s
  Ep  45/50 | Tr 0.6721/0.7188 | Val 0.4378/0.8303 | 3.3s ★ saved
  Ep  46/50 | Tr 0.6511/0.7230 | Val 0.4666/0.8000 | 3.4s
  Ep  47/50 | Tr 0.6488/0.7131 | Val 0.4735/0.8000 | 3.2s
  Ep  48/50 | Tr 0.6729/0.7102 | Val 0.4355/0.8303 | 3.1s
  Ep  49/50 | Tr 0.6830/0.6974 | Val 0.4428/0.8364 | 3.4s ★ saved
  Ep  50/50 | Tr 0.6503/0.7102 | Val 0.4538/0.8242 | 3.3s

  💾 Best model loaded: Epoch 49 | Val Acc: 83.64%
======================================================================
  TEST EVALUATION: DepthWiseMamba-Pico1 | Test Acc: 83.03%
======================================================================
                 precision    recall  f1-score   support

   Bengin cases       0.67      0.67      0.67        18
Malignant cases       0.85      0.89      0.87        85
   Normal cases       0.84      0.79      0.82        62

       accuracy                           0.83       165
      macro avg       0.79      0.78      0.79       165
   weighted avg       0.83      0.83      0.83       165
