Creating CCAL model...
Model Parameters: 703,331
Trainable Parameters: 703,331
Starting training...
Epoch 1/50 [Train]:  68%|██████▊   | 15/22 [00:05<00:01,  3.69it/s, Loss=1.2399, Acc=33.75%]
torch.Size([32, 256])
torch.Size([32, 32])
torch.Size([32, 256])
torch.Size([32, 32])
torch.Size([32, 256])
torch.Size([32, 32])
torch.Size([32, 256])
torch.Size([32, 32])
torch.Size([32, 256])
torch.Size([32, 32])
torch.Size([32, 256])
torch.Size([32, 32])
torch.Size([32, 256])
torch.Size([32, 32])
torch.Size([32, 256])
torch.Size([32, 32])
torch.Size([32, 256])
torch.Size([32, 32])
torch.Size([32, 256])
torch.Size([32, 32])
torch.Size([32, 256])
torch.Size([32, 32])
torch.Size([32, 256])
torch.Size([32, 32])
torch.Size([32, 256])
torch.Size([32, 32])
torch.Size([32, 256])
torch.Size([32, 32])
torch.Size([32, 256])
torch.Size([32, 32])
torch.Size([32, 256])
torch.Size([32, 32])
torch.Size([32, 256])
torch.Size([32, 32])
torch.Size([32, 256])
torch.Size([32, 32])
torch.Size([32, 256])
torch.Size([32, 32])
torch.Size([32, 256])
torch.Size([32, 32])
torch.Size([32, 256])
torch.Size([32, 32])
torch.Size([30, 256])
torch.Size([30, 32])
torch.Size([32, 256])
torch.Size([32, 32])
torch.Size([32, 256])
torch.Size([32, 32])
torch.Size([32, 256])
torch.Size([32, 32])
torch.Size([32, 256])
torch.Size([32, 32])
torch.Size([32, 256])
torch.Size([32, 32])
torch.Size([15, 256])
torch.Size([15, 32])
Epoch [1/50] - Train Loss: 1.1938, Train Acc: 35.47%, Val Loss: 1.0727, Val Acc: 56.00%
Epoch 2/50 [Train]:  68%|██████▊   | 15/22 [00:04<00:01,  4.05it/s, Loss=0.9155, Acc=59.17%]
torch.Size([32, 256])
torch.Size([32, 32])
torch.Size([32, 256])
torch.Size([32, 32])
torch.Size([32, 256])
torch.Size([32, 32])
torch.Size([32, 256])
torch.Size([32, 32])
torch.Size([32, 256])
torch.Size([32, 32])
torch.Size([32, 256])
torch.Size([32, 32])
torch.Size([32, 256])
torch.Size([32, 32])
torch.Size([32, 256])
torch.Size([32, 32])
torch.Size([32, 256])
torch.Size([32, 32])
torch.Size([32, 256])
torch.Size([32, 32])
torch.Size([32, 256])
torch.Size([32, 32])
torch.Size([32, 256])
torch.Size([32, 32])
torch.Size([32, 256])
torch.Size([32, 32])
torch.Size([32, 256])
torch.Size([32, 32])
torch.Size([32, 256])
torch.Size([32, 32])
torch.Size([32, 256])
torch.Size([32, 32])
torch.Size([32, 256])
torch.Size([32, 32])
torch.Size([32, 256])
torch.Size([32, 32])
torch.Size([32, 256])
torch.Size([32, 32])
torch.Size([32, 256])
torch.Size([32, 32])
torch.Size([32, 256])
torch.Size([32, 32])
torch.Size([30, 256])
torch.Size([30, 32])
torch.Size([32, 256])
torch.Size([32, 32])
torch.Size([32, 256])
torch.Size([32, 32])
torch.Size([32, 256])
torch.Size([32, 32])
torch.Size([32, 256])
torch.Size([32, 32])
torch.Size([32, 256])
torch.Size([32, 32])
torch.Size([15, 256])
torch.Size([15, 32])
Epoch [2/50] - Train Loss: 0.8240, Train Acc: 64.67%, Val Loss: 0.6309, Val Acc: 76.00%
Epoch 3/50 [Train]:  68%|██████▊   | 15/22 [00:04<00:01,  4.40it/s, Loss=0.5736, Acc=79.58%]
torch.Size([32, 256])
torch.Size([32, 32])
torch.Size([32, 256])
torch.Size([32, 32])
torch.Size([32, 256])
torch.Size([32, 32])
torch.Size([32, 256])
torch.Size([32, 32])
torch.Size([32, 256])
torch.Size([32, 32])
torch.Size([32, 256])
torch.Size([32, 32])
torch.Size([32, 256])
torch.Size([32, 32])
torch.Size([32, 256])
torch.Size([32, 32])
torch.Size([32, 256])
torch.Size([32, 32])
torch.Size([32, 256])
torch.Size([32, 32])
torch.Size([32, 256])
torch.Size([32, 32])
torch.Size([32, 256])
torch.Size([32, 32])
torch.Size([32, 256])
torch.Size([32, 32])
torch.Size([32, 256])
torch.Size([32, 32])
torch.Size([32, 256])
torch.Size([32, 32])
torch.Size([32, 256])
torch.Size([32, 32])
torch.Size([32, 256])
torch.Size([32, 32])
torch.Size([32, 256])
torch.Size([32, 32])
torch.Size([32, 256])
torch.Size([32, 32])
torch.Size([32, 256])
torch.Size([32, 32])
torch.Size([32, 256])
torch.Size([32, 32])
torch.Size([30, 256])
torch.Size([30, 32])
torch.Size([32, 256])
torch.Size([32, 32])
torch.Size([32, 256])
torch.Size([32, 32])
torch.Size([32, 256])
torch.Size([32, 32])
torch.Size([32, 256])
torch.Size([32, 32])
torch.Size([32, 256])
torch.Size([32, 32])
torch.Size([15, 256])
torch.Size([15, 32])
Epoch [3/50] - Train Loss: 0.5524, Train Acc: 80.06%, Val Loss: 0.9372, Val Acc: 73.14%
Epoch 4/50 [Train]:  68%|██████▊   | 15/22 [00:05<00:01,  4.27it/s, Loss=0.4486, Acc=83.12%]
torch.Size([32, 256])
torch.Size([32, 32])
torch.Size([32, 256])
torch.Size([32, 32])
torch.Size([32, 256])
torch.Size([32, 32])
torch.Size([32, 256])
torch.Size([32, 32])
torch.Size([32, 256])
torch.Size([32, 32])
torch.Size([32, 256])
torch.Size([32, 32])
torch.Size([32, 256])
torch.Size([32, 32])
torch.Size([32, 256])
torch.Size([32, 32])
torch.Size([32, 256])
torch.Size([32, 32])
torch.Size([32, 256])
torch.Size([32, 32])
torch.Size([32, 256])
torch.Size([32, 32])
torch.Size([32, 256])
torch.Size([32, 32])
torch.Size([32, 256])
torch.Size([32, 32])
torch.Size([32, 256])
torch.Size([32, 32])
torch.Size([32, 256])
torch.Size([32, 32])
torch.Size([32, 256])
torch.Size([32, 32])
torch.Size([32, 256])
torch.Size([32, 32])
torch.Size([32, 256])
torch.Size([32, 32])
torch.Size([32, 256])
torch.Size([32, 32])
torch.Size([32, 256])
torch.Size([32, 32])
torch.Size([32, 256])
torch.Size([32, 32])
torch.Size([30, 256])
torch.Size([30, 32])
torch.Size([32, 256])
torch.Size([32, 32])
torch.Size([32, 256])
torch.Size([32, 32])
torch.Size([32, 256])
torch.Size([32, 32])
torch.Size([32, 256])
torch.Size([32, 32])
torch.Size([32, 256])
torch.Size([32, 32])
torch.Size([15, 256])
torch.Size([15, 32])
Epoch [4/50] - Train Loss: 0.4652, Train Acc: 82.91%, Val Loss: 1.3127, Val Acc: 55.43%
Epoch 5/50 [Train]:  68%|██████▊   | 15/22 [00:05<00:01,  4.52it/s, Loss=0.4905, Acc=82.71%]
torch.Size([32, 256])
torch.Size([32, 32])
torch.Size([32, 256])
torch.Size([32, 32])
torch.Size([32, 256])
torch.Size([32, 32])
torch.Size([32, 256])
torch.Size([32, 32])
torch.Size([32, 256])
torch.Size([32, 32])
torch.Size([32, 256])
torch.Size([32, 32])
torch.Size([32, 256])
torch.Size([32, 32])
torch.Size([32, 256])
torch.Size([32, 32])
torch.Size([32, 256])
torch.Size([32, 32])
torch.Size([32, 256])
torch.Size([32, 32])
torch.Size([32, 256])
torch.Size([32, 32])
torch.Size([32, 256])
torch.Size([32, 32])
torch.Size([32, 256])
torch.Size([32, 32])
torch.Size([32, 256])
torch.Size([32, 32])
torch.Size([32, 256])
torch.Size([32, 32])
torch.Size([32, 256])
torch.Size([32, 32])
torch.Size([32, 256])
torch.Size([32, 32])
torch.Size([32, 256])
torch.Size([32, 32])
torch.Size([32, 256])
torch.Size([32, 32])
torch.Size([32, 256])
torch.Size([32, 32])
torch.Size([32, 256])
torch.Size([32, 32])
torch.Size([30, 256])
torch.Size([30, 32])
torch.Size([32, 256])
torch.Size([32, 32])
torch.Size([32, 256])
torch.Size([32, 32])
torch.Size([32, 256])
torch.Size([32, 32])
torch.Size([32, 256])
torch.Size([32, 32])
torch.Size([32, 256])
torch.Size([32, 32])
torch.Size([15, 256])
torch.Size([15, 32])
Epoch [5/50] - Train Loss: 0.4931, Train Acc: 82.19%, Val Loss: 0.6289, Val Acc: 76.57%
Epoch 6/50 [Train]:  68%|██████▊   | 15/22 [00:04<00:01,  4.10it/s, Loss=0.5510, Acc=79.58%]
torch.Size([32, 256])
torch.Size([32, 32])
torch.Size([32, 256])
torch.Size([32, 32])
torch.Size([32, 256])
torch.Size([32, 32])
torch.Size([32, 256])
torch.Size([32, 32])
torch.Size([32, 256])
torch.Size([32, 32])
torch.Size([32, 256])
torch.Size([32, 32])
torch.Size([32, 256])
torch.Size([32, 32])
torch.Size([32, 256])
torch.Size([32, 32])
torch.Size([32, 256])
torch.Size([32, 32])
torch.Size([32, 256])
torch.Size([32, 32])
torch.Size([32, 256])
torch.Size([32, 32])
torch.Size([32, 256])
torch.Size([32, 32])
torch.Size([32, 256])
torch.Size([32, 32])
torch.Size([32, 256])
torch.Size([32, 32])
torch.Size([32, 256])
torch.Size([32, 32])
torch.Size([32, 256])
torch.Size([32, 32])
torch.Size([32, 256])
torch.Size([32, 32])
torch.Size([32, 256])
torch.Size([32, 32])
torch.Size([32, 256])
torch.Size([32, 32])
torch.Size([32, 256])
torch.Size([32, 32])
torch.Size([32, 256])
torch.Size([32, 32])
torch.Size([30, 256])
torch.Size([30, 32])
torch.Size([32, 256])
torch.Size([32, 32])
torch.Size([32, 256])
torch.Size([32, 32])
torch.Size([32, 256])
torch.Size([32, 32])
torch.Size([32, 256])
torch.Size([32, 32])
torch.Size([32, 256])
torch.Size([32, 32])
torch.Size([15, 256])
torch.Size([15, 32])
Epoch [6/50] - Train Loss: 0.5254, Train Acc: 81.05%, Val Loss: 2.4173, Val Acc: 36.00%
Epoch 7/50 [Train]:  68%|██████▊   | 15/22 [00:04<00:01,  4.37it/s, Loss=0.4024, Acc=86.46%]
torch.Size([32, 256])
torch.Size([32, 32])
torch.Size([32, 256])
torch.Size([32, 32])
torch.Size([32, 256])
torch.Size([32, 32])
torch.Size([32, 256])
torch.Size([32, 32])
torch.Size([32, 256])
torch.Size([32, 32])
torch.Size([32, 256])
torch.Size([32, 32])
torch.Size([32, 256])
torch.Size([32, 32])
torch.Size([32, 256])
torch.Size([32, 32])
torch.Size([32, 256])
torch.Size([32, 32])
torch.Size([32, 256])
torch.Size([32, 32])
torch.Size([32, 256])
torch.Size([32, 32])
torch.Size([32, 256])
torch.Size([32, 32])
torch.Size([32, 256])
torch.Size([32, 32])
torch.Size([32, 256])
torch.Size([32, 32])
torch.Size([32, 256])
torch.Size([32, 32])
torch.Size([32, 256])
torch.Size([32, 32])
torch.Size([32, 256])
torch.Size([32, 32])
torch.Size([32, 256])
torch.Size([32, 32])
torch.Size([32, 256])
torch.Size([32, 32])
torch.Size([32, 256])
torch.Size([32, 32])
torch.Size([32, 256])
torch.Size([32, 32])
torch.Size([30, 256])
torch.Size([30, 32])
torch.Size([32, 256])
torch.Size([32, 32])
torch.Size([32, 256])
torch.Size([32, 32])
torch.Size([32, 256])
torch.Size([32, 32])
torch.Size([32, 256])
torch.Size([32, 32])
torch.Size([32, 256])
torch.Size([32, 32])
torch.Size([15, 256])
torch.Size([15, 32])
Epoch [7/50] - Train Loss: 0.4521, Train Acc: 84.05%, Val Loss: 5.3844, Val Acc: 52.00%
Epoch 8/50 [Train]:  68%|██████▊   | 15/22 [00:04<00:01,  4.27it/s, Loss=0.5015, Acc=80.42%]
torch.Size([32, 256])
torch.Size([32, 32])
torch.Size([32, 256])
torch.Size([32, 32])
torch.Size([32, 256])
torch.Size([32, 32])
torch.Size([32, 256])
torch.Size([32, 32])
torch.Size([32, 256])
torch.Size([32, 32])
torch.Size([32, 256])
torch.Size([32, 32])
torch.Size([32, 256])
torch.Size([32, 32])
torch.Size([32, 256])
torch.Size([32, 32])
torch.Size([32, 256])
torch.Size([32, 32])
torch.Size([32, 256])
torch.Size([32, 32])
torch.Size([32, 256])
torch.Size([32, 32])
torch.Size([32, 256])
torch.Size([32, 32])
torch.Size([32, 256])
torch.Size([32, 32])
torch.Size([32, 256])
torch.Size([32, 32])
torch.Size([32, 256])
torch.Size([32, 32])
torch.Size([32, 256])
torch.Size([32, 32])
torch.Size([32, 256])
torch.Size([32, 32])
torch.Size([32, 256])
torch.Size([32, 32])
torch.Size([32, 256])
torch.Size([32, 32])
torch.Size([32, 256])
torch.Size([32, 32])
torch.Size([32, 256])
torch.Size([32, 32])
torch.Size([30, 256])
torch.Size([30, 32])
torch.Size([32, 256])
torch.Size([32, 32])
torch.Size([32, 256])
torch.Size([32, 32])
torch.Size([32, 256])
torch.Size([32, 32])
torch.Size([32, 256])
torch.Size([32, 32])
torch.Size([32, 256])
torch.Size([32, 32])
torch.Size([15, 256])
torch.Size([15, 32])
Epoch [8/50] - Train Loss: 0.4511, Train Acc: 82.91%, Val Loss: 1.2938, Val Acc: 36.57%
Epoch 9/50 [Train]:  68%|██████▊   | 15/22 [00:04<00:01,  4.26it/s, Loss=0.5012, Acc=80.62%]
torch.Size([32, 256])
torch.Size([32, 32])
torch.Size([32, 256])
torch.Size([32, 32])
torch.Size([32, 256])
torch.Size([32, 32])
torch.Size([32, 256])
torch.Size([32, 32])
torch.Size([32, 256])
torch.Size([32, 32])
torch.Size([32, 256])
torch.Size([32, 32])
torch.Size([32, 256])
torch.Size([32, 32])
torch.Size([32, 256])
torch.Size([32, 32])
torch.Size([32, 256])
torch.Size([32, 32])
torch.Size([32, 256])
torch.Size([32, 32])
torch.Size([32, 256])
torch.Size([32, 32])
torch.Size([32, 256])
torch.Size([32, 32])
torch.Size([32, 256])
torch.Size([32, 32])
torch.Size([32, 256])
torch.Size([32, 32])
torch.Size([32, 256])
torch.Size([32, 32])
torch.Size([32, 256])
torch.Size([32, 32])
torch.Size([32, 256])
torch.Size([32, 32])
torch.Size([32, 256])
torch.Size([32, 32])
torch.Size([32, 256])
torch.Size([32, 32])
torch.Size([32, 256])
torch.Size([32, 32])
torch.Size([32, 256])
torch.Size([32, 32])
torch.Size([30, 256])
torch.Size([30, 32])
torch.Size([32, 256])
torch.Size([32, 32])
torch.Size([32, 256])
torch.Size([32, 32])
torch.Size([32, 256])
torch.Size([32, 32])
torch.Size([32, 256])
torch.Size([32, 32])
torch.Size([32, 256])
torch.Size([32, 32])
torch.Size([15, 256])
torch.Size([15, 32])
Epoch [9/50] - Train Loss: 0.4835, Train Acc: 82.34%, Val Loss: 2.6415, Val Acc: 37.14%
Epoch 10/50 [Train]:  68%|██████▊   | 15/22 [00:05<00:01,  4.12it/s, Loss=0.4483, Acc=82.71%]
torch.Size([32, 256])
torch.Size([32, 32])
torch.Size([32, 256])
torch.Size([32, 32])
torch.Size([32, 256])
torch.Size([32, 32])
torch.Size([32, 256])
torch.Size([32, 32])
torch.Size([32, 256])
torch.Size([32, 32])
torch.Size([32, 256])
torch.Size([32, 32])
torch.Size([32, 256])
torch.Size([32, 32])
torch.Size([32, 256])
torch.Size([32, 32])
torch.Size([32, 256])
torch.Size([32, 32])
torch.Size([32, 256])
torch.Size([32, 32])
torch.Size([32, 256])
torch.Size([32, 32])
torch.Size([32, 256])
torch.Size([32, 32])
torch.Size([32, 256])
torch.Size([32, 32])
torch.Size([32, 256])
torch.Size([32, 32])
torch.Size([32, 256])
torch.Size([32, 32])
torch.Size([32, 256])
torch.Size([32, 32])
torch.Size([32, 256])
torch.Size([32, 32])
torch.Size([32, 256])
torch.Size([32, 32])
torch.Size([32, 256])
torch.Size([32, 32])
torch.Size([32, 256])
torch.Size([32, 32])
torch.Size([32, 256])
torch.Size([32, 32])
torch.Size([30, 256])
torch.Size([30, 32])
torch.Size([32, 256])
torch.Size([32, 32])
torch.Size([32, 256])
torch.Size([32, 32])
torch.Size([32, 256])
torch.Size([32, 32])
torch.Size([32, 256])
torch.Size([32, 32])
torch.Size([32, 256])
torch.Size([32, 32])
torch.Size([15, 256])
torch.Size([15, 32])
Epoch [10/50] - Train Loss: 0.4243, Train Acc: 84.33%, Val Loss: 1.0241, Val Acc: 56.57%
Epoch 11/50 [Train]:  68%|██████▊   | 15/22 [00:05<00:01,  4.18it/s, Loss=0.4269, Acc=83.33%]
torch.Size([32, 256])
torch.Size([32, 32])
torch.Size([32, 256])
torch.Size([32, 32])
torch.Size([32, 256])
torch.Size([32, 32])
torch.Size([32, 256])
torch.Size([32, 32])
torch.Size([32, 256])
torch.Size([32, 32])
torch.Size([32, 256])
torch.Size([32, 32])
torch.Size([32, 256])
torch.Size([32, 32])
torch.Size([32, 256])
torch.Size([32, 32])
torch.Size([32, 256])
torch.Size([32, 32])
torch.Size([32, 256])
torch.Size([32, 32])
torch.Size([32, 256])
torch.Size([32, 32])
torch.Size([32, 256])
torch.Size([32, 32])
torch.Size([32, 256])
torch.Size([32, 32])
torch.Size([32, 256])
torch.Size([32, 32])
torch.Size([32, 256])
torch.Size([32, 32])
torch.Size([32, 256])
torch.Size([32, 32])
torch.Size([32, 256])
torch.Size([32, 32])
torch.Size([32, 256])
torch.Size([32, 32])
torch.Size([32, 256])
torch.Size([32, 32])
torch.Size([32, 256])
torch.Size([32, 32])
torch.Size([32, 256])
torch.Size([32, 32])
torch.Size([30, 256])
torch.Size([30, 32])
torch.Size([32, 256])
torch.Size([32, 32])
torch.Size([32, 256])
torch.Size([32, 32])
torch.Size([32, 256])
torch.Size([32, 32])
torch.Size([32, 256])
torch.Size([32, 32])
torch.Size([32, 256])
torch.Size([32, 32])
torch.Size([15, 256])
torch.Size([15, 32])
Epoch [11/50] - Train Loss: 0.4291, Train Acc: 83.62%, Val Loss: 4.0487, Val Acc: 52.00%
Epoch 12/50 [Train]:  68%|██████▊   | 15/22 [00:05<00:01,  3.88it/s, Loss=0.3984, Acc=84.17%]
torch.Size([32, 256])
torch.Size([32, 32])
torch.Size([32, 256])
torch.Size([32, 32])
torch.Size([32, 256])
torch.Size([32, 32])
torch.Size([32, 256])
torch.Size([32, 32])
torch.Size([32, 256])
torch.Size([32, 32])
torch.Size([32, 256])
torch.Size([32, 32])
torch.Size([32, 256])
torch.Size([32, 32])
torch.Size([32, 256])
torch.Size([32, 32])
torch.Size([32, 256])
torch.Size([32, 32])
torch.Size([32, 256])
torch.Size([32, 32])
torch.Size([32, 256])
torch.Size([32, 32])
torch.Size([32, 256])
torch.Size([32, 32])
torch.Size([32, 256])
torch.Size([32, 32])
torch.Size([32, 256])
torch.Size([32, 32])
torch.Size([32, 256])
torch.Size([32, 32])
torch.Size([32, 256])
torch.Size([32, 32])
torch.Size([32, 256])
torch.Size([32, 32])
torch.Size([32, 256])
torch.Size([32, 32])
torch.Size([32, 256])
torch.Size([32, 32])
torch.Size([32, 256])
torch.Size([32, 32])
torch.Size([32, 256])
torch.Size([32, 32])
torch.Size([30, 256])
torch.Size([30, 32])
torch.Size([32, 256])
torch.Size([32, 32])
torch.Size([32, 256])
torch.Size([32, 32])
torch.Size([32, 256])
torch.Size([32, 32])
torch.Size([32, 256])
torch.Size([32, 32])
torch.Size([32, 256])
torch.Size([32, 32])
torch.Size([15, 256])
torch.Size([15, 32])
Epoch [12/50] - Train Loss: 0.3946, Train Acc: 84.76%, Val Loss: 0.4110, Val Acc: 85.14%
Epoch 13/50 [Train]:  68%|██████▊   | 15/22 [00:04<00:01,  4.42it/s, Loss=0.3723, Acc=86.46%]
torch.Size([32, 256])
torch.Size([32, 32])
torch.Size([32, 256])
torch.Size([32, 32])
torch.Size([32, 256])
torch.Size([32, 32])
torch.Size([32, 256])
torch.Size([32, 32])
torch.Size([32, 256])
torch.Size([32, 32])
torch.Size([32, 256])
torch.Size([32, 32])
torch.Size([32, 256])
torch.Size([32, 32])
torch.Size([32, 256])
torch.Size([32, 32])
torch.Size([32, 256])
torch.Size([32, 32])
torch.Size([32, 256])
torch.Size([32, 32])
torch.Size([32, 256])
torch.Size([32, 32])
torch.Size([32, 256])
torch.Size([32, 32])
torch.Size([32, 256])
torch.Size([32, 32])
torch.Size([32, 256])
torch.Size([32, 32])
torch.Size([32, 256])
torch.Size([32, 32])
torch.Size([32, 256])
torch.Size([32, 32])
torch.Size([32, 256])
torch.Size([32, 32])
torch.Size([32, 256])
torch.Size([32, 32])
torch.Size([32, 256])
torch.Size([32, 32])
torch.Size([32, 256])
torch.Size([32, 32])
torch.Size([32, 256])
torch.Size([32, 32])
torch.Size([30, 256])
torch.Size([30, 32])
torch.Size([32, 256])
torch.Size([32, 32])
torch.Size([32, 256])
torch.Size([32, 32])
torch.Size([32, 256])
torch.Size([32, 32])
torch.Size([32, 256])
torch.Size([32, 32])
torch.Size([32, 256])
torch.Size([32, 32])
torch.Size([15, 256])
torch.Size([15, 32])
Epoch [13/50] - Train Loss: 0.3674, Train Acc: 86.32%, Val Loss: 0.4878, Val Acc: 85.14%
Epoch 14/50 [Train]:  68%|██████▊   | 15/22 [00:04<00:01,  3.85it/s, Loss=0.3954, Acc=82.92%]
torch.Size([32, 256])
torch.Size([32, 32])
torch.Size([32, 256])
torch.Size([32, 32])
torch.Size([32, 256])
torch.Size([32, 32])
torch.Size([32, 256])
torch.Size([32, 32])
torch.Size([32, 256])
torch.Size([32, 32])
torch.Size([32, 256])
torch.Size([32, 32])
torch.Size([32, 256])
torch.Size([32, 32])
torch.Size([32, 256])
torch.Size([32, 32])
torch.Size([32, 256])
torch.Size([32, 32])
torch.Size([32, 256])
torch.Size([32, 32])
torch.Size([32, 256])
torch.Size([32, 32])
torch.Size([32, 256])
torch.Size([32, 32])
torch.Size([32, 256])
torch.Size([32, 32])
torch.Size([32, 256])
torch.Size([32, 32])
torch.Size([32, 256])
torch.Size([32, 32])
torch.Size([32, 256])
torch.Size([32, 32])
torch.Size([32, 256])
torch.Size([32, 32])
torch.Size([32, 256])
torch.Size([32, 32])
torch.Size([32, 256])
torch.Size([32, 32])
torch.Size([32, 256])
torch.Size([32, 32])
torch.Size([32, 256])
torch.Size([32, 32])
torch.Size([30, 256])
torch.Size([30, 32])
torch.Size([32, 256])
torch.Size([32, 32])
torch.Size([32, 256])
torch.Size([32, 32])
torch.Size([32, 256])
torch.Size([32, 32])
torch.Size([32, 256])
torch.Size([32, 32])
torch.Size([32, 256])
torch.Size([32, 32])
torch.Size([15, 256])
torch.Size([15, 32])
Epoch [14/50] - Train Loss: 0.3895, Train Acc: 83.19%, Val Loss: 1.0745, Val Acc: 62.86%
Epoch 15/50 [Train]:  68%|██████▊   | 15/22 [00:04<00:01,  4.05it/s, Loss=0.3799, Acc=84.79%]
torch.Size([32, 256])
torch.Size([32, 32])
torch.Size([32, 256])
torch.Size([32, 32])
torch.Size([32, 256])
torch.Size([32, 32])
torch.Size([32, 256])
torch.Size([32, 32])
torch.Size([32, 256])
torch.Size([32, 32])
torch.Size([32, 256])
torch.Size([32, 32])
torch.Size([32, 256])
torch.Size([32, 32])
torch.Size([32, 256])
torch.Size([32, 32])
torch.Size([32, 256])
torch.Size([32, 32])
torch.Size([32, 256])
torch.Size([32, 32])
torch.Size([32, 256])
torch.Size([32, 32])
torch.Size([32, 256])
torch.Size([32, 32])
torch.Size([32, 256])
torch.Size([32, 32])
torch.Size([32, 256])
torch.Size([32, 32])
torch.Size([32, 256])
torch.Size([32, 32])
torch.Size([32, 256])
torch.Size([32, 32])
torch.Size([32, 256])
torch.Size([32, 32])
torch.Size([32, 256])
torch.Size([32, 32])
torch.Size([32, 256])
torch.Size([32, 32])
torch.Size([32, 256])
torch.Size([32, 32])
torch.Size([32, 256])
torch.Size([32, 32])
torch.Size([30, 256])
torch.Size([30, 32])
torch.Size([32, 256])
torch.Size([32, 32])
torch.Size([32, 256])
torch.Size([32, 32])
torch.Size([32, 256])
torch.Size([32, 32])
torch.Size([32, 256])
torch.Size([32, 32])
torch.Size([32, 256])
torch.Size([32, 32])
torch.Size([15, 256])
torch.Size([15, 32])
Epoch [15/50] - Train Loss: 0.3699, Train Acc: 85.47%, Val Loss: 0.3597, Val Acc: 84.00%
Epoch 16/50 [Train]:  68%|██████▊   | 15/22 [00:05<00:01,  4.45it/s, Loss=0.4031, Acc=84.58%]
torch.Size([32, 256])
torch.Size([32, 32])
torch.Size([32, 256])
torch.Size([32, 32])
torch.Size([32, 256])
torch.Size([32, 32])
torch.Size([32, 256])
torch.Size([32, 32])
torch.Size([32, 256])
torch.Size([32, 32])
torch.Size([32, 256])
torch.Size([32, 32])
torch.Size([32, 256])
torch.Size([32, 32])
torch.Size([32, 256])
torch.Size([32, 32])
torch.Size([32, 256])
torch.Size([32, 32])
torch.Size([32, 256])
torch.Size([32, 32])
torch.Size([32, 256])
torch.Size([32, 32])
torch.Size([32, 256])
torch.Size([32, 32])
torch.Size([32, 256])
torch.Size([32, 32])
torch.Size([32, 256])
torch.Size([32, 32])
torch.Size([32, 256])
torch.Size([32, 32])
torch.Size([32, 256])
torch.Size([32, 32])
torch.Size([32, 256])
torch.Size([32, 32])
torch.Size([32, 256])
torch.Size([32, 32])
torch.Size([32, 256])
torch.Size([32, 32])
torch.Size([32, 256])
torch.Size([32, 32])
torch.Size([32, 256])
torch.Size([32, 32])
torch.Size([30, 256])
torch.Size([30, 32])
torch.Size([32, 256])
torch.Size([32, 32])
torch.Size([32, 256])
torch.Size([32, 32])
torch.Size([32, 256])
torch.Size([32, 32])
torch.Size([32, 256])
torch.Size([32, 32])
torch.Size([32, 256])
torch.Size([32, 32])
torch.Size([15, 256])
torch.Size([15, 32])
Epoch [16/50] - Train Loss: 0.3883, Train Acc: 84.76%, Val Loss: 0.8246, Val Acc: 60.00%
Epoch 17/50 [Train]:  68%|██████▊   | 15/22 [00:04<00:01,  4.32it/s, Loss=0.4011, Acc=83.96%]
torch.Size([32, 256])
torch.Size([32, 32])
torch.Size([32, 256])
torch.Size([32, 32])
torch.Size([32, 256])
torch.Size([32, 32])
torch.Size([32, 256])
torch.Size([32, 32])
torch.Size([32, 256])
torch.Size([32, 32])
torch.Size([32, 256])
torch.Size([32, 32])
torch.Size([32, 256])
torch.Size([32, 32])
torch.Size([32, 256])
torch.Size([32, 32])
torch.Size([32, 256])
torch.Size([32, 32])
torch.Size([32, 256])
torch.Size([32, 32])
torch.Size([32, 256])
torch.Size([32, 32])
torch.Size([32, 256])
torch.Size([32, 32])
torch.Size([32, 256])
torch.Size([32, 32])
torch.Size([32, 256])
torch.Size([32, 32])
torch.Size([32, 256])
torch.Size([32, 32])
torch.Size([32, 256])
torch.Size([32, 32])
torch.Size([32, 256])
torch.Size([32, 32])
torch.Size([32, 256])
torch.Size([32, 32])
torch.Size([32, 256])
torch.Size([32, 32])
torch.Size([32, 256])
torch.Size([32, 32])
torch.Size([32, 256])
torch.Size([32, 32])
torch.Size([30, 256])
torch.Size([30, 32])
torch.Size([32, 256])
torch.Size([32, 32])
torch.Size([32, 256])
torch.Size([32, 32])
torch.Size([32, 256])
torch.Size([32, 32])
torch.Size([32, 256])
torch.Size([32, 32])
torch.Size([32, 256])
torch.Size([32, 32])
torch.Size([15, 256])
torch.Size([15, 32])
Epoch [17/50] - Train Loss: 0.4098, Train Acc: 83.62%, Val Loss: 6.3346, Val Acc: 36.00%
Epoch 18/50 [Train]:  68%|██████▊   | 15/22 [00:05<00:01,  3.93it/s, Loss=0.4002, Acc=84.17%]
torch.Size([32, 256])
torch.Size([32, 32])
torch.Size([32, 256])
torch.Size([32, 32])
torch.Size([32, 256])
torch.Size([32, 32])
torch.Size([32, 256])
torch.Size([32, 32])
torch.Size([32, 256])
torch.Size([32, 32])
torch.Size([32, 256])
torch.Size([32, 32])
torch.Size([32, 256])
torch.Size([32, 32])
torch.Size([32, 256])
torch.Size([32, 32])
torch.Size([32, 256])
torch.Size([32, 32])
torch.Size([32, 256])
torch.Size([32, 32])
torch.Size([32, 256])
torch.Size([32, 32])
torch.Size([32, 256])
torch.Size([32, 32])
torch.Size([32, 256])
torch.Size([32, 32])
torch.Size([32, 256])
torch.Size([32, 32])
torch.Size([32, 256])
torch.Size([32, 32])
torch.Size([32, 256])
torch.Size([32, 32])
torch.Size([32, 256])
torch.Size([32, 32])
torch.Size([32, 256])
torch.Size([32, 32])
torch.Size([32, 256])
torch.Size([32, 32])
torch.Size([32, 256])
torch.Size([32, 32])
torch.Size([32, 256])
torch.Size([32, 32])
torch.Size([30, 256])
torch.Size([30, 32])
torch.Size([32, 256])
torch.Size([32, 32])
torch.Size([32, 256])
torch.Size([32, 32])
torch.Size([32, 256])
torch.Size([32, 32])
torch.Size([32, 256])
torch.Size([32, 32])
torch.Size([32, 256])
torch.Size([32, 32])
torch.Size([15, 256])
torch.Size([15, 32])
Epoch [18/50] - Train Loss: 0.3872, Train Acc: 84.19%, Val Loss: 1.1529, Val Acc: 62.29%
Epoch 19/50 [Train]:  68%|██████▊   | 15/22 [00:04<00:01,  4.58it/s, Loss=0.3411, Acc=85.83%]
torch.Size([32, 256])
torch.Size([32, 32])
torch.Size([32, 256])
torch.Size([32, 32])
torch.Size([32, 256])
torch.Size([32, 32])
torch.Size([32, 256])
torch.Size([32, 32])
torch.Size([32, 256])
torch.Size([32, 32])
torch.Size([32, 256])
torch.Size([32, 32])
torch.Size([32, 256])
torch.Size([32, 32])
torch.Size([32, 256])
torch.Size([32, 32])
torch.Size([32, 256])
torch.Size([32, 32])
torch.Size([32, 256])
torch.Size([32, 32])
torch.Size([32, 256])
torch.Size([32, 32])
torch.Size([32, 256])
torch.Size([32, 32])
torch.Size([32, 256])
torch.Size([32, 32])
torch.Size([32, 256])
torch.Size([32, 32])
torch.Size([32, 256])
torch.Size([32, 32])
torch.Size([32, 256])
torch.Size([32, 32])
torch.Size([32, 256])
torch.Size([32, 32])
torch.Size([32, 256])
torch.Size([32, 32])
torch.Size([32, 256])
torch.Size([32, 32])
torch.Size([32, 256])
torch.Size([32, 32])
torch.Size([32, 256])
torch.Size([32, 32])
torch.Size([30, 256])
torch.Size([30, 32])
torch.Size([32, 256])
torch.Size([32, 32])
torch.Size([32, 256])
torch.Size([32, 32])
torch.Size([32, 256])
torch.Size([32, 32])
torch.Size([32, 256])
torch.Size([32, 32])
torch.Size([32, 256])
torch.Size([32, 32])
torch.Size([15, 256])
torch.Size([15, 32])
Epoch [19/50] - Train Loss: 0.3875, Train Acc: 83.76%, Val Loss: 0.6177, Val Acc: 80.00%
Epoch 20/50 [Train]:  68%|██████▊   | 15/22 [00:05<00:01,  4.13it/s, Loss=0.3102, Acc=87.92%]
torch.Size([32, 256])
torch.Size([32, 32])
torch.Size([32, 256])
torch.Size([32, 32])
torch.Size([32, 256])
torch.Size([32, 32])
torch.Size([32, 256])
torch.Size([32, 32])
torch.Size([32, 256])
torch.Size([32, 32])
torch.Size([32, 256])
torch.Size([32, 32])
torch.Size([32, 256])
torch.Size([32, 32])
torch.Size([32, 256])
torch.Size([32, 32])
torch.Size([32, 256])
torch.Size([32, 32])
torch.Size([32, 256])
torch.Size([32, 32])
torch.Size([32, 256])
torch.Size([32, 32])
torch.Size([32, 256])
torch.Size([32, 32])
torch.Size([32, 256])
torch.Size([32, 32])
torch.Size([32, 256])
torch.Size([32, 32])
torch.Size([32, 256])
torch.Size([32, 32])
torch.Size([32, 256])
torch.Size([32, 32])
torch.Size([32, 256])
torch.Size([32, 32])
torch.Size([32, 256])
torch.Size([32, 32])
torch.Size([32, 256])
torch.Size([32, 32])
torch.Size([32, 256])
torch.Size([32, 32])
torch.Size([32, 256])
torch.Size([32, 32])
torch.Size([30, 256])
torch.Size([30, 32])
torch.Size([32, 256])
torch.Size([32, 32])
torch.Size([32, 256])
torch.Size([32, 32])
torch.Size([32, 256])
torch.Size([32, 32])
torch.Size([32, 256])
torch.Size([32, 32])
torch.Size([32, 256])
torch.Size([32, 32])
torch.Size([15, 256])
torch.Size([15, 32])
Epoch [20/50] - Train Loss: 0.3508, Train Acc: 85.90%, Val Loss: 1.6721, Val Acc: 56.00%
Epoch 21/50 [Train]:  68%|██████▊   | 15/22 [00:05<00:01,  4.20it/s, Loss=0.4897, Acc=82.71%]
torch.Size([32, 256])
torch.Size([32, 32])
torch.Size([32, 256])
torch.Size([32, 32])
torch.Size([32, 256])
torch.Size([32, 32])
torch.Size([32, 256])
torch.Size([32, 32])
torch.Size([32, 256])
torch.Size([32, 32])
torch.Size([32, 256])
torch.Size([32, 32])
torch.Size([32, 256])
torch.Size([32, 32])
torch.Size([32, 256])
torch.Size([32, 32])
torch.Size([32, 256])
torch.Size([32, 32])
torch.Size([32, 256])
torch.Size([32, 32])
torch.Size([32, 256])
torch.Size([32, 32])
torch.Size([32, 256])
torch.Size([32, 32])
torch.Size([32, 256])
torch.Size([32, 32])
torch.Size([32, 256])
torch.Size([32, 32])
torch.Size([32, 256])
torch.Size([32, 32])
torch.Size([32, 256])
torch.Size([32, 32])
torch.Size([32, 256])
torch.Size([32, 32])
torch.Size([32, 256])
torch.Size([32, 32])
torch.Size([32, 256])
torch.Size([32, 32])
torch.Size([32, 256])
torch.Size([32, 32])
torch.Size([32, 256])
torch.Size([32, 32])
torch.Size([30, 256])
torch.Size([30, 32])
torch.Size([32, 256])
torch.Size([32, 32])
torch.Size([32, 256])
torch.Size([32, 32])
torch.Size([32, 256])
torch.Size([32, 32])
torch.Size([32, 256])
torch.Size([32, 32])
torch.Size([32, 256])
torch.Size([32, 32])
torch.Size([15, 256])
torch.Size([15, 32])
Epoch [21/50] - Train Loss: 0.4312, Train Acc: 84.47%, Val Loss: 1.1803, Val Acc: 54.29%
Epoch 22/50 [Train]:  68%|██████▊   | 15/22 [00:05<00:01,  4.06it/s, Loss=0.3218, Acc=85.21%]
torch.Size([32, 256])
torch.Size([32, 32])
torch.Size([32, 256])
torch.Size([32, 32])
torch.Size([32, 256])
torch.Size([32, 32])
torch.Size([32, 256])
torch.Size([32, 32])
torch.Size([32, 256])
torch.Size([32, 32])
torch.Size([32, 256])
torch.Size([32, 32])
torch.Size([32, 256])
torch.Size([32, 32])
torch.Size([32, 256])
torch.Size([32, 32])
torch.Size([32, 256])
torch.Size([32, 32])
torch.Size([32, 256])
torch.Size([32, 32])
torch.Size([32, 256])
torch.Size([32, 32])
torch.Size([32, 256])
torch.Size([32, 32])
torch.Size([32, 256])
torch.Size([32, 32])
torch.Size([32, 256])
torch.Size([32, 32])
torch.Size([32, 256])
torch.Size([32, 32])
torch.Size([32, 256])
torch.Size([32, 32])
torch.Size([32, 256])
torch.Size([32, 32])
torch.Size([32, 256])
torch.Size([32, 32])
torch.Size([32, 256])
torch.Size([32, 32])
torch.Size([32, 256])
torch.Size([32, 32])
torch.Size([32, 256])
torch.Size([32, 32])
torch.Size([30, 256])
torch.Size([30, 32])
torch.Size([32, 256])
torch.Size([32, 32])
torch.Size([32, 256])
torch.Size([32, 32])
torch.Size([32, 256])
torch.Size([32, 32])
torch.Size([32, 256])
torch.Size([32, 32])
torch.Size([32, 256])
torch.Size([32, 32])
torch.Size([15, 256])
torch.Size([15, 32])
Epoch [22/50] - Train Loss: 0.3231, Train Acc: 85.47%, Val Loss: 1.1802, Val Acc: 62.86%
Epoch 23/50 [Train]:  68%|██████▊   | 15/22 [00:05<00:01,  4.09it/s, Loss=0.2994, Acc=87.92%]
torch.Size([32, 256])
torch.Size([32, 32])
torch.Size([32, 256])
torch.Size([32, 32])
torch.Size([32, 256])
torch.Size([32, 32])
torch.Size([32, 256])
torch.Size([32, 32])
torch.Size([32, 256])
torch.Size([32, 32])
torch.Size([32, 256])
torch.Size([32, 32])
torch.Size([32, 256])
torch.Size([32, 32])
torch.Size([32, 256])
torch.Size([32, 32])
torch.Size([32, 256])
torch.Size([32, 32])
torch.Size([32, 256])
torch.Size([32, 32])
torch.Size([32, 256])
torch.Size([32, 32])
torch.Size([32, 256])
torch.Size([32, 32])
torch.Size([32, 256])
torch.Size([32, 32])
torch.Size([32, 256])
torch.Size([32, 32])
torch.Size([32, 256])
torch.Size([32, 32])
torch.Size([32, 256])
torch.Size([32, 32])
torch.Size([32, 256])
torch.Size([32, 32])
torch.Size([32, 256])
torch.Size([32, 32])
torch.Size([32, 256])
torch.Size([32, 32])
torch.Size([32, 256])
torch.Size([32, 32])
torch.Size([32, 256])
torch.Size([32, 32])
torch.Size([30, 256])
torch.Size([30, 32])
torch.Size([32, 256])
torch.Size([32, 32])
torch.Size([32, 256])
torch.Size([32, 32])
torch.Size([32, 256])
torch.Size([32, 32])
torch.Size([32, 256])
torch.Size([32, 32])
torch.Size([32, 256])
torch.Size([32, 32])
torch.Size([15, 256])
torch.Size([15, 32])
Epoch [23/50] - Train Loss: 0.3154, Train Acc: 87.04%, Val Loss: 0.6690, Val Acc: 67.43%
Epoch 24/50 [Train]:  68%|██████▊   | 15/22 [00:05<00:01,  3.79it/s, Loss=0.3096, Acc=87.08%]
torch.Size([32, 256])
torch.Size([32, 32])
torch.Size([32, 256])
torch.Size([32, 32])
torch.Size([32, 256])
torch.Size([32, 32])
torch.Size([32, 256])
torch.Size([32, 32])
torch.Size([32, 256])
torch.Size([32, 32])
torch.Size([32, 256])
torch.Size([32, 32])
torch.Size([32, 256])
torch.Size([32, 32])
torch.Size([32, 256])
torch.Size([32, 32])
torch.Size([32, 256])
torch.Size([32, 32])
torch.Size([32, 256])
torch.Size([32, 32])
torch.Size([32, 256])
torch.Size([32, 32])
torch.Size([32, 256])
torch.Size([32, 32])
torch.Size([32, 256])
torch.Size([32, 32])
torch.Size([32, 256])
torch.Size([32, 32])
torch.Size([32, 256])
torch.Size([32, 32])
torch.Size([32, 256])
torch.Size([32, 32])
torch.Size([32, 256])
torch.Size([32, 32])
torch.Size([32, 256])
torch.Size([32, 32])
torch.Size([32, 256])
torch.Size([32, 32])
torch.Size([32, 256])
torch.Size([32, 32])
torch.Size([32, 256])
torch.Size([32, 32])
torch.Size([30, 256])
torch.Size([30, 32])
torch.Size([32, 256])
torch.Size([32, 32])
torch.Size([32, 256])
torch.Size([32, 32])
torch.Size([32, 256])
torch.Size([32, 32])
torch.Size([32, 256])
torch.Size([32, 32])
torch.Size([32, 256])
torch.Size([32, 32])
torch.Size([15, 256])
torch.Size([15, 32])
Epoch [24/50] - Train Loss: 0.3088, Train Acc: 86.89%, Val Loss: 0.7486, Val Acc: 76.00%
Epoch 25/50 [Train]:  68%|██████▊   | 15/22 [00:04<00:01,  4.33it/s, Loss=0.2985, Acc=87.71%]
torch.Size([32, 256])
torch.Size([32, 32])
torch.Size([32, 256])
torch.Size([32, 32])
torch.Size([32, 256])
torch.Size([32, 32])
torch.Size([32, 256])
torch.Size([32, 32])
torch.Size([32, 256])
torch.Size([32, 32])
torch.Size([32, 256])
torch.Size([32, 32])
torch.Size([32, 256])
torch.Size([32, 32])
torch.Size([32, 256])
torch.Size([32, 32])
torch.Size([32, 256])
torch.Size([32, 32])
torch.Size([32, 256])
torch.Size([32, 32])
torch.Size([32, 256])
torch.Size([32, 32])
torch.Size([32, 256])
torch.Size([32, 32])
torch.Size([32, 256])
torch.Size([32, 32])
torch.Size([32, 256])
torch.Size([32, 32])
torch.Size([32, 256])
torch.Size([32, 32])
torch.Size([32, 256])
torch.Size([32, 32])
torch.Size([32, 256])
torch.Size([32, 32])
torch.Size([32, 256])
torch.Size([32, 32])
torch.Size([32, 256])
torch.Size([32, 32])
torch.Size([32, 256])
torch.Size([32, 32])
torch.Size([32, 256])
torch.Size([32, 32])
torch.Size([30, 256])
torch.Size([30, 32])
torch.Size([32, 256])
torch.Size([32, 32])
torch.Size([32, 256])
torch.Size([32, 32])
torch.Size([32, 256])
torch.Size([32, 32])
torch.Size([32, 256])
torch.Size([32, 32])
torch.Size([32, 256])
torch.Size([32, 32])
torch.Size([15, 256])
torch.Size([15, 32])
Epoch [25/50] - Train Loss: 0.3004, Train Acc: 87.61%, Val Loss: 0.3161, Val Acc: 85.14%
Epoch 26/50 [Train]:  68%|██████▊   | 15/22 [00:04<00:01,  4.30it/s, Loss=0.2929, Acc=88.33%]
torch.Size([32, 256])
torch.Size([32, 32])
torch.Size([32, 256])
torch.Size([32, 32])
torch.Size([32, 256])
torch.Size([32, 32])
torch.Size([32, 256])
torch.Size([32, 32])
torch.Size([32, 256])
torch.Size([32, 32])
torch.Size([32, 256])
torch.Size([32, 32])
torch.Size([32, 256])
torch.Size([32, 32])
torch.Size([32, 256])
torch.Size([32, 32])
torch.Size([32, 256])
torch.Size([32, 32])
torch.Size([32, 256])
torch.Size([32, 32])
torch.Size([32, 256])
torch.Size([32, 32])
torch.Size([32, 256])
torch.Size([32, 32])
torch.Size([32, 256])
torch.Size([32, 32])
torch.Size([32, 256])
torch.Size([32, 32])
torch.Size([32, 256])
torch.Size([32, 32])
torch.Size([32, 256])
torch.Size([32, 32])
torch.Size([32, 256])
torch.Size([32, 32])
torch.Size([32, 256])
torch.Size([32, 32])
torch.Size([32, 256])
torch.Size([32, 32])
torch.Size([32, 256])
torch.Size([32, 32])
torch.Size([32, 256])
torch.Size([32, 32])
torch.Size([30, 256])
torch.Size([30, 32])
torch.Size([32, 256])
torch.Size([32, 32])
torch.Size([32, 256])
torch.Size([32, 32])
torch.Size([32, 256])
torch.Size([32, 32])
torch.Size([32, 256])
torch.Size([32, 32])
torch.Size([32, 256])
torch.Size([32, 32])
torch.Size([15, 256])
torch.Size([15, 32])
Epoch [26/50] - Train Loss: 0.3157, Train Acc: 87.04%, Val Loss: 0.3901, Val Acc: 84.00%
Epoch 27/50 [Train]:  68%|██████▊   | 15/22 [00:04<00:01,  4.31it/s, Loss=0.3363, Acc=87.71%]
torch.Size([32, 256])
torch.Size([32, 32])
torch.Size([32, 256])
torch.Size([32, 32])
torch.Size([32, 256])
torch.Size([32, 32])
torch.Size([32, 256])
torch.Size([32, 32])
torch.Size([32, 256])
torch.Size([32, 32])
torch.Size([32, 256])
torch.Size([32, 32])
torch.Size([32, 256])
torch.Size([32, 32])
torch.Size([32, 256])
torch.Size([32, 32])
torch.Size([32, 256])
torch.Size([32, 32])
torch.Size([32, 256])
torch.Size([32, 32])
torch.Size([32, 256])
torch.Size([32, 32])
torch.Size([32, 256])
torch.Size([32, 32])
torch.Size([32, 256])
torch.Size([32, 32])
torch.Size([32, 256])
torch.Size([32, 32])
torch.Size([32, 256])
torch.Size([32, 32])
torch.Size([32, 256])
torch.Size([32, 32])
torch.Size([32, 256])
torch.Size([32, 32])
torch.Size([32, 256])
torch.Size([32, 32])
torch.Size([32, 256])
torch.Size([32, 32])
torch.Size([32, 256])
torch.Size([32, 32])
torch.Size([32, 256])
torch.Size([32, 32])
torch.Size([30, 256])
torch.Size([30, 32])
torch.Size([32, 256])
torch.Size([32, 32])
torch.Size([32, 256])
torch.Size([32, 32])
torch.Size([32, 256])
torch.Size([32, 32])
torch.Size([32, 256])
torch.Size([32, 32])
torch.Size([32, 256])
torch.Size([32, 32])
torch.Size([15, 256])
torch.Size([15, 32])
Epoch [27/50] - Train Loss: 0.3647, Train Acc: 87.04%, Val Loss: 1.3552, Val Acc: 55.43%
Epoch 28/50 [Train]:  68%|██████▊   | 15/22 [00:05<00:01,  4.38it/s, Loss=0.3403, Acc=86.25%]
torch.Size([32, 256])
torch.Size([32, 32])
torch.Size([32, 256])
torch.Size([32, 32])
torch.Size([32, 256])
torch.Size([32, 32])
torch.Size([32, 256])
torch.Size([32, 32])
torch.Size([32, 256])
torch.Size([32, 32])
torch.Size([32, 256])
torch.Size([32, 32])
torch.Size([32, 256])
torch.Size([32, 32])
torch.Size([32, 256])
torch.Size([32, 32])
torch.Size([32, 256])
torch.Size([32, 32])
torch.Size([32, 256])
torch.Size([32, 32])
torch.Size([32, 256])
torch.Size([32, 32])
torch.Size([32, 256])
torch.Size([32, 32])
torch.Size([32, 256])
torch.Size([32, 32])
torch.Size([32, 256])
torch.Size([32, 32])
torch.Size([32, 256])
torch.Size([32, 32])
torch.Size([32, 256])
torch.Size([32, 32])
torch.Size([32, 256])
torch.Size([32, 32])
torch.Size([32, 256])
torch.Size([32, 32])
torch.Size([32, 256])
torch.Size([32, 32])
torch.Size([32, 256])
torch.Size([32, 32])
torch.Size([32, 256])
torch.Size([32, 32])
torch.Size([30, 256])
torch.Size([30, 32])
torch.Size([32, 256])
torch.Size([32, 32])
torch.Size([32, 256])
torch.Size([32, 32])
torch.Size([32, 256])
torch.Size([32, 32])
torch.Size([32, 256])
torch.Size([32, 32])
torch.Size([32, 256])
torch.Size([32, 32])
torch.Size([15, 256])
torch.Size([15, 32])
Epoch [28/50] - Train Loss: 0.3726, Train Acc: 84.47%, Val Loss: 5.1197, Val Acc: 36.00%
Epoch 29/50 [Train]:  68%|██████▊   | 15/22 [00:04<00:01,  4.31it/s, Loss=0.3667, Acc=85.00%]
torch.Size([32, 256])
torch.Size([32, 32])
torch.Size([32, 256])
torch.Size([32, 32])
torch.Size([32, 256])
torch.Size([32, 32])
torch.Size([32, 256])
torch.Size([32, 32])
torch.Size([32, 256])
torch.Size([32, 32])
torch.Size([32, 256])
torch.Size([32, 32])
torch.Size([32, 256])
torch.Size([32, 32])
torch.Size([32, 256])
torch.Size([32, 32])
torch.Size([32, 256])
torch.Size([32, 32])
torch.Size([32, 256])
torch.Size([32, 32])
torch.Size([32, 256])
torch.Size([32, 32])
torch.Size([32, 256])
torch.Size([32, 32])
torch.Size([32, 256])
torch.Size([32, 32])
torch.Size([32, 256])
torch.Size([32, 32])
torch.Size([32, 256])
torch.Size([32, 32])
torch.Size([32, 256])
torch.Size([32, 32])
torch.Size([32, 256])
torch.Size([32, 32])
torch.Size([32, 256])
torch.Size([32, 32])
torch.Size([32, 256])
torch.Size([32, 32])
torch.Size([32, 256])
torch.Size([32, 32])
torch.Size([32, 256])
torch.Size([32, 32])
torch.Size([30, 256])
torch.Size([30, 32])
torch.Size([32, 256])
torch.Size([32, 32])
torch.Size([32, 256])
torch.Size([32, 32])
torch.Size([32, 256])
torch.Size([32, 32])
torch.Size([32, 256])
torch.Size([32, 32])
torch.Size([32, 256])
torch.Size([32, 32])
torch.Size([15, 256])
torch.Size([15, 32])
Epoch [29/50] - Train Loss: 0.3304, Train Acc: 86.47%, Val Loss: 0.8512, Val Acc: 73.14%
Epoch 30/50 [Train]:  68%|██████▊   | 15/22 [00:05<00:01,  3.83it/s, Loss=0.3733, Acc=83.54%]
torch.Size([32, 256])
torch.Size([32, 32])
torch.Size([32, 256])
torch.Size([32, 32])
torch.Size([32, 256])
torch.Size([32, 32])
torch.Size([32, 256])
torch.Size([32, 32])
torch.Size([32, 256])
torch.Size([32, 32])
torch.Size([32, 256])
torch.Size([32, 32])
torch.Size([32, 256])
torch.Size([32, 32])
torch.Size([32, 256])
torch.Size([32, 32])
torch.Size([32, 256])
torch.Size([32, 32])
torch.Size([32, 256])
torch.Size([32, 32])
torch.Size([32, 256])
torch.Size([32, 32])
torch.Size([32, 256])
torch.Size([32, 32])
torch.Size([32, 256])
torch.Size([32, 32])
torch.Size([32, 256])
torch.Size([32, 32])
torch.Size([32, 256])
torch.Size([32, 32])
torch.Size([32, 256])
torch.Size([32, 32])
torch.Size([32, 256])
torch.Size([32, 32])
torch.Size([32, 256])
torch.Size([32, 32])
torch.Size([32, 256])
torch.Size([32, 32])
torch.Size([32, 256])
torch.Size([32, 32])
torch.Size([32, 256])
torch.Size([32, 32])
torch.Size([30, 256])
torch.Size([30, 32])
torch.Size([32, 256])
torch.Size([32, 32])
torch.Size([32, 256])
torch.Size([32, 32])
torch.Size([32, 256])
torch.Size([32, 32])
torch.Size([32, 256])
torch.Size([32, 32])
torch.Size([32, 256])
torch.Size([32, 32])
torch.Size([15, 256])
torch.Size([15, 32])
Epoch [30/50] - Train Loss: 0.3646, Train Acc: 84.62%, Val Loss: 7.4507, Val Acc: 36.00%
Epoch 31/50 [Train]:  68%|██████▊   | 15/22 [00:04<00:01,  4.16it/s, Loss=0.3050, Acc=86.88%]
torch.Size([32, 256])
torch.Size([32, 32])
torch.Size([32, 256])
torch.Size([32, 32])
torch.Size([32, 256])
torch.Size([32, 32])
torch.Size([32, 256])
torch.Size([32, 32])
torch.Size([32, 256])
torch.Size([32, 32])
torch.Size([32, 256])
torch.Size([32, 32])
torch.Size([32, 256])
torch.Size([32, 32])
torch.Size([32, 256])
torch.Size([32, 32])
torch.Size([32, 256])
torch.Size([32, 32])
torch.Size([32, 256])
torch.Size([32, 32])
torch.Size([32, 256])
torch.Size([32, 32])
torch.Size([32, 256])
torch.Size([32, 32])
torch.Size([32, 256])
torch.Size([32, 32])
torch.Size([32, 256])
torch.Size([32, 32])
torch.Size([32, 256])
torch.Size([32, 32])
torch.Size([32, 256])
torch.Size([32, 32])
torch.Size([32, 256])
torch.Size([32, 32])
torch.Size([32, 256])
torch.Size([32, 32])
torch.Size([32, 256])
torch.Size([32, 32])
torch.Size([32, 256])
torch.Size([32, 32])
torch.Size([32, 256])
torch.Size([32, 32])
torch.Size([30, 256])
torch.Size([30, 32])
torch.Size([32, 256])
torch.Size([32, 32])
torch.Size([32, 256])
torch.Size([32, 32])
torch.Size([32, 256])
torch.Size([32, 32])
torch.Size([32, 256])
torch.Size([32, 32])
torch.Size([32, 256])
torch.Size([32, 32])
torch.Size([15, 256])
torch.Size([15, 32])
Epoch [31/50] - Train Loss: 0.2892, Train Acc: 87.04%, Val Loss: 0.5864, Val Acc: 78.29%
Epoch 32/50 [Train]:  68%|██████▊   | 15/22 [00:05<00:01,  3.72it/s, Loss=0.2524, Acc=88.96%]
torch.Size([32, 256])
torch.Size([32, 32])
torch.Size([32, 256])
torch.Size([32, 32])
torch.Size([32, 256])
torch.Size([32, 32])
torch.Size([32, 256])
torch.Size([32, 32])
torch.Size([32, 256])
torch.Size([32, 32])
torch.Size([32, 256])
torch.Size([32, 32])
torch.Size([32, 256])
torch.Size([32, 32])
torch.Size([32, 256])
torch.Size([32, 32])
torch.Size([32, 256])
torch.Size([32, 32])
torch.Size([32, 256])
torch.Size([32, 32])
torch.Size([32, 256])
torch.Size([32, 32])
torch.Size([32, 256])
torch.Size([32, 32])
torch.Size([32, 256])
torch.Size([32, 32])
torch.Size([32, 256])
torch.Size([32, 32])
torch.Size([32, 256])
torch.Size([32, 32])
torch.Size([32, 256])
torch.Size([32, 32])
torch.Size([32, 256])
torch.Size([32, 32])
torch.Size([32, 256])
torch.Size([32, 32])
torch.Size([32, 256])
torch.Size([32, 32])
torch.Size([32, 256])
torch.Size([32, 32])
torch.Size([32, 256])
torch.Size([32, 32])
torch.Size([30, 256])
torch.Size([30, 32])
torch.Size([32, 256])
torch.Size([32, 32])
torch.Size([32, 256])
torch.Size([32, 32])
torch.Size([32, 256])
torch.Size([32, 32])
torch.Size([32, 256])
torch.Size([32, 32])
torch.Size([32, 256])
torch.Size([32, 32])
torch.Size([15, 256])
torch.Size([15, 32])
Epoch [32/50] - Train Loss: 0.2629, Train Acc: 88.46%, Val Loss: 2.0151, Val Acc: 54.86%
Epoch 33/50 [Train]:  68%|██████▊   | 15/22 [00:04<00:01,  3.94it/s, Loss=0.2820, Acc=88.96%]
torch.Size([32, 256])
torch.Size([32, 32])
torch.Size([32, 256])
torch.Size([32, 32])
torch.Size([32, 256])
torch.Size([32, 32])
torch.Size([32, 256])
torch.Size([32, 32])
torch.Size([32, 256])
torch.Size([32, 32])
torch.Size([32, 256])
torch.Size([32, 32])
torch.Size([32, 256])
torch.Size([32, 32])
torch.Size([32, 256])
torch.Size([32, 32])
torch.Size([32, 256])
torch.Size([32, 32])
torch.Size([32, 256])
torch.Size([32, 32])
torch.Size([32, 256])
torch.Size([32, 32])
torch.Size([32, 256])
torch.Size([32, 32])
torch.Size([32, 256])
torch.Size([32, 32])
torch.Size([32, 256])
torch.Size([32, 32])
torch.Size([32, 256])
torch.Size([32, 32])
torch.Size([32, 256])
torch.Size([32, 32])
torch.Size([32, 256])
torch.Size([32, 32])
torch.Size([32, 256])
torch.Size([32, 32])
torch.Size([32, 256])
torch.Size([32, 32])
torch.Size([32, 256])
torch.Size([32, 32])
torch.Size([32, 256])
torch.Size([32, 32])
torch.Size([30, 256])
torch.Size([30, 32])
torch.Size([32, 256])
torch.Size([32, 32])
torch.Size([32, 256])
torch.Size([32, 32])
torch.Size([32, 256])
torch.Size([32, 32])
torch.Size([32, 256])
torch.Size([32, 32])
torch.Size([32, 256])
torch.Size([32, 32])
torch.Size([15, 256])
torch.Size([15, 32])
Epoch [33/50] - Train Loss: 0.2896, Train Acc: 89.32%, Val Loss: 0.8732, Val Acc: 68.00%
Epoch 34/50 [Train]:  68%|██████▊   | 15/22 [00:04<00:01,  3.94it/s, Loss=0.2966, Acc=88.33%]
torch.Size([32, 256])
torch.Size([32, 32])
torch.Size([32, 256])
torch.Size([32, 32])
torch.Size([32, 256])
torch.Size([32, 32])
torch.Size([32, 256])
torch.Size([32, 32])
torch.Size([32, 256])
torch.Size([32, 32])
torch.Size([32, 256])
torch.Size([32, 32])
torch.Size([32, 256])
torch.Size([32, 32])
torch.Size([32, 256])
torch.Size([32, 32])
torch.Size([32, 256])
torch.Size([32, 32])
torch.Size([32, 256])
torch.Size([32, 32])
torch.Size([32, 256])
torch.Size([32, 32])
torch.Size([32, 256])
torch.Size([32, 32])
torch.Size([32, 256])
torch.Size([32, 32])
torch.Size([32, 256])
torch.Size([32, 32])
torch.Size([32, 256])
torch.Size([32, 32])
torch.Size([32, 256])
torch.Size([32, 32])
torch.Size([32, 256])
torch.Size([32, 32])
torch.Size([32, 256])
torch.Size([32, 32])
torch.Size([32, 256])
torch.Size([32, 32])
torch.Size([32, 256])
torch.Size([32, 32])
torch.Size([32, 256])
torch.Size([32, 32])
torch.Size([30, 256])
torch.Size([30, 32])
torch.Size([32, 256])
torch.Size([32, 32])
torch.Size([32, 256])
torch.Size([32, 32])
torch.Size([32, 256])
torch.Size([32, 32])
torch.Size([32, 256])
torch.Size([32, 32])
torch.Size([32, 256])
torch.Size([32, 32])
torch.Size([15, 256])
torch.Size([15, 32])
Epoch [34/50] - Train Loss: 0.3116, Train Acc: 88.18%, Val Loss: 2.0725, Val Acc: 55.43%
Epoch 35/50 [Train]:  68%|██████▊   | 15/22 [00:04<00:01,  4.31it/s, Loss=0.2681, Acc=87.92%]
torch.Size([32, 256])
torch.Size([32, 32])
torch.Size([32, 256])
torch.Size([32, 32])
torch.Size([32, 256])
torch.Size([32, 32])
torch.Size([32, 256])
torch.Size([32, 32])
torch.Size([32, 256])
torch.Size([32, 32])
torch.Size([32, 256])
torch.Size([32, 32])
torch.Size([32, 256])
torch.Size([32, 32])
torch.Size([32, 256])
torch.Size([32, 32])
torch.Size([32, 256])
torch.Size([32, 32])
torch.Size([32, 256])
torch.Size([32, 32])
torch.Size([32, 256])
torch.Size([32, 32])
torch.Size([32, 256])
torch.Size([32, 32])
torch.Size([32, 256])
torch.Size([32, 32])
torch.Size([32, 256])
torch.Size([32, 32])
torch.Size([32, 256])
torch.Size([32, 32])
torch.Size([32, 256])
torch.Size([32, 32])
torch.Size([32, 256])
torch.Size([32, 32])
torch.Size([32, 256])
torch.Size([32, 32])
torch.Size([32, 256])
torch.Size([32, 32])
torch.Size([32, 256])
torch.Size([32, 32])
torch.Size([32, 256])
torch.Size([32, 32])
torch.Size([30, 256])
torch.Size([30, 32])
torch.Size([32, 256])
torch.Size([32, 32])
torch.Size([32, 256])
torch.Size([32, 32])
torch.Size([32, 256])
torch.Size([32, 32])
torch.Size([32, 256])
torch.Size([32, 32])
torch.Size([32, 256])
torch.Size([32, 32])
torch.Size([15, 256])
torch.Size([15, 32])
Epoch [35/50] - Train Loss: 0.2636, Train Acc: 88.60%, Val Loss: 0.3511, Val Acc: 86.29%
Epoch 36/50 [Train]:  68%|██████▊   | 15/22 [00:04<00:01,  4.25it/s, Loss=0.2396, Acc=90.00%]
torch.Size([32, 256])
torch.Size([32, 32])
torch.Size([32, 256])
torch.Size([32, 32])
torch.Size([32, 256])
torch.Size([32, 32])
torch.Size([32, 256])
torch.Size([32, 32])
torch.Size([32, 256])
torch.Size([32, 32])
torch.Size([32, 256])
torch.Size([32, 32])
torch.Size([32, 256])
torch.Size([32, 32])
torch.Size([32, 256])
torch.Size([32, 32])
torch.Size([32, 256])
torch.Size([32, 32])
torch.Size([32, 256])
torch.Size([32, 32])
torch.Size([32, 256])
torch.Size([32, 32])
torch.Size([32, 256])
torch.Size([32, 32])
torch.Size([32, 256])
torch.Size([32, 32])
torch.Size([32, 256])
torch.Size([32, 32])
torch.Size([32, 256])
torch.Size([32, 32])
torch.Size([32, 256])
torch.Size([32, 32])
torch.Size([32, 256])
torch.Size([32, 32])
torch.Size([32, 256])
torch.Size([32, 32])
torch.Size([32, 256])
torch.Size([32, 32])
torch.Size([32, 256])
torch.Size([32, 32])
torch.Size([32, 256])
torch.Size([32, 32])
torch.Size([30, 256])
torch.Size([30, 32])
torch.Size([32, 256])
torch.Size([32, 32])
torch.Size([32, 256])
torch.Size([32, 32])
torch.Size([32, 256])
torch.Size([32, 32])
torch.Size([32, 256])
torch.Size([32, 32])
torch.Size([32, 256])
torch.Size([32, 32])
torch.Size([15, 256])
torch.Size([15, 32])
Epoch [36/50] - Train Loss: 0.2508, Train Acc: 89.32%, Val Loss: 2.0582, Val Acc: 47.43%
Epoch 37/50 [Train]:  68%|██████▊   | 15/22 [00:04<00:01,  4.34it/s, Loss=0.2709, Acc=90.21%]
torch.Size([32, 256])
torch.Size([32, 32])
torch.Size([32, 256])
torch.Size([32, 32])
torch.Size([32, 256])
torch.Size([32, 32])
torch.Size([32, 256])
torch.Size([32, 32])
torch.Size([32, 256])
torch.Size([32, 32])
torch.Size([32, 256])
torch.Size([32, 32])
torch.Size([32, 256])
torch.Size([32, 32])
torch.Size([32, 256])
torch.Size([32, 32])
torch.Size([32, 256])
torch.Size([32, 32])
torch.Size([32, 256])
torch.Size([32, 32])
torch.Size([32, 256])
torch.Size([32, 32])
torch.Size([32, 256])
torch.Size([32, 32])
torch.Size([32, 256])
torch.Size([32, 32])
torch.Size([32, 256])
torch.Size([32, 32])
torch.Size([32, 256])
torch.Size([32, 32])
torch.Size([32, 256])
torch.Size([32, 32])
torch.Size([32, 256])
torch.Size([32, 32])
torch.Size([32, 256])
torch.Size([32, 32])
torch.Size([32, 256])
torch.Size([32, 32])
torch.Size([32, 256])
torch.Size([32, 32])
torch.Size([32, 256])
torch.Size([32, 32])
torch.Size([30, 256])
torch.Size([30, 32])
torch.Size([32, 256])
torch.Size([32, 32])
torch.Size([32, 256])
torch.Size([32, 32])
torch.Size([32, 256])
torch.Size([32, 32])
torch.Size([32, 256])
torch.Size([32, 32])
torch.Size([32, 256])
torch.Size([32, 32])
torch.Size([15, 256])
torch.Size([15, 32])
Epoch [37/50] - Train Loss: 0.2787, Train Acc: 89.46%, Val Loss: 0.5179, Val Acc: 76.57%
Epoch 38/50 [Train]:  68%|██████▊   | 15/22 [00:04<00:01,  4.28it/s, Loss=0.2757, Acc=88.96%]
torch.Size([32, 256])
torch.Size([32, 32])
torch.Size([32, 256])
torch.Size([32, 32])
torch.Size([32, 256])
torch.Size([32, 32])
torch.Size([32, 256])
torch.Size([32, 32])
torch.Size([32, 256])
torch.Size([32, 32])
torch.Size([32, 256])
torch.Size([32, 32])
torch.Size([32, 256])
torch.Size([32, 32])
torch.Size([32, 256])
torch.Size([32, 32])
torch.Size([32, 256])
torch.Size([32, 32])
torch.Size([32, 256])
torch.Size([32, 32])
torch.Size([32, 256])
torch.Size([32, 32])
torch.Size([32, 256])
torch.Size([32, 32])
torch.Size([32, 256])
torch.Size([32, 32])
torch.Size([32, 256])
torch.Size([32, 32])
torch.Size([32, 256])
torch.Size([32, 32])
torch.Size([32, 256])
torch.Size([32, 32])
torch.Size([32, 256])
torch.Size([32, 32])
torch.Size([32, 256])
torch.Size([32, 32])
torch.Size([32, 256])
torch.Size([32, 32])
torch.Size([32, 256])
torch.Size([32, 32])
torch.Size([32, 256])
torch.Size([32, 32])
torch.Size([30, 256])
torch.Size([30, 32])
torch.Size([32, 256])
torch.Size([32, 32])
torch.Size([32, 256])
torch.Size([32, 32])
torch.Size([32, 256])
torch.Size([32, 32])
torch.Size([32, 256])
torch.Size([32, 32])
torch.Size([32, 256])
torch.Size([32, 32])
torch.Size([15, 256])
torch.Size([15, 32])
Epoch [38/50] - Train Loss: 0.2775, Train Acc: 88.32%, Val Loss: 0.4440, Val Acc: 79.43%
Epoch 39/50 [Train]:  68%|██████▊   | 15/22 [00:04<00:01,  4.10it/s, Loss=0.2251, Acc=92.08%]
torch.Size([32, 256])
torch.Size([32, 32])
torch.Size([32, 256])
torch.Size([32, 32])
torch.Size([32, 256])
torch.Size([32, 32])
torch.Size([32, 256])
torch.Size([32, 32])
torch.Size([32, 256])
torch.Size([32, 32])
torch.Size([32, 256])
torch.Size([32, 32])
torch.Size([32, 256])
torch.Size([32, 32])
torch.Size([32, 256])
torch.Size([32, 32])
torch.Size([32, 256])
torch.Size([32, 32])
torch.Size([32, 256])
torch.Size([32, 32])
torch.Size([32, 256])
torch.Size([32, 32])
torch.Size([32, 256])
torch.Size([32, 32])
torch.Size([32, 256])
torch.Size([32, 32])
torch.Size([32, 256])
torch.Size([32, 32])
torch.Size([32, 256])
torch.Size([32, 32])
torch.Size([32, 256])
torch.Size([32, 32])
torch.Size([32, 256])
torch.Size([32, 32])
torch.Size([32, 256])
torch.Size([32, 32])
torch.Size([32, 256])
torch.Size([32, 32])
torch.Size([32, 256])
torch.Size([32, 32])
torch.Size([32, 256])
torch.Size([32, 32])
torch.Size([30, 256])
torch.Size([30, 32])
torch.Size([32, 256])
torch.Size([32, 32])
torch.Size([32, 256])
torch.Size([32, 32])
torch.Size([32, 256])
torch.Size([32, 32])
torch.Size([32, 256])
torch.Size([32, 32])
torch.Size([32, 256])
torch.Size([32, 32])
torch.Size([15, 256])
torch.Size([15, 32])
Epoch [39/50] - Train Loss: 0.2256, Train Acc: 92.02%, Val Loss: 0.8296, Val Acc: 68.57%
Epoch 40/50 [Train]:  68%|██████▊   | 15/22 [00:04<00:01,  4.37it/s, Loss=0.2678, Acc=89.38%]
torch.Size([32, 256])
torch.Size([32, 32])
torch.Size([32, 256])
torch.Size([32, 32])
torch.Size([32, 256])
torch.Size([32, 32])
torch.Size([32, 256])
torch.Size([32, 32])
torch.Size([32, 256])
torch.Size([32, 32])
torch.Size([32, 256])
torch.Size([32, 32])
torch.Size([32, 256])
torch.Size([32, 32])
torch.Size([32, 256])
torch.Size([32, 32])
torch.Size([32, 256])
torch.Size([32, 32])
torch.Size([32, 256])
torch.Size([32, 32])
torch.Size([32, 256])
torch.Size([32, 32])
torch.Size([32, 256])
torch.Size([32, 32])
torch.Size([32, 256])
torch.Size([32, 32])
torch.Size([32, 256])
torch.Size([32, 32])
torch.Size([32, 256])
torch.Size([32, 32])
torch.Size([32, 256])
torch.Size([32, 32])
torch.Size([32, 256])
torch.Size([32, 32])
torch.Size([32, 256])
torch.Size([32, 32])
torch.Size([32, 256])
torch.Size([32, 32])
torch.Size([32, 256])
torch.Size([32, 32])
torch.Size([32, 256])
torch.Size([32, 32])
torch.Size([30, 256])
torch.Size([30, 32])
torch.Size([32, 256])
torch.Size([32, 32])
torch.Size([32, 256])
torch.Size([32, 32])
torch.Size([32, 256])
torch.Size([32, 32])
torch.Size([32, 256])
torch.Size([32, 32])
torch.Size([32, 256])
torch.Size([32, 32])
torch.Size([15, 256])
torch.Size([15, 32])
Epoch [40/50] - Train Loss: 0.2560, Train Acc: 89.46%, Val Loss: 3.5167, Val Acc: 36.00%
Epoch 41/50 [Train]:  68%|██████▊   | 15/22 [00:05<00:01,  3.98it/s, Loss=0.2749, Acc=88.96%]
torch.Size([32, 256])
torch.Size([32, 32])
torch.Size([32, 256])
torch.Size([32, 32])
torch.Size([32, 256])
torch.Size([32, 32])
torch.Size([32, 256])
torch.Size([32, 32])
torch.Size([32, 256])
torch.Size([32, 32])
torch.Size([32, 256])
torch.Size([32, 32])
torch.Size([32, 256])
torch.Size([32, 32])
torch.Size([32, 256])
torch.Size([32, 32])
torch.Size([32, 256])
torch.Size([32, 32])
torch.Size([32, 256])
torch.Size([32, 32])
torch.Size([32, 256])
torch.Size([32, 32])
torch.Size([32, 256])
torch.Size([32, 32])
torch.Size([32, 256])
torch.Size([32, 32])
torch.Size([32, 256])
torch.Size([32, 32])
torch.Size([32, 256])
torch.Size([32, 32])
torch.Size([32, 256])
torch.Size([32, 32])
torch.Size([32, 256])
torch.Size([32, 32])
torch.Size([32, 256])
torch.Size([32, 32])
torch.Size([32, 256])
torch.Size([32, 32])
torch.Size([32, 256])
torch.Size([32, 32])
torch.Size([32, 256])
torch.Size([32, 32])
torch.Size([30, 256])
torch.Size([30, 32])
torch.Size([32, 256])
torch.Size([32, 32])
torch.Size([32, 256])
torch.Size([32, 32])
torch.Size([32, 256])
torch.Size([32, 32])
torch.Size([32, 256])
torch.Size([32, 32])
torch.Size([32, 256])
torch.Size([32, 32])
torch.Size([15, 256])
torch.Size([15, 32])
Epoch [41/50] - Train Loss: 0.2587, Train Acc: 88.60%, Val Loss: 2.2103, Val Acc: 42.29%
Epoch 42/50 [Train]:  68%|██████▊   | 15/22 [00:05<00:01,  3.90it/s, Loss=0.2098, Acc=91.46%]
torch.Size([32, 256])
torch.Size([32, 32])
torch.Size([32, 256])
torch.Size([32, 32])
torch.Size([32, 256])
torch.Size([32, 32])
torch.Size([32, 256])
torch.Size([32, 32])
torch.Size([32, 256])
torch.Size([32, 32])
torch.Size([32, 256])
torch.Size([32, 32])
torch.Size([32, 256])
torch.Size([32, 32])
torch.Size([32, 256])
torch.Size([32, 32])
torch.Size([32, 256])
torch.Size([32, 32])
torch.Size([32, 256])
torch.Size([32, 32])
torch.Size([32, 256])
torch.Size([32, 32])
torch.Size([32, 256])
torch.Size([32, 32])
torch.Size([32, 256])
torch.Size([32, 32])
torch.Size([32, 256])
torch.Size([32, 32])
torch.Size([32, 256])
torch.Size([32, 32])
torch.Size([32, 256])
torch.Size([32, 32])
torch.Size([32, 256])
torch.Size([32, 32])
torch.Size([32, 256])
torch.Size([32, 32])
torch.Size([32, 256])
torch.Size([32, 32])
torch.Size([32, 256])
torch.Size([32, 32])
torch.Size([32, 256])
torch.Size([32, 32])
torch.Size([30, 256])
torch.Size([30, 32])
torch.Size([32, 256])
torch.Size([32, 32])
torch.Size([32, 256])
torch.Size([32, 32])
torch.Size([32, 256])
torch.Size([32, 32])
torch.Size([32, 256])
torch.Size([32, 32])
torch.Size([32, 256])
torch.Size([32, 32])
torch.Size([15, 256])
torch.Size([15, 32])
Epoch [42/50] - Train Loss: 0.2261, Train Acc: 90.46%, Val Loss: 1.0108, Val Acc: 71.43%
Epoch 43/50 [Train]:  68%|██████▊   | 15/22 [00:04<00:01,  4.27it/s, Loss=0.2286, Acc=90.62%]
torch.Size([32, 256])
torch.Size([32, 32])
torch.Size([32, 256])
torch.Size([32, 32])
torch.Size([32, 256])
torch.Size([32, 32])
torch.Size([32, 256])
torch.Size([32, 32])
torch.Size([32, 256])
torch.Size([32, 32])
torch.Size([32, 256])
torch.Size([32, 32])
torch.Size([32, 256])
torch.Size([32, 32])
torch.Size([32, 256])
torch.Size([32, 32])
torch.Size([32, 256])
torch.Size([32, 32])
torch.Size([32, 256])
torch.Size([32, 32])
torch.Size([32, 256])
torch.Size([32, 32])
torch.Size([32, 256])
torch.Size([32, 32])
torch.Size([32, 256])
torch.Size([32, 32])
torch.Size([32, 256])
torch.Size([32, 32])
torch.Size([32, 256])
torch.Size([32, 32])
torch.Size([32, 256])
torch.Size([32, 32])
torch.Size([32, 256])
torch.Size([32, 32])
torch.Size([32, 256])
torch.Size([32, 32])
torch.Size([32, 256])
torch.Size([32, 32])
torch.Size([32, 256])
torch.Size([32, 32])
torch.Size([32, 256])
torch.Size([32, 32])
torch.Size([30, 256])
torch.Size([30, 32])
torch.Size([32, 256])
torch.Size([32, 32])
torch.Size([32, 256])
torch.Size([32, 32])
torch.Size([32, 256])
torch.Size([32, 32])
torch.Size([32, 256])
torch.Size([32, 32])
torch.Size([32, 256])
torch.Size([32, 32])
torch.Size([15, 256])
torch.Size([15, 32])
Epoch [43/50] - Train Loss: 0.2380, Train Acc: 90.46%, Val Loss: 3.4239, Val Acc: 36.57%
Epoch 44/50 [Train]:  68%|██████▊   | 15/22 [00:04<00:01,  4.18it/s, Loss=0.1979, Acc=92.29%]
torch.Size([32, 256])
torch.Size([32, 32])
torch.Size([32, 256])
torch.Size([32, 32])
torch.Size([32, 256])
torch.Size([32, 32])
torch.Size([32, 256])
torch.Size([32, 32])
torch.Size([32, 256])
torch.Size([32, 32])
torch.Size([32, 256])
torch.Size([32, 32])
torch.Size([32, 256])
torch.Size([32, 32])
torch.Size([32, 256])
torch.Size([32, 32])
torch.Size([32, 256])
torch.Size([32, 32])
torch.Size([32, 256])
torch.Size([32, 32])
torch.Size([32, 256])
torch.Size([32, 32])
torch.Size([32, 256])
torch.Size([32, 32])
torch.Size([32, 256])
torch.Size([32, 32])
torch.Size([32, 256])
torch.Size([32, 32])
torch.Size([32, 256])
torch.Size([32, 32])
torch.Size([32, 256])
torch.Size([32, 32])
torch.Size([32, 256])
torch.Size([32, 32])
torch.Size([32, 256])
torch.Size([32, 32])
torch.Size([32, 256])
torch.Size([32, 32])
torch.Size([32, 256])
torch.Size([32, 32])
torch.Size([32, 256])
torch.Size([32, 32])
torch.Size([30, 256])
torch.Size([30, 32])
torch.Size([32, 256])
torch.Size([32, 32])
torch.Size([32, 256])
torch.Size([32, 32])
torch.Size([32, 256])
torch.Size([32, 32])
torch.Size([32, 256])
torch.Size([32, 32])
torch.Size([32, 256])
torch.Size([32, 32])
torch.Size([15, 256])
torch.Size([15, 32])
Epoch [44/50] - Train Loss: 0.2257, Train Acc: 90.60%, Val Loss: 1.5291, Val Acc: 55.43%
Epoch 45/50 [Train]:  68%|██████▊   | 15/22 [00:04<00:01,  4.58it/s, Loss=0.2354, Acc=90.62%]
torch.Size([32, 256])
torch.Size([32, 32])
torch.Size([32, 256])
torch.Size([32, 32])
torch.Size([32, 256])
torch.Size([32, 32])
torch.Size([32, 256])
torch.Size([32, 32])
torch.Size([32, 256])
torch.Size([32, 32])
torch.Size([32, 256])
torch.Size([32, 32])
torch.Size([32, 256])
torch.Size([32, 32])
torch.Size([32, 256])
torch.Size([32, 32])
torch.Size([32, 256])
torch.Size([32, 32])
torch.Size([32, 256])
torch.Size([32, 32])
torch.Size([32, 256])
torch.Size([32, 32])
torch.Size([32, 256])
torch.Size([32, 32])
torch.Size([32, 256])
torch.Size([32, 32])
torch.Size([32, 256])
torch.Size([32, 32])
torch.Size([32, 256])
torch.Size([32, 32])
torch.Size([32, 256])
torch.Size([32, 32])
torch.Size([32, 256])
torch.Size([32, 32])
torch.Size([32, 256])
torch.Size([32, 32])
torch.Size([32, 256])
torch.Size([32, 32])
torch.Size([32, 256])
torch.Size([32, 32])
torch.Size([32, 256])
torch.Size([32, 32])
torch.Size([30, 256])
torch.Size([30, 32])
torch.Size([32, 256])
torch.Size([32, 32])
torch.Size([32, 256])
torch.Size([32, 32])
torch.Size([32, 256])
torch.Size([32, 32])
torch.Size([32, 256])
torch.Size([32, 32])
torch.Size([32, 256])
torch.Size([32, 32])
torch.Size([15, 256])
torch.Size([15, 32])
Epoch [45/50] - Train Loss: 0.2536, Train Acc: 89.89%, Val Loss: 0.7750, Val Acc: 85.71%
Epoch 46/50 [Train]:  68%|██████▊   | 15/22 [00:04<00:01,  4.58it/s, Loss=0.2341, Acc=90.83%]
torch.Size([32, 256])
torch.Size([32, 32])
torch.Size([32, 256])
torch.Size([32, 32])
torch.Size([32, 256])
torch.Size([32, 32])
torch.Size([32, 256])
torch.Size([32, 32])
torch.Size([32, 256])
torch.Size([32, 32])
torch.Size([32, 256])
torch.Size([32, 32])
torch.Size([32, 256])
torch.Size([32, 32])
torch.Size([32, 256])
torch.Size([32, 32])
torch.Size([32, 256])
torch.Size([32, 32])
torch.Size([32, 256])
torch.Size([32, 32])
torch.Size([32, 256])
torch.Size([32, 32])
torch.Size([32, 256])
torch.Size([32, 32])
torch.Size([32, 256])
torch.Size([32, 32])
torch.Size([32, 256])
torch.Size([32, 32])
torch.Size([32, 256])
torch.Size([32, 32])
torch.Size([32, 256])
torch.Size([32, 32])
torch.Size([32, 256])
torch.Size([32, 32])
torch.Size([32, 256])
torch.Size([32, 32])
torch.Size([32, 256])
torch.Size([32, 32])
torch.Size([32, 256])
torch.Size([32, 32])
torch.Size([32, 256])
torch.Size([32, 32])
torch.Size([30, 256])
torch.Size([30, 32])
torch.Size([32, 256])
torch.Size([32, 32])
torch.Size([32, 256])
torch.Size([32, 32])
torch.Size([32, 256])
torch.Size([32, 32])
torch.Size([32, 256])
torch.Size([32, 32])
torch.Size([32, 256])
torch.Size([32, 32])
torch.Size([15, 256])
torch.Size([15, 32])
Epoch [46/50] - Train Loss: 0.2251, Train Acc: 91.31%, Val Loss: 0.4016, Val Acc: 82.29%
Epoch 47/50 [Train]:  68%|██████▊   | 15/22 [00:05<00:01,  4.08it/s, Loss=0.1896, Acc=91.25%]
torch.Size([32, 256])
torch.Size([32, 32])
torch.Size([32, 256])
torch.Size([32, 32])
torch.Size([32, 256])
torch.Size([32, 32])
torch.Size([32, 256])
torch.Size([32, 32])
torch.Size([32, 256])
torch.Size([32, 32])
torch.Size([32, 256])
torch.Size([32, 32])
torch.Size([32, 256])
torch.Size([32, 32])
torch.Size([32, 256])
torch.Size([32, 32])
torch.Size([32, 256])
torch.Size([32, 32])
torch.Size([32, 256])
torch.Size([32, 32])
torch.Size([32, 256])
torch.Size([32, 32])
torch.Size([32, 256])
torch.Size([32, 32])
torch.Size([32, 256])
torch.Size([32, 32])
torch.Size([32, 256])
torch.Size([32, 32])
torch.Size([32, 256])
torch.Size([32, 32])
torch.Size([32, 256])
torch.Size([32, 32])
torch.Size([32, 256])
torch.Size([32, 32])
torch.Size([32, 256])
torch.Size([32, 32])
torch.Size([32, 256])
torch.Size([32, 32])
torch.Size([32, 256])
torch.Size([32, 32])
torch.Size([32, 256])
torch.Size([32, 32])
torch.Size([30, 256])
torch.Size([30, 32])
torch.Size([32, 256])
torch.Size([32, 32])
torch.Size([32, 256])
torch.Size([32, 32])
torch.Size([32, 256])
torch.Size([32, 32])
torch.Size([32, 256])
torch.Size([32, 32])
torch.Size([32, 256])
torch.Size([32, 32])
torch.Size([15, 256])
torch.Size([15, 32])
Epoch [47/50] - Train Loss: 0.1761, Train Acc: 92.17%, Val Loss: 0.5531, Val Acc: 82.86%
Epoch 48/50 [Train]:  68%|██████▊   | 15/22 [00:04<00:01,  4.25it/s, Loss=0.1782, Acc=92.71%]
torch.Size([32, 256])
torch.Size([32, 32])
torch.Size([32, 256])
torch.Size([32, 32])
torch.Size([32, 256])
torch.Size([32, 32])
torch.Size([32, 256])
torch.Size([32, 32])
torch.Size([32, 256])
torch.Size([32, 32])
torch.Size([32, 256])
torch.Size([32, 32])
torch.Size([32, 256])
torch.Size([32, 32])
torch.Size([32, 256])
torch.Size([32, 32])
torch.Size([32, 256])
torch.Size([32, 32])
torch.Size([32, 256])
torch.Size([32, 32])
torch.Size([32, 256])
torch.Size([32, 32])
torch.Size([32, 256])
torch.Size([32, 32])
torch.Size([32, 256])
torch.Size([32, 32])
torch.Size([32, 256])
torch.Size([32, 32])
torch.Size([32, 256])
torch.Size([32, 32])
torch.Size([32, 256])
torch.Size([32, 32])
torch.Size([32, 256])
torch.Size([32, 32])
torch.Size([32, 256])
torch.Size([32, 32])
torch.Size([32, 256])
torch.Size([32, 32])
torch.Size([32, 256])
torch.Size([32, 32])
torch.Size([32, 256])
torch.Size([32, 32])
torch.Size([30, 256])
torch.Size([30, 32])
torch.Size([32, 256])
torch.Size([32, 32])
torch.Size([32, 256])
torch.Size([32, 32])
torch.Size([32, 256])
torch.Size([32, 32])
torch.Size([32, 256])
torch.Size([32, 32])
torch.Size([32, 256])
torch.Size([32, 32])
torch.Size([15, 256])
torch.Size([15, 32])
Epoch [48/50] - Train Loss: 0.1862, Train Acc: 92.31%, Val Loss: 0.4380, Val Acc: 86.29%
Epoch 49/50 [Train]:  68%|██████▊   | 15/22 [00:05<00:01,  4.23it/s, Loss=0.1995, Acc=91.67%]
torch.Size([32, 256])
torch.Size([32, 32])
torch.Size([32, 256])
torch.Size([32, 32])
torch.Size([32, 256])
torch.Size([32, 32])
torch.Size([32, 256])
torch.Size([32, 32])
torch.Size([32, 256])
torch.Size([32, 32])
torch.Size([32, 256])
torch.Size([32, 32])
torch.Size([32, 256])
torch.Size([32, 32])
torch.Size([32, 256])
torch.Size([32, 32])
torch.Size([32, 256])
torch.Size([32, 32])
torch.Size([32, 256])
torch.Size([32, 32])
torch.Size([32, 256])
torch.Size([32, 32])
torch.Size([32, 256])
torch.Size([32, 32])
torch.Size([32, 256])
torch.Size([32, 32])
torch.Size([32, 256])
torch.Size([32, 32])
torch.Size([32, 256])
torch.Size([32, 32])
torch.Size([32, 256])
torch.Size([32, 32])
torch.Size([32, 256])
torch.Size([32, 32])
torch.Size([32, 256])
torch.Size([32, 32])
torch.Size([32, 256])
torch.Size([32, 32])
torch.Size([32, 256])
torch.Size([32, 32])
torch.Size([32, 256])
torch.Size([32, 32])
torch.Size([30, 256])
torch.Size([30, 32])
torch.Size([32, 256])
torch.Size([32, 32])
torch.Size([32, 256])
torch.Size([32, 32])
torch.Size([32, 256])
torch.Size([32, 32])
torch.Size([32, 256])
torch.Size([32, 32])
torch.Size([32, 256])
torch.Size([32, 32])
torch.Size([15, 256])
torch.Size([15, 32])
Epoch [49/50] - Train Loss: 0.2122, Train Acc: 91.45%, Val Loss: 0.3760, Val Acc: 87.43%
Epoch 50/50 [Train]:  68%|██████▊   | 15/22 [00:04<00:01,  3.95it/s, Loss=0.1637, Acc=94.38%]
torch.Size([32, 256])
torch.Size([32, 32])
torch.Size([32, 256])
torch.Size([32, 32])
torch.Size([32, 256])
torch.Size([32, 32])
torch.Size([32, 256])
torch.Size([32, 32])
torch.Size([32, 256])
torch.Size([32, 32])
torch.Size([32, 256])
torch.Size([32, 32])
torch.Size([32, 256])
torch.Size([32, 32])
torch.Size([32, 256])
torch.Size([32, 32])
torch.Size([32, 256])
torch.Size([32, 32])
torch.Size([32, 256])
torch.Size([32, 32])
torch.Size([32, 256])
torch.Size([32, 32])
torch.Size([32, 256])
torch.Size([32, 32])
torch.Size([32, 256])
torch.Size([32, 32])
torch.Size([32, 256])
torch.Size([32, 32])
torch.Size([32, 256])
torch.Size([32, 32])
torch.Size([32, 256])
torch.Size([32, 32])
torch.Size([32, 256])
torch.Size([32, 32])
torch.Size([32, 256])
torch.Size([32, 32])
torch.Size([32, 256])
torch.Size([32, 32])
torch.Size([32, 256])
torch.Size([32, 32])
torch.Size([32, 256])
torch.Size([32, 32])
torch.Size([30, 256])
torch.Size([30, 32])
torch.Size([32, 256])
torch.Size([32, 32])
torch.Size([32, 256])
torch.Size([32, 32])
torch.Size([32, 256])
torch.Size([32, 32])
torch.Size([32, 256])
torch.Size([32, 32])
torch.Size([32, 256])
torch.Size([32, 32])
torch.Size([15, 256])
torch.Size([15, 32])
Epoch [50/50] - Train Loss: 0.1832, Train Acc: 92.59%, Val Loss: 6.7288, Val Acc: 13.14%
Evaluating model...
Evaluating: 100%|██████████| 7/7 [00:02<00:00,  2.85it/s]
torch.Size([32, 256])
torch.Size([32, 32])
torch.Size([32, 256])
torch.Size([32, 32])
torch.Size([32, 256])
torch.Size([32, 32])
torch.Size([32, 256])
torch.Size([32, 32])
torch.Size([32, 256])
torch.Size([32, 32])
torch.Size([32, 256])
torch.Size([32, 32])
torch.Size([28, 256])
torch.Size([28, 32])
/usr/local/lib/python3.11/dist-packages/sklearn/metrics/_classification.py:1344: UndefinedMetricWarning: Precision is ill-defined and being set to 0.0 in labels with no predicted samples. Use `zero_division` parameter to control this behavior.
  _warn_prf(average, modifier, msg_start, len(result))
Test Results:
Accuracy: 0.1182 (11.82%)
Precision: 0.3929 (39.29%)
Recall: 0.1182 (11.82%)
F1-Score: 0.0464 (4.64%)
AUC-ROC: 0.9282 (92.82%)
Model saved as 'base_ccal.pth'
