Loading dataset...
Creating CCAL model...
Model Parameters: 631,203
Trainable Parameters: 631,203
Starting training...
Epoch 1/50 [Train]:  68%|██████▊   | 15/22 [00:04<00:01,  4.52it/s, Loss=1.1164, Acc=45.21%]
torch.Size([32, 256])
torch.Size([32, 32])
torch.Size([32, 256])
torch.Size([32, 32])
torch.Size([32, 256])
torch.Size([32, 32])
torch.Size([32, 256])
torch.Size([32, 32])
torch.Size([32, 256])
torch.Size([32, 32])
torch.Size([32, 256])
torch.Size([32, 32])
torch.Size([32, 256])
torch.Size([32, 32])
torch.Size([32, 256])
torch.Size([32, 32])
torch.Size([32, 256])
torch.Size([32, 32])
torch.Size([32, 256])
torch.Size([32, 32])
torch.Size([32, 256])
torch.Size([32, 32])
torch.Size([32, 256])
torch.Size([32, 32])
torch.Size([32, 256])
torch.Size([32, 32])
torch.Size([32, 256])
torch.Size([32, 32])
torch.Size([32, 256])
torch.Size([32, 32])
torch.Size([32, 256])
torch.Size([32, 32])
torch.Size([32, 256])
torch.Size([32, 32])
torch.Size([32, 256])
torch.Size([32, 32])
torch.Size([32, 256])
torch.Size([32, 32])
torch.Size([32, 256])
torch.Size([32, 32])
torch.Size([32, 256])
torch.Size([32, 32])
torch.Size([30, 256])
torch.Size([30, 32])
torch.Size([32, 256])
torch.Size([32, 32])
torch.Size([32, 256])
torch.Size([32, 32])
torch.Size([32, 256])
torch.Size([32, 32])
torch.Size([32, 256])
torch.Size([32, 32])
torch.Size([32, 256])
torch.Size([32, 32])
torch.Size([15, 256])
torch.Size([15, 32])
Epoch [1/50] - Train Loss: 1.0647, Train Acc: 50.00%, Val Loss: 1.1779, Val Acc: 40.00%
Epoch 2/50 [Train]:  68%|██████▊   | 15/22 [00:04<00:01,  4.39it/s, Loss=0.6186, Acc=77.29%]
torch.Size([32, 256])
torch.Size([32, 32])
torch.Size([32, 256])
torch.Size([32, 32])
torch.Size([32, 256])
torch.Size([32, 32])
torch.Size([32, 256])
torch.Size([32, 32])
torch.Size([32, 256])
torch.Size([32, 32])
torch.Size([32, 256])
torch.Size([32, 32])
torch.Size([32, 256])
torch.Size([32, 32])
torch.Size([32, 256])
torch.Size([32, 32])
torch.Size([32, 256])
torch.Size([32, 32])
torch.Size([32, 256])
torch.Size([32, 32])
torch.Size([32, 256])
torch.Size([32, 32])
torch.Size([32, 256])
torch.Size([32, 32])
torch.Size([32, 256])
torch.Size([32, 32])
torch.Size([32, 256])
torch.Size([32, 32])
torch.Size([32, 256])
torch.Size([32, 32])
torch.Size([32, 256])
torch.Size([32, 32])
torch.Size([32, 256])
torch.Size([32, 32])
torch.Size([32, 256])
torch.Size([32, 32])
torch.Size([32, 256])
torch.Size([32, 32])
torch.Size([32, 256])
torch.Size([32, 32])
torch.Size([32, 256])
torch.Size([32, 32])
torch.Size([30, 256])
torch.Size([30, 32])
torch.Size([32, 256])
torch.Size([32, 32])
torch.Size([32, 256])
torch.Size([32, 32])
torch.Size([32, 256])
torch.Size([32, 32])
torch.Size([32, 256])
torch.Size([32, 32])
torch.Size([32, 256])
torch.Size([32, 32])
torch.Size([15, 256])
torch.Size([15, 32])
Epoch [2/50] - Train Loss: 0.6188, Train Acc: 76.35%, Val Loss: 0.5951, Val Acc: 78.86%
Epoch 3/50 [Train]:  68%|██████▊   | 15/22 [00:04<00:01,  4.08it/s, Loss=0.5020, Acc=80.62%]
torch.Size([32, 256])
torch.Size([32, 32])
torch.Size([32, 256])
torch.Size([32, 32])
torch.Size([32, 256])
torch.Size([32, 32])
torch.Size([32, 256])
torch.Size([32, 32])
torch.Size([32, 256])
torch.Size([32, 32])
torch.Size([32, 256])
torch.Size([32, 32])
torch.Size([32, 256])
torch.Size([32, 32])
torch.Size([32, 256])
torch.Size([32, 32])
torch.Size([32, 256])
torch.Size([32, 32])
torch.Size([32, 256])
torch.Size([32, 32])
torch.Size([32, 256])
torch.Size([32, 32])
torch.Size([32, 256])
torch.Size([32, 32])
torch.Size([32, 256])
torch.Size([32, 32])
torch.Size([32, 256])
torch.Size([32, 32])
torch.Size([32, 256])
torch.Size([32, 32])
torch.Size([32, 256])
torch.Size([32, 32])
torch.Size([32, 256])
torch.Size([32, 32])
torch.Size([32, 256])
torch.Size([32, 32])
torch.Size([32, 256])
torch.Size([32, 32])
torch.Size([32, 256])
torch.Size([32, 32])
torch.Size([32, 256])
torch.Size([32, 32])
torch.Size([30, 256])
torch.Size([30, 32])
torch.Size([32, 256])
torch.Size([32, 32])
torch.Size([32, 256])
torch.Size([32, 32])
torch.Size([32, 256])
torch.Size([32, 32])
torch.Size([32, 256])
torch.Size([32, 32])
torch.Size([32, 256])
torch.Size([32, 32])
torch.Size([15, 256])
torch.Size([15, 32])
Epoch [3/50] - Train Loss: 0.4911, Train Acc: 81.62%, Val Loss: 1.3205, Val Acc: 56.00%
Epoch 4/50 [Train]:  68%|██████▊   | 15/22 [00:04<00:01,  4.21it/s, Loss=0.4923, Acc=81.88%]
torch.Size([32, 256])
torch.Size([32, 32])
torch.Size([32, 256])
torch.Size([32, 32])
torch.Size([32, 256])
torch.Size([32, 32])
torch.Size([32, 256])
torch.Size([32, 32])
torch.Size([32, 256])
torch.Size([32, 32])
torch.Size([32, 256])
torch.Size([32, 32])
torch.Size([32, 256])
torch.Size([32, 32])
torch.Size([32, 256])
torch.Size([32, 32])
torch.Size([32, 256])
torch.Size([32, 32])
torch.Size([32, 256])
torch.Size([32, 32])
torch.Size([32, 256])
torch.Size([32, 32])
torch.Size([32, 256])
torch.Size([32, 32])
torch.Size([32, 256])
torch.Size([32, 32])
torch.Size([32, 256])
torch.Size([32, 32])
torch.Size([32, 256])
torch.Size([32, 32])
torch.Size([32, 256])
torch.Size([32, 32])
torch.Size([32, 256])
torch.Size([32, 32])
torch.Size([32, 256])
torch.Size([32, 32])
torch.Size([32, 256])
torch.Size([32, 32])
torch.Size([32, 256])
torch.Size([32, 32])
torch.Size([32, 256])
torch.Size([32, 32])
torch.Size([30, 256])
torch.Size([30, 32])
torch.Size([32, 256])
torch.Size([32, 32])
torch.Size([32, 256])
torch.Size([32, 32])
torch.Size([32, 256])
torch.Size([32, 32])
torch.Size([32, 256])
torch.Size([32, 32])
torch.Size([32, 256])
torch.Size([32, 32])
torch.Size([15, 256])
torch.Size([15, 32])
Epoch [4/50] - Train Loss: 0.4950, Train Acc: 82.48%, Val Loss: 0.6114, Val Acc: 78.29%
Epoch 5/50 [Train]:  68%|██████▊   | 15/22 [00:04<00:01,  3.99it/s, Loss=0.4444, Acc=84.38%]
torch.Size([32, 256])
torch.Size([32, 32])
torch.Size([32, 256])
torch.Size([32, 32])
torch.Size([32, 256])
torch.Size([32, 32])
torch.Size([32, 256])
torch.Size([32, 32])
torch.Size([32, 256])
torch.Size([32, 32])
torch.Size([32, 256])
torch.Size([32, 32])
torch.Size([32, 256])
torch.Size([32, 32])
torch.Size([32, 256])
torch.Size([32, 32])
torch.Size([32, 256])
torch.Size([32, 32])
torch.Size([32, 256])
torch.Size([32, 32])
torch.Size([32, 256])
torch.Size([32, 32])
torch.Size([32, 256])
torch.Size([32, 32])
torch.Size([32, 256])
torch.Size([32, 32])
torch.Size([32, 256])
torch.Size([32, 32])
torch.Size([32, 256])
torch.Size([32, 32])
torch.Size([32, 256])
torch.Size([32, 32])
torch.Size([32, 256])
torch.Size([32, 32])
torch.Size([32, 256])
torch.Size([32, 32])
torch.Size([32, 256])
torch.Size([32, 32])
torch.Size([32, 256])
torch.Size([32, 32])
torch.Size([32, 256])
torch.Size([32, 32])
torch.Size([30, 256])
torch.Size([30, 32])
torch.Size([32, 256])
torch.Size([32, 32])
torch.Size([32, 256])
torch.Size([32, 32])
torch.Size([32, 256])
torch.Size([32, 32])
torch.Size([32, 256])
torch.Size([32, 32])
torch.Size([32, 256])
torch.Size([32, 32])
torch.Size([15, 256])
torch.Size([15, 32])
Epoch [5/50] - Train Loss: 0.4553, Train Acc: 83.62%, Val Loss: 0.7943, Val Acc: 65.71%
Epoch 6/50 [Train]:  68%|██████▊   | 15/22 [00:04<00:01,  4.47it/s, Loss=0.4742, Acc=82.29%]
torch.Size([32, 256])
torch.Size([32, 32])
torch.Size([32, 256])
torch.Size([32, 32])
torch.Size([32, 256])
torch.Size([32, 32])
torch.Size([32, 256])
torch.Size([32, 32])
torch.Size([32, 256])
torch.Size([32, 32])
torch.Size([32, 256])
torch.Size([32, 32])
torch.Size([32, 256])
torch.Size([32, 32])
torch.Size([32, 256])
torch.Size([32, 32])
torch.Size([32, 256])
torch.Size([32, 32])
torch.Size([32, 256])
torch.Size([32, 32])
torch.Size([32, 256])
torch.Size([32, 32])
torch.Size([32, 256])
torch.Size([32, 32])
torch.Size([32, 256])
torch.Size([32, 32])
torch.Size([32, 256])
torch.Size([32, 32])
torch.Size([32, 256])
torch.Size([32, 32])
torch.Size([32, 256])
torch.Size([32, 32])
torch.Size([32, 256])
torch.Size([32, 32])
torch.Size([32, 256])
torch.Size([32, 32])
torch.Size([32, 256])
torch.Size([32, 32])
torch.Size([32, 256])
torch.Size([32, 32])
torch.Size([32, 256])
torch.Size([32, 32])
torch.Size([30, 256])
torch.Size([30, 32])
torch.Size([32, 256])
torch.Size([32, 32])
torch.Size([32, 256])
torch.Size([32, 32])
torch.Size([32, 256])
torch.Size([32, 32])
torch.Size([32, 256])
torch.Size([32, 32])
torch.Size([32, 256])
torch.Size([32, 32])
torch.Size([15, 256])
torch.Size([15, 32])
Epoch [6/50] - Train Loss: 0.4730, Train Acc: 82.48%, Val Loss: 1.8246, Val Acc: 39.43%
Epoch 7/50 [Train]:  68%|██████▊   | 15/22 [00:04<00:01,  4.63it/s, Loss=0.4049, Acc=83.75%]
torch.Size([32, 256])
torch.Size([32, 32])
torch.Size([32, 256])
torch.Size([32, 32])
torch.Size([32, 256])
torch.Size([32, 32])
torch.Size([32, 256])
torch.Size([32, 32])
torch.Size([32, 256])
torch.Size([32, 32])
torch.Size([32, 256])
torch.Size([32, 32])
torch.Size([32, 256])
torch.Size([32, 32])
torch.Size([32, 256])
torch.Size([32, 32])
torch.Size([32, 256])
torch.Size([32, 32])
torch.Size([32, 256])
torch.Size([32, 32])
torch.Size([32, 256])
torch.Size([32, 32])
torch.Size([32, 256])
torch.Size([32, 32])
torch.Size([32, 256])
torch.Size([32, 32])
torch.Size([32, 256])
torch.Size([32, 32])
torch.Size([32, 256])
torch.Size([32, 32])
torch.Size([32, 256])
torch.Size([32, 32])
torch.Size([32, 256])
torch.Size([32, 32])
torch.Size([32, 256])
torch.Size([32, 32])
torch.Size([32, 256])
torch.Size([32, 32])
torch.Size([32, 256])
torch.Size([32, 32])
torch.Size([32, 256])
torch.Size([32, 32])
torch.Size([30, 256])
torch.Size([30, 32])
torch.Size([32, 256])
torch.Size([32, 32])
torch.Size([32, 256])
torch.Size([32, 32])
torch.Size([32, 256])
torch.Size([32, 32])
torch.Size([32, 256])
torch.Size([32, 32])
torch.Size([32, 256])
torch.Size([32, 32])
torch.Size([15, 256])
torch.Size([15, 32])
Epoch [7/50] - Train Loss: 0.4191, Train Acc: 82.91%, Val Loss: 0.8290, Val Acc: 63.43%
Epoch 8/50 [Train]:  68%|██████▊   | 15/22 [00:04<00:01,  4.33it/s, Loss=0.3290, Acc=87.92%]
torch.Size([32, 256])
torch.Size([32, 32])
torch.Size([32, 256])
torch.Size([32, 32])
torch.Size([32, 256])
torch.Size([32, 32])
torch.Size([32, 256])
torch.Size([32, 32])
torch.Size([32, 256])
torch.Size([32, 32])
torch.Size([32, 256])
torch.Size([32, 32])
torch.Size([32, 256])
torch.Size([32, 32])
torch.Size([32, 256])
torch.Size([32, 32])
torch.Size([32, 256])
torch.Size([32, 32])
torch.Size([32, 256])
torch.Size([32, 32])
torch.Size([32, 256])
torch.Size([32, 32])
torch.Size([32, 256])
torch.Size([32, 32])
torch.Size([32, 256])
torch.Size([32, 32])
torch.Size([32, 256])
torch.Size([32, 32])
torch.Size([32, 256])
torch.Size([32, 32])
torch.Size([32, 256])
torch.Size([32, 32])
torch.Size([32, 256])
torch.Size([32, 32])
torch.Size([32, 256])
torch.Size([32, 32])
torch.Size([32, 256])
torch.Size([32, 32])
torch.Size([32, 256])
torch.Size([32, 32])
torch.Size([32, 256])
torch.Size([32, 32])
torch.Size([30, 256])
torch.Size([30, 32])
torch.Size([32, 256])
torch.Size([32, 32])
torch.Size([32, 256])
torch.Size([32, 32])
torch.Size([32, 256])
torch.Size([32, 32])
torch.Size([32, 256])
torch.Size([32, 32])
torch.Size([32, 256])
torch.Size([32, 32])
torch.Size([15, 256])
torch.Size([15, 32])
Epoch [8/50] - Train Loss: 0.3436, Train Acc: 87.32%, Val Loss: 0.3264, Val Acc: 87.43%
Epoch 9/50 [Train]:  68%|██████▊   | 15/22 [00:04<00:01,  4.07it/s, Loss=0.3529, Acc=85.83%]
torch.Size([32, 256])
torch.Size([32, 32])
torch.Size([32, 256])
torch.Size([32, 32])
torch.Size([32, 256])
torch.Size([32, 32])
torch.Size([32, 256])
torch.Size([32, 32])
torch.Size([32, 256])
torch.Size([32, 32])
torch.Size([32, 256])
torch.Size([32, 32])
torch.Size([32, 256])
torch.Size([32, 32])
torch.Size([32, 256])
torch.Size([32, 32])
torch.Size([32, 256])
torch.Size([32, 32])
torch.Size([32, 256])
torch.Size([32, 32])
torch.Size([32, 256])
torch.Size([32, 32])
torch.Size([32, 256])
torch.Size([32, 32])
torch.Size([32, 256])
torch.Size([32, 32])
torch.Size([32, 256])
torch.Size([32, 32])
torch.Size([32, 256])
torch.Size([32, 32])
torch.Size([32, 256])
torch.Size([32, 32])
torch.Size([32, 256])
torch.Size([32, 32])
torch.Size([32, 256])
torch.Size([32, 32])
torch.Size([32, 256])
torch.Size([32, 32])
torch.Size([32, 256])
torch.Size([32, 32])
torch.Size([32, 256])
torch.Size([32, 32])
torch.Size([30, 256])
torch.Size([30, 32])
torch.Size([32, 256])
torch.Size([32, 32])
torch.Size([32, 256])
torch.Size([32, 32])
torch.Size([32, 256])
torch.Size([32, 32])
torch.Size([32, 256])
torch.Size([32, 32])
torch.Size([32, 256])
torch.Size([32, 32])
torch.Size([15, 256])
torch.Size([15, 32])
Epoch [9/50] - Train Loss: 0.3552, Train Acc: 85.47%, Val Loss: 2.3458, Val Acc: 11.43%
Epoch 10/50 [Train]:  68%|██████▊   | 15/22 [00:04<00:01,  4.61it/s, Loss=0.3524, Acc=86.46%]
torch.Size([32, 256])
torch.Size([32, 32])
torch.Size([32, 256])
torch.Size([32, 32])
torch.Size([32, 256])
torch.Size([32, 32])
torch.Size([32, 256])
torch.Size([32, 32])
torch.Size([32, 256])
torch.Size([32, 32])
torch.Size([32, 256])
torch.Size([32, 32])
torch.Size([32, 256])
torch.Size([32, 32])
torch.Size([32, 256])
torch.Size([32, 32])
torch.Size([32, 256])
torch.Size([32, 32])
torch.Size([32, 256])
torch.Size([32, 32])
torch.Size([32, 256])
torch.Size([32, 32])
torch.Size([32, 256])
torch.Size([32, 32])
torch.Size([32, 256])
torch.Size([32, 32])
torch.Size([32, 256])
torch.Size([32, 32])
torch.Size([32, 256])
torch.Size([32, 32])
torch.Size([32, 256])
torch.Size([32, 32])
torch.Size([32, 256])
torch.Size([32, 32])
torch.Size([32, 256])
torch.Size([32, 32])
torch.Size([32, 256])
torch.Size([32, 32])
torch.Size([32, 256])
torch.Size([32, 32])
torch.Size([32, 256])
torch.Size([32, 32])
torch.Size([30, 256])
torch.Size([30, 32])
torch.Size([32, 256])
torch.Size([32, 32])
torch.Size([32, 256])
torch.Size([32, 32])
torch.Size([32, 256])
torch.Size([32, 32])
torch.Size([32, 256])
torch.Size([32, 32])
torch.Size([32, 256])
torch.Size([32, 32])
torch.Size([15, 256])
torch.Size([15, 32])
Epoch [10/50] - Train Loss: 0.3323, Train Acc: 87.04%, Val Loss: 0.2627, Val Acc: 92.00%
Epoch 11/50 [Train]:  68%|██████▊   | 15/22 [00:04<00:01,  4.06it/s, Loss=0.2780, Acc=90.00%]
torch.Size([32, 256])
torch.Size([32, 32])
torch.Size([32, 256])
torch.Size([32, 32])
torch.Size([32, 256])
torch.Size([32, 32])
torch.Size([32, 256])
torch.Size([32, 32])
torch.Size([32, 256])
torch.Size([32, 32])
torch.Size([32, 256])
torch.Size([32, 32])
torch.Size([32, 256])
torch.Size([32, 32])
torch.Size([32, 256])
torch.Size([32, 32])
torch.Size([32, 256])
torch.Size([32, 32])
torch.Size([32, 256])
torch.Size([32, 32])
torch.Size([32, 256])
torch.Size([32, 32])
torch.Size([32, 256])
torch.Size([32, 32])
torch.Size([32, 256])
torch.Size([32, 32])
torch.Size([32, 256])
torch.Size([32, 32])
torch.Size([32, 256])
torch.Size([32, 32])
torch.Size([32, 256])
torch.Size([32, 32])
torch.Size([32, 256])
torch.Size([32, 32])
torch.Size([32, 256])
torch.Size([32, 32])
torch.Size([32, 256])
torch.Size([32, 32])
torch.Size([32, 256])
torch.Size([32, 32])
torch.Size([32, 256])
torch.Size([32, 32])
torch.Size([30, 256])
torch.Size([30, 32])
torch.Size([32, 256])
torch.Size([32, 32])
torch.Size([32, 256])
torch.Size([32, 32])
torch.Size([32, 256])
torch.Size([32, 32])
torch.Size([32, 256])
torch.Size([32, 32])
torch.Size([32, 256])
torch.Size([32, 32])
torch.Size([15, 256])
torch.Size([15, 32])
Epoch [11/50] - Train Loss: 0.2794, Train Acc: 89.60%, Val Loss: 0.5197, Val Acc: 83.43%
Epoch 12/50 [Train]:  68%|██████▊   | 15/22 [00:04<00:01,  4.64it/s, Loss=0.2255, Acc=92.71%]
torch.Size([32, 256])
torch.Size([32, 32])
torch.Size([32, 256])
torch.Size([32, 32])
torch.Size([32, 256])
torch.Size([32, 32])
torch.Size([32, 256])
torch.Size([32, 32])
torch.Size([32, 256])
torch.Size([32, 32])
torch.Size([32, 256])
torch.Size([32, 32])
torch.Size([32, 256])
torch.Size([32, 32])
torch.Size([32, 256])
torch.Size([32, 32])
torch.Size([32, 256])
torch.Size([32, 32])
torch.Size([32, 256])
torch.Size([32, 32])
torch.Size([32, 256])
torch.Size([32, 32])
torch.Size([32, 256])
torch.Size([32, 32])
torch.Size([32, 256])
torch.Size([32, 32])
torch.Size([32, 256])
torch.Size([32, 32])
torch.Size([32, 256])
torch.Size([32, 32])
torch.Size([32, 256])
torch.Size([32, 32])
torch.Size([32, 256])
torch.Size([32, 32])
torch.Size([32, 256])
torch.Size([32, 32])
torch.Size([32, 256])
torch.Size([32, 32])
torch.Size([32, 256])
torch.Size([32, 32])
torch.Size([32, 256])
torch.Size([32, 32])
torch.Size([30, 256])
torch.Size([30, 32])
torch.Size([32, 256])
torch.Size([32, 32])
torch.Size([32, 256])
torch.Size([32, 32])
torch.Size([32, 256])
torch.Size([32, 32])
torch.Size([32, 256])
torch.Size([32, 32])
torch.Size([32, 256])
torch.Size([32, 32])
torch.Size([15, 256])
torch.Size([15, 32])
Epoch [12/50] - Train Loss: 0.2355, Train Acc: 92.31%, Val Loss: 0.3107, Val Acc: 85.14%
Epoch 13/50 [Train]:  68%|██████▊   | 15/22 [00:04<00:01,  4.46it/s, Loss=0.2464, Acc=90.83%]
torch.Size([32, 256])
torch.Size([32, 32])
torch.Size([32, 256])
torch.Size([32, 32])
torch.Size([32, 256])
torch.Size([32, 32])
torch.Size([32, 256])
torch.Size([32, 32])
torch.Size([32, 256])
torch.Size([32, 32])
torch.Size([32, 256])
torch.Size([32, 32])
torch.Size([32, 256])
torch.Size([32, 32])
torch.Size([32, 256])
torch.Size([32, 32])
torch.Size([32, 256])
torch.Size([32, 32])
torch.Size([32, 256])
torch.Size([32, 32])
torch.Size([32, 256])
torch.Size([32, 32])
torch.Size([32, 256])
torch.Size([32, 32])
torch.Size([32, 256])
torch.Size([32, 32])
torch.Size([32, 256])
torch.Size([32, 32])
torch.Size([32, 256])
torch.Size([32, 32])
torch.Size([32, 256])
torch.Size([32, 32])
torch.Size([32, 256])
torch.Size([32, 32])
torch.Size([32, 256])
torch.Size([32, 32])
torch.Size([32, 256])
torch.Size([32, 32])
torch.Size([32, 256])
torch.Size([32, 32])
torch.Size([32, 256])
torch.Size([32, 32])
torch.Size([30, 256])
torch.Size([30, 32])
torch.Size([32, 256])
torch.Size([32, 32])
torch.Size([32, 256])
torch.Size([32, 32])
torch.Size([32, 256])
torch.Size([32, 32])
torch.Size([32, 256])
torch.Size([32, 32])
torch.Size([32, 256])
torch.Size([32, 32])
torch.Size([15, 256])
torch.Size([15, 32])
Epoch [13/50] - Train Loss: 0.2638, Train Acc: 90.31%, Val Loss: 1.6342, Val Acc: 58.86%
Epoch 14/50 [Train]:  64%|██████▎   | 14/22 [00:04<00:02,  3.40it/s, Loss=0.1599, Acc=93.96%]
torch.Size([32, 256])
torch.Size([32, 32])
torch.Size([32, 256])
torch.Size([32, 32])
torch.Size([32, 256])
torch.Size([32, 32])
torch.Size([32, 256])
torch.Size([32, 32])
torch.Size([32, 256])
torch.Size([32, 32])
torch.Size([32, 256])
torch.Size([32, 32])
torch.Size([32, 256])
torch.Size([32, 32])
torch.Size([32, 256])
torch.Size([32, 32])
torch.Size([32, 256])
torch.Size([32, 32])
torch.Size([32, 256])
torch.Size([32, 32])
torch.Size([32, 256])
torch.Size([32, 32])
torch.Size([32, 256])
torch.Size([32, 32])
torch.Size([32, 256])
torch.Size([32, 32])
torch.Size([32, 256])
torch.Size([32, 32])
torch.Size([32, 256])
torch.Size([32, 32])
torch.Size([32, 256])
torch.Size([32, 32])
torch.Size([32, 256])
torch.Size([32, 32])
torch.Size([32, 256])
torch.Size([32, 32])
torch.Size([32, 256])
torch.Size([32, 32])
torch.Size([32, 256])
torch.Size([32, 32])
torch.Size([32, 256])
torch.Size([32, 32])
torch.Size([30, 256])
torch.Size([30, 32])
torch.Size([32, 256])
torch.Size([32, 32])
torch.Size([32, 256])
torch.Size([32, 32])
torch.Size([32, 256])
torch.Size([32, 32])
torch.Size([32, 256])
torch.Size([32, 32])
torch.Size([32, 256])
torch.Size([32, 32])
torch.Size([15, 256])
torch.Size([15, 32])
Epoch [14/50] - Train Loss: 0.1604, Train Acc: 94.02%, Val Loss: 0.2351, Val Acc: 93.14%
Epoch 15/50 [Train]:  68%|██████▊   | 15/22 [00:05<00:01,  4.27it/s, Loss=0.1362, Acc=95.00%]
torch.Size([32, 256])
torch.Size([32, 32])
torch.Size([32, 256])
torch.Size([32, 32])
torch.Size([32, 256])
torch.Size([32, 32])
torch.Size([32, 256])
torch.Size([32, 32])
torch.Size([32, 256])
torch.Size([32, 32])
torch.Size([32, 256])
torch.Size([32, 32])
torch.Size([32, 256])
torch.Size([32, 32])
torch.Size([32, 256])
torch.Size([32, 32])
torch.Size([32, 256])
torch.Size([32, 32])
torch.Size([32, 256])
torch.Size([32, 32])
torch.Size([32, 256])
torch.Size([32, 32])
torch.Size([32, 256])
torch.Size([32, 32])
torch.Size([32, 256])
torch.Size([32, 32])
torch.Size([32, 256])
torch.Size([32, 32])
torch.Size([32, 256])
torch.Size([32, 32])
torch.Size([32, 256])
torch.Size([32, 32])
torch.Size([32, 256])
torch.Size([32, 32])
torch.Size([32, 256])
torch.Size([32, 32])
torch.Size([32, 256])
torch.Size([32, 32])
torch.Size([32, 256])
torch.Size([32, 32])
torch.Size([32, 256])
torch.Size([32, 32])
torch.Size([30, 256])
torch.Size([30, 32])
torch.Size([32, 256])
torch.Size([32, 32])
torch.Size([32, 256])
torch.Size([32, 32])
torch.Size([32, 256])
torch.Size([32, 32])
torch.Size([32, 256])
torch.Size([32, 32])
torch.Size([32, 256])
torch.Size([32, 32])
torch.Size([15, 256])
torch.Size([15, 32])
Epoch [15/50] - Train Loss: 0.1254, Train Acc: 95.87%, Val Loss: 2.6757, Val Acc: 40.00%
Epoch 16/50 [Train]:  68%|██████▊   | 15/22 [00:04<00:01,  3.91it/s, Loss=0.1006, Acc=96.25%]
torch.Size([32, 256])
torch.Size([32, 32])
torch.Size([32, 256])
torch.Size([32, 32])
torch.Size([32, 256])
torch.Size([32, 32])
torch.Size([32, 256])
torch.Size([32, 32])
torch.Size([32, 256])
torch.Size([32, 32])
torch.Size([32, 256])
torch.Size([32, 32])
torch.Size([32, 256])
torch.Size([32, 32])
torch.Size([32, 256])
torch.Size([32, 32])
torch.Size([32, 256])
torch.Size([32, 32])
torch.Size([32, 256])
torch.Size([32, 32])
torch.Size([32, 256])
torch.Size([32, 32])
torch.Size([32, 256])
torch.Size([32, 32])
torch.Size([32, 256])
torch.Size([32, 32])
torch.Size([32, 256])
torch.Size([32, 32])
torch.Size([32, 256])
torch.Size([32, 32])
torch.Size([32, 256])
torch.Size([32, 32])
torch.Size([32, 256])
torch.Size([32, 32])
torch.Size([32, 256])
torch.Size([32, 32])
torch.Size([32, 256])
torch.Size([32, 32])
torch.Size([32, 256])
torch.Size([32, 32])
torch.Size([32, 256])
torch.Size([32, 32])
torch.Size([30, 256])
torch.Size([30, 32])
torch.Size([32, 256])
torch.Size([32, 32])
torch.Size([32, 256])
torch.Size([32, 32])
torch.Size([32, 256])
torch.Size([32, 32])
torch.Size([32, 256])
torch.Size([32, 32])
torch.Size([32, 256])
torch.Size([32, 32])
torch.Size([15, 256])
torch.Size([15, 32])
Epoch [16/50] - Train Loss: 0.0876, Train Acc: 96.87%, Val Loss: 3.7241, Val Acc: 59.43%
Epoch 17/50 [Train]:  68%|██████▊   | 15/22 [00:04<00:01,  4.11it/s, Loss=0.0914, Acc=97.50%]
torch.Size([32, 256])
torch.Size([32, 32])
torch.Size([32, 256])
torch.Size([32, 32])
torch.Size([32, 256])
torch.Size([32, 32])
torch.Size([32, 256])
torch.Size([32, 32])
torch.Size([32, 256])
torch.Size([32, 32])
torch.Size([32, 256])
torch.Size([32, 32])
torch.Size([32, 256])
torch.Size([32, 32])
torch.Size([32, 256])
torch.Size([32, 32])
torch.Size([32, 256])
torch.Size([32, 32])
torch.Size([32, 256])
torch.Size([32, 32])
torch.Size([32, 256])
torch.Size([32, 32])
torch.Size([32, 256])
torch.Size([32, 32])
torch.Size([32, 256])
torch.Size([32, 32])
torch.Size([32, 256])
torch.Size([32, 32])
torch.Size([32, 256])
torch.Size([32, 32])
torch.Size([32, 256])
torch.Size([32, 32])
torch.Size([32, 256])
torch.Size([32, 32])
torch.Size([32, 256])
torch.Size([32, 32])
torch.Size([32, 256])
torch.Size([32, 32])
torch.Size([32, 256])
torch.Size([32, 32])
torch.Size([32, 256])
torch.Size([32, 32])
torch.Size([30, 256])
torch.Size([30, 32])
torch.Size([32, 256])
torch.Size([32, 32])
torch.Size([32, 256])
torch.Size([32, 32])
torch.Size([32, 256])
torch.Size([32, 32])
torch.Size([32, 256])
torch.Size([32, 32])
torch.Size([32, 256])
torch.Size([32, 32])
torch.Size([15, 256])
torch.Size([15, 32])
Epoch [17/50] - Train Loss: 0.0774, Train Acc: 97.86%, Val Loss: 0.0537, Val Acc: 98.86%
Epoch 18/50 [Train]:  68%|██████▊   | 15/22 [00:04<00:01,  4.16it/s, Loss=0.0253, Acc=99.58%]
torch.Size([32, 256])
torch.Size([32, 32])
torch.Size([32, 256])
torch.Size([32, 32])
torch.Size([32, 256])
torch.Size([32, 32])
torch.Size([32, 256])
torch.Size([32, 32])
torch.Size([32, 256])
torch.Size([32, 32])
torch.Size([32, 256])
torch.Size([32, 32])
torch.Size([32, 256])
torch.Size([32, 32])
torch.Size([32, 256])
torch.Size([32, 32])
torch.Size([32, 256])
torch.Size([32, 32])
torch.Size([32, 256])
torch.Size([32, 32])
torch.Size([32, 256])
torch.Size([32, 32])
torch.Size([32, 256])
torch.Size([32, 32])
torch.Size([32, 256])
torch.Size([32, 32])
torch.Size([32, 256])
torch.Size([32, 32])
torch.Size([32, 256])
torch.Size([32, 32])
torch.Size([32, 256])
torch.Size([32, 32])
torch.Size([32, 256])
torch.Size([32, 32])
torch.Size([32, 256])
torch.Size([32, 32])
torch.Size([32, 256])
torch.Size([32, 32])
torch.Size([32, 256])
torch.Size([32, 32])
torch.Size([32, 256])
torch.Size([32, 32])
torch.Size([30, 256])
torch.Size([30, 32])
torch.Size([32, 256])
torch.Size([32, 32])
torch.Size([32, 256])
torch.Size([32, 32])
torch.Size([32, 256])
torch.Size([32, 32])
torch.Size([32, 256])
torch.Size([32, 32])
torch.Size([32, 256])
torch.Size([32, 32])
torch.Size([15, 256])
torch.Size([15, 32])
Epoch [18/50] - Train Loss: 0.0296, Train Acc: 99.43%, Val Loss: 1.4723, Val Acc: 65.14%
Epoch 19/50 [Train]:  68%|██████▊   | 15/22 [00:04<00:01,  4.26it/s, Loss=0.1003, Acc=96.04%]
torch.Size([32, 256])
torch.Size([32, 32])
torch.Size([32, 256])
torch.Size([32, 32])
torch.Size([32, 256])
torch.Size([32, 32])
torch.Size([32, 256])
torch.Size([32, 32])
torch.Size([32, 256])
torch.Size([32, 32])
torch.Size([32, 256])
torch.Size([32, 32])
torch.Size([32, 256])
torch.Size([32, 32])
torch.Size([32, 256])
torch.Size([32, 32])
torch.Size([32, 256])
torch.Size([32, 32])
torch.Size([32, 256])
torch.Size([32, 32])
torch.Size([32, 256])
torch.Size([32, 32])
torch.Size([32, 256])
torch.Size([32, 32])
torch.Size([32, 256])
torch.Size([32, 32])
torch.Size([32, 256])
torch.Size([32, 32])
torch.Size([32, 256])
torch.Size([32, 32])
torch.Size([32, 256])
torch.Size([32, 32])
torch.Size([32, 256])
torch.Size([32, 32])
torch.Size([32, 256])
torch.Size([32, 32])
torch.Size([32, 256])
torch.Size([32, 32])
torch.Size([32, 256])
torch.Size([32, 32])
torch.Size([32, 256])
torch.Size([32, 32])
torch.Size([30, 256])
torch.Size([30, 32])
torch.Size([32, 256])
torch.Size([32, 32])
torch.Size([32, 256])
torch.Size([32, 32])
torch.Size([32, 256])
torch.Size([32, 32])
torch.Size([32, 256])
torch.Size([32, 32])
torch.Size([32, 256])
torch.Size([32, 32])
torch.Size([15, 256])
torch.Size([15, 32])
Epoch [19/50] - Train Loss: 0.1391, Train Acc: 95.01%, Val Loss: 1.6672, Val Acc: 61.71%
Epoch 20/50 [Train]:  64%|██████▎   | 14/22 [00:04<00:02,  3.62it/s, Loss=0.0671, Acc=97.71%]
torch.Size([32, 256])
torch.Size([32, 32])
torch.Size([32, 256])
torch.Size([32, 32])
torch.Size([32, 256])
torch.Size([32, 32])
torch.Size([32, 256])
torch.Size([32, 32])
torch.Size([32, 256])
torch.Size([32, 32])
torch.Size([32, 256])
torch.Size([32, 32])
torch.Size([32, 256])
torch.Size([32, 32])
torch.Size([32, 256])
torch.Size([32, 32])
torch.Size([32, 256])
torch.Size([32, 32])
torch.Size([32, 256])
torch.Size([32, 32])
torch.Size([32, 256])
torch.Size([32, 32])
torch.Size([32, 256])
torch.Size([32, 32])
torch.Size([32, 256])
torch.Size([32, 32])
torch.Size([32, 256])
torch.Size([32, 32])
torch.Size([32, 256])
torch.Size([32, 32])
torch.Size([32, 256])
torch.Size([32, 32])
torch.Size([32, 256])
torch.Size([32, 32])
torch.Size([32, 256])
torch.Size([32, 32])
torch.Size([32, 256])
torch.Size([32, 32])
torch.Size([32, 256])
torch.Size([32, 32])
torch.Size([32, 256])
torch.Size([32, 32])
torch.Size([30, 256])
torch.Size([30, 32])
torch.Size([32, 256])
torch.Size([32, 32])
torch.Size([32, 256])
torch.Size([32, 32])
torch.Size([32, 256])
torch.Size([32, 32])
torch.Size([32, 256])
torch.Size([32, 32])
torch.Size([32, 256])
torch.Size([32, 32])
torch.Size([15, 256])
torch.Size([15, 32])
Epoch [20/50] - Train Loss: 0.0790, Train Acc: 97.29%, Val Loss: 1.2848, Val Acc: 56.00%
Epoch 21/50 [Train]:  68%|██████▊   | 15/22 [00:04<00:01,  4.37it/s, Loss=0.0636, Acc=98.12%]
torch.Size([32, 256])
torch.Size([32, 32])
torch.Size([32, 256])
torch.Size([32, 32])
torch.Size([32, 256])
torch.Size([32, 32])
torch.Size([32, 256])
torch.Size([32, 32])
torch.Size([32, 256])
torch.Size([32, 32])
torch.Size([32, 256])
torch.Size([32, 32])
torch.Size([32, 256])
torch.Size([32, 32])
torch.Size([32, 256])
torch.Size([32, 32])
torch.Size([32, 256])
torch.Size([32, 32])
torch.Size([32, 256])
torch.Size([32, 32])
torch.Size([32, 256])
torch.Size([32, 32])
torch.Size([32, 256])
torch.Size([32, 32])
torch.Size([32, 256])
torch.Size([32, 32])
torch.Size([32, 256])
torch.Size([32, 32])
torch.Size([32, 256])
torch.Size([32, 32])
torch.Size([32, 256])
torch.Size([32, 32])
torch.Size([32, 256])
torch.Size([32, 32])
torch.Size([32, 256])
torch.Size([32, 32])
torch.Size([32, 256])
torch.Size([32, 32])
torch.Size([32, 256])
torch.Size([32, 32])
torch.Size([32, 256])
torch.Size([32, 32])
torch.Size([30, 256])
torch.Size([30, 32])
torch.Size([32, 256])
torch.Size([32, 32])
torch.Size([32, 256])
torch.Size([32, 32])
torch.Size([32, 256])
torch.Size([32, 32])
torch.Size([32, 256])
torch.Size([32, 32])
torch.Size([32, 256])
torch.Size([32, 32])
torch.Size([15, 256])
torch.Size([15, 32])
Epoch [21/50] - Train Loss: 0.0784, Train Acc: 97.58%, Val Loss: 0.3464, Val Acc: 86.29%
Epoch 22/50 [Train]:  68%|██████▊   | 15/22 [00:05<00:01,  4.36it/s, Loss=0.0626, Acc=97.71%]
torch.Size([32, 256])
torch.Size([32, 32])
torch.Size([32, 256])
torch.Size([32, 32])
torch.Size([32, 256])
torch.Size([32, 32])
torch.Size([32, 256])
torch.Size([32, 32])
torch.Size([32, 256])
torch.Size([32, 32])
torch.Size([32, 256])
torch.Size([32, 32])
torch.Size([32, 256])
torch.Size([32, 32])
torch.Size([32, 256])
torch.Size([32, 32])
torch.Size([32, 256])
torch.Size([32, 32])
torch.Size([32, 256])
torch.Size([32, 32])
torch.Size([32, 256])
torch.Size([32, 32])
torch.Size([32, 256])
torch.Size([32, 32])
torch.Size([32, 256])
torch.Size([32, 32])
torch.Size([32, 256])
torch.Size([32, 32])
torch.Size([32, 256])
torch.Size([32, 32])
torch.Size([32, 256])
torch.Size([32, 32])
torch.Size([32, 256])
torch.Size([32, 32])
torch.Size([32, 256])
torch.Size([32, 32])
torch.Size([32, 256])
torch.Size([32, 32])
torch.Size([32, 256])
torch.Size([32, 32])
torch.Size([32, 256])
torch.Size([32, 32])
torch.Size([30, 256])
torch.Size([30, 32])
torch.Size([32, 256])
torch.Size([32, 32])
torch.Size([32, 256])
torch.Size([32, 32])
torch.Size([32, 256])
torch.Size([32, 32])
torch.Size([32, 256])
torch.Size([32, 32])
torch.Size([32, 256])
torch.Size([32, 32])
torch.Size([15, 256])
torch.Size([15, 32])
Epoch [22/50] - Train Loss: 0.0778, Train Acc: 97.29%, Val Loss: 0.8108, Val Acc: 74.86%
Epoch 23/50 [Train]:  68%|██████▊   | 15/22 [00:04<00:01,  4.12it/s, Loss=0.0647, Acc=98.12%]
torch.Size([32, 256])
torch.Size([32, 32])
torch.Size([32, 256])
torch.Size([32, 32])
torch.Size([32, 256])
torch.Size([32, 32])
torch.Size([32, 256])
torch.Size([32, 32])
torch.Size([32, 256])
torch.Size([32, 32])
torch.Size([32, 256])
torch.Size([32, 32])
torch.Size([32, 256])
torch.Size([32, 32])
torch.Size([32, 256])
torch.Size([32, 32])
torch.Size([32, 256])
torch.Size([32, 32])
torch.Size([32, 256])
torch.Size([32, 32])
torch.Size([32, 256])
torch.Size([32, 32])
torch.Size([32, 256])
torch.Size([32, 32])
torch.Size([32, 256])
torch.Size([32, 32])
torch.Size([32, 256])
torch.Size([32, 32])
torch.Size([32, 256])
torch.Size([32, 32])
torch.Size([32, 256])
torch.Size([32, 32])
torch.Size([32, 256])
torch.Size([32, 32])
torch.Size([32, 256])
torch.Size([32, 32])
torch.Size([32, 256])
torch.Size([32, 32])
torch.Size([32, 256])
torch.Size([32, 32])
torch.Size([32, 256])
torch.Size([32, 32])
torch.Size([30, 256])
torch.Size([30, 32])
torch.Size([32, 256])
torch.Size([32, 32])
torch.Size([32, 256])
torch.Size([32, 32])
torch.Size([32, 256])
torch.Size([32, 32])
torch.Size([32, 256])
torch.Size([32, 32])
torch.Size([32, 256])
torch.Size([32, 32])
torch.Size([15, 256])
torch.Size([15, 32])
Epoch [23/50] - Train Loss: 0.0632, Train Acc: 97.86%, Val Loss: 1.4782, Val Acc: 49.14%
Epoch 24/50 [Train]:  68%|██████▊   | 15/22 [00:04<00:01,  4.47it/s, Loss=0.0660, Acc=98.12%]
torch.Size([32, 256])
torch.Size([32, 32])
torch.Size([32, 256])
torch.Size([32, 32])
torch.Size([32, 256])
torch.Size([32, 32])
torch.Size([32, 256])
torch.Size([32, 32])
torch.Size([32, 256])
torch.Size([32, 32])
torch.Size([32, 256])
torch.Size([32, 32])
torch.Size([32, 256])
torch.Size([32, 32])
torch.Size([32, 256])
torch.Size([32, 32])
torch.Size([32, 256])
torch.Size([32, 32])
torch.Size([32, 256])
torch.Size([32, 32])
torch.Size([32, 256])
torch.Size([32, 32])
torch.Size([32, 256])
torch.Size([32, 32])
torch.Size([32, 256])
torch.Size([32, 32])
torch.Size([32, 256])
torch.Size([32, 32])
torch.Size([32, 256])
torch.Size([32, 32])
torch.Size([32, 256])
torch.Size([32, 32])
torch.Size([32, 256])
torch.Size([32, 32])
torch.Size([32, 256])
torch.Size([32, 32])
torch.Size([32, 256])
torch.Size([32, 32])
torch.Size([32, 256])
torch.Size([32, 32])
torch.Size([32, 256])
torch.Size([32, 32])
torch.Size([30, 256])
torch.Size([30, 32])
torch.Size([32, 256])
torch.Size([32, 32])
torch.Size([32, 256])
torch.Size([32, 32])
torch.Size([32, 256])
torch.Size([32, 32])
torch.Size([32, 256])
torch.Size([32, 32])
torch.Size([32, 256])
torch.Size([32, 32])
torch.Size([15, 256])
torch.Size([15, 32])
Epoch [24/50] - Train Loss: 0.0564, Train Acc: 98.43%, Val Loss: 0.0617, Val Acc: 97.71%
Epoch 25/50 [Train]:  68%|██████▊   | 15/22 [00:04<00:01,  4.42it/s, Loss=0.0166, Acc=99.38%]
torch.Size([32, 256])
torch.Size([32, 32])
torch.Size([32, 256])
torch.Size([32, 32])
torch.Size([32, 256])
torch.Size([32, 32])
torch.Size([32, 256])
torch.Size([32, 32])
torch.Size([32, 256])
torch.Size([32, 32])
torch.Size([32, 256])
torch.Size([32, 32])
torch.Size([32, 256])
torch.Size([32, 32])
torch.Size([32, 256])
torch.Size([32, 32])
torch.Size([32, 256])
torch.Size([32, 32])
torch.Size([32, 256])
torch.Size([32, 32])
torch.Size([32, 256])
torch.Size([32, 32])
torch.Size([32, 256])
torch.Size([32, 32])
torch.Size([32, 256])
torch.Size([32, 32])
torch.Size([32, 256])
torch.Size([32, 32])
torch.Size([32, 256])
torch.Size([32, 32])
torch.Size([32, 256])
torch.Size([32, 32])
torch.Size([32, 256])
torch.Size([32, 32])
torch.Size([32, 256])
torch.Size([32, 32])
torch.Size([32, 256])
torch.Size([32, 32])
torch.Size([32, 256])
torch.Size([32, 32])
torch.Size([32, 256])
torch.Size([32, 32])
torch.Size([30, 256])
torch.Size([30, 32])
torch.Size([32, 256])
torch.Size([32, 32])
torch.Size([32, 256])
torch.Size([32, 32])
torch.Size([32, 256])
torch.Size([32, 32])
torch.Size([32, 256])
torch.Size([32, 32])
torch.Size([32, 256])
torch.Size([32, 32])
torch.Size([15, 256])
torch.Size([15, 32])
Epoch [25/50] - Train Loss: 0.0209, Train Acc: 99.43%, Val Loss: 0.4307, Val Acc: 82.86%
Epoch 26/50 [Train]:  68%|██████▊   | 15/22 [00:05<00:01,  4.32it/s, Loss=0.0314, Acc=99.17%]
torch.Size([32, 256])
torch.Size([32, 32])
torch.Size([32, 256])
torch.Size([32, 32])
torch.Size([32, 256])
torch.Size([32, 32])
torch.Size([32, 256])
torch.Size([32, 32])
torch.Size([32, 256])
torch.Size([32, 32])
torch.Size([32, 256])
torch.Size([32, 32])
torch.Size([32, 256])
torch.Size([32, 32])
torch.Size([32, 256])
torch.Size([32, 32])
torch.Size([32, 256])
torch.Size([32, 32])
torch.Size([32, 256])
torch.Size([32, 32])
torch.Size([32, 256])
torch.Size([32, 32])
torch.Size([32, 256])
torch.Size([32, 32])
torch.Size([32, 256])
torch.Size([32, 32])
torch.Size([32, 256])
torch.Size([32, 32])
torch.Size([32, 256])
torch.Size([32, 32])
torch.Size([32, 256])
torch.Size([32, 32])
torch.Size([32, 256])
torch.Size([32, 32])
torch.Size([32, 256])
torch.Size([32, 32])
torch.Size([32, 256])
torch.Size([32, 32])
torch.Size([32, 256])
torch.Size([32, 32])
torch.Size([32, 256])
torch.Size([32, 32])
torch.Size([30, 256])
torch.Size([30, 32])
torch.Size([32, 256])
torch.Size([32, 32])
torch.Size([32, 256])
torch.Size([32, 32])
torch.Size([32, 256])
torch.Size([32, 32])
torch.Size([32, 256])
torch.Size([32, 32])
torch.Size([32, 256])
torch.Size([32, 32])
torch.Size([15, 256])
torch.Size([15, 32])
Epoch [26/50] - Train Loss: 0.0316, Train Acc: 99.29%, Val Loss: 0.6090, Val Acc: 89.14%
Epoch 27/50 [Train]:  68%|██████▊   | 15/22 [00:04<00:01,  4.50it/s, Loss=0.0309, Acc=99.38%]
torch.Size([32, 256])
torch.Size([32, 32])
torch.Size([32, 256])
torch.Size([32, 32])
torch.Size([32, 256])
torch.Size([32, 32])
torch.Size([32, 256])
torch.Size([32, 32])
torch.Size([32, 256])
torch.Size([32, 32])
torch.Size([32, 256])
torch.Size([32, 32])
torch.Size([32, 256])
torch.Size([32, 32])
torch.Size([32, 256])
torch.Size([32, 32])
torch.Size([32, 256])
torch.Size([32, 32])
torch.Size([32, 256])
torch.Size([32, 32])
torch.Size([32, 256])
torch.Size([32, 32])
torch.Size([32, 256])
torch.Size([32, 32])
torch.Size([32, 256])
torch.Size([32, 32])
torch.Size([32, 256])
torch.Size([32, 32])
torch.Size([32, 256])
torch.Size([32, 32])
torch.Size([32, 256])
torch.Size([32, 32])
torch.Size([32, 256])
torch.Size([32, 32])
torch.Size([32, 256])
torch.Size([32, 32])
torch.Size([32, 256])
torch.Size([32, 32])
torch.Size([32, 256])
torch.Size([32, 32])
torch.Size([32, 256])
torch.Size([32, 32])
torch.Size([30, 256])
torch.Size([30, 32])
torch.Size([32, 256])
torch.Size([32, 32])
torch.Size([32, 256])
torch.Size([32, 32])
torch.Size([32, 256])
torch.Size([32, 32])
torch.Size([32, 256])
torch.Size([32, 32])
torch.Size([32, 256])
torch.Size([32, 32])
torch.Size([15, 256])
torch.Size([15, 32])
Epoch [27/50] - Train Loss: 0.0317, Train Acc: 99.29%, Val Loss: 0.0514, Val Acc: 98.29%
Epoch 28/50 [Train]:  68%|██████▊   | 15/22 [00:04<00:01,  4.38it/s, Loss=0.0267, Acc=99.38%]
torch.Size([32, 256])
torch.Size([32, 32])
torch.Size([32, 256])
torch.Size([32, 32])
torch.Size([32, 256])
torch.Size([32, 32])
torch.Size([32, 256])
torch.Size([32, 32])
torch.Size([32, 256])
torch.Size([32, 32])
torch.Size([32, 256])
torch.Size([32, 32])
torch.Size([32, 256])
torch.Size([32, 32])
torch.Size([32, 256])
torch.Size([32, 32])
torch.Size([32, 256])
torch.Size([32, 32])
torch.Size([32, 256])
torch.Size([32, 32])
torch.Size([32, 256])
torch.Size([32, 32])
torch.Size([32, 256])
torch.Size([32, 32])
torch.Size([32, 256])
torch.Size([32, 32])
torch.Size([32, 256])
torch.Size([32, 32])
torch.Size([32, 256])
torch.Size([32, 32])
torch.Size([32, 256])
torch.Size([32, 32])
torch.Size([32, 256])
torch.Size([32, 32])
torch.Size([32, 256])
torch.Size([32, 32])
torch.Size([32, 256])
torch.Size([32, 32])
torch.Size([32, 256])
torch.Size([32, 32])
torch.Size([32, 256])
torch.Size([32, 32])
torch.Size([30, 256])
torch.Size([30, 32])
torch.Size([32, 256])
torch.Size([32, 32])
torch.Size([32, 256])
torch.Size([32, 32])
torch.Size([32, 256])
torch.Size([32, 32])
torch.Size([32, 256])
torch.Size([32, 32])
torch.Size([32, 256])
torch.Size([32, 32])
torch.Size([15, 256])
torch.Size([15, 32])
Epoch [28/50] - Train Loss: 0.0250, Train Acc: 99.29%, Val Loss: 0.0483, Val Acc: 98.86%
Epoch 29/50 [Train]:  68%|██████▊   | 15/22 [00:04<00:01,  4.44it/s, Loss=0.0266, Acc=98.96%]
torch.Size([32, 256])
torch.Size([32, 32])
torch.Size([32, 256])
torch.Size([32, 32])
torch.Size([32, 256])
torch.Size([32, 32])
torch.Size([32, 256])
torch.Size([32, 32])
torch.Size([32, 256])
torch.Size([32, 32])
torch.Size([32, 256])
torch.Size([32, 32])
torch.Size([32, 256])
torch.Size([32, 32])
torch.Size([32, 256])
torch.Size([32, 32])
torch.Size([32, 256])
torch.Size([32, 32])
torch.Size([32, 256])
torch.Size([32, 32])
torch.Size([32, 256])
torch.Size([32, 32])
torch.Size([32, 256])
torch.Size([32, 32])
torch.Size([32, 256])
torch.Size([32, 32])
torch.Size([32, 256])
torch.Size([32, 32])
torch.Size([32, 256])
torch.Size([32, 32])
torch.Size([32, 256])
torch.Size([32, 32])
torch.Size([32, 256])
torch.Size([32, 32])
torch.Size([32, 256])
torch.Size([32, 32])
torch.Size([32, 256])
torch.Size([32, 32])
torch.Size([32, 256])
torch.Size([32, 32])
torch.Size([32, 256])
torch.Size([32, 32])
torch.Size([30, 256])
torch.Size([30, 32])
torch.Size([32, 256])
torch.Size([32, 32])
torch.Size([32, 256])
torch.Size([32, 32])
torch.Size([32, 256])
torch.Size([32, 32])
torch.Size([32, 256])
torch.Size([32, 32])
torch.Size([32, 256])
torch.Size([32, 32])
torch.Size([15, 256])
torch.Size([15, 32])
Epoch [29/50] - Train Loss: 0.0269, Train Acc: 99.00%, Val Loss: 2.3053, Val Acc: 45.71%
Epoch 30/50 [Train]:  68%|██████▊   | 15/22 [00:04<00:01,  3.95it/s, Loss=0.0439, Acc=98.54%]
torch.Size([32, 256])
torch.Size([32, 32])
torch.Size([32, 256])
torch.Size([32, 32])
torch.Size([32, 256])
torch.Size([32, 32])
torch.Size([32, 256])
torch.Size([32, 32])
torch.Size([32, 256])
torch.Size([32, 32])
torch.Size([32, 256])
torch.Size([32, 32])
torch.Size([32, 256])
torch.Size([32, 32])
torch.Size([32, 256])
torch.Size([32, 32])
torch.Size([32, 256])
torch.Size([32, 32])
torch.Size([32, 256])
torch.Size([32, 32])
torch.Size([32, 256])
torch.Size([32, 32])
torch.Size([32, 256])
torch.Size([32, 32])
torch.Size([32, 256])
torch.Size([32, 32])
torch.Size([32, 256])
torch.Size([32, 32])
torch.Size([32, 256])
torch.Size([32, 32])
torch.Size([32, 256])
torch.Size([32, 32])
torch.Size([32, 256])
torch.Size([32, 32])
torch.Size([32, 256])
torch.Size([32, 32])
torch.Size([32, 256])
torch.Size([32, 32])
torch.Size([32, 256])
torch.Size([32, 32])
torch.Size([32, 256])
torch.Size([32, 32])
torch.Size([30, 256])
torch.Size([30, 32])
torch.Size([32, 256])
torch.Size([32, 32])
torch.Size([32, 256])
torch.Size([32, 32])
torch.Size([32, 256])
torch.Size([32, 32])
torch.Size([32, 256])
torch.Size([32, 32])
torch.Size([32, 256])
torch.Size([32, 32])
torch.Size([15, 256])
torch.Size([15, 32])
Epoch [30/50] - Train Loss: 0.0529, Train Acc: 98.58%, Val Loss: 1.6699, Val Acc: 63.43%
Epoch 31/50 [Train]:  68%|██████▊   | 15/22 [00:04<00:01,  4.39it/s, Loss=0.0736, Acc=98.12%]
torch.Size([32, 256])
torch.Size([32, 32])
torch.Size([32, 256])
torch.Size([32, 32])
torch.Size([32, 256])
torch.Size([32, 32])
torch.Size([32, 256])
torch.Size([32, 32])
torch.Size([32, 256])
torch.Size([32, 32])
torch.Size([32, 256])
torch.Size([32, 32])
torch.Size([32, 256])
torch.Size([32, 32])
torch.Size([32, 256])
torch.Size([32, 32])
torch.Size([32, 256])
torch.Size([32, 32])
torch.Size([32, 256])
torch.Size([32, 32])
torch.Size([32, 256])
torch.Size([32, 32])
torch.Size([32, 256])
torch.Size([32, 32])
torch.Size([32, 256])
torch.Size([32, 32])
torch.Size([32, 256])
torch.Size([32, 32])
torch.Size([32, 256])
torch.Size([32, 32])
torch.Size([32, 256])
torch.Size([32, 32])
torch.Size([32, 256])
torch.Size([32, 32])
torch.Size([32, 256])
torch.Size([32, 32])
torch.Size([32, 256])
torch.Size([32, 32])
torch.Size([32, 256])
torch.Size([32, 32])
torch.Size([32, 256])
torch.Size([32, 32])
torch.Size([30, 256])
torch.Size([30, 32])
torch.Size([32, 256])
torch.Size([32, 32])
torch.Size([32, 256])
torch.Size([32, 32])
torch.Size([32, 256])
torch.Size([32, 32])
torch.Size([32, 256])
torch.Size([32, 32])
torch.Size([32, 256])
torch.Size([32, 32])
torch.Size([15, 256])
torch.Size([15, 32])
Epoch [31/50] - Train Loss: 0.0611, Train Acc: 98.58%, Val Loss: 3.5173, Val Acc: 48.00%
Epoch 32/50 [Train]:  68%|██████▊   | 15/22 [00:04<00:01,  4.25it/s, Loss=0.0182, Acc=99.58%]
torch.Size([32, 256])
torch.Size([32, 32])
torch.Size([32, 256])
torch.Size([32, 32])
torch.Size([32, 256])
torch.Size([32, 32])
torch.Size([32, 256])
torch.Size([32, 32])
torch.Size([32, 256])
torch.Size([32, 32])
torch.Size([32, 256])
torch.Size([32, 32])
torch.Size([32, 256])
torch.Size([32, 32])
torch.Size([32, 256])
torch.Size([32, 32])
torch.Size([32, 256])
torch.Size([32, 32])
torch.Size([32, 256])
torch.Size([32, 32])
torch.Size([32, 256])
torch.Size([32, 32])
torch.Size([32, 256])
torch.Size([32, 32])
torch.Size([32, 256])
torch.Size([32, 32])
torch.Size([32, 256])
torch.Size([32, 32])
torch.Size([32, 256])
torch.Size([32, 32])
torch.Size([32, 256])
torch.Size([32, 32])
torch.Size([32, 256])
torch.Size([32, 32])
torch.Size([32, 256])
torch.Size([32, 32])
torch.Size([32, 256])
torch.Size([32, 32])
torch.Size([32, 256])
torch.Size([32, 32])
torch.Size([32, 256])
torch.Size([32, 32])
torch.Size([30, 256])
torch.Size([30, 32])
torch.Size([32, 256])
torch.Size([32, 32])
torch.Size([32, 256])
torch.Size([32, 32])
torch.Size([32, 256])
torch.Size([32, 32])
torch.Size([32, 256])
torch.Size([32, 32])
torch.Size([32, 256])
torch.Size([32, 32])
torch.Size([15, 256])
torch.Size([15, 32])
Epoch [32/50] - Train Loss: 0.0218, Train Acc: 99.57%, Val Loss: 0.1292, Val Acc: 96.00%
Epoch 33/50 [Train]:  68%|██████▊   | 15/22 [00:04<00:01,  4.48it/s, Loss=0.0344, Acc=98.33%]
torch.Size([32, 256])
torch.Size([32, 32])
torch.Size([32, 256])
torch.Size([32, 32])
torch.Size([32, 256])
torch.Size([32, 32])
torch.Size([32, 256])
torch.Size([32, 32])
torch.Size([32, 256])
torch.Size([32, 32])
torch.Size([32, 256])
torch.Size([32, 32])
torch.Size([32, 256])
torch.Size([32, 32])
torch.Size([32, 256])
torch.Size([32, 32])
torch.Size([32, 256])
torch.Size([32, 32])
torch.Size([32, 256])
torch.Size([32, 32])
torch.Size([32, 256])
torch.Size([32, 32])
torch.Size([32, 256])
torch.Size([32, 32])
torch.Size([32, 256])
torch.Size([32, 32])
torch.Size([32, 256])
torch.Size([32, 32])
torch.Size([32, 256])
torch.Size([32, 32])
torch.Size([32, 256])
torch.Size([32, 32])
torch.Size([32, 256])
torch.Size([32, 32])
torch.Size([32, 256])
torch.Size([32, 32])
torch.Size([32, 256])
torch.Size([32, 32])
torch.Size([32, 256])
torch.Size([32, 32])
torch.Size([32, 256])
torch.Size([32, 32])
torch.Size([30, 256])
torch.Size([30, 32])
torch.Size([32, 256])
torch.Size([32, 32])
torch.Size([32, 256])
torch.Size([32, 32])
torch.Size([32, 256])
torch.Size([32, 32])
torch.Size([32, 256])
torch.Size([32, 32])
torch.Size([32, 256])
torch.Size([32, 32])
torch.Size([15, 256])
torch.Size([15, 32])
Epoch [33/50] - Train Loss: 0.0298, Train Acc: 98.58%, Val Loss: 0.3510, Val Acc: 90.29%
Epoch 34/50 [Train]:  68%|██████▊   | 15/22 [00:04<00:01,  4.01it/s, Loss=0.0109, Acc=99.79%]
torch.Size([32, 256])
torch.Size([32, 32])
torch.Size([32, 256])
torch.Size([32, 32])
torch.Size([32, 256])
torch.Size([32, 32])
torch.Size([32, 256])
torch.Size([32, 32])
torch.Size([32, 256])
torch.Size([32, 32])
torch.Size([32, 256])
torch.Size([32, 32])
torch.Size([32, 256])
torch.Size([32, 32])
torch.Size([32, 256])
torch.Size([32, 32])
torch.Size([32, 256])
torch.Size([32, 32])
torch.Size([32, 256])
torch.Size([32, 32])
torch.Size([32, 256])
torch.Size([32, 32])
torch.Size([32, 256])
torch.Size([32, 32])
torch.Size([32, 256])
torch.Size([32, 32])
torch.Size([32, 256])
torch.Size([32, 32])
torch.Size([32, 256])
torch.Size([32, 32])
torch.Size([32, 256])
torch.Size([32, 32])
torch.Size([32, 256])
torch.Size([32, 32])
torch.Size([32, 256])
torch.Size([32, 32])
torch.Size([32, 256])
torch.Size([32, 32])
torch.Size([32, 256])
torch.Size([32, 32])
torch.Size([32, 256])
torch.Size([32, 32])
torch.Size([30, 256])
torch.Size([30, 32])
torch.Size([32, 256])
torch.Size([32, 32])
torch.Size([32, 256])
torch.Size([32, 32])
torch.Size([32, 256])
torch.Size([32, 32])
torch.Size([32, 256])
torch.Size([32, 32])
torch.Size([32, 256])
torch.Size([32, 32])
torch.Size([15, 256])
torch.Size([15, 32])
Epoch [34/50] - Train Loss: 0.0103, Train Acc: 99.72%, Val Loss: 0.4675, Val Acc: 88.00%
Epoch 35/50 [Train]:  68%|██████▊   | 15/22 [00:05<00:01,  4.19it/s, Loss=0.0128, Acc=99.58%]
torch.Size([32, 256])
torch.Size([32, 32])
torch.Size([32, 256])
torch.Size([32, 32])
torch.Size([32, 256])
torch.Size([32, 32])
torch.Size([32, 256])
torch.Size([32, 32])
torch.Size([32, 256])
torch.Size([32, 32])
torch.Size([32, 256])
torch.Size([32, 32])
torch.Size([32, 256])
torch.Size([32, 32])
torch.Size([32, 256])
torch.Size([32, 32])
torch.Size([32, 256])
torch.Size([32, 32])
torch.Size([32, 256])
torch.Size([32, 32])
torch.Size([32, 256])
torch.Size([32, 32])
torch.Size([32, 256])
torch.Size([32, 32])
torch.Size([32, 256])
torch.Size([32, 32])
torch.Size([32, 256])
torch.Size([32, 32])
torch.Size([32, 256])
torch.Size([32, 32])
torch.Size([32, 256])
torch.Size([32, 32])
torch.Size([32, 256])
torch.Size([32, 32])
torch.Size([32, 256])
torch.Size([32, 32])
torch.Size([32, 256])
torch.Size([32, 32])
torch.Size([32, 256])
torch.Size([32, 32])
torch.Size([32, 256])
torch.Size([32, 32])
torch.Size([30, 256])
torch.Size([30, 32])
torch.Size([32, 256])
torch.Size([32, 32])
torch.Size([32, 256])
torch.Size([32, 32])
torch.Size([32, 256])
torch.Size([32, 32])
torch.Size([32, 256])
torch.Size([32, 32])
torch.Size([32, 256])
torch.Size([32, 32])
torch.Size([15, 256])
torch.Size([15, 32])
Epoch [35/50] - Train Loss: 0.0105, Train Acc: 99.72%, Val Loss: 2.5863, Val Acc: 45.14%
Epoch 36/50 [Train]:  68%|██████▊   | 15/22 [00:04<00:01,  4.31it/s, Loss=0.0072, Acc=99.79%]
torch.Size([32, 256])
torch.Size([32, 32])
torch.Size([32, 256])
torch.Size([32, 32])
torch.Size([32, 256])
torch.Size([32, 32])
torch.Size([32, 256])
torch.Size([32, 32])
torch.Size([32, 256])
torch.Size([32, 32])
torch.Size([32, 256])
torch.Size([32, 32])
torch.Size([32, 256])
torch.Size([32, 32])
torch.Size([32, 256])
torch.Size([32, 32])
torch.Size([32, 256])
torch.Size([32, 32])
torch.Size([32, 256])
torch.Size([32, 32])
torch.Size([32, 256])
torch.Size([32, 32])
torch.Size([32, 256])
torch.Size([32, 32])
torch.Size([32, 256])
torch.Size([32, 32])
torch.Size([32, 256])
torch.Size([32, 32])
torch.Size([32, 256])
torch.Size([32, 32])
torch.Size([32, 256])
torch.Size([32, 32])
torch.Size([32, 256])
torch.Size([32, 32])
torch.Size([32, 256])
torch.Size([32, 32])
torch.Size([32, 256])
torch.Size([32, 32])
torch.Size([32, 256])
torch.Size([32, 32])
torch.Size([32, 256])
torch.Size([32, 32])
torch.Size([30, 256])
torch.Size([30, 32])
torch.Size([32, 256])
torch.Size([32, 32])
torch.Size([32, 256])
torch.Size([32, 32])
torch.Size([32, 256])
torch.Size([32, 32])
torch.Size([32, 256])
torch.Size([32, 32])
torch.Size([32, 256])
torch.Size([32, 32])
torch.Size([15, 256])
torch.Size([15, 32])
Epoch [36/50] - Train Loss: 0.0078, Train Acc: 99.57%, Val Loss: 0.0475, Val Acc: 99.43%
Epoch 37/50 [Train]:  68%|██████▊   | 15/22 [00:04<00:01,  4.74it/s, Loss=0.0078, Acc=99.79%] 
torch.Size([32, 256])
torch.Size([32, 32])
torch.Size([32, 256])
torch.Size([32, 32])
torch.Size([32, 256])
torch.Size([32, 32])
torch.Size([32, 256])
torch.Size([32, 32])
torch.Size([32, 256])
torch.Size([32, 32])
torch.Size([32, 256])
torch.Size([32, 32])
torch.Size([32, 256])
torch.Size([32, 32])
torch.Size([32, 256])
torch.Size([32, 32])
torch.Size([32, 256])
torch.Size([32, 32])
torch.Size([32, 256])
torch.Size([32, 32])
torch.Size([32, 256])
torch.Size([32, 32])
torch.Size([32, 256])
torch.Size([32, 32])
torch.Size([32, 256])
torch.Size([32, 32])
torch.Size([32, 256])
torch.Size([32, 32])
torch.Size([32, 256])
torch.Size([32, 32])
torch.Size([32, 256])
torch.Size([32, 32])
torch.Size([32, 256])
torch.Size([32, 32])
torch.Size([32, 256])
torch.Size([32, 32])
torch.Size([32, 256])
torch.Size([32, 32])
torch.Size([32, 256])
torch.Size([32, 32])
torch.Size([32, 256])
torch.Size([32, 32])
torch.Size([30, 256])
torch.Size([30, 32])
torch.Size([32, 256])
torch.Size([32, 32])
torch.Size([32, 256])
torch.Size([32, 32])
torch.Size([32, 256])
torch.Size([32, 32])
torch.Size([32, 256])
torch.Size([32, 32])
torch.Size([32, 256])
torch.Size([32, 32])
torch.Size([15, 256])
torch.Size([15, 32])
Epoch [37/50] - Train Loss: 0.0180, Train Acc: 99.72%, Val Loss: 9.0600, Val Acc: 38.86%
Epoch 38/50 [Train]:  68%|██████▊   | 15/22 [00:04<00:01,  4.20it/s, Loss=0.0252, Acc=99.17%]
torch.Size([32, 256])
torch.Size([32, 32])
torch.Size([32, 256])
torch.Size([32, 32])
torch.Size([32, 256])
torch.Size([32, 32])
torch.Size([32, 256])
torch.Size([32, 32])
torch.Size([32, 256])
torch.Size([32, 32])
torch.Size([32, 256])
torch.Size([32, 32])
torch.Size([32, 256])
torch.Size([32, 32])
torch.Size([32, 256])
torch.Size([32, 32])
torch.Size([32, 256])
torch.Size([32, 32])
torch.Size([32, 256])
torch.Size([32, 32])
torch.Size([32, 256])
torch.Size([32, 32])
torch.Size([32, 256])
torch.Size([32, 32])
torch.Size([32, 256])
torch.Size([32, 32])
torch.Size([32, 256])
torch.Size([32, 32])
torch.Size([32, 256])
torch.Size([32, 32])
torch.Size([32, 256])
torch.Size([32, 32])
torch.Size([32, 256])
torch.Size([32, 32])
torch.Size([32, 256])
torch.Size([32, 32])
torch.Size([32, 256])
torch.Size([32, 32])
torch.Size([32, 256])
torch.Size([32, 32])
torch.Size([32, 256])
torch.Size([32, 32])
torch.Size([30, 256])
torch.Size([30, 32])
torch.Size([32, 256])
torch.Size([32, 32])
torch.Size([32, 256])
torch.Size([32, 32])
torch.Size([32, 256])
torch.Size([32, 32])
torch.Size([32, 256])
torch.Size([32, 32])
torch.Size([32, 256])
torch.Size([32, 32])
torch.Size([15, 256])
torch.Size([15, 32])
Epoch [38/50] - Train Loss: 0.0245, Train Acc: 99.29%, Val Loss: 0.0617, Val Acc: 98.29%
Epoch 39/50 [Train]:  68%|██████▊   | 15/22 [00:05<00:01,  4.01it/s, Loss=0.0073, Acc=100.00%]
torch.Size([32, 256])
torch.Size([32, 32])
torch.Size([32, 256])
torch.Size([32, 32])
torch.Size([32, 256])
torch.Size([32, 32])
torch.Size([32, 256])
torch.Size([32, 32])
torch.Size([32, 256])
torch.Size([32, 32])
torch.Size([32, 256])
torch.Size([32, 32])
torch.Size([32, 256])
torch.Size([32, 32])
torch.Size([32, 256])
torch.Size([32, 32])
torch.Size([32, 256])
torch.Size([32, 32])
torch.Size([32, 256])
torch.Size([32, 32])
torch.Size([32, 256])
torch.Size([32, 32])
torch.Size([32, 256])
torch.Size([32, 32])
torch.Size([32, 256])
torch.Size([32, 32])
torch.Size([32, 256])
torch.Size([32, 32])
torch.Size([32, 256])
torch.Size([32, 32])
torch.Size([32, 256])
torch.Size([32, 32])
torch.Size([32, 256])
torch.Size([32, 32])
torch.Size([32, 256])
torch.Size([32, 32])
torch.Size([32, 256])
torch.Size([32, 32])
torch.Size([32, 256])
torch.Size([32, 32])
torch.Size([32, 256])
torch.Size([32, 32])
torch.Size([30, 256])
torch.Size([30, 32])
torch.Size([32, 256])
torch.Size([32, 32])
torch.Size([32, 256])
torch.Size([32, 32])
torch.Size([32, 256])
torch.Size([32, 32])
torch.Size([32, 256])
torch.Size([32, 32])
torch.Size([32, 256])
torch.Size([32, 32])
torch.Size([15, 256])
torch.Size([15, 32])
Epoch [39/50] - Train Loss: 0.0101, Train Acc: 99.72%, Val Loss: 1.7308, Val Acc: 43.43%
Epoch 40/50 [Train]:  68%|██████▊   | 15/22 [00:04<00:01,  4.15it/s, Loss=0.0153, Acc=99.38%]
torch.Size([32, 256])
torch.Size([32, 32])
torch.Size([32, 256])
torch.Size([32, 32])
torch.Size([32, 256])
torch.Size([32, 32])
torch.Size([32, 256])
torch.Size([32, 32])
torch.Size([32, 256])
torch.Size([32, 32])
torch.Size([32, 256])
torch.Size([32, 32])
torch.Size([32, 256])
torch.Size([32, 32])
torch.Size([32, 256])
torch.Size([32, 32])
torch.Size([32, 256])
torch.Size([32, 32])
torch.Size([32, 256])
torch.Size([32, 32])
torch.Size([32, 256])
torch.Size([32, 32])
torch.Size([32, 256])
torch.Size([32, 32])
torch.Size([32, 256])
torch.Size([32, 32])
torch.Size([32, 256])
torch.Size([32, 32])
torch.Size([32, 256])
torch.Size([32, 32])
torch.Size([32, 256])
torch.Size([32, 32])
torch.Size([32, 256])
torch.Size([32, 32])
torch.Size([32, 256])
torch.Size([32, 32])
torch.Size([32, 256])
torch.Size([32, 32])
torch.Size([32, 256])
torch.Size([32, 32])
torch.Size([32, 256])
torch.Size([32, 32])
torch.Size([30, 256])
torch.Size([30, 32])
torch.Size([32, 256])
torch.Size([32, 32])
torch.Size([32, 256])
torch.Size([32, 32])
torch.Size([32, 256])
torch.Size([32, 32])
torch.Size([32, 256])
torch.Size([32, 32])
torch.Size([32, 256])
torch.Size([32, 32])
torch.Size([15, 256])
torch.Size([15, 32])
Epoch [40/50] - Train Loss: 0.0218, Train Acc: 99.15%, Val Loss: 0.2013, Val Acc: 95.43%
Epoch 41/50 [Train]:  68%|██████▊   | 15/22 [00:04<00:01,  3.95it/s, Loss=0.0117, Acc=99.17%]
torch.Size([32, 256])
torch.Size([32, 32])
torch.Size([32, 256])
torch.Size([32, 32])
torch.Size([32, 256])
torch.Size([32, 32])
torch.Size([32, 256])
torch.Size([32, 32])
torch.Size([32, 256])
torch.Size([32, 32])
torch.Size([32, 256])
torch.Size([32, 32])
torch.Size([32, 256])
torch.Size([32, 32])
torch.Size([32, 256])
torch.Size([32, 32])
torch.Size([32, 256])
torch.Size([32, 32])
torch.Size([32, 256])
torch.Size([32, 32])
torch.Size([32, 256])
torch.Size([32, 32])
torch.Size([32, 256])
torch.Size([32, 32])
torch.Size([32, 256])
torch.Size([32, 32])
torch.Size([32, 256])
torch.Size([32, 32])
torch.Size([32, 256])
torch.Size([32, 32])
torch.Size([32, 256])
torch.Size([32, 32])
torch.Size([32, 256])
torch.Size([32, 32])
torch.Size([32, 256])
torch.Size([32, 32])
torch.Size([32, 256])
torch.Size([32, 32])
torch.Size([32, 256])
torch.Size([32, 32])
torch.Size([32, 256])
torch.Size([32, 32])
torch.Size([30, 256])
torch.Size([30, 32])
torch.Size([32, 256])
torch.Size([32, 32])
torch.Size([32, 256])
torch.Size([32, 32])
torch.Size([32, 256])
torch.Size([32, 32])
torch.Size([32, 256])
torch.Size([32, 32])
torch.Size([32, 256])
torch.Size([32, 32])
torch.Size([15, 256])
torch.Size([15, 32])
Epoch [41/50] - Train Loss: 0.0108, Train Acc: 99.43%, Val Loss: 0.8431, Val Acc: 66.29%
Epoch 42/50 [Train]:  68%|██████▊   | 15/22 [00:04<00:01,  4.53it/s, Loss=0.0094, Acc=99.79%]
torch.Size([32, 256])
torch.Size([32, 32])
torch.Size([32, 256])
torch.Size([32, 32])
torch.Size([32, 256])
torch.Size([32, 32])
torch.Size([32, 256])
torch.Size([32, 32])
torch.Size([32, 256])
torch.Size([32, 32])
torch.Size([32, 256])
torch.Size([32, 32])
torch.Size([32, 256])
torch.Size([32, 32])
torch.Size([32, 256])
torch.Size([32, 32])
torch.Size([32, 256])
torch.Size([32, 32])
torch.Size([32, 256])
torch.Size([32, 32])
torch.Size([32, 256])
torch.Size([32, 32])
torch.Size([32, 256])
torch.Size([32, 32])
torch.Size([32, 256])
torch.Size([32, 32])
torch.Size([32, 256])
torch.Size([32, 32])
torch.Size([32, 256])
torch.Size([32, 32])
torch.Size([32, 256])
torch.Size([32, 32])
torch.Size([32, 256])
torch.Size([32, 32])
torch.Size([32, 256])
torch.Size([32, 32])
torch.Size([32, 256])
torch.Size([32, 32])
torch.Size([32, 256])
torch.Size([32, 32])
torch.Size([32, 256])
torch.Size([32, 32])
torch.Size([30, 256])
torch.Size([30, 32])
torch.Size([32, 256])
torch.Size([32, 32])
torch.Size([32, 256])
torch.Size([32, 32])
torch.Size([32, 256])
torch.Size([32, 32])
torch.Size([32, 256])
torch.Size([32, 32])
torch.Size([32, 256])
torch.Size([32, 32])
torch.Size([15, 256])
torch.Size([15, 32])
Epoch [42/50] - Train Loss: 0.0141, Train Acc: 99.57%, Val Loss: 2.6564, Val Acc: 61.14%
Epoch 43/50 [Train]:  68%|██████▊   | 15/22 [00:05<00:01,  3.82it/s, Loss=0.0057, Acc=100.00%]
torch.Size([32, 256])
torch.Size([32, 32])
torch.Size([32, 256])
torch.Size([32, 32])
torch.Size([32, 256])
torch.Size([32, 32])
torch.Size([32, 256])
torch.Size([32, 32])
torch.Size([32, 256])
torch.Size([32, 32])
torch.Size([32, 256])
torch.Size([32, 32])
torch.Size([32, 256])
torch.Size([32, 32])
torch.Size([32, 256])
torch.Size([32, 32])
torch.Size([32, 256])
torch.Size([32, 32])
torch.Size([32, 256])
torch.Size([32, 32])
torch.Size([32, 256])
torch.Size([32, 32])
torch.Size([32, 256])
torch.Size([32, 32])
torch.Size([32, 256])
torch.Size([32, 32])
torch.Size([32, 256])
torch.Size([32, 32])
torch.Size([32, 256])
torch.Size([32, 32])
torch.Size([32, 256])
torch.Size([32, 32])
torch.Size([32, 256])
torch.Size([32, 32])
torch.Size([32, 256])
torch.Size([32, 32])
torch.Size([32, 256])
torch.Size([32, 32])
torch.Size([32, 256])
torch.Size([32, 32])
torch.Size([32, 256])
torch.Size([32, 32])
torch.Size([30, 256])
torch.Size([30, 32])
torch.Size([32, 256])
torch.Size([32, 32])
torch.Size([32, 256])
torch.Size([32, 32])
torch.Size([32, 256])
torch.Size([32, 32])
torch.Size([32, 256])
torch.Size([32, 32])
torch.Size([32, 256])
torch.Size([32, 32])
torch.Size([15, 256])
torch.Size([15, 32])
Epoch [43/50] - Train Loss: 0.0057, Train Acc: 100.00%, Val Loss: 1.6305, Val Acc: 56.00%
Epoch 44/50 [Train]:  68%|██████▊   | 15/22 [00:04<00:01,  4.29it/s, Loss=0.0080, Acc=99.79%] 
torch.Size([32, 256])
torch.Size([32, 32])
torch.Size([32, 256])
torch.Size([32, 32])
torch.Size([32, 256])
torch.Size([32, 32])
torch.Size([32, 256])
torch.Size([32, 32])
torch.Size([32, 256])
torch.Size([32, 32])
torch.Size([32, 256])
torch.Size([32, 32])
torch.Size([32, 256])
torch.Size([32, 32])
torch.Size([32, 256])
torch.Size([32, 32])
torch.Size([32, 256])
torch.Size([32, 32])
torch.Size([32, 256])
torch.Size([32, 32])
torch.Size([32, 256])
torch.Size([32, 32])
torch.Size([32, 256])
torch.Size([32, 32])
torch.Size([32, 256])
torch.Size([32, 32])
torch.Size([32, 256])
torch.Size([32, 32])
torch.Size([32, 256])
torch.Size([32, 32])
torch.Size([32, 256])
torch.Size([32, 32])
torch.Size([32, 256])
torch.Size([32, 32])
torch.Size([32, 256])
torch.Size([32, 32])
torch.Size([32, 256])
torch.Size([32, 32])
torch.Size([32, 256])
torch.Size([32, 32])
torch.Size([32, 256])
torch.Size([32, 32])
torch.Size([30, 256])
torch.Size([30, 32])
torch.Size([32, 256])
torch.Size([32, 32])
torch.Size([32, 256])
torch.Size([32, 32])
torch.Size([32, 256])
torch.Size([32, 32])
torch.Size([32, 256])
torch.Size([32, 32])
torch.Size([32, 256])
torch.Size([32, 32])
torch.Size([15, 256])
torch.Size([15, 32])
Epoch [44/50] - Train Loss: 0.0088, Train Acc: 99.86%, Val Loss: 0.1320, Val Acc: 96.57%
Epoch 45/50 [Train]:  64%|██████▎   | 14/22 [00:04<00:01,  4.09it/s, Loss=0.0046, Acc=100.00%]
torch.Size([32, 256])
torch.Size([32, 32])
torch.Size([32, 256])
torch.Size([32, 32])
torch.Size([32, 256])
torch.Size([32, 32])
torch.Size([32, 256])
torch.Size([32, 32])
torch.Size([32, 256])
torch.Size([32, 32])
torch.Size([32, 256])
torch.Size([32, 32])
torch.Size([32, 256])
torch.Size([32, 32])
torch.Size([32, 256])
torch.Size([32, 32])
torch.Size([32, 256])
torch.Size([32, 32])
torch.Size([32, 256])
torch.Size([32, 32])
torch.Size([32, 256])
torch.Size([32, 32])
torch.Size([32, 256])
torch.Size([32, 32])
torch.Size([32, 256])
torch.Size([32, 32])
torch.Size([32, 256])
torch.Size([32, 32])
torch.Size([32, 256])
torch.Size([32, 32])
torch.Size([32, 256])
torch.Size([32, 32])
torch.Size([32, 256])
torch.Size([32, 32])
torch.Size([32, 256])
torch.Size([32, 32])
torch.Size([32, 256])
torch.Size([32, 32])
torch.Size([32, 256])
torch.Size([32, 32])
torch.Size([32, 256])
torch.Size([32, 32])
torch.Size([30, 256])
torch.Size([30, 32])
torch.Size([32, 256])
torch.Size([32, 32])
torch.Size([32, 256])
torch.Size([32, 32])
torch.Size([32, 256])
torch.Size([32, 32])
torch.Size([32, 256])
torch.Size([32, 32])
torch.Size([32, 256])
torch.Size([32, 32])
torch.Size([15, 256])
torch.Size([15, 32])
Epoch [45/50] - Train Loss: 0.0152, Train Acc: 99.72%, Val Loss: 0.2500, Val Acc: 91.43%
Epoch 46/50 [Train]:  68%|██████▊   | 15/22 [00:04<00:01,  4.75it/s, Loss=0.0266, Acc=98.96%]
torch.Size([32, 256])
torch.Size([32, 32])
torch.Size([32, 256])
torch.Size([32, 32])
torch.Size([32, 256])
torch.Size([32, 32])
torch.Size([32, 256])
torch.Size([32, 32])
torch.Size([32, 256])
torch.Size([32, 32])
torch.Size([32, 256])
torch.Size([32, 32])
torch.Size([32, 256])
torch.Size([32, 32])
torch.Size([32, 256])
torch.Size([32, 32])
torch.Size([32, 256])
torch.Size([32, 32])
torch.Size([32, 256])
torch.Size([32, 32])
torch.Size([32, 256])
torch.Size([32, 32])
torch.Size([32, 256])
torch.Size([32, 32])
torch.Size([32, 256])
torch.Size([32, 32])
torch.Size([32, 256])
torch.Size([32, 32])
torch.Size([32, 256])
torch.Size([32, 32])
torch.Size([32, 256])
torch.Size([32, 32])
torch.Size([32, 256])
torch.Size([32, 32])
torch.Size([32, 256])
torch.Size([32, 32])
torch.Size([32, 256])
torch.Size([32, 32])
torch.Size([32, 256])
torch.Size([32, 32])
torch.Size([32, 256])
torch.Size([32, 32])
torch.Size([30, 256])
torch.Size([30, 32])
torch.Size([32, 256])
torch.Size([32, 32])
torch.Size([32, 256])
torch.Size([32, 32])
torch.Size([32, 256])
torch.Size([32, 32])
torch.Size([32, 256])
torch.Size([32, 32])
torch.Size([32, 256])
torch.Size([32, 32])
torch.Size([15, 256])
torch.Size([15, 32])
Epoch [46/50] - Train Loss: 0.0225, Train Acc: 99.15%, Val Loss: 0.1082, Val Acc: 97.14%
Epoch 47/50 [Train]:  68%|██████▊   | 15/22 [00:04<00:01,  4.16it/s, Loss=0.0268, Acc=99.38%]
torch.Size([32, 256])
torch.Size([32, 32])
torch.Size([32, 256])
torch.Size([32, 32])
torch.Size([32, 256])
torch.Size([32, 32])
torch.Size([32, 256])
torch.Size([32, 32])
torch.Size([32, 256])
torch.Size([32, 32])
torch.Size([32, 256])
torch.Size([32, 32])
torch.Size([32, 256])
torch.Size([32, 32])
torch.Size([32, 256])
torch.Size([32, 32])
torch.Size([32, 256])
torch.Size([32, 32])
torch.Size([32, 256])
torch.Size([32, 32])
torch.Size([32, 256])
torch.Size([32, 32])
torch.Size([32, 256])
torch.Size([32, 32])
torch.Size([32, 256])
torch.Size([32, 32])
torch.Size([32, 256])
torch.Size([32, 32])
torch.Size([32, 256])
torch.Size([32, 32])
torch.Size([32, 256])
torch.Size([32, 32])
torch.Size([32, 256])
torch.Size([32, 32])
torch.Size([32, 256])
torch.Size([32, 32])
torch.Size([32, 256])
torch.Size([32, 32])
torch.Size([32, 256])
torch.Size([32, 32])
torch.Size([32, 256])
torch.Size([32, 32])
torch.Size([30, 256])
torch.Size([30, 32])
torch.Size([32, 256])
torch.Size([32, 32])
torch.Size([32, 256])
torch.Size([32, 32])
torch.Size([32, 256])
torch.Size([32, 32])
torch.Size([32, 256])
torch.Size([32, 32])
torch.Size([32, 256])
torch.Size([32, 32])
torch.Size([15, 256])
torch.Size([15, 32])
Epoch [47/50] - Train Loss: 0.0243, Train Acc: 99.43%, Val Loss: 0.0304, Val Acc: 98.86%
Epoch 48/50 [Train]:  68%|██████▊   | 15/22 [00:04<00:01,  4.36it/s, Loss=0.0258, Acc=99.38%]
torch.Size([32, 256])
torch.Size([32, 32])
torch.Size([32, 256])
torch.Size([32, 32])
torch.Size([32, 256])
torch.Size([32, 32])
torch.Size([32, 256])
torch.Size([32, 32])
torch.Size([32, 256])
torch.Size([32, 32])
torch.Size([32, 256])
torch.Size([32, 32])
torch.Size([32, 256])
torch.Size([32, 32])
torch.Size([32, 256])
torch.Size([32, 32])
torch.Size([32, 256])
torch.Size([32, 32])
torch.Size([32, 256])
torch.Size([32, 32])
torch.Size([32, 256])
torch.Size([32, 32])
torch.Size([32, 256])
torch.Size([32, 32])
torch.Size([32, 256])
torch.Size([32, 32])
torch.Size([32, 256])
torch.Size([32, 32])
torch.Size([32, 256])
torch.Size([32, 32])
torch.Size([32, 256])
torch.Size([32, 32])
torch.Size([32, 256])
torch.Size([32, 32])
torch.Size([32, 256])
torch.Size([32, 32])
torch.Size([32, 256])
torch.Size([32, 32])
torch.Size([32, 256])
torch.Size([32, 32])
torch.Size([32, 256])
torch.Size([32, 32])
torch.Size([30, 256])
torch.Size([30, 32])
torch.Size([32, 256])
torch.Size([32, 32])
torch.Size([32, 256])
torch.Size([32, 32])
torch.Size([32, 256])
torch.Size([32, 32])
torch.Size([32, 256])
torch.Size([32, 32])
torch.Size([32, 256])
torch.Size([32, 32])
torch.Size([15, 256])
torch.Size([15, 32])
Epoch [48/50] - Train Loss: 0.0196, Train Acc: 99.43%, Val Loss: 1.1675, Val Acc: 70.86%
Epoch 49/50 [Train]:  68%|██████▊   | 15/22 [00:04<00:01,  3.87it/s, Loss=0.0227, Acc=99.38%]
torch.Size([32, 256])
torch.Size([32, 32])
torch.Size([32, 256])
torch.Size([32, 32])
torch.Size([32, 256])
torch.Size([32, 32])
torch.Size([32, 256])
torch.Size([32, 32])
torch.Size([32, 256])
torch.Size([32, 32])
torch.Size([32, 256])
torch.Size([32, 32])
torch.Size([32, 256])
torch.Size([32, 32])
torch.Size([32, 256])
torch.Size([32, 32])
torch.Size([32, 256])
torch.Size([32, 32])
torch.Size([32, 256])
torch.Size([32, 32])
torch.Size([32, 256])
torch.Size([32, 32])
torch.Size([32, 256])
torch.Size([32, 32])
torch.Size([32, 256])
torch.Size([32, 32])
torch.Size([32, 256])
torch.Size([32, 32])
torch.Size([32, 256])
torch.Size([32, 32])
torch.Size([32, 256])
torch.Size([32, 32])
torch.Size([32, 256])
torch.Size([32, 32])
torch.Size([32, 256])
torch.Size([32, 32])
torch.Size([32, 256])
torch.Size([32, 32])
torch.Size([32, 256])
torch.Size([32, 32])
torch.Size([32, 256])
torch.Size([32, 32])
torch.Size([30, 256])
torch.Size([30, 32])
torch.Size([32, 256])
torch.Size([32, 32])
torch.Size([32, 256])
torch.Size([32, 32])
torch.Size([32, 256])
torch.Size([32, 32])
torch.Size([32, 256])
torch.Size([32, 32])
torch.Size([32, 256])
torch.Size([32, 32])
torch.Size([15, 256])
torch.Size([15, 32])
Epoch [49/50] - Train Loss: 0.0226, Train Acc: 99.43%, Val Loss: 0.1371, Val Acc: 96.00%
Epoch 50/50 [Train]:  68%|██████▊   | 15/22 [00:04<00:01,  4.11it/s, Loss=0.0215, Acc=99.38%] 
torch.Size([32, 256])
torch.Size([32, 32])
torch.Size([32, 256])
torch.Size([32, 32])
torch.Size([32, 256])
torch.Size([32, 32])
torch.Size([32, 256])
torch.Size([32, 32])
torch.Size([32, 256])
torch.Size([32, 32])
torch.Size([32, 256])
torch.Size([32, 32])
torch.Size([32, 256])
torch.Size([32, 32])
torch.Size([32, 256])
torch.Size([32, 32])
torch.Size([32, 256])
torch.Size([32, 32])
torch.Size([32, 256])
torch.Size([32, 32])
torch.Size([32, 256])
torch.Size([32, 32])
torch.Size([32, 256])
torch.Size([32, 32])
torch.Size([32, 256])
torch.Size([32, 32])
torch.Size([32, 256])
torch.Size([32, 32])
torch.Size([32, 256])
torch.Size([32, 32])
torch.Size([32, 256])
torch.Size([32, 32])
torch.Size([32, 256])
torch.Size([32, 32])
torch.Size([32, 256])
torch.Size([32, 32])
torch.Size([32, 256])
torch.Size([32, 32])
torch.Size([32, 256])
torch.Size([32, 32])
torch.Size([32, 256])
torch.Size([32, 32])
torch.Size([30, 256])
torch.Size([30, 32])
torch.Size([32, 256])
torch.Size([32, 32])
torch.Size([32, 256])
torch.Size([32, 32])
torch.Size([32, 256])
torch.Size([32, 32])
torch.Size([32, 256])
torch.Size([32, 32])
torch.Size([32, 256])
torch.Size([32, 32])
torch.Size([15, 256])
torch.Size([15, 32])
Epoch [50/50] - Train Loss: 0.0182, Train Acc: 99.57%, Val Loss: 0.8313, Val Acc: 70.86%
Evaluating model...
Evaluating: 100%|██████████| 7/7 [00:02<00:00,  3.06it/s]
torch.Size([32, 256])
torch.Size([32, 32])
torch.Size([32, 256])
torch.Size([32, 32])
torch.Size([32, 256])
torch.Size([32, 32])
torch.Size([32, 256])
torch.Size([32, 32])
torch.Size([32, 256])
torch.Size([32, 32])
torch.Size([32, 256])
torch.Size([32, 32])
torch.Size([28, 256])
torch.Size([28, 32])
Test Results:
Accuracy: 0.6500 (65.00%)
Precision: 0.8206 (82.06%)
Recall: 0.6500 (65.00%)
F1-Score: 0.6330 (63.30%)
AUC-ROC: 0.9922 (99.22%)
