Creating CCAL model...
Model Parameters: 703,331
Trainable Parameters: 703,331
Starting training...
Training Epoch 1: 100%|██████████| 28/28 [00:03<00:00,  8.44it/s]
✓ New best model saved! Val Acc: 37.73%
Epoch  1: Train Loss: 1.0754, Train Acc: 49.14% | Val Loss: 1.0472, Val Acc: 37.73%
Training Epoch 2: 100%|██████████| 28/28 [00:03<00:00,  8.26it/s]
✓ New best model saved! Val Acc: 51.36%
Epoch  2: Train Loss: 0.8976, Train Acc: 62.14% | Val Loss: 1.0882, Val Acc: 51.36%
Training Epoch 3: 100%|██████████| 28/28 [00:03<00:00,  8.43it/s]
Epoch  3: Train Loss: 0.8182, Train Acc: 66.02% | Val Loss: 1.7161, Val Acc: 43.64%
Training Epoch 4: 100%|██████████| 28/28 [00:03<00:00,  8.26it/s]
✓ New best model saved! Val Acc: 61.36%
Epoch  4: Train Loss: 0.7625, Train Acc: 69.21% | Val Loss: 0.8470, Val Acc: 61.36%
Training Epoch 5: 100%|██████████| 28/28 [00:03<00:00,  8.64it/s]
Epoch  5: Train Loss: 0.7165, Train Acc: 73.77% | Val Loss: 1.7091, Val Acc: 54.55%
Training Epoch 6: 100%|██████████| 28/28 [00:03<00:00,  8.60it/s]
Epoch  6: Train Loss: 0.7104, Train Acc: 72.18% | Val Loss: 1.1271, Val Acc: 56.36%
Training Epoch 7: 100%|██████████| 28/28 [00:03<00:00,  8.70it/s]
Epoch  7: Train Loss: 0.6559, Train Acc: 74.00% | Val Loss: 0.7793, Val Acc: 61.36%
Training Epoch 8: 100%|██████████| 28/28 [00:03<00:00,  8.39it/s]
Epoch  8: Train Loss: 0.6105, Train Acc: 76.97% | Val Loss: 1.0931, Val Acc: 60.91%
Training Epoch 9: 100%|██████████| 28/28 [00:03<00:00,  8.34it/s]
✓ New best model saved! Val Acc: 75.91%
Epoch  9: Train Loss: 0.5727, Train Acc: 78.68% | Val Loss: 0.6464, Val Acc: 75.91%
Training Epoch 10: 100%|██████████| 28/28 [00:03<00:00,  8.56it/s]
Epoch 10: Train Loss: 0.5576, Train Acc: 79.48% | Val Loss: 2.5710, Val Acc: 54.55%
Training Epoch 11: 100%|██████████| 28/28 [00:03<00:00,  8.54it/s]
✓ New best model saved! Val Acc: 77.73%
Epoch 11: Train Loss: 0.5031, Train Acc: 80.84% | Val Loss: 0.6743, Val Acc: 77.73%
Training Epoch 12: 100%|██████████| 28/28 [00:03<00:00,  8.56it/s]
✓ New best model saved! Val Acc: 85.00%
Epoch 12: Train Loss: 0.4849, Train Acc: 80.62% | Val Loss: 0.4832, Val Acc: 85.00%
Training Epoch 13: 100%|██████████| 28/28 [00:03<00:00,  8.52it/s]
Epoch 13: Train Loss: 0.4684, Train Acc: 82.90% | Val Loss: 3.6068, Val Acc: 53.18%
Training Epoch 14: 100%|██████████| 28/28 [00:03<00:00,  8.54it/s]
Epoch 14: Train Loss: 0.4748, Train Acc: 80.84% | Val Loss: 1.0763, Val Acc: 65.91%
Training Epoch 15: 100%|██████████| 28/28 [00:03<00:00,  8.42it/s]
Epoch 15: Train Loss: 0.4134, Train Acc: 83.92% | Val Loss: 3.1814, Val Acc: 11.36%
Training Epoch 16: 100%|██████████| 28/28 [00:03<00:00,  8.41it/s]
Epoch 16: Train Loss: 0.4184, Train Acc: 83.24% | Val Loss: 5.9906, Val Acc: 51.36%
Training Epoch 17: 100%|██████████| 28/28 [00:03<00:00,  8.69it/s]
Epoch 17: Train Loss: 0.3818, Train Acc: 85.18% | Val Loss: 2.4552, Val Acc: 59.09%
Training Epoch 18: 100%|██████████| 28/28 [00:03<00:00,  8.44it/s]
Epoch 18: Train Loss: 0.3749, Train Acc: 84.83% | Val Loss: 1.3007, Val Acc: 53.18%
Training Epoch 19: 100%|██████████| 28/28 [00:03<00:00,  8.66it/s]
Epoch 19: Train Loss: 0.4149, Train Acc: 83.24% | Val Loss: 0.8539, Val Acc: 67.73%
Training Epoch 20: 100%|██████████| 28/28 [00:03<00:00,  8.65it/s]
Epoch 20: Train Loss: 0.3693, Train Acc: 85.52% | Val Loss: 0.8537, Val Acc: 73.18%
Training Epoch 21: 100%|██████████| 28/28 [00:03<00:00,  8.46it/s]
Epoch 21: Train Loss: 0.3356, Train Acc: 85.52% | Val Loss: 7.7491, Val Acc: 10.91%
Training Epoch 22: 100%|██████████| 28/28 [00:03<00:00,  8.67it/s]
Epoch 22: Train Loss: 0.3272, Train Acc: 87.12% | Val Loss: 7.2945, Val Acc: 39.09%
Training Epoch 23: 100%|██████████| 28/28 [00:03<00:00,  8.50it/s]
Epoch 23: Train Loss: 0.3113, Train Acc: 87.57% | Val Loss: 0.5189, Val Acc: 81.36%
Training Epoch 24: 100%|██████████| 28/28 [00:03<00:00,  8.52it/s]
Epoch 24: Train Loss: 0.3429, Train Acc: 86.89% | Val Loss: 4.2492, Val Acc: 35.45%
Training Epoch 25: 100%|██████████| 28/28 [00:03<00:00,  8.36it/s]
Epoch 25: Train Loss: 0.3490, Train Acc: 85.86% | Val Loss: 0.8193, Val Acc: 77.73%
Training Epoch 26: 100%|██████████| 28/28 [00:03<00:00,  8.46it/s]
Epoch 26: Train Loss: 0.3337, Train Acc: 85.97% | Val Loss: 0.8327, Val Acc: 61.36%
Training Epoch 27: 100%|██████████| 28/28 [00:03<00:00,  8.53it/s]
Epoch 27: Train Loss: 0.3051, Train Acc: 88.48% | Val Loss: 1.3513, Val Acc: 48.18%
Training Epoch 28: 100%|██████████| 28/28 [00:03<00:00,  8.48it/s]
Epoch 28: Train Loss: 0.3170, Train Acc: 87.12% | Val Loss: 2.8902, Val Acc: 57.73%
Training Epoch 29: 100%|██████████| 28/28 [00:03<00:00,  8.40it/s]
Epoch 29: Train Loss: 0.3122, Train Acc: 87.12% | Val Loss: 1.8919, Val Acc: 49.55%
Training Epoch 30: 100%|██████████| 28/28 [00:03<00:00,  8.61it/s]
Epoch 30: Train Loss: 0.3084, Train Acc: 88.14% | Val Loss: 0.6945, Val Acc: 67.73%
Training Epoch 31: 100%|██████████| 28/28 [00:03<00:00,  8.53it/s]
Epoch 31: Train Loss: 0.2927, Train Acc: 88.48% | Val Loss: 0.4421, Val Acc: 79.55%
Training Epoch 32: 100%|██████████| 28/28 [00:03<00:00,  8.42it/s]
Epoch 32: Train Loss: 0.2697, Train Acc: 88.14% | Val Loss: 2.2736, Val Acc: 46.82%
Training Epoch 33: 100%|██████████| 28/28 [00:03<00:00,  8.57it/s]
Epoch 33: Train Loss: 0.2497, Train Acc: 89.85% | Val Loss: 4.6913, Val Acc: 54.09%
Training Epoch 34: 100%|██████████| 28/28 [00:03<00:00,  8.69it/s]
Epoch 34: Train Loss: 0.3226, Train Acc: 88.48% | Val Loss: 2.5880, Val Acc: 57.73%
Training Epoch 35: 100%|██████████| 28/28 [00:03<00:00,  8.36it/s]
Epoch 35: Train Loss: 0.3102, Train Acc: 89.40% | Val Loss: 8.0879, Val Acc: 11.36%
Training Epoch 36: 100%|██████████| 28/28 [00:03<00:00,  8.52it/s]
Epoch 36: Train Loss: 0.2952, Train Acc: 87.34% | Val Loss: 0.8335, Val Acc: 72.27%
Training Epoch 37: 100%|██████████| 28/28 [00:03<00:00,  8.54it/s]
Epoch 37: Train Loss: 0.2893, Train Acc: 88.03% | Val Loss: 0.6690, Val Acc: 85.00%
Training Epoch 38: 100%|██████████| 28/28 [00:03<00:00,  8.67it/s]
Epoch 38: Train Loss: 0.2716, Train Acc: 89.17% | Val Loss: 0.6061, Val Acc: 68.18%
Training Epoch 39: 100%|██████████| 28/28 [00:03<00:00,  8.46it/s]
Epoch 39: Train Loss: 0.3173, Train Acc: 87.57% | Val Loss: 1.0963, Val Acc: 66.82%
Training Epoch 40: 100%|██████████| 28/28 [00:03<00:00,  8.65it/s]
Epoch 40: Train Loss: 0.2716, Train Acc: 89.17% | Val Loss: 3.5685, Val Acc: 53.18%
Training Epoch 41: 100%|██████████| 28/28 [00:03<00:00,  8.47it/s]
✓ New best model saved! Val Acc: 89.55%
Epoch 41: Train Loss: 0.2626, Train Acc: 89.62% | Val Loss: 0.2767, Val Acc: 89.55%
Training Epoch 42: 100%|██████████| 28/28 [00:03<00:00,  8.48it/s]
Epoch 42: Train Loss: 0.2370, Train Acc: 90.88% | Val Loss: 3.4611, Val Acc: 26.82%
Training Epoch 43: 100%|██████████| 28/28 [00:03<00:00,  8.68it/s]
Epoch 43: Train Loss: 0.2533, Train Acc: 89.05% | Val Loss: 0.3766, Val Acc: 84.55%
Training Epoch 44: 100%|██████████| 28/28 [00:03<00:00,  8.76it/s]
Epoch 44: Train Loss: 0.2300, Train Acc: 90.76% | Val Loss: 1.8426, Val Acc: 61.36%
Training Epoch 45: 100%|██████████| 28/28 [00:03<00:00,  8.46it/s]
Epoch 45: Train Loss: 0.1957, Train Acc: 91.56% | Val Loss: 0.8476, Val Acc: 74.09%
Training Epoch 46: 100%|██████████| 28/28 [00:03<00:00,  8.40it/s]
Epoch 46: Train Loss: 0.2271, Train Acc: 90.54% | Val Loss: 1.5582, Val Acc: 62.27%
Training Epoch 47: 100%|██████████| 28/28 [00:03<00:00,  8.59it/s]
Epoch 47: Train Loss: 0.2179, Train Acc: 90.99% | Val Loss: 0.6282, Val Acc: 72.73%
Training Epoch 48: 100%|██████████| 28/28 [00:03<00:00,  8.62it/s]
✓ New best model saved! Val Acc: 90.00%
Epoch 48: Train Loss: 0.2348, Train Acc: 90.88% | Val Loss: 0.2767, Val Acc: 90.00%
Training Epoch 49: 100%|██████████| 28/28 [00:03<00:00,  8.55it/s]
Epoch 49: Train Loss: 0.2707, Train Acc: 89.40% | Val Loss: 12.2014, Val Acc: 14.55%
Training Epoch 50: 100%|██████████| 28/28 [00:03<00:00,  8.42it/s]
Epoch 50: Train Loss: 0.2112, Train Acc: 90.76% | Val Loss: 0.2829, Val Acc: 86.82%

Training completed!
Best model saved at epoch 48 with validation accuracy: 90.00%
Evaluating model...
Testing: 100%|██████████| 7/7 [00:00<00:00,  7.88it/s]

Test Results:
Accuracy:  86.82%
Precision: 92.21%
Recall:    86.82%
F1-Score:  87.63%
AUC:       98.87%
Model saved as 'base_ccal.pth'
