Creating CCAL model...
Model Parameters: 703,331
Trainable Parameters: 703,331
[34m[1mwandb[0m: [33mWARNING[0m Calling wandb.login() after wandb.init() has no effect.
Starting training...
Training Epoch 1: 100%|██████████| 28/28 [00:04<00:00,  6.52it/s]
✓ New best model saved! Val Acc: 35.91%
Epoch  1: Train Loss: 1.2966, Train Acc: 31.36% | Val Loss: 1.0906, Val Acc: 35.91%
Training Epoch 2: 100%|██████████| 28/28 [00:04<00:00,  6.51it/s]
Epoch  2: Train Loss: 1.2121, Train Acc: 33.07% | Val Loss: 1.0921, Val Acc: 35.91%
Training Epoch 3: 100%|██████████| 28/28 [00:04<00:00,  6.64it/s]
✓ New best model saved! Val Acc: 65.45%
Epoch  3: Train Loss: 1.1647, Train Acc: 38.20% | Val Loss: 1.0341, Val Acc: 65.45%
Training Epoch 4: 100%|██████████| 28/28 [00:04<00:00,  6.44it/s]
Epoch  4: Train Loss: 1.1107, Train Acc: 41.73% | Val Loss: 0.9704, Val Acc: 65.00%
Training Epoch 5: 100%|██████████| 28/28 [00:04<00:00,  6.60it/s]
Epoch  5: Train Loss: 1.0774, Train Acc: 46.98% | Val Loss: 0.9571, Val Acc: 56.82%
Training Epoch 6: 100%|██████████| 28/28 [00:04<00:00,  6.45it/s]
Epoch  6: Train Loss: 0.9964, Train Acc: 51.20% | Val Loss: 0.9387, Val Acc: 55.45%
Training Epoch 7: 100%|██████████| 28/28 [00:04<00:00,  6.42it/s]
✓ New best model saved! Val Acc: 70.00%
Epoch  7: Train Loss: 0.8710, Train Acc: 62.26% | Val Loss: 0.7395, Val Acc: 70.00%
Training Epoch 8: 100%|██████████| 28/28 [00:04<00:00,  6.55it/s]
Epoch  8: Train Loss: 0.7740, Train Acc: 65.68% | Val Loss: 1.1106, Val Acc: 53.64%
Training Epoch 9: 100%|██████████| 28/28 [00:04<00:00,  6.43it/s]
✓ New best model saved! Val Acc: 71.82%
Epoch  9: Train Loss: 0.6659, Train Acc: 73.55% | Val Loss: 0.6207, Val Acc: 71.82%
Training Epoch 10: 100%|██████████| 28/28 [00:04<00:00,  6.63it/s]
Epoch 10: Train Loss: 0.6143, Train Acc: 77.31% | Val Loss: 0.7970, Val Acc: 69.09%
Training Epoch 11: 100%|██████████| 28/28 [00:04<00:00,  6.62it/s]
✓ New best model saved! Val Acc: 75.00%
Epoch 11: Train Loss: 0.5553, Train Acc: 80.27% | Val Loss: 0.6251, Val Acc: 75.00%
Training Epoch 12: 100%|██████████| 28/28 [00:04<00:00,  6.59it/s]
Epoch 12: Train Loss: 0.5317, Train Acc: 79.02% | Val Loss: 0.7641, Val Acc: 70.00%
Training Epoch 13: 100%|██████████| 28/28 [00:04<00:00,  6.51it/s]
Epoch 13: Train Loss: 0.4936, Train Acc: 80.73% | Val Loss: 0.8954, Val Acc: 66.82%
Training Epoch 14: 100%|██████████| 28/28 [00:04<00:00,  6.53it/s]
✓ New best model saved! Val Acc: 84.55%
Epoch 14: Train Loss: 0.4654, Train Acc: 82.55% | Val Loss: 0.4150, Val Acc: 84.55%
Training Epoch 15: 100%|██████████| 28/28 [00:04<00:00,  6.43it/s]
Epoch 15: Train Loss: 0.4248, Train Acc: 83.01% | Val Loss: 0.5585, Val Acc: 75.91%
Training Epoch 16: 100%|██████████| 28/28 [00:04<00:00,  6.65it/s]
Epoch 16: Train Loss: 0.4401, Train Acc: 83.12% | Val Loss: 0.5615, Val Acc: 76.82%
Training Epoch 17: 100%|██████████| 28/28 [00:04<00:00,  6.42it/s]
Epoch 17: Train Loss: 0.4067, Train Acc: 84.26% | Val Loss: 0.5170, Val Acc: 82.73%
Training Epoch 18: 100%|██████████| 28/28 [00:04<00:00,  6.49it/s]
Epoch 18: Train Loss: 0.4058, Train Acc: 83.92% | Val Loss: 0.6958, Val Acc: 70.45%
Training Epoch 19: 100%|██████████| 28/28 [00:04<00:00,  6.56it/s]
Epoch 19: Train Loss: 0.3892, Train Acc: 84.83% | Val Loss: 0.8602, Val Acc: 63.64%
Training Epoch 20: 100%|██████████| 28/28 [00:04<00:00,  6.56it/s]
✓ New best model saved! Val Acc: 85.91%
Epoch 20: Train Loss: 0.3730, Train Acc: 84.95% | Val Loss: 0.3593, Val Acc: 85.91%
Training Epoch 21: 100%|██████████| 28/28 [00:04<00:00,  6.48it/s]
Epoch 21: Train Loss: 0.3569, Train Acc: 86.89% | Val Loss: 0.9603, Val Acc: 61.36%
Training Epoch 22: 100%|██████████| 28/28 [00:04<00:00,  6.41it/s]
Epoch 22: Train Loss: 0.3507, Train Acc: 86.32% | Val Loss: 0.3727, Val Acc: 85.91%
Training Epoch 23: 100%|██████████| 28/28 [00:04<00:00,  6.66it/s]
Epoch 23: Train Loss: 0.3587, Train Acc: 85.86% | Val Loss: 0.3893, Val Acc: 85.45%
Training Epoch 24: 100%|██████████| 28/28 [00:04<00:00,  6.54it/s]
Epoch 24: Train Loss: 0.3429, Train Acc: 87.69% | Val Loss: 0.4559, Val Acc: 83.64%
Training Epoch 25: 100%|██████████| 28/28 [00:04<00:00,  6.54it/s]
Epoch 25: Train Loss: 0.3293, Train Acc: 86.09% | Val Loss: 0.4691, Val Acc: 77.73%
Training Epoch 26: 100%|██████████| 28/28 [00:04<00:00,  6.51it/s]
Epoch 26: Train Loss: 0.3073, Train Acc: 88.14% | Val Loss: 1.3626, Val Acc: 58.18%
Training Epoch 27: 100%|██████████| 28/28 [00:04<00:00,  6.56it/s]
Epoch 27: Train Loss: 0.3138, Train Acc: 86.43% | Val Loss: 0.8535, Val Acc: 70.00%
Training Epoch 28: 100%|██████████| 28/28 [00:04<00:00,  6.51it/s]
Epoch 28: Train Loss: 0.3198, Train Acc: 87.23% | Val Loss: 0.6751, Val Acc: 74.55%
Training Epoch 29: 100%|██████████| 28/28 [00:04<00:00,  6.58it/s]
Epoch 29: Train Loss: 0.2843, Train Acc: 88.94% | Val Loss: 0.4679, Val Acc: 83.18%
Training Epoch 30: 100%|██████████| 28/28 [00:04<00:00,  6.56it/s]
Epoch 30: Train Loss: 0.2683, Train Acc: 90.42% | Val Loss: 0.4652, Val Acc: 82.27%
Training Epoch 31: 100%|██████████| 28/28 [00:04<00:00,  6.54it/s]
✓ New best model saved! Val Acc: 87.73%
Epoch 31: Train Loss: 0.2868, Train Acc: 89.85% | Val Loss: 0.3580, Val Acc: 87.73%
Training Epoch 32: 100%|██████████| 28/28 [00:04<00:00,  6.56it/s]
✓ New best model saved! Val Acc: 88.18%
Epoch 32: Train Loss: 0.2489, Train Acc: 90.19% | Val Loss: 0.3414, Val Acc: 88.18%
Training Epoch 33: 100%|██████████| 28/28 [00:04<00:00,  6.44it/s]
Epoch 33: Train Loss: 0.2973, Train Acc: 89.05% | Val Loss: 0.7645, Val Acc: 68.18%
Training Epoch 34: 100%|██████████| 28/28 [00:04<00:00,  6.60it/s]
Epoch 34: Train Loss: 0.2852, Train Acc: 88.48% | Val Loss: 2.3377, Val Acc: 40.91%
Training Epoch 35: 100%|██████████| 28/28 [00:04<00:00,  6.47it/s]
Epoch 35: Train Loss: 0.2423, Train Acc: 91.45% | Val Loss: 3.0935, Val Acc: 14.55%
Training Epoch 36: 100%|██████████| 28/28 [00:04<00:00,  6.51it/s]
Epoch 36: Train Loss: 0.2555, Train Acc: 89.74% | Val Loss: 1.0336, Val Acc: 69.55%
Training Epoch 37: 100%|██████████| 28/28 [00:04<00:00,  6.55it/s]
✓ New best model saved! Val Acc: 90.45%
Epoch 37: Train Loss: 0.2969, Train Acc: 88.83% | Val Loss: 0.3103, Val Acc: 90.45%
Training Epoch 38: 100%|██████████| 28/28 [00:04<00:00,  6.57it/s]
Epoch 38: Train Loss: 0.2354, Train Acc: 91.11% | Val Loss: 1.8198, Val Acc: 60.91%
Training Epoch 39: 100%|██████████| 28/28 [00:04<00:00,  6.47it/s]
Epoch 39: Train Loss: 0.2365, Train Acc: 90.19% | Val Loss: 0.3998, Val Acc: 83.18%
Training Epoch 40: 100%|██████████| 28/28 [00:04<00:00,  6.40it/s]
Epoch 40: Train Loss: 0.2137, Train Acc: 91.90% | Val Loss: 0.2846, Val Acc: 89.55%
Training Epoch 41: 100%|██████████| 28/28 [00:04<00:00,  6.52it/s]
Epoch 41: Train Loss: 0.2382, Train Acc: 92.47% | Val Loss: 0.8549, Val Acc: 71.82%
Training Epoch 42:  14%|█▍        | 4/28 [00:00<00:05,  4.24it/s]
[34m[1mwandb[0m: [33mWARNING[0m Calling wandb.login() after wandb.init() has no effect.
