============================================================
ViT Lung Cancer — Sequential 70/20/10 Split (Honest)
============================================================
Total images: 1097
  Bengin cases: 120
  Malignant cases: 561
  Normal cases: 416

After sequential 70/20/10 split:
  Train: 767, Val: 218, Test: 112
Train after augmentation: 2749

############################################################
 vit_b_16 | SEQUENTIAL SPLIT
############################################################
Downloading: "https://download.pytorch.org/models/vit_b_16-c867db91.pth" to /root/.cache/torch/hub/checkpoints/vit_b_16-c867db91.pth
100%|██████████| 330M/330M [00:01<00:00, 182MB/s]  
  vit_b_16: 85.80M params

============================================================
 Training: vit_b_16 | 30 epochs | LR=0.0001
============================================================
  [  1/30] loss=1.0985/0.9617 acc=0.3889/0.5550 f1=0.3167 lr=1.0e-04 (96.0s) ★
  [  2/30] loss=0.9863/0.7750 acc=0.4748/0.5963 f1=0.4898 lr=1.0e-04 (103.1s) ★
  [  3/30] loss=0.8943/0.7620 acc=0.5453/0.5550 f1=0.3986 lr=1.0e-04 (105.8s)
  [  4/30] loss=0.8354/1.3127 acc=0.5917/0.3716 f1=0.3268 lr=1.0e-04 (106.2s)
  [  5/30] loss=0.7862/0.8148 acc=0.6243/0.6651 f1=0.5299 lr=1.0e-04 (105.8s) ★
  [  6/30] loss=0.7432/0.7385 acc=0.6550/0.5596 f1=0.4450 lr=1.0e-04 (106.0s)
  [  7/30] loss=0.6830/1.0849 acc=0.6809/0.5092 f1=0.4599 lr=1.0e-04 (106.0s)
  [  8/30] loss=0.6141/0.8419 acc=0.7160/0.5642 f1=0.4670 lr=1.0e-04 (106.3s)
  [  9/30] loss=0.5892/0.8618 acc=0.7390/0.5229 f1=0.4494 lr=1.0e-04 (106.1s)
  [ 10/30] loss=0.5670/0.7498 acc=0.7474/0.5917 f1=0.5260 lr=1.0e-04 (105.9s)
  [ 11/30] loss=0.4983/0.6789 acc=0.7800/0.6009 f1=0.4957 lr=3.0e-05 (106.1s)
  [ 12/30] loss=0.3619/0.5988 acc=0.8454/0.7018 f1=0.6109 lr=3.0e-05 (106.2s) ★
  [ 13/30] loss=0.3276/0.7001 acc=0.8607/0.6422 f1=0.5729 lr=3.0e-05 (106.2s)
  [ 14/30] loss=0.2928/0.7553 acc=0.8801/0.6468 f1=0.5539 lr=3.0e-05 (106.1s)
  [ 15/30] loss=0.2568/0.8623 acc=0.8933/0.5688 f1=0.4798 lr=3.0e-05 (105.9s)
  [ 16/30] loss=0.2636/0.8428 acc=0.8936/0.6376 f1=0.5883 lr=3.0e-05 (106.2s)
  [ 17/30] loss=0.2096/0.7259 acc=0.9225/0.7202 f1=0.5654 lr=3.0e-05 (106.1s) ★
  [ 18/30] loss=0.2269/0.5963 acc=0.9126/0.6972 f1=0.6187 lr=3.0e-05 (106.1s)
  [ 19/30] loss=0.1848/0.6103 acc=0.9309/0.7156 f1=0.6492 lr=3.0e-05 (106.0s)
  [ 20/30] loss=0.1596/0.6919 acc=0.9357/0.7248 f1=0.6593 lr=3.0e-05 (106.2s) ★
  [ 21/30] loss=0.1626/0.7249 acc=0.9368/0.6881 f1=0.6251 lr=3.0e-05 (106.1s)
  [ 22/30] loss=0.1443/0.9247 acc=0.9441/0.6560 f1=0.5861 lr=3.0e-05 (106.4s)
  [ 23/30] loss=0.1341/1.1791 acc=0.9492/0.6101 f1=0.5528 lr=3.0e-05 (106.2s)
  [ 24/30] loss=0.1204/1.0528 acc=0.9532/0.6193 f1=0.5477 lr=3.0e-05 (106.0s)
  [ 25/30] loss=0.1078/0.9455 acc=0.9591/0.6376 f1=0.5531 lr=3.0e-05 (105.8s)
  [ 26/30] loss=0.1039/0.7744 acc=0.9616/0.7202 f1=0.6479 lr=9.0e-06 (106.1s)
  [ 27/30] loss=0.0577/0.8814 acc=0.9759/0.6789 f1=0.6120 lr=9.0e-06 (105.9s)
  ⏹ Early stop at epoch 27

============================================================
 TEST RESULTS — vit_b_16
============================================================
Accuracy:  85.71%
Parameters: 85.80M

              precision    recall  f1-score   support

      Benign       0.47      0.62      0.53        13
   Malignant       0.98      0.95      0.96        57
      Normal       0.85      0.81      0.83        42

    accuracy                           0.86       112
   macro avg       0.77      0.79      0.78       112
weighted avg       0.87      0.86      0.86       112


============================================================
 SUMMARY: ViT Variants (Leaky Split)
============================================================
  vit_b_16: 85.71%

Generating XAI on best model...

✅ XAI visualizations generated.
