Creating CCAL model...
Model Parameters: 703,331
Trainable Parameters: 703,331
Starting training...
Training Epoch 1: 100%|██████████| 28/28 [00:03<00:00,  8.51it/s]
✓ New best model saved! Val Acc: 37.73%
Epoch  1: Train Loss: 1.1925, Train Acc: 40.14% | Val Loss: 1.0448, Val Acc: 37.73%
Training Epoch 2: 100%|██████████| 28/28 [00:03<00:00,  8.59it/s]
✓ New best model saved! Val Acc: 39.55%
Epoch  2: Train Loss: 1.1399, Train Acc: 41.16% | Val Loss: 1.0273, Val Acc: 39.55%
Training Epoch 3: 100%|██████████| 28/28 [00:03<00:00,  8.72it/s]
✓ New best model saved! Val Acc: 51.82%
Epoch  3: Train Loss: 1.0661, Train Acc: 45.84% | Val Loss: 1.0009, Val Acc: 51.82%
Training Epoch 4: 100%|██████████| 28/28 [00:03<00:00,  8.58it/s]
✓ New best model saved! Val Acc: 73.18%
Epoch  4: Train Loss: 0.9456, Train Acc: 53.82% | Val Loss: 0.8010, Val Acc: 73.18%
Training Epoch 5: 100%|██████████| 28/28 [00:03<00:00,  8.57it/s]
Epoch  5: Train Loss: 0.8833, Train Acc: 61.92% | Val Loss: 0.7637, Val Acc: 65.91%
Training Epoch 6: 100%|██████████| 28/28 [00:03<00:00,  8.27it/s]
Epoch  6: Train Loss: 0.8474, Train Acc: 61.69% | Val Loss: 1.3350, Val Acc: 48.18%
Training Epoch 7: 100%|██████████| 28/28 [00:03<00:00,  8.37it/s]
Epoch  7: Train Loss: 0.7483, Train Acc: 68.76% | Val Loss: 1.0498, Val Acc: 56.82%
Training Epoch 8: 100%|██████████| 28/28 [00:03<00:00,  8.51it/s]
Epoch  8: Train Loss: 0.6557, Train Acc: 73.20% | Val Loss: 0.7610, Val Acc: 60.45%
Training Epoch 9: 100%|██████████| 28/28 [00:03<00:00,  8.41it/s]
Epoch  9: Train Loss: 0.6430, Train Acc: 75.03% | Val Loss: 1.4422, Val Acc: 50.45%
Training Epoch 10: 100%|██████████| 28/28 [00:03<00:00,  8.66it/s]
Epoch 10: Train Loss: 0.5575, Train Acc: 80.05% | Val Loss: 1.6770, Val Acc: 44.55%
Training Epoch 11: 100%|██████████| 28/28 [00:03<00:00,  8.63it/s]
✓ New best model saved! Val Acc: 77.27%
Epoch 11: Train Loss: 0.5461, Train Acc: 77.19% | Val Loss: 0.5697, Val Acc: 77.27%
Training Epoch 12: 100%|██████████| 28/28 [00:03<00:00,  8.43it/s]
✓ New best model saved! Val Acc: 85.00%
Epoch 12: Train Loss: 0.4815, Train Acc: 82.67% | Val Loss: 0.4156, Val Acc: 85.00%
Training Epoch 13: 100%|██████████| 28/28 [00:03<00:00,  8.54it/s]
Epoch 13: Train Loss: 0.4457, Train Acc: 82.78% | Val Loss: 0.6673, Val Acc: 75.91%
Training Epoch 14: 100%|██████████| 28/28 [00:03<00:00,  8.61it/s]
Epoch 14: Train Loss: 0.4714, Train Acc: 81.87% | Val Loss: 0.6522, Val Acc: 77.73%
Training Epoch 15: 100%|██████████| 28/28 [00:03<00:00,  8.64it/s]
Epoch 15: Train Loss: 0.4236, Train Acc: 83.69% | Val Loss: 1.0472, Val Acc: 48.18%
Training Epoch 16: 100%|██████████| 28/28 [00:03<00:00,  8.58it/s]
Epoch 16: Train Loss: 0.4188, Train Acc: 82.55% | Val Loss: 0.4224, Val Acc: 82.27%
Training Epoch 17: 100%|██████████| 28/28 [00:03<00:00,  8.76it/s]
Epoch 17: Train Loss: 0.3908, Train Acc: 84.95% | Val Loss: 0.8637, Val Acc: 66.36%
Training Epoch 18: 100%|██████████| 28/28 [00:03<00:00,  8.56it/s]
Epoch 18: Train Loss: 0.3893, Train Acc: 84.61% | Val Loss: 3.7394, Val Acc: 37.73%
Training Epoch 19: 100%|██████████| 28/28 [00:03<00:00,  8.50it/s]
Epoch 19: Train Loss: 0.3919, Train Acc: 84.49% | Val Loss: 0.3833, Val Acc: 85.00%
Training Epoch 20: 100%|██████████| 28/28 [00:03<00:00,  8.67it/s]
Epoch 20: Train Loss: 0.3981, Train Acc: 84.83% | Val Loss: 0.4376, Val Acc: 83.64%
Training Epoch 21: 100%|██████████| 28/28 [00:03<00:00,  8.44it/s]
Epoch 21: Train Loss: 0.3835, Train Acc: 84.04% | Val Loss: 0.4363, Val Acc: 82.73%
Training Epoch 22: 100%|██████████| 28/28 [00:03<00:00,  8.63it/s]
Epoch 22: Train Loss: 0.3764, Train Acc: 85.18% | Val Loss: 0.4916, Val Acc: 82.27%
Training Epoch 23: 100%|██████████| 28/28 [00:03<00:00,  8.62it/s]
Epoch 23: Train Loss: 0.3311, Train Acc: 86.20% | Val Loss: 0.7229, Val Acc: 64.09%
Training Epoch 24: 100%|██████████| 28/28 [00:03<00:00,  8.56it/s]
Epoch 24: Train Loss: 0.3479, Train Acc: 85.29% | Val Loss: 0.8892, Val Acc: 66.36%
Training Epoch 25: 100%|██████████| 28/28 [00:03<00:00,  8.63it/s]
Epoch 25: Train Loss: 0.3363, Train Acc: 86.77% | Val Loss: 0.9112, Val Acc: 64.55%
Training Epoch 26: 100%|██████████| 28/28 [00:03<00:00,  8.54it/s]
Epoch 26: Train Loss: 0.3183, Train Acc: 87.91% | Val Loss: 0.3194, Val Acc: 85.00%
Training Epoch 27: 100%|██████████| 28/28 [00:03<00:00,  8.70it/s]
Epoch 27: Train Loss: 0.3395, Train Acc: 87.23% | Val Loss: 0.4639, Val Acc: 79.55%
Training Epoch 28: 100%|██████████| 28/28 [00:03<00:00,  8.53it/s]
Epoch 28: Train Loss: 0.3421, Train Acc: 86.89% | Val Loss: 0.8847, Val Acc: 52.27%
Training Epoch 29: 100%|██████████| 28/28 [00:03<00:00,  8.51it/s]
Epoch 29: Train Loss: 0.3044, Train Acc: 87.57% | Val Loss: 2.7250, Val Acc: 54.55%
Training Epoch 30: 100%|██████████| 28/28 [00:03<00:00,  8.62it/s]
Epoch 30: Train Loss: 0.3281, Train Acc: 85.86% | Val Loss: 1.9773, Val Acc: 58.18%
Training Epoch 31: 100%|██████████| 28/28 [00:03<00:00,  8.38it/s]
Epoch 31: Train Loss: 0.2782, Train Acc: 88.60% | Val Loss: 0.7046, Val Acc: 64.55%
Training Epoch 32: 100%|██████████| 28/28 [00:03<00:00,  8.58it/s]
Epoch 32: Train Loss: 0.2803, Train Acc: 88.83% | Val Loss: 0.3782, Val Acc: 85.00%
Training Epoch 33: 100%|██████████| 28/28 [00:03<00:00,  8.56it/s]
Epoch 33: Train Loss: 0.2765, Train Acc: 89.28% | Val Loss: 1.1744, Val Acc: 43.64%
Training Epoch 34: 100%|██████████| 28/28 [00:03<00:00,  8.59it/s]
Epoch 34: Train Loss: 0.2777, Train Acc: 89.28% | Val Loss: 0.7558, Val Acc: 61.82%
Training Epoch 35: 100%|██████████| 28/28 [00:03<00:00,  8.43it/s]
Epoch 35: Train Loss: 0.2345, Train Acc: 91.33% | Val Loss: 1.4446, Val Acc: 49.09%
Training Epoch 36: 100%|██████████| 28/28 [00:03<00:00,  8.56it/s]
Epoch 36: Train Loss: 0.2385, Train Acc: 90.99% | Val Loss: 0.6964, Val Acc: 68.18%
Training Epoch 37: 100%|██████████| 28/28 [00:03<00:00,  8.59it/s]
Epoch 37: Train Loss: 0.2475, Train Acc: 91.11% | Val Loss: 0.9689, Val Acc: 63.18%
Training Epoch 38: 100%|██████████| 28/28 [00:03<00:00,  8.30it/s]
Epoch 38: Train Loss: 0.2485, Train Acc: 90.88% | Val Loss: 0.6756, Val Acc: 75.91%
Training Epoch 39: 100%|██████████| 28/28 [00:03<00:00,  8.71it/s]
Epoch 39: Train Loss: 0.2350, Train Acc: 90.65% | Val Loss: 0.5177, Val Acc: 76.82%
Training Epoch 40: 100%|██████████| 28/28 [00:03<00:00,  8.56it/s]
Epoch 40: Train Loss: 0.2342, Train Acc: 91.33% | Val Loss: 1.2067, Val Acc: 64.09%
Training Epoch 41: 100%|██████████| 28/28 [00:03<00:00,  8.54it/s]
Epoch 41: Train Loss: 0.2499, Train Acc: 89.40% | Val Loss: 2.5493, Val Acc: 45.91%
Training Epoch 42: 100%|██████████| 28/28 [00:03<00:00,  8.66it/s]
✓ New best model saved! Val Acc: 91.36%
Epoch 42: Train Loss: 0.2336, Train Acc: 90.88% | Val Loss: 0.2407, Val Acc: 91.36%
Training Epoch 43: 100%|██████████| 28/28 [00:03<00:00,  8.53it/s]
Epoch 43: Train Loss: 0.2341, Train Acc: 91.68% | Val Loss: 0.8382, Val Acc: 59.55%
Training Epoch 44: 100%|██████████| 28/28 [00:03<00:00,  8.60it/s]
Epoch 44: Train Loss: 0.2144, Train Acc: 90.99% | Val Loss: 0.5480, Val Acc: 80.00%
Training Epoch 45: 100%|██████████| 28/28 [00:03<00:00,  8.57it/s]
Epoch 45: Train Loss: 0.2021, Train Acc: 92.82% | Val Loss: 1.8828, Val Acc: 61.82%
Training Epoch 46: 100%|██████████| 28/28 [00:03<00:00,  8.54it/s]
Epoch 46: Train Loss: 0.1762, Train Acc: 93.61% | Val Loss: 0.3488, Val Acc: 85.45%
Training Epoch 47: 100%|██████████| 28/28 [00:03<00:00,  8.57it/s]
Epoch 47: Train Loss: 0.1988, Train Acc: 92.59% | Val Loss: 0.8066, Val Acc: 75.00%
Training Epoch 48: 100%|██████████| 28/28 [00:03<00:00,  8.39it/s]
Epoch 48: Train Loss: 0.2036, Train Acc: 91.45% | Val Loss: 5.4217, Val Acc: 53.18%
Training Epoch 49: 100%|██████████| 28/28 [00:03<00:00,  8.56it/s]
Epoch 49: Train Loss: 0.2223, Train Acc: 90.99% | Val Loss: 0.4436, Val Acc: 78.64%
Training Epoch 50:  57%|█████▋    | 16/28 [00:02<00:01,  6.87it/s]
