============================================================
Lung-EffNet — Sequential 70/20/10 Split (No Shuffle)
============================================================
Total images: 1097
  Bengin cases: 120
  Malignant cases: 561
  Normal cases: 416
  [v2.1] val split empty — using test as val for monitoring.

After sequential 70/20/10 split:
  Train: 876 (first 70%)
  Val:   221 (next 20%)
  Test:  221 (last 10%)
    Bengin cases: train=96, val=24, test=24
    Malignant cases: train=448, val=113, test=113
    Normal cases: train=332, val=84, test=84
Train after augmentation: 3140

############################################################
 EfficientNet-B0 | SEQUENTIAL SPLIT
############################################################
  EfficientNet-B0: 4.01M params

============================================================
 Training: EffNet-B0 | 30 epochs | LR=0.001
============================================================
  [  1/30] loss=0.4056/0.3263 acc=0.8202/0.8643 f1=0.7529 lr=1.0e-03 (23.6s) ★
  [  2/30] loss=0.1500/0.6690 acc=0.9442/0.8416 f1=0.7488 lr=1.0e-03 (22.6s)
  [  3/30] loss=0.1034/0.7720 acc=0.9665/0.8597 f1=0.7639 lr=1.0e-03 (23.5s)
  [  4/30] loss=0.0626/0.7421 acc=0.9774/0.8552 f1=0.7611 lr=1.0e-03 (22.9s)
  [  5/30] loss=0.0649/0.6647 acc=0.9790/0.8914 f1=0.8242 lr=1.0e-03 (23.4s) ★
  [  6/30] loss=0.0516/1.0284 acc=0.9812/0.8507 f1=0.7466 lr=1.0e-03 (24.2s)
  [  7/30] loss=0.0519/0.5369 acc=0.9834/0.9050 f1=0.8152 lr=1.0e-03 (23.7s) ★
  [  8/30] loss=0.0353/1.6780 acc=0.9872/0.8462 f1=0.7547 lr=1.0e-03 (22.9s)
  [  9/30] loss=0.0442/1.9698 acc=0.9866/0.7873 f1=0.6935 lr=1.0e-03 (21.4s)
  [ 10/30] loss=0.0150/1.1249 acc=0.9959/0.8959 f1=0.8302 lr=1.0e-03 (23.2s)
  [ 11/30] loss=0.0295/1.1270 acc=0.9885/0.9005 f1=0.8092 lr=1.0e-03 (22.5s)
  [ 12/30] loss=0.0539/0.9357 acc=0.9834/0.8733 f1=0.7817 lr=1.0e-03 (23.7s)
  [ 13/30] loss=0.0111/0.8205 acc=0.9959/0.9095 f1=0.8246 lr=1.0e-03 (23.4s) ★
  [ 14/30] loss=0.0119/1.0205 acc=0.9952/0.9140 f1=0.8278 lr=1.0e-03 (23.4s) ★
  [ 15/30] loss=0.0173/1.3897 acc=0.9939/0.8824 f1=0.7884 lr=1.0e-03 (23.0s)
  [ 16/30] loss=0.0861/0.4380 acc=0.9764/0.9140 f1=0.7942 lr=1.0e-03 (23.4s)
  [ 17/30] loss=0.0392/1.0484 acc=0.9866/0.8416 f1=0.7646 lr=1.0e-03 (22.2s)
  [ 18/30] loss=0.0280/0.8600 acc=0.9892/0.9050 f1=0.8250 lr=1.0e-03 (22.7s)
  [ 19/30] loss=0.0070/0.9402 acc=0.9965/0.9095 f1=0.8265 lr=1.0e-03 (22.3s)
  [ 20/30] loss=0.0284/1.9694 acc=0.9930/0.8552 f1=0.7882 lr=3.0e-04 (24.3s)
  [ 21/30] loss=0.0080/0.9229 acc=0.9974/0.8869 f1=0.7967 lr=3.0e-04 (23.3s)
  ⏹ Early stop at epoch 21 (no improvement for 7 epochs)

============================================================
 TEST RESULTS — EffNet-B0
============================================================
Accuracy:  91.40%
Parameters: 4.01M

              precision    recall  f1-score   support

      Benign       0.61      0.58      0.60        24
   Malignant       1.00      1.00      1.00       113
      Normal       0.88      0.89      0.89        84

    accuracy                           0.91       221
   macro avg       0.83      0.83      0.83       221
weighted avg       0.91      0.91      0.91       221


############################################################
 EfficientNet-B1 | SEQUENTIAL SPLIT
############################################################
  EfficientNet-B1: 6.52M params

============================================================
 Training: EffNet-B1 | 30 epochs | LR=0.001
============================================================
  [  1/30] loss=0.3684/0.4427 acc=0.8473/0.9005 f1=0.8395 lr=1.0e-03 (28.8s) ★
  [  2/30] loss=0.1153/0.4050 acc=0.9611/0.8959 f1=0.8358 lr=1.0e-03 (28.5s)
  [  3/30] loss=0.0761/0.5427 acc=0.9710/0.8688 f1=0.7741 lr=1.0e-03 (28.7s)
  [  4/30] loss=0.0603/0.5236 acc=0.9802/0.9005 f1=0.8349 lr=1.0e-03 (28.6s)
  [  5/30] loss=0.0409/0.8109 acc=0.9879/0.8824 f1=0.8140 lr=1.0e-03 (28.7s)
  [  6/30] loss=0.0331/0.5969 acc=0.9892/0.9321 f1=0.8780 lr=1.0e-03 (28.7s) ★
  [  7/30] loss=0.0447/0.8590 acc=0.9841/0.8190 f1=0.7385 lr=1.0e-03 (28.8s)
  [  8/30] loss=0.0354/0.5617 acc=0.9895/0.8778 f1=0.8172 lr=1.0e-03 (28.7s)
  [  9/30] loss=0.0198/0.9318 acc=0.9943/0.8688 f1=0.7989 lr=1.0e-03 (28.5s)
  [ 10/30] loss=0.0321/0.6404 acc=0.9908/0.9050 f1=0.8484 lr=1.0e-03 (28.6s)
  [ 11/30] loss=0.0471/0.7141 acc=0.9837/0.8552 f1=0.7632 lr=1.0e-03 (28.5s)
  [ 12/30] loss=0.0478/0.6170 acc=0.9809/0.9050 f1=0.8360 lr=3.0e-04 (28.8s)
  [ 13/30] loss=0.0156/0.4884 acc=0.9955/0.9231 f1=0.8539 lr=3.0e-04 (28.8s)
  ⏹ Early stop at epoch 13 (no improvement for 7 epochs)

============================================================
 TEST RESULTS — EffNet-B1
============================================================
Accuracy:  93.21%
Parameters: 6.52M

              precision    recall  f1-score   support

      Benign       0.65      0.83      0.73        24
   Malignant       1.00      1.00      1.00       113
      Normal       0.95      0.87      0.91        84

    accuracy                           0.93       221
   macro avg       0.86      0.90      0.88       221
weighted avg       0.94      0.93      0.93       221


############################################################
 EfficientNet-B2 | SEQUENTIAL SPLIT
############################################################
  EfficientNet-B2: 7.71M params

============================================================
 Training: EffNet-B2 | 30 epochs | LR=0.001
============================================================
  [  1/30] loss=0.3666/0.3501 acc=0.8441/0.8552 f1=0.7674 lr=1.0e-03 (30.8s) ★
  [  2/30] loss=0.1514/0.6662 acc=0.9452/0.8145 f1=0.7500 lr=1.0e-03 (31.2s)
  [  3/30] loss=0.0636/0.4632 acc=0.9793/0.9050 f1=0.8374 lr=1.0e-03 (30.9s) ★
  [  4/30] loss=0.0672/0.6132 acc=0.9793/0.8688 f1=0.7987 lr=1.0e-03 (30.7s)
  [  5/30] loss=0.0582/1.3033 acc=0.9815/0.7919 f1=0.7103 lr=1.0e-03 (30.9s)
  [  6/30] loss=0.0394/0.6056 acc=0.9853/0.8688 f1=0.7931 lr=1.0e-03 (30.7s)
  [  7/30] loss=0.0545/0.4747 acc=0.9809/0.8824 f1=0.8140 lr=1.0e-03 (30.7s)
  [  8/30] loss=0.0450/0.8688 acc=0.9857/0.9050 f1=0.8457 lr=1.0e-03 (31.0s)
  [  9/30] loss=0.0437/0.5827 acc=0.9837/0.8959 f1=0.8249 lr=3.0e-04 (30.9s)
  [ 10/30] loss=0.0087/0.6659 acc=0.9978/0.9231 f1=0.8649 lr=3.0e-04 (30.6s) ★
  [ 11/30] loss=0.0022/0.6537 acc=0.9994/0.9231 f1=0.8649 lr=3.0e-04 (30.8s)
  [ 12/30] loss=0.0020/0.6892 acc=0.9997/0.9321 f1=0.8808 lr=3.0e-04 (30.7s) ★
  [ 13/30] loss=0.0019/0.6631 acc=0.9994/0.9321 f1=0.8750 lr=3.0e-04 (30.8s)
  [ 14/30] loss=0.0091/0.6429 acc=0.9971/0.9186 f1=0.8439 lr=3.0e-04 (30.8s)
  [ 15/30] loss=0.0055/0.7622 acc=0.9990/0.9140 f1=0.8416 lr=3.0e-04 (30.9s)
  [ 16/30] loss=0.0072/0.8986 acc=0.9981/0.8869 f1=0.8166 lr=3.0e-04 (31.1s)
  [ 17/30] loss=0.0021/0.9460 acc=0.9997/0.9005 f1=0.8341 lr=3.0e-04 (30.5s)
  [ 18/30] loss=0.0026/0.8261 acc=0.9994/0.9005 f1=0.8189 lr=9.0e-05 (30.7s)
  [ 19/30] loss=0.0015/0.8171 acc=0.9994/0.9095 f1=0.8311 lr=9.0e-05 (30.9s)
  ⏹ Early stop at epoch 19 (no improvement for 7 epochs)

============================================================
 TEST RESULTS — EffNet-B2
============================================================
Accuracy:  93.21%
Parameters: 7.71M

              precision    recall  f1-score   support

      Benign       0.64      0.88      0.74        24
   Malignant       1.00      1.00      1.00       113
      Normal       0.96      0.86      0.91        84

    accuracy                           0.93       221
   macro avg       0.87      0.91      0.88       221
weighted avg       0.95      0.93      0.94       221


############################################################
 EfficientNet-B3 | SEQUENTIAL SPLIT
############################################################
  EfficientNet-B3: 10.70M params

============================================================
 Training: EffNet-B3 | 30 epochs | LR=0.001
============================================================
  [  1/30] loss=0.3959/0.5961 acc=0.8304/0.7466 f1=0.6525 lr=1.0e-03 (40.6s) ★
  [  2/30] loss=0.1284/0.9194 acc=0.9585/0.8326 f1=0.7532 lr=1.0e-03 (40.7s) ★
  [  3/30] loss=0.1015/0.5263 acc=0.9659/0.8688 f1=0.7741 lr=1.0e-03 (40.5s) ★
  [  4/30] loss=0.0564/0.9196 acc=0.9818/0.8688 f1=0.8071 lr=1.0e-03 (40.6s)
  [  5/30] loss=0.0493/1.1233 acc=0.9825/0.7964 f1=0.7179 lr=1.0e-03 (40.4s)
  [  6/30] loss=0.0388/1.5942 acc=0.9866/0.8190 f1=0.7379 lr=1.0e-03 (40.9s)
  [  7/30] loss=0.0486/1.6616 acc=0.9837/0.8100 f1=0.7337 lr=1.0e-03 (40.7s)
  [  8/30] loss=0.0460/0.6598 acc=0.9841/0.8869 f1=0.7711 lr=1.0e-03 (40.7s) ★
  [  9/30] loss=0.0224/0.9219 acc=0.9923/0.9276 f1=0.8771 lr=1.0e-03 (40.5s) ★
  [ 10/30] loss=0.0254/0.7176 acc=0.9908/0.8959 f1=0.7972 lr=1.0e-03 (40.8s)
  [ 11/30] loss=0.0151/1.1505 acc=0.9955/0.9005 f1=0.8426 lr=1.0e-03 (40.3s)
  [ 12/30] loss=0.0173/0.7527 acc=0.9936/0.8869 f1=0.7800 lr=1.0e-03 (40.5s)
  [ 13/30] loss=0.0206/0.8647 acc=0.9933/0.8959 f1=0.8308 lr=1.0e-03 (40.3s)
  [ 14/30] loss=0.0118/1.4681 acc=0.9962/0.8597 f1=0.7960 lr=1.0e-03 (40.7s)
  [ 15/30] loss=0.0349/1.4362 acc=0.9898/0.8145 f1=0.7370 lr=3.0e-04 (40.2s)
  [ 16/30] loss=0.0051/1.3383 acc=0.9987/0.8507 f1=0.7713 lr=3.0e-04 (40.6s)
  ⏹ Early stop at epoch 16 (no improvement for 7 epochs)

============================================================
 TEST RESULTS — EffNet-B3
============================================================
Accuracy:  92.76%
Parameters: 10.70M

              precision    recall  f1-score   support

      Benign       0.64      0.88      0.74        24
   Malignant       0.99      1.00      1.00       113
      Normal       0.96      0.85      0.90        84

    accuracy                           0.93       221
   macro avg       0.86      0.91      0.88       221
weighted avg       0.94      0.93      0.93       221


############################################################
 EfficientNet-B4 | SEQUENTIAL SPLIT
############################################################
  EfficientNet-B4: 17.55M params

============================================================
 Training: EffNet-B4 | 30 epochs | LR=0.001
============================================================
  [  1/30] loss=0.3466/0.6455 acc=0.8607/0.8733 f1=0.7911 lr=1.0e-03 (56.0s) ★
  [  2/30] loss=0.0827/0.5713 acc=0.9710/0.8778 f1=0.7750 lr=1.0e-03 (55.6s) ★
  [  3/30] loss=0.0569/1.2163 acc=0.9837/0.8235 f1=0.7453 lr=1.0e-03 (55.2s)
  [  4/30] loss=0.0502/0.6523 acc=0.9815/0.8869 f1=0.8157 lr=1.0e-03 (56.1s) ★
  [  5/30] loss=0.0357/0.6597 acc=0.9892/0.8733 f1=0.7652 lr=1.0e-03 (55.8s)
  [  6/30] loss=0.0195/0.6819 acc=0.9927/0.9050 f1=0.8152 lr=1.0e-03 (55.7s) ★
  [  7/30] loss=0.0271/0.7638 acc=0.9936/0.9005 f1=0.7974 lr=1.0e-03 (55.6s)
  [  8/30] loss=0.0188/1.0344 acc=0.9930/0.8643 f1=0.7854 lr=1.0e-03 (55.5s)
  [  9/30] loss=0.0254/0.8436 acc=0.9936/0.9050 f1=0.8401 lr=1.0e-03 (55.7s)
  [ 10/30] loss=0.0222/1.0369 acc=0.9936/0.8869 f1=0.8039 lr=1.0e-03 (56.0s)
  [ 11/30] loss=0.0197/1.1649 acc=0.9943/0.8552 f1=0.7778 lr=1.0e-03 (56.3s)
  [ 12/30] loss=0.0211/1.0085 acc=0.9927/0.9095 f1=0.8429 lr=1.0e-03 (55.8s) ★
  [ 13/30] loss=0.0123/1.0956 acc=0.9968/0.9005 f1=0.8341 lr=1.0e-03 (55.8s)
  [ 14/30] loss=0.0060/1.0775 acc=0.9978/0.8869 f1=0.8096 lr=1.0e-03 (55.6s)
  [ 15/30] loss=0.0052/2.2108 acc=0.9981/0.8145 f1=0.7272 lr=1.0e-03 (55.9s)
  [ 16/30] loss=0.0020/1.5503 acc=0.9994/0.8597 f1=0.7799 lr=1.0e-03 (56.0s)
  [ 17/30] loss=0.0185/1.1931 acc=0.9949/0.8145 f1=0.7272 lr=1.0e-03 (55.8s)
  [ 18/30] loss=0.0321/1.6328 acc=0.9914/0.8643 f1=0.7961 lr=3.0e-04 (55.8s)
  [ 19/30] loss=0.0067/1.4636 acc=0.9981/0.8733 f1=0.8050 lr=3.0e-04 (55.8s)
  ⏹ Early stop at epoch 19 (no improvement for 7 epochs)

============================================================
 TEST RESULTS — EffNet-B4
============================================================
Accuracy:  90.95%
Parameters: 17.55M

              precision    recall  f1-score   support

      Benign       0.56      0.79      0.66        24
   Malignant       1.00      1.00      1.00       113
      Normal       0.93      0.82      0.87        84

    accuracy                           0.91       221
   macro avg       0.83      0.87      0.84       221
weighted avg       0.93      0.91      0.91       221


===========================================================================
 COMPARISON: Paper (Leaky) vs Sequential (Honest)
===========================================================================
Model         Paper Acc    Seq Acc    Δ Acc
---------------------------------------------
EffNet-B0        93.67%     91.40%   -2.27%
EffNet-B1        99.10%     93.21%   -5.89%
EffNet-B2        99.10%     93.21%   -5.89%
EffNet-B3        98.19%     92.76%   -5.43%
EffNet-B4        97.29%     90.95%   -6.34%

Generating XAI on best model...

✅ XAI visualizations generated.
