
============================================================
RECTIFIED FLOW — JAX on 8× TPU v5e
============================================================
  Batch:  3 × 8 = 24
  LR:     0.000150 (cosine_decay)
  Images: 767 train, 31 batches/epoch
  Save:   every 100 ep | Sample: every 100 ep
  Guard:  7.5h
============================================================

🚀 Training 1201→3000
E1201/3000 | Loss: 0.2033 | Best: 0.1391 | 88.2s | 0.1h | ETA: 2644m
E1202/3000 | Loss: 0.2003 | Best: 0.1391 | 2.5s | 0.1h | ETA: 1359m
E1203/3000 | Loss: 0.2006 | Best: 0.1391 | 2.5s | 0.1h | ETA: 930m
E1204/3000 | Loss: 0.1946 | Best: 0.1391 | 2.5s | 0.1h | ETA: 716m
E1205/3000 | Loss: 0.1977 | Best: 0.1391 | 2.5s | 0.1h | ETA: 588m
E1206/3000 | Loss: 0.1940 | Best: 0.1391 | 2.5s | 0.1h | ETA: 502m
E1207/3000 | Loss: 0.2048 | Best: 0.1391 | 2.5s | 0.1h | ETA: 441m
E1208/3000 | Loss: 0.1999 | Best: 0.1391 | 2.5s | 0.1h | ETA: 395m
E1209/3000 | Loss: 0.1997 | Best: 0.1391 | 2.5s | 0.1h | ETA: 359m
E1210/3000 | Loss: 0.1962 | Best: 0.1391 | 2.5s | 0.1h | ETA: 330m
E1211/3000 | Loss: 0.1938 | Best: 0.1391 | 2.5s | 0.1h | ETA: 307m
E1212/3000 | Loss: 0.1858 | Best: 0.1391 | 2.5s | 0.1h | ETA: 287m
E1213/3000 | Loss: 0.1804 | Best: 0.1391 | 2.5s | 0.1h | ETA: 271m
E1214/3000 | Loss: 0.1931 | Best: 0.1391 | 2.5s | 0.1h | ETA: 257m
E1215/3000 | Loss: 0.1966 | Best: 0.1391 | 2.5s | 0.1h | ETA: 244m
E1216/3000 | Loss: 0.2044 | Best: 0.1391 | 2.5s | 0.1h | ETA: 234m
E1217/3000 | Loss: 0.2006 | Best: 0.1391 | 2.5s | 0.1h | ETA: 224m
E1218/3000 | Loss: 0.1897 | Best: 0.1391 | 2.5s | 0.1h | ETA: 216m
E1219/3000 | Loss: 0.1943 | Best: 0.1391 | 2.5s | 0.1h | ETA: 208m
E1220/3000 | Loss: 0.1916 | Best: 0.1391 | 2.5s | 0.1h | ETA: 201m
E1221/3000 | Loss: 0.1986 | Best: 0.1391 | 2.5s | 0.1h | ETA: 195m
E1222/3000 | Loss: 0.1945 | Best: 0.1391 | 2.5s | 0.1h | ETA: 190m
E1223/3000 | Loss: 0.1977 | Best: 0.1391 | 2.5s | 0.1h | ETA: 184m
E1224/3000 | Loss: 0.1885 | Best: 0.1391 | 2.5s | 0.1h | ETA: 180m
E1225/3000 | Loss: 0.1968 | Best: 0.1391 | 3.0s | 0.1h | ETA: 176m
E1226/3000 | Loss: 0.1988 | Best: 0.1391 | 2.5s | 0.1h | ETA: 172m
E1227/3000 | Loss: 0.1933 | Best: 0.1391 | 2.5s | 0.1h | ETA: 168m
E1228/3000 | Loss: 0.1917 | Best: 0.1391 | 2.5s | 0.1h | ETA: 165m
E1229/3000 | Loss: 0.1955 | Best: 0.1391 | 2.5s | 0.1h | ETA: 162m
E1230/3000 | Loss: 0.1848 | Best: 0.1391 | 2.5s | 0.1h | ETA: 159m
E1231/3000 | Loss: 0.1913 | Best: 0.1391 | 2.5s | 0.1h | ETA: 156m
E1232/3000 | Loss: 0.1913 | Best: 0.1391 | 2.5s | 0.1h | ETA: 153m
E1233/3000 | Loss: 0.1894 | Best: 0.1391 | 2.5s | 0.1h | ETA: 151m
E1234/3000 | Loss: 0.2005 | Best: 0.1391 | 2.5s | 0.1h | ETA: 148m
E1235/3000 | Loss: 0.1902 | Best: 0.1391 | 2.5s | 0.1h | ETA: 146m
E1236/3000 | Loss: 0.1992 | Best: 0.1391 | 2.5s | 0.1h | ETA: 144m
E1237/3000 | Loss: 0.1930 | Best: 0.1391 | 2.5s | 0.1h | ETA: 142m
E1238/3000 | Loss: 0.1967 | Best: 0.1391 | 2.5s | 0.1h | ETA: 140m
E1239/3000 | Loss: 0.1987 | Best: 0.1391 | 2.5s | 0.1h | ETA: 138m
E1240/3000 | Loss: 0.1891 | Best: 0.1391 | 2.5s | 0.1h | ETA: 137m
E1241/3000 | Loss: 0.1943 | Best: 0.1391 | 2.5s | 0.1h | ETA: 135m
E1242/3000 | Loss: 0.1931 | Best: 0.1391 | 2.5s | 0.1h | ETA: 134m
E1243/3000 | Loss: 0.1783 | Best: 0.1391 | 2.5s | 0.1h | ETA: 132m
E1244/3000 | Loss: 0.1948 | Best: 0.1391 | 2.5s | 0.1h | ETA: 131m
E1245/3000 | Loss: 0.1907 | Best: 0.1391 | 2.5s | 0.1h | ETA: 129m
E1246/3000 | Loss: 0.1863 | Best: 0.1391 | 2.5s | 0.1h | ETA: 128m
E1247/3000 | Loss: 0.1892 | Best: 0.1391 | 2.5s | 0.1h | ETA: 127m
E1248/3000 | Loss: 0.1991 | Best: 0.1391 | 2.5s | 0.1h | ETA: 126m
E1249/3000 | Loss: 0.1895 | Best: 0.1391 | 2.5s | 0.1h | ETA: 124m
E1250/3000 | Loss: 0.1963 | Best: 0.1391 | 2.5s | 0.1h | ETA: 123m
E1251/3000 | Loss: 0.1922 | Best: 0.1391 | 2.5s | 0.1h | ETA: 122m
E1252/3000 | Loss: 0.1974 | Best: 0.1391 | 2.5s | 0.1h | ETA: 121m
E1253/3000 | Loss: 0.1916 | Best: 0.1391 | 2.5s | 0.1h | ETA: 120m
E1254/3000 | Loss: 0.1939 | Best: 0.1391 | 2.5s | 0.1h | ETA: 119m
E1255/3000 | Loss: 0.1830 | Best: 0.1391 | 2.5s | 0.1h | ETA: 118m
E1256/3000 | Loss: 0.1924 | Best: 0.1391 | 2.5s | 0.1h | ETA: 118m
E1257/3000 | Loss: 0.1927 | Best: 0.1391 | 2.5s | 0.1h | ETA: 117m
E1258/3000 | Loss: 0.1904 | Best: 0.1391 | 2.5s | 0.1h | ETA: 116m
E1259/3000 | Loss: 0.1962 | Best: 0.1391 | 2.5s | 0.1h | ETA: 115m
E1260/3000 | Loss: 0.1856 | Best: 0.1391 | 2.5s | 0.1h | ETA: 114m
E1261/3000 | Loss: 0.1884 | Best: 0.1391 | 2.5s | 0.1h | ETA: 114m
E1262/3000 | Loss: 0.1902 | Best: 0.1391 | 2.5s | 0.1h | ETA: 113m
E1263/3000 | Loss: 0.1939 | Best: 0.1391 | 2.5s | 0.1h | ETA: 112m
E1264/3000 | Loss: 0.1961 | Best: 0.1391 | 2.5s | 0.1h | ETA: 112m
E1265/3000 | Loss: 0.1971 | Best: 0.1391 | 2.5s | 0.1h | ETA: 111m
E1266/3000 | Loss: 0.1857 | Best: 0.1391 | 2.5s | 0.1h | ETA: 110m
E1267/3000 | Loss: 0.1889 | Best: 0.1391 | 2.5s | 0.1h | ETA: 110m
E1268/3000 | Loss: 0.1820 | Best: 0.1391 | 2.5s | 0.1h | ETA: 109m
E1269/3000 | Loss: 0.1934 | Best: 0.1391 | 2.5s | 0.1h | ETA: 108m
E1270/3000 | Loss: 0.1885 | Best: 0.1391 | 2.5s | 0.1h | ETA: 108m
E1271/3000 | Loss: 0.1833 | Best: 0.1391 | 2.5s | 0.1h | ETA: 107m
E1272/3000 | Loss: 0.1928 | Best: 0.1391 | 2.5s | 0.1h | ETA: 107m
E1273/3000 | Loss: 0.1846 | Best: 0.1391 | 3.0s | 0.1h | ETA: 106m
E1274/3000 | Loss: 0.1877 | Best: 0.1391 | 2.5s | 0.1h | ETA: 106m
E1275/3000 | Loss: 0.1885 | Best: 0.1391 | 2.5s | 0.1h | ETA: 105m
E1276/3000 | Loss: 0.1843 | Best: 0.1391 | 2.5s | 0.1h | ETA: 105m
E1277/3000 | Loss: 0.1903 | Best: 0.1391 | 2.5s | 0.1h | ETA: 104m
E1278/3000 | Loss: 0.1875 | Best: 0.1391 | 2.5s | 0.1h | ETA: 104m
E1279/3000 | Loss: 0.1976 | Best: 0.1391 | 2.5s | 0.1h | ETA: 103m
E1280/3000 | Loss: 0.1854 | Best: 0.1391 | 2.5s | 0.1h | ETA: 103m
E1281/3000 | Loss: 0.1865 | Best: 0.1391 | 2.5s | 0.1h | ETA: 103m
E1282/3000 | Loss: 0.1969 | Best: 0.1391 | 2.5s | 0.1h | ETA: 102m
E1283/3000 | Loss: 0.1931 | Best: 0.1391 | 2.5s | 0.1h | ETA: 102m
E1284/3000 | Loss: 0.1951 | Best: 0.1391 | 2.5s | 0.1h | ETA: 101m
E1285/3000 | Loss: 0.1944 | Best: 0.1391 | 2.5s | 0.1h | ETA: 101m
E1286/3000 | Loss: 0.1909 | Best: 0.1391 | 2.5s | 0.1h | ETA: 100m
E1287/3000 | Loss: 0.1870 | Best: 0.1391 | 2.5s | 0.1h | ETA: 100m
E1288/3000 | Loss: 0.1866 | Best: 0.1391 | 2.5s | 0.1h | ETA: 100m
E1289/3000 | Loss: 0.1836 | Best: 0.1391 | 2.5s | 0.1h | ETA: 99m
E1290/3000 | Loss: 0.1909 | Best: 0.1391 | 2.5s | 0.1h | ETA: 99m
E1291/3000 | Loss: 0.1852 | Best: 0.1391 | 2.5s | 0.1h | ETA: 99m
E1292/3000 | Loss: 0.1847 | Best: 0.1391 | 2.5s | 0.1h | ETA: 98m
E1293/3000 | Loss: 0.1804 | Best: 0.1391 | 2.5s | 0.1h | ETA: 98m
E1294/3000 | Loss: 0.1921 | Best: 0.1391 | 2.5s | 0.1h | ETA: 98m
E1295/3000 | Loss: 0.1849 | Best: 0.1391 | 2.5s | 0.1h | ETA: 97m
E1296/3000 | Loss: 0.1823 | Best: 0.1391 | 2.5s | 0.1h | ETA: 97m
E1297/3000 | Loss: 0.1849 | Best: 0.1391 | 2.5s | 0.1h | ETA: 97m
E1298/3000 | Loss: 0.1859 | Best: 0.1391 | 2.5s | 0.1h | ETA: 96m
E1299/3000 | Loss: 0.1792 | Best: 0.1391 | 2.5s | 0.1h | ETA: 96m
E1300/3000 | Loss: 0.1841 | Best: 0.1391 | 2.5s | 0.1h | ETA: 96m
  💾 Checkpoint epoch 1300
E1301/3000 | Loss: 0.1850 | Best: 0.1391 | 2.5s | 0.1h | ETA: 71m
E1302/3000 | Loss: 0.1958 | Best: 0.1391 | 2.5s | 0.1h | ETA: 71m
E1303/3000 | Loss: 0.1857 | Best: 0.1391 | 2.5s | 0.1h | ETA: 71m
E1304/3000 | Loss: 0.1796 | Best: 0.1391 | 2.5s | 0.1h | ETA: 71m
E1305/3000 | Loss: 0.1796 | Best: 0.1391 | 2.5s | 0.1h | ETA: 71m
E1306/3000 | Loss: 0.1911 | Best: 0.1391 | 2.5s | 0.1h | ETA: 71m
E1307/3000 | Loss: 0.1876 | Best: 0.1391 | 2.5s | 0.1h | ETA: 71m
E1308/3000 | Loss: 0.1849 | Best: 0.1391 | 2.5s | 0.1h | ETA: 71m
E1309/3000 | Loss: 0.1916 | Best: 0.1391 | 2.5s | 0.1h | ETA: 71m
E1310/3000 | Loss: 0.1920 | Best: 0.1391 | 2.5s | 0.1h | ETA: 71m
E1311/3000 | Loss: 0.1876 | Best: 0.1391 | 2.5s | 0.2h | ETA: 71m
E1312/3000 | Loss: 0.1879 | Best: 0.1391 | 2.5s | 0.2h | ETA: 71m
E1313/3000 | Loss: 0.1833 | Best: 0.1391 | 2.5s | 0.2h | ETA: 71m
E1314/3000 | Loss: 0.1856 | Best: 0.1391 | 2.5s | 0.2h | ETA: 71m
E1315/3000 | Loss: 0.1781 | Best: 0.1391 | 2.5s | 0.2h | ETA: 71m
E1316/3000 | Loss: 0.1893 | Best: 0.1391 | 2.5s | 0.2h | ETA: 71m
E1317/3000 | Loss: 0.1763 | Best: 0.1391 | 2.5s | 0.2h | ETA: 71m
E1318/3000 | Loss: 0.1868 | Best: 0.1391 | 2.5s | 0.2h | ETA: 71m
E1319/3000 | Loss: 0.1771 | Best: 0.1391 | 2.5s | 0.2h | ETA: 71m
E1320/3000 | Loss: 0.1846 | Best: 0.1391 | 2.5s | 0.2h | ETA: 71m
E1321/3000 | Loss: 0.1832 | Best: 0.1391 | 2.5s | 0.2h | ETA: 70m
E1322/3000 | Loss: 0.1772 | Best: 0.1391 | 2.5s | 0.2h | ETA: 70m
E1323/3000 | Loss: 0.1758 | Best: 0.1391 | 2.5s | 0.2h | ETA: 70m
E1324/3000 | Loss: 0.1785 | Best: 0.1391 | 2.5s | 0.2h | ETA: 70m
E1325/3000 | Loss: 0.1778 | Best: 0.1391 | 2.5s | 0.2h | ETA: 70m
E1326/3000 | Loss: 0.1820 | Best: 0.1391 | 2.5s | 0.2h | ETA: 70m
E1327/3000 | Loss: 0.1767 | Best: 0.1391 | 2.5s | 0.2h | ETA: 70m
E1328/3000 | Loss: 0.1707 | Best: 0.1391 | 2.5s | 0.2h | ETA: 70m
E1329/3000 | Loss: 0.1840 | Best: 0.1391 | 3.1s | 0.2h | ETA: 70m
E1330/3000 | Loss: 0.1717 | Best: 0.1391 | 2.5s | 0.2h | ETA: 70m
E1331/3000 | Loss: 0.1852 | Best: 0.1391 | 2.5s | 0.2h | ETA: 70m
E1332/3000 | Loss: 0.1731 | Best: 0.1391 | 2.5s | 0.2h | ETA: 70m
E1333/3000 | Loss: 0.1801 | Best: 0.1391 | 2.5s | 0.2h | ETA: 70m
E1334/3000 | Loss: 0.1882 | Best: 0.1391 | 2.5s | 0.2h | ETA: 70m
E1335/3000 | Loss: 0.1886 | Best: 0.1391 | 2.5s | 0.2h | ETA: 70m
E1336/3000 | Loss: 0.1769 | Best: 0.1391 | 2.5s | 0.2h | ETA: 70m
E1337/3000 | Loss: 0.1834 | Best: 0.1391 | 2.5s | 0.2h | ETA: 70m
E1338/3000 | Loss: 0.1865 | Best: 0.1391 | 2.5s | 0.2h | ETA: 70m
E1339/3000 | Loss: 0.1829 | Best: 0.1391 | 2.5s | 0.2h | ETA: 70m
E1340/3000 | Loss: 0.1830 | Best: 0.1391 | 2.5s | 0.2h | ETA: 70m
E1341/3000 | Loss: 0.1789 | Best: 0.1391 | 2.5s | 0.2h | ETA: 70m
E1342/3000 | Loss: 0.1810 | Best: 0.1391 | 2.5s | 0.2h | ETA: 70m
E1343/3000 | Loss: 0.1805 | Best: 0.1391 | 2.5s | 0.2h | ETA: 70m
E1344/3000 | Loss: 0.1780 | Best: 0.1391 | 2.5s | 0.2h | ETA: 70m
E1345/3000 | Loss: 0.1801 | Best: 0.1391 | 2.5s | 0.2h | ETA: 70m
E1346/3000 | Loss: 0.1813 | Best: 0.1391 | 2.5s | 0.2h | ETA: 69m
E1347/3000 | Loss: 0.1851 | Best: 0.1391 | 2.5s | 0.2h | ETA: 69m
E1348/3000 | Loss: 0.1812 | Best: 0.1391 | 2.5s | 0.2h | ETA: 69m
E1349/3000 | Loss: 0.1809 | Best: 0.1391 | 2.5s | 0.2h | ETA: 69m
E1350/3000 | Loss: 0.1834 | Best: 0.1391 | 2.5s | 0.2h | ETA: 69m
E1351/3000 | Loss: 0.1741 | Best: 0.1391 | 2.5s | 0.2h | ETA: 69m
E1352/3000 | Loss: 0.1754 | Best: 0.1391 | 2.5s | 0.2h | ETA: 69m
E1353/3000 | Loss: 0.1732 | Best: 0.1391 | 2.5s | 0.2h | ETA: 69m
E1354/3000 | Loss: 0.1687 | Best: 0.1391 | 2.5s | 0.2h | ETA: 69m
E1355/3000 | Loss: 0.1844 | Best: 0.1391 | 2.5s | 0.2h | ETA: 69m
E1356/3000 | Loss: 0.1765 | Best: 0.1391 | 2.5s | 0.2h | ETA: 69m
E1357/3000 | Loss: 0.1627 | Best: 0.1391 | 2.5s | 0.2h | ETA: 69m
E1358/3000 | Loss: 0.1790 | Best: 0.1391 | 2.5s | 0.2h | ETA: 69m
E1359/3000 | Loss: 0.1711 | Best: 0.1391 | 2.5s | 0.2h | ETA: 69m
E1360/3000 | Loss: 0.1757 | Best: 0.1391 | 2.5s | 0.2h | ETA: 69m
E1361/3000 | Loss: 0.1775 | Best: 0.1391 | 2.5s | 0.2h | ETA: 69m
E1362/3000 | Loss: 0.1758 | Best: 0.1391 | 2.5s | 0.2h | ETA: 69m
E1363/3000 | Loss: 0.1778 | Best: 0.1391 | 2.5s | 0.2h | ETA: 69m
E1364/3000 | Loss: 0.1763 | Best: 0.1391 | 2.5s | 0.2h | ETA: 69m
E1365/3000 | Loss: 0.1756 | Best: 0.1391 | 2.5s | 0.2h | ETA: 69m
E1366/3000 | Loss: 0.1814 | Best: 0.1391 | 2.5s | 0.2h | ETA: 69m
E1367/3000 | Loss: 0.1749 | Best: 0.1391 | 2.5s | 0.2h | ETA: 69m
E1368/3000 | Loss: 0.1823 | Best: 0.1391 | 2.5s | 0.2h | ETA: 69m
E1369/3000 | Loss: 0.1801 | Best: 0.1391 | 2.5s | 0.2h | ETA: 68m
E1370/3000 | Loss: 0.1762 | Best: 0.1391 | 2.5s | 0.2h | ETA: 68m
E1371/3000 | Loss: 0.1759 | Best: 0.1391 | 2.5s | 0.2h | ETA: 68m
E1372/3000 | Loss: 0.1657 | Best: 0.1391 | 2.5s | 0.2h | ETA: 68m
E1373/3000 | Loss: 0.1733 | Best: 0.1391 | 2.5s | 0.2h | ETA: 68m
E1374/3000 | Loss: 0.1721 | Best: 0.1391 | 2.5s | 0.2h | ETA: 68m
E1375/3000 | Loss: 0.1718 | Best: 0.1391 | 2.5s | 0.2h | ETA: 68m
E1376/3000 | Loss: 0.1691 | Best: 0.1391 | 2.5s | 0.2h | ETA: 68m
E1377/3000 | Loss: 0.1700 | Best: 0.1391 | 2.5s | 0.2h | ETA: 68m
E1378/3000 | Loss: 0.1711 | Best: 0.1391 | 2.5s | 0.2h | ETA: 68m
E1379/3000 | Loss: 0.1745 | Best: 0.1391 | 2.5s | 0.2h | ETA: 68m
E1380/3000 | Loss: 0.1737 | Best: 0.1391 | 3.0s | 0.2h | ETA: 68m
E1381/3000 | Loss: 0.1778 | Best: 0.1391 | 2.5s | 0.2h | ETA: 68m
E1382/3000 | Loss: 0.1658 | Best: 0.1391 | 2.5s | 0.2h | ETA: 68m
E1383/3000 | Loss: 0.1747 | Best: 0.1391 | 2.5s | 0.2h | ETA: 68m
E1384/3000 | Loss: 0.1760 | Best: 0.1391 | 2.5s | 0.2h | ETA: 68m
E1385/3000 | Loss: 0.1710 | Best: 0.1391 | 2.5s | 0.2h | ETA: 68m
E1386/3000 | Loss: 0.1770 | Best: 0.1391 | 2.5s | 0.2h | ETA: 68m
E1387/3000 | Loss: 0.1691 | Best: 0.1391 | 2.5s | 0.2h | ETA: 68m
E1388/3000 | Loss: 0.1660 | Best: 0.1391 | 2.5s | 0.2h | ETA: 68m
E1389/3000 | Loss: 0.1686 | Best: 0.1391 | 2.5s | 0.2h | ETA: 68m
E1390/3000 | Loss: 0.1686 | Best: 0.1391 | 2.5s | 0.2h | ETA: 68m
E1391/3000 | Loss: 0.1685 | Best: 0.1391 | 2.5s | 0.2h | ETA: 68m
E1392/3000 | Loss: 0.1739 | Best: 0.1391 | 2.5s | 0.2h | ETA: 68m
E1393/3000 | Loss: 0.1705 | Best: 0.1391 | 2.5s | 0.2h | ETA: 67m
E1394/3000 | Loss: 0.1746 | Best: 0.1391 | 2.5s | 0.2h | ETA: 67m
E1395/3000 | Loss: 0.1709 | Best: 0.1391 | 2.5s | 0.2h | ETA: 67m
E1396/3000 | Loss: 0.1655 | Best: 0.1391 | 2.5s | 0.2h | ETA: 67m
E1397/3000 | Loss: 0.1719 | Best: 0.1391 | 2.5s | 0.2h | ETA: 67m
E1398/3000 | Loss: 0.1640 | Best: 0.1391 | 2.5s | 0.2h | ETA: 67m
E1399/3000 | Loss: 0.1636 | Best: 0.1391 | 2.5s | 0.2h | ETA: 67m
E1400/3000 | Loss: 0.1739 | Best: 0.1391 | 2.5s | 0.2h | ETA: 67m
  💾 Checkpoint epoch 1400
E1401/3000 | Loss: 0.1689 | Best: 0.1391 | 2.5s | 0.2h | ETA: 67m
E1402/3000 | Loss: 0.1659 | Best: 0.1391 | 2.5s | 0.2h | ETA: 67m
E1403/3000 | Loss: 0.1683 | Best: 0.1391 | 2.5s | 0.2h | ETA: 67m
E1404/3000 | Loss: 0.1677 | Best: 0.1391 | 2.5s | 0.2h | ETA: 67m
E1405/3000 | Loss: 0.1611 | Best: 0.1391 | 2.5s | 0.2h | ETA: 67m
E1406/3000 | Loss: 0.1686 | Best: 0.1391 | 2.5s | 0.2h | ETA: 67m
E1407/3000 | Loss: 0.1672 | Best: 0.1391 | 2.5s | 0.2h | ETA: 67m
E1408/3000 | Loss: 0.1673 | Best: 0.1391 | 2.5s | 0.2h | ETA: 67m
E1409/3000 | Loss: 0.1644 | Best: 0.1391 | 2.5s | 0.2h | ETA: 67m
E1410/3000 | Loss: 0.1672 | Best: 0.1391 | 2.5s | 0.2h | ETA: 67m
E1411/3000 | Loss: 0.1698 | Best: 0.1391 | 2.5s | 0.2h | ETA: 67m
E1412/3000 | Loss: 0.1702 | Best: 0.1391 | 2.5s | 0.2h | ETA: 67m
E1413/3000 | Loss: 0.1652 | Best: 0.1391 | 2.5s | 0.2h | ETA: 67m
E1414/3000 | Loss: 0.1681 | Best: 0.1391 | 2.5s | 0.2h | ETA: 67m
E1415/3000 | Loss: 0.1658 | Best: 0.1391 | 2.5s | 0.2h | ETA: 67m
E1416/3000 | Loss: 0.1707 | Best: 0.1391 | 2.5s | 0.2h | ETA: 67m
E1417/3000 | Loss: 0.1690 | Best: 0.1391 | 2.5s | 0.2h | ETA: 67m
E1418/3000 | Loss: 0.1674 | Best: 0.1391 | 2.5s | 0.2h | ETA: 66m
E1419/3000 | Loss: 0.1631 | Best: 0.1391 | 2.5s | 0.2h | ETA: 66m
E1420/3000 | Loss: 0.1597 | Best: 0.1391 | 2.5s | 0.2h | ETA: 66m
E1421/3000 | Loss: 0.1698 | Best: 0.1391 | 2.5s | 0.2h | ETA: 66m
E1422/3000 | Loss: 0.1612 | Best: 0.1391 | 2.5s | 0.2h | ETA: 66m
E1423/3000 | Loss: 0.1692 | Best: 0.1391 | 2.5s | 0.2h | ETA: 66m
E1424/3000 | Loss: 0.1643 | Best: 0.1391 | 2.5s | 0.2h | ETA: 66m
E1425/3000 | Loss: 0.1607 | Best: 0.1391 | 2.5s | 0.2h | ETA: 66m
E1426/3000 | Loss: 0.1649 | Best: 0.1391 | 2.5s | 0.2h | ETA: 66m
E1427/3000 | Loss: 0.1629 | Best: 0.1391 | 2.5s | 0.2h | ETA: 66m
E1428/3000 | Loss: 0.1701 | Best: 0.1391 | 2.5s | 0.2h | ETA: 66m
E1429/3000 | Loss: 0.1634 | Best: 0.1391 | 2.5s | 0.3h | ETA: 66m
E1430/3000 | Loss: 0.1701 | Best: 0.1391 | 2.5s | 0.3h | ETA: 66m
E1431/3000 | Loss: 0.1675 | Best: 0.1391 | 2.5s | 0.3h | ETA: 66m
E1432/3000 | Loss: 0.1683 | Best: 0.1391 | 2.5s | 0.3h | ETA: 66m
E1433/3000 | Loss: 0.1647 | Best: 0.1391 | 2.5s | 0.3h | ETA: 66m
E1434/3000 | Loss: 0.1682 | Best: 0.1391 | 2.5s | 0.3h | ETA: 66m
E1435/3000 | Loss: 0.1622 | Best: 0.1391 | 2.5s | 0.3h | ETA: 66m
E1436/3000 | Loss: 0.1613 | Best: 0.1391 | 2.5s | 0.3h | ETA: 66m
E1437/3000 | Loss: 0.1709 | Best: 0.1391 | 2.5s | 0.3h | ETA: 65m
E1438/3000 | Loss: 0.1624 | Best: 0.1391 | 2.5s | 0.3h | ETA: 65m
E1439/3000 | Loss: 0.1597 | Best: 0.1391 | 2.5s | 0.3h | ETA: 65m
E1440/3000 | Loss: 0.1667 | Best: 0.1391 | 2.5s | 0.3h | ETA: 65m
E1441/3000 | Loss: 0.1682 | Best: 0.1391 | 2.5s | 0.3h | ETA: 65m
E1442/3000 | Loss: 0.1636 | Best: 0.1391 | 2.5s | 0.3h | ETA: 65m
E1443/3000 | Loss: 0.1610 | Best: 0.1391 | 2.5s | 0.3h | ETA: 65m
E1444/3000 | Loss: 0.1685 | Best: 0.1391 | 2.5s | 0.3h | ETA: 65m
E1445/3000 | Loss: 0.1591 | Best: 0.1391 | 2.5s | 0.3h | ETA: 65m
E1446/3000 | Loss: 0.1575 | Best: 0.1391 | 2.5s | 0.3h | ETA: 65m
E1447/3000 | Loss: 0.1553 | Best: 0.1391 | 3.1s | 0.3h | ETA: 65m
E1448/3000 | Loss: 0.1565 | Best: 0.1391 | 2.5s | 0.3h | ETA: 65m
E1449/3000 | Loss: 0.1572 | Best: 0.1391 | 2.5s | 0.3h | ETA: 65m
E1450/3000 | Loss: 0.1656 | Best: 0.1391 | 2.5s | 0.3h | ETA: 65m
E1451/3000 | Loss: 0.1595 | Best: 0.1391 | 2.5s | 0.3h | ETA: 65m
E1452/3000 | Loss: 0.1636 | Best: 0.1391 | 2.5s | 0.3h | ETA: 65m
E1453/3000 | Loss: 0.1631 | Best: 0.1391 | 2.5s | 0.3h | ETA: 65m
E1454/3000 | Loss: 0.1581 | Best: 0.1391 | 2.5s | 0.3h | ETA: 65m
E1455/3000 | Loss: 0.1637 | Best: 0.1391 | 2.5s | 0.3h | ETA: 65m
E1456/3000 | Loss: 0.1694 | Best: 0.1391 | 2.5s | 0.3h | ETA: 65m
E1457/3000 | Loss: 0.1527 | Best: 0.1391 | 2.5s | 0.3h | ETA: 65m
E1458/3000 | Loss: 0.1637 | Best: 0.1391 | 2.5s | 0.3h | ETA: 65m
E1459/3000 | Loss: 0.1571 | Best: 0.1391 | 2.5s | 0.3h | ETA: 65m
E1460/3000 | Loss: 0.1558 | Best: 0.1391 | 2.5s | 0.3h | ETA: 65m
E1461/3000 | Loss: 0.1555 | Best: 0.1391 | 2.5s | 0.3h | ETA: 65m
E1462/3000 | Loss: 0.1588 | Best: 0.1391 | 2.5s | 0.3h | ETA: 65m
E1463/3000 | Loss: 0.1558 | Best: 0.1391 | 2.5s | 0.3h | ETA: 65m
E1464/3000 | Loss: 0.1560 | Best: 0.1391 | 2.5s | 0.3h | ETA: 64m
E1465/3000 | Loss: 0.1586 | Best: 0.1391 | 2.5s | 0.3h | ETA: 64m
E1466/3000 | Loss: 0.1654 | Best: 0.1391 | 2.5s | 0.3h | ETA: 64m
E1467/3000 | Loss: 0.1549 | Best: 0.1391 | 2.5s | 0.3h | ETA: 64m
E1468/3000 | Loss: 0.1561 | Best: 0.1391 | 2.5s | 0.3h | ETA: 64m
E1469/3000 | Loss: 0.1548 | Best: 0.1391 | 2.5s | 0.3h | ETA: 64m
E1470/3000 | Loss: 0.1568 | Best: 0.1391 | 2.5s | 0.3h | ETA: 64m
E1471/3000 | Loss: 0.1611 | Best: 0.1391 | 2.5s | 0.3h | ETA: 64m
E1472/3000 | Loss: 0.1591 | Best: 0.1391 | 2.5s | 0.3h | ETA: 64m
E1473/3000 | Loss: 0.1655 | Best: 0.1391 | 2.5s | 0.3h | ETA: 64m
E1474/3000 | Loss: 0.1526 | Best: 0.1391 | 2.5s | 0.3h | ETA: 64m
E1475/3000 | Loss: 0.1568 | Best: 0.1391 | 2.5s | 0.3h | ETA: 64m
E1476/3000 | Loss: 0.1485 | Best: 0.1391 | 2.5s | 0.3h | ETA: 64m
E1477/3000 | Loss: 0.1611 | Best: 0.1391 | 2.5s | 0.3h | ETA: 64m
E1478/3000 | Loss: 0.1564 | Best: 0.1391 | 2.5s | 0.3h | ETA: 64m
E1479/3000 | Loss: 0.1598 | Best: 0.1391 | 2.5s | 0.3h | ETA: 64m
E1480/3000 | Loss: 0.1644 | Best: 0.1391 | 2.5s | 0.3h | ETA: 64m
E1481/3000 | Loss: 0.1553 | Best: 0.1391 | 2.5s | 0.3h | ETA: 64m
E1482/3000 | Loss: 0.1572 | Best: 0.1391 | 2.5s | 0.3h | ETA: 64m
E1483/3000 | Loss: 0.1605 | Best: 0.1391 | 2.5s | 0.3h | ETA: 64m
E1484/3000 | Loss: 0.1567 | Best: 0.1391 | 2.5s | 0.3h | ETA: 64m
E1485/3000 | Loss: 0.1586 | Best: 0.1391 | 2.5s | 0.3h | ETA: 63m
E1486/3000 | Loss: 0.1605 | Best: 0.1391 | 2.5s | 0.3h | ETA: 63m
E1487/3000 | Loss: 0.1563 | Best: 0.1391 | 2.5s | 0.3h | ETA: 63m
E1488/3000 | Loss: 0.1529 | Best: 0.1391 | 2.5s | 0.3h | ETA: 63m
E1489/3000 | Loss: 0.1535 | Best: 0.1391 | 2.5s | 0.3h | ETA: 63m
E1490/3000 | Loss: 0.1513 | Best: 0.1391 | 2.5s | 0.3h | ETA: 63m
E1491/3000 | Loss: 0.1548 | Best: 0.1391 | 2.5s | 0.3h | ETA: 63m
E1492/3000 | Loss: 0.1560 | Best: 0.1391 | 2.5s | 0.3h | ETA: 63m
E1493/3000 | Loss: 0.1506 | Best: 0.1391 | 2.5s | 0.3h | ETA: 63m
E1494/3000 | Loss: 0.1554 | Best: 0.1391 | 2.5s | 0.3h | ETA: 63m
E1495/3000 | Loss: 0.1501 | Best: 0.1391 | 2.5s | 0.3h | ETA: 63m
E1496/3000 | Loss: 0.1538 | Best: 0.1391 | 2.5s | 0.3h | ETA: 63m
E1497/3000 | Loss: 0.1538 | Best: 0.1391 | 2.5s | 0.3h | ETA: 63m
E1498/3000 | Loss: 0.1539 | Best: 0.1391 | 2.5s | 0.3h | ETA: 63m
E1499/3000 | Loss: 0.1533 | Best: 0.1391 | 3.0s | 0.3h | ETA: 63m
E1500/3000 | Loss: 0.1518 | Best: 0.1391 | 2.5s | 0.3h | ETA: 63m
  💾 Checkpoint epoch 1500
E1501/3000 | Loss: 0.1510 | Best: 0.1391 | 2.5s | 0.3h | ETA: 63m
E1502/3000 | Loss: 0.1539 | Best: 0.1391 | 2.5s | 0.3h | ETA: 63m
E1503/3000 | Loss: 0.1597 | Best: 0.1391 | 2.5s | 0.3h | ETA: 63m
E1504/3000 | Loss: 0.1480 | Best: 0.1391 | 2.5s | 0.3h | ETA: 63m
E1505/3000 | Loss: 0.1518 | Best: 0.1391 | 2.5s | 0.3h | ETA: 63m
E1506/3000 | Loss: 0.1532 | Best: 0.1391 | 2.5s | 0.3h | ETA: 63m
E1507/3000 | Loss: 0.1553 | Best: 0.1391 | 2.5s | 0.3h | ETA: 63m
E1508/3000 | Loss: 0.1522 | Best: 0.1391 | 2.5s | 0.3h | ETA: 63m
E1509/3000 | Loss: 0.1590 | Best: 0.1391 | 2.5s | 0.3h | ETA: 63m
E1510/3000 | Loss: 0.1521 | Best: 0.1391 | 2.5s | 0.3h | ETA: 63m
E1511/3000 | Loss: 0.1492 | Best: 0.1391 | 2.5s | 0.3h | ETA: 63m
E1512/3000 | Loss: 0.1521 | Best: 0.1391 | 2.5s | 0.3h | ETA: 63m
E1513/3000 | Loss: 0.1472 | Best: 0.1391 | 2.5s | 0.3h | ETA: 62m
E1514/3000 | Loss: 0.1506 | Best: 0.1391 | 3.1s | 0.3h | ETA: 63m
E1515/3000 | Loss: 0.1544 | Best: 0.1391 | 2.5s | 0.3h | ETA: 63m
E1516/3000 | Loss: 0.1517 | Best: 0.1391 | 2.5s | 0.3h | ETA: 62m
E1517/3000 | Loss: 0.1506 | Best: 0.1391 | 2.5s | 0.3h | ETA: 62m
E1518/3000 | Loss: 0.1481 | Best: 0.1391 | 2.5s | 0.3h | ETA: 62m
E1519/3000 | Loss: 0.1508 | Best: 0.1391 | 2.5s | 0.3h | ETA: 62m
E1520/3000 | Loss: 0.1541 | Best: 0.1391 | 2.5s | 0.3h | ETA: 62m
E1521/3000 | Loss: 0.1518 | Best: 0.1391 | 2.5s | 0.3h | ETA: 62m
E1522/3000 | Loss: 0.1467 | Best: 0.1391 | 2.5s | 0.3h | ETA: 62m
E1523/3000 | Loss: 0.1492 | Best: 0.1391 | 2.5s | 0.3h | ETA: 62m
E1524/3000 | Loss: 0.1556 | Best: 0.1391 | 2.5s | 0.3h | ETA: 62m
E1525/3000 | Loss: 0.1541 | Best: 0.1391 | 2.5s | 0.3h | ETA: 62m
E1526/3000 | Loss: 0.1519 | Best: 0.1391 | 2.5s | 0.3h | ETA: 62m
E1527/3000 | Loss: 0.1509 | Best: 0.1391 | 2.5s | 0.3h | ETA: 62m
E1528/3000 | Loss: 0.1545 | Best: 0.1391 | 2.5s | 0.3h | ETA: 62m
E1529/3000 | Loss: 0.1429 | Best: 0.1391 | 2.5s | 0.3h | ETA: 62m
E1530/3000 | Loss: 0.1525 | Best: 0.1391 | 2.5s | 0.3h | ETA: 62m
E1531/3000 | Loss: 0.1464 | Best: 0.1391 | 2.5s | 0.3h | ETA: 62m
E1532/3000 | Loss: 0.1549 | Best: 0.1391 | 2.5s | 0.3h | ETA: 62m
E1533/3000 | Loss: 0.1472 | Best: 0.1391 | 2.5s | 0.3h | ETA: 62m
E1534/3000 | Loss: 0.1522 | Best: 0.1391 | 2.5s | 0.3h | ETA: 62m
E1535/3000 | Loss: 0.1417 | Best: 0.1391 | 2.5s | 0.3h | ETA: 62m
E1536/3000 | Loss: 0.1506 | Best: 0.1391 | 2.5s | 0.3h | ETA: 62m
E1537/3000 | Loss: 0.1430 | Best: 0.1391 | 2.5s | 0.3h | ETA: 62m
E1538/3000 | Loss: 0.1491 | Best: 0.1391 | 2.5s | 0.3h | ETA: 62m
E1539/3000 | Loss: 0.1498 | Best: 0.1391 | 2.5s | 0.3h | ETA: 62m
E1540/3000 | Loss: 0.1559 | Best: 0.1391 | 2.5s | 0.3h | ETA: 61m
E1541/3000 | Loss: 0.1483 | Best: 0.1391 | 2.5s | 0.3h | ETA: 61m
E1542/3000 | Loss: 0.1516 | Best: 0.1391 | 2.5s | 0.3h | ETA: 61m
E1543/3000 | Loss: 0.1493 | Best: 0.1391 | 2.5s | 0.3h | ETA: 61m
E1544/3000 | Loss: 0.1425 | Best: 0.1391 | 2.5s | 0.3h | ETA: 61m
E1545/3000 | Loss: 0.1534 | Best: 0.1391 | 2.5s | 0.3h | ETA: 61m
E1546/3000 | Loss: 0.1482 | Best: 0.1391 | 2.5s | 0.3h | ETA: 61m
E1547/3000 | Loss: 0.1442 | Best: 0.1391 | 2.5s | 0.4h | ETA: 61m
E1548/3000 | Loss: 0.1459 | Best: 0.1391 | 2.5s | 0.4h | ETA: 61m
E1549/3000 | Loss: 0.1473 | Best: 0.1391 | 2.5s | 0.4h | ETA: 61m
E1550/3000 | Loss: 0.1450 | Best: 0.1391 | 2.5s | 0.4h | ETA: 61m
E1551/3000 | Loss: 0.1498 | Best: 0.1391 | 2.5s | 0.4h | ETA: 61m
E1552/3000 | Loss: 0.1440 | Best: 0.1391 | 2.5s | 0.4h | ETA: 61m
E1553/3000 | Loss: 0.1467 | Best: 0.1391 | 2.5s | 0.4h | ETA: 61m
E1554/3000 | Loss: 0.1448 | Best: 0.1391 | 2.5s | 0.4h | ETA: 61m
E1555/3000 | Loss: 0.1533 | Best: 0.1391 | 2.5s | 0.4h | ETA: 61m
E1556/3000 | Loss: 0.1390 | Best: 0.1391 | 2.5s | 0.4h | ETA: 61m
  ★ Best (loss=0.1390)
E1557/3000 | Loss: 0.1537 | Best: 0.1390 | 2.5s | 0.4h | ETA: 61m
E1558/3000 | Loss: 0.1455 | Best: 0.1390 | 2.5s | 0.4h | ETA: 61m
E1559/3000 | Loss: 0.1424 | Best: 0.1390 | 2.5s | 0.4h | ETA: 61m
E1560/3000 | Loss: 0.1399 | Best: 0.1390 | 2.5s | 0.4h | ETA: 61m
E1561/3000 | Loss: 0.1431 | Best: 0.1390 | 2.5s | 0.4h | ETA: 60m
E1562/3000 | Loss: 0.1459 | Best: 0.1390 | 2.5s | 0.4h | ETA: 60m
E1563/3000 | Loss: 0.1467 | Best: 0.1390 | 2.5s | 0.4h | ETA: 60m
E1564/3000 | Loss: 0.1450 | Best: 0.1390 | 2.5s | 0.4h | ETA: 60m
E1565/3000 | Loss: 0.1513 | Best: 0.1390 | 2.5s | 0.4h | ETA: 60m
E1566/3000 | Loss: 0.1468 | Best: 0.1390 | 2.5s | 0.4h | ETA: 60m
E1567/3000 | Loss: 0.1446 | Best: 0.1390 | 2.5s | 0.4h | ETA: 60m
E1568/3000 | Loss: 0.1417 | Best: 0.1390 | 2.5s | 0.4h | ETA: 60m
E1569/3000 | Loss: 0.1524 | Best: 0.1390 | 2.5s | 0.4h | ETA: 60m
E1570/3000 | Loss: 0.1415 | Best: 0.1390 | 2.5s | 0.4h | ETA: 60m
E1571/3000 | Loss: 0.1486 | Best: 0.1390 | 2.5s | 0.4h | ETA: 60m
E1572/3000 | Loss: 0.1405 | Best: 0.1390 | 2.5s | 0.4h | ETA: 60m
E1573/3000 | Loss: 0.1456 | Best: 0.1390 | 2.5s | 0.4h | ETA: 60m
E1574/3000 | Loss: 0.1439 | Best: 0.1390 | 2.5s | 0.4h | ETA: 60m
E1575/3000 | Loss: 0.1465 | Best: 0.1390 | 2.5s | 0.4h | ETA: 60m
E1576/3000 | Loss: 0.1454 | Best: 0.1390 | 2.5s | 0.4h | ETA: 60m
E1577/3000 | Loss: 0.1456 | Best: 0.1390 | 2.5s | 0.4h | ETA: 60m
E1578/3000 | Loss: 0.1430 | Best: 0.1390 | 2.5s | 0.4h | ETA: 60m
E1579/3000 | Loss: 0.1444 | Best: 0.1390 | 2.5s | 0.4h | ETA: 60m
E1580/3000 | Loss: 0.1447 | Best: 0.1390 | 2.5s | 0.4h | ETA: 60m
E1581/3000 | Loss: 0.1445 | Best: 0.1390 | 2.5s | 0.4h | ETA: 60m
E1582/3000 | Loss: 0.1464 | Best: 0.1390 | 2.5s | 0.4h | ETA: 60m
E1583/3000 | Loss: 0.1415 | Best: 0.1390 | 2.5s | 0.4h | ETA: 60m
E1584/3000 | Loss: 0.1407 | Best: 0.1390 | 2.5s | 0.4h | ETA: 59m
E1585/3000 | Loss: 0.1447 | Best: 0.1390 | 2.5s | 0.4h | ETA: 59m
E1586/3000 | Loss: 0.1455 | Best: 0.1390 | 2.5s | 0.4h | ETA: 59m
E1587/3000 | Loss: 0.1446 | Best: 0.1390 | 2.5s | 0.4h | ETA: 59m
E1588/3000 | Loss: 0.1398 | Best: 0.1390 | 2.5s | 0.4h | ETA: 59m
E1589/3000 | Loss: 0.1392 | Best: 0.1390 | 2.5s | 0.4h | ETA: 59m
E1590/3000 | Loss: 0.1442 | Best: 0.1390 | 2.5s | 0.4h | ETA: 59m
E1591/3000 | Loss: 0.1468 | Best: 0.1390 | 2.5s | 0.4h | ETA: 59m
E1592/3000 | Loss: 0.1407 | Best: 0.1390 | 2.5s | 0.4h | ETA: 59m
E1593/3000 | Loss: 0.1411 | Best: 0.1390 | 2.5s | 0.4h | ETA: 59m
E1594/3000 | Loss: 0.1448 | Best: 0.1390 | 2.5s | 0.4h | ETA: 59m
E1595/3000 | Loss: 0.1451 | Best: 0.1390 | 2.5s | 0.4h | ETA: 59m
E1596/3000 | Loss: 0.1340 | Best: 0.1390 | 2.5s | 0.4h | ETA: 59m
  ★ Best (loss=0.1340)
E1597/3000 | Loss: 0.1438 | Best: 0.1340 | 2.5s | 0.4h | ETA: 59m
E1598/3000 | Loss: 0.1441 | Best: 0.1340 | 2.5s | 0.4h | ETA: 59m
E1599/3000 | Loss: 0.1428 | Best: 0.1340 | 2.5s | 0.4h | ETA: 59m
E1600/3000 | Loss: 0.1447 | Best: 0.1340 | 2.5s | 0.4h | ETA: 59m
  💾 Checkpoint epoch 1600
E1601/3000 | Loss: 0.1435 | Best: 0.1340 | 2.5s | 0.4h | ETA: 59m
E1602/3000 | Loss: 0.1392 | Best: 0.1340 | 3.1s | 0.4h | ETA: 59m
E1603/3000 | Loss: 0.1443 | Best: 0.1340 | 2.5s | 0.4h | ETA: 59m
E1604/3000 | Loss: 0.1417 | Best: 0.1340 | 2.5s | 0.4h | ETA: 59m
E1605/3000 | Loss: 0.1411 | Best: 0.1340 | 2.5s | 0.4h | ETA: 59m
E1606/3000 | Loss: 0.1400 | Best: 0.1340 | 2.5s | 0.5h | ETA: 59m
E1607/3000 | Loss: 0.1395 | Best: 0.1340 | 2.5s | 0.5h | ETA: 58m
E1608/3000 | Loss: 0.1396 | Best: 0.1340 | 2.5s | 0.5h | ETA: 58m
E1609/3000 | Loss: 0.1395 | Best: 0.1340 | 2.5s | 0.5h | ETA: 58m
E1610/3000 | Loss: 0.1426 | Best: 0.1340 | 2.5s | 0.5h | ETA: 58m
E1611/3000 | Loss: 0.1442 | Best: 0.1340 | 2.5s | 0.5h | ETA: 58m
E1612/3000 | Loss: 0.1450 | Best: 0.1340 | 2.5s | 0.5h | ETA: 58m
E1613/3000 | Loss: 0.1413 | Best: 0.1340 | 2.5s | 0.5h | ETA: 58m
E1614/3000 | Loss: 0.1371 | Best: 0.1340 | 2.5s | 0.5h | ETA: 58m
E1615/3000 | Loss: 0.1428 | Best: 0.1340 | 2.5s | 0.5h | ETA: 58m
E1616/3000 | Loss: 0.1413 | Best: 0.1340 | 2.5s | 0.5h | ETA: 58m
E1617/3000 | Loss: 0.1398 | Best: 0.1340 | 2.5s | 0.5h | ETA: 58m
E1618/3000 | Loss: 0.1389 | Best: 0.1340 | 2.5s | 0.5h | ETA: 58m
E1619/3000 | Loss: 0.1401 | Best: 0.1340 | 2.5s | 0.5h | ETA: 58m
E1620/3000 | Loss: 0.1412 | Best: 0.1340 | 2.5s | 0.5h | ETA: 58m
E1621/3000 | Loss: 0.1388 | Best: 0.1340 | 2.5s | 0.5h | ETA: 58m
E1622/3000 | Loss: 0.1457 | Best: 0.1340 | 2.5s | 0.5h | ETA: 58m
E1623/3000 | Loss: 0.1333 | Best: 0.1340 | 2.5s | 0.5h | ETA: 58m
  ★ Best (loss=0.1333)
E1624/3000 | Loss: 0.1417 | Best: 0.1333 | 2.5s | 0.5h | ETA: 58m
E1625/3000 | Loss: 0.1367 | Best: 0.1333 | 2.5s | 0.5h | ETA: 58m
E1626/3000 | Loss: 0.1417 | Best: 0.1333 | 2.5s | 0.5h | ETA: 58m
E1627/3000 | Loss: 0.1365 | Best: 0.1333 | 2.5s | 0.5h | ETA: 57m
E1628/3000 | Loss: 0.1417 | Best: 0.1333 | 2.5s | 0.5h | ETA: 57m
E1629/3000 | Loss: 0.1343 | Best: 0.1333 | 2.5s | 0.5h | ETA: 57m
E1630/3000 | Loss: 0.1369 | Best: 0.1333 | 2.5s | 0.5h | ETA: 57m
E1631/3000 | Loss: 0.1386 | Best: 0.1333 | 2.5s | 0.5h | ETA: 57m
E1632/3000 | Loss: 0.1409 | Best: 0.1333 | 2.5s | 0.5h | ETA: 57m
E1633/3000 | Loss: 0.1374 | Best: 0.1333 | 2.5s | 0.5h | ETA: 57m
E1634/3000 | Loss: 0.1420 | Best: 0.1333 | 2.5s | 0.5h | ETA: 57m
E1635/3000 | Loss: 0.1429 | Best: 0.1333 | 2.5s | 0.5h | ETA: 57m
E1636/3000 | Loss: 0.1373 | Best: 0.1333 | 2.5s | 0.5h | ETA: 57m
E1637/3000 | Loss: 0.1373 | Best: 0.1333 | 2.5s | 0.5h | ETA: 57m
E1638/3000 | Loss: 0.1362 | Best: 0.1333 | 3.1s | 0.5h | ETA: 57m
E1639/3000 | Loss: 0.1327 | Best: 0.1333 | 2.5s | 0.5h | ETA: 57m
  ★ Best (loss=0.1327)
E1640/3000 | Loss: 0.1397 | Best: 0.1327 | 2.5s | 0.5h | ETA: 57m
E1641/3000 | Loss: 0.1396 | Best: 0.1327 | 2.5s | 0.5h | ETA: 57m
E1642/3000 | Loss: 0.1397 | Best: 0.1327 | 2.5s | 0.5h | ETA: 57m
E1643/3000 | Loss: 0.1368 | Best: 0.1327 | 2.5s | 0.5h | ETA: 57m
E1644/3000 | Loss: 0.1384 | Best: 0.1327 | 2.5s | 0.5h | ETA: 57m
E1645/3000 | Loss: 0.1381 | Best: 0.1327 | 2.5s | 0.5h | ETA: 57m
E1646/3000 | Loss: 0.1447 | Best: 0.1327 | 2.5s | 0.5h | ETA: 57m
E1647/3000 | Loss: 0.1361 | Best: 0.1327 | 2.5s | 0.5h | ETA: 57m
E1648/3000 | Loss: 0.1385 | Best: 0.1327 | 2.5s | 0.5h | ETA: 57m
E1649/3000 | Loss: 0.1336 | Best: 0.1327 | 2.5s | 0.5h | ETA: 57m
E1650/3000 | Loss: 0.1328 | Best: 0.1327 | 2.5s | 0.5h | ETA: 57m
E1651/3000 | Loss: 0.1352 | Best: 0.1327 | 2.5s | 0.5h | ETA: 57m
E1652/3000 | Loss: 0.1364 | Best: 0.1327 | 2.5s | 0.5h | ETA: 57m
E1653/3000 | Loss: 0.1331 | Best: 0.1327 | 2.5s | 0.5h | ETA: 57m
E1654/3000 | Loss: 0.1352 | Best: 0.1327 | 2.5s | 0.5h | ETA: 56m
E1655/3000 | Loss: 0.1359 | Best: 0.1327 | 2.5s | 0.5h | ETA: 56m
E1656/3000 | Loss: 0.1337 | Best: 0.1327 | 2.5s | 0.5h | ETA: 56m
E1657/3000 | Loss: 0.1360 | Best: 0.1327 | 2.5s | 0.5h | ETA: 56m
E1658/3000 | Loss: 0.1353 | Best: 0.1327 | 2.5s | 0.5h | ETA: 56m
E1659/3000 | Loss: 0.1402 | Best: 0.1327 | 2.5s | 0.5h | ETA: 56m
E1660/3000 | Loss: 0.1356 | Best: 0.1327 | 2.5s | 0.5h | ETA: 56m
E1661/3000 | Loss: 0.1330 | Best: 0.1327 | 2.5s | 0.5h | ETA: 56m
E1662/3000 | Loss: 0.1373 | Best: 0.1327 | 2.5s | 0.5h | ETA: 56m
E1663/3000 | Loss: 0.1316 | Best: 0.1327 | 2.5s | 0.5h | ETA: 56m
  ★ Best (loss=0.1316)
E1664/3000 | Loss: 0.1318 | Best: 0.1316 | 2.5s | 0.6h | ETA: 56m
E1665/3000 | Loss: 0.1307 | Best: 0.1316 | 2.5s | 0.6h | ETA: 56m
  ★ Best (loss=0.1307)
E1666/3000 | Loss: 0.1356 | Best: 0.1307 | 2.5s | 0.6h | ETA: 56m
E1667/3000 | Loss: 0.1388 | Best: 0.1307 | 2.5s | 0.6h | ETA: 56m
E1668/3000 | Loss: 0.1371 | Best: 0.1307 | 2.5s | 0.6h | ETA: 56m
E1669/3000 | Loss: 0.1372 | Best: 0.1307 | 2.5s | 0.6h | ETA: 56m
E1670/3000 | Loss: 0.1366 | Best: 0.1307 | 2.5s | 0.6h | ETA: 56m
E1671/3000 | Loss: 0.1284 | Best: 0.1307 | 2.5s | 0.6h | ETA: 56m
  ★ Best (loss=0.1284)
E1672/3000 | Loss: 0.1335 | Best: 0.1284 | 2.5s | 0.6h | ETA: 56m
E1673/3000 | Loss: 0.1398 | Best: 0.1284 | 3.1s | 0.6h | ETA: 56m
E1674/3000 | Loss: 0.1352 | Best: 0.1284 | 2.5s | 0.6h | ETA: 56m
E1675/3000 | Loss: 0.1293 | Best: 0.1284 | 2.5s | 0.6h | ETA: 56m
E1676/3000 | Loss: 0.1395 | Best: 0.1284 | 2.5s | 0.6h | ETA: 56m
E1677/3000 | Loss: 0.1386 | Best: 0.1284 | 2.5s | 0.6h | ETA: 56m
E1678/3000 | Loss: 0.1341 | Best: 0.1284 | 2.5s | 0.6h | ETA: 56m
E1679/3000 | Loss: 0.1378 | Best: 0.1284 | 2.5s | 0.6h | ETA: 56m
E1680/3000 | Loss: 0.1297 | Best: 0.1284 | 2.5s | 0.6h | ETA: 55m
E1681/3000 | Loss: 0.1369 | Best: 0.1284 | 2.5s | 0.6h | ETA: 55m
E1682/3000 | Loss: 0.1322 | Best: 0.1284 | 2.5s | 0.6h | ETA: 55m
E1683/3000 | Loss: 0.1316 | Best: 0.1284 | 2.5s | 0.6h | ETA: 55m
E1684/3000 | Loss: 0.1317 | Best: 0.1284 | 2.5s | 0.6h | ETA: 55m
E1685/3000 | Loss: 0.1330 | Best: 0.1284 | 2.5s | 0.6h | ETA: 55m
E1686/3000 | Loss: 0.1268 | Best: 0.1284 | 2.5s | 0.6h | ETA: 55m
  ★ Best (loss=0.1268)
E1687/3000 | Loss: 0.1381 | Best: 0.1268 | 2.5s | 0.6h | ETA: 55m
E1688/3000 | Loss: 0.1349 | Best: 0.1268 | 2.5s | 0.6h | ETA: 55m
E1689/3000 | Loss: 0.1318 | Best: 0.1268 | 2.5s | 0.6h | ETA: 55m
E1690/3000 | Loss: 0.1311 | Best: 0.1268 | 2.5s | 0.6h | ETA: 55m
E1691/3000 | Loss: 0.1348 | Best: 0.1268 | 2.5s | 0.6h | ETA: 55m
E1692/3000 | Loss: 0.1299 | Best: 0.1268 | 2.5s | 0.6h | ETA: 55m
E1693/3000 | Loss: 0.1330 | Best: 0.1268 | 2.5s | 0.6h | ETA: 55m
E1694/3000 | Loss: 0.1313 | Best: 0.1268 | 2.5s | 0.6h | ETA: 55m
E1695/3000 | Loss: 0.1368 | Best: 0.1268 | 2.5s | 0.6h | ETA: 55m
E1696/3000 | Loss: 0.1330 | Best: 0.1268 | 2.5s | 0.6h | ETA: 55m
E1697/3000 | Loss: 0.1344 | Best: 0.1268 | 2.5s | 0.6h | ETA: 55m
E1698/3000 | Loss: 0.1365 | Best: 0.1268 | 2.5s | 0.7h | ETA: 55m
E1699/3000 | Loss: 0.1287 | Best: 0.1268 | 2.5s | 0.7h | ETA: 55m
E1700/3000 | Loss: 0.1316 | Best: 0.1268 | 2.5s | 0.7h | ETA: 55m
  💾 Checkpoint epoch 1700
E1701/3000 | Loss: 0.1385 | Best: 0.1268 | 2.5s | 0.7h | ETA: 55m
E1702/3000 | Loss: 0.1355 | Best: 0.1268 | 2.5s | 0.7h | ETA: 54m
E1703/3000 | Loss: 0.1308 | Best: 0.1268 | 2.5s | 0.7h | ETA: 54m
E1704/3000 | Loss: 0.1316 | Best: 0.1268 | 2.5s | 0.7h | ETA: 54m
E1705/3000 | Loss: 0.1390 | Best: 0.1268 | 2.5s | 0.7h | ETA: 54m
E1706/3000 | Loss: 0.1358 | Best: 0.1268 | 2.5s | 0.7h | ETA: 54m
E1707/3000 | Loss: 0.1316 | Best: 0.1268 | 2.5s | 0.7h | ETA: 54m
E1708/3000 | Loss: 0.1330 | Best: 0.1268 | 2.5s | 0.7h | ETA: 54m
E1709/3000 | Loss: 0.1274 | Best: 0.1268 | 2.5s | 0.7h | ETA: 54m
E1710/3000 | Loss: 0.1304 | Best: 0.1268 | 2.5s | 0.7h | ETA: 54m
E1711/3000 | Loss: 0.1327 | Best: 0.1268 | 2.5s | 0.7h | ETA: 54m
E1712/3000 | Loss: 0.1317 | Best: 0.1268 | 2.5s | 0.7h | ETA: 54m
E1713/3000 | Loss: 0.1370 | Best: 0.1268 | 2.5s | 0.7h | ETA: 54m
E1714/3000 | Loss: 0.1297 | Best: 0.1268 | 2.5s | 0.7h | ETA: 54m
E1715/3000 | Loss: 0.1342 | Best: 0.1268 | 2.5s | 0.7h | ETA: 54m
E1716/3000 | Loss: 0.1289 | Best: 0.1268 | 2.5s | 0.7h | ETA: 54m
E1717/3000 | Loss: 0.1283 | Best: 0.1268 | 2.5s | 0.7h | ETA: 54m
E1718/3000 | Loss: 0.1279 | Best: 0.1268 | 2.5s | 0.7h | ETA: 54m
E1719/3000 | Loss: 0.1360 | Best: 0.1268 | 2.5s | 0.7h | ETA: 54m
E1720/3000 | Loss: 0.1338 | Best: 0.1268 | 2.5s | 0.7h | ETA: 54m
E1721/3000 | Loss: 0.1350 | Best: 0.1268 | 2.5s | 0.7h | ETA: 54m
E1722/3000 | Loss: 0.1359 | Best: 0.1268 | 2.5s | 0.7h | ETA: 54m
E1723/3000 | Loss: 0.1273 | Best: 0.1268 | 2.5s | 0.7h | ETA: 54m
E1724/3000 | Loss: 0.1329 | Best: 0.1268 | 2.5s | 0.7h | ETA: 54m
E1725/3000 | Loss: 0.1306 | Best: 0.1268 | 2.5s | 0.7h | ETA: 53m
E1726/3000 | Loss: 0.1275 | Best: 0.1268 | 2.5s | 0.7h | ETA: 53m
E1727/3000 | Loss: 0.1303 | Best: 0.1268 | 2.5s | 0.7h | ETA: 53m
E1728/3000 | Loss: 0.1286 | Best: 0.1268 | 2.5s | 0.7h | ETA: 53m
E1729/3000 | Loss: 0.1266 | Best: 0.1268 | 3.1s | 0.7h | ETA: 53m
  ★ Best (loss=0.1266)
E1730/3000 | Loss: 0.1292 | Best: 0.1266 | 2.5s | 0.7h | ETA: 53m
E1731/3000 | Loss: 0.1363 | Best: 0.1266 | 2.5s | 0.7h | ETA: 53m
E1732/3000 | Loss: 0.1299 | Best: 0.1266 | 2.5s | 0.7h | ETA: 53m
E1733/3000 | Loss: 0.1364 | Best: 0.1266 | 2.5s | 0.7h | ETA: 53m
E1734/3000 | Loss: 0.1291 | Best: 0.1266 | 2.5s | 0.7h | ETA: 53m
E1735/3000 | Loss: 0.1303 | Best: 0.1266 | 2.5s | 0.7h | ETA: 53m
E1736/3000 | Loss: 0.1277 | Best: 0.1266 | 2.5s | 0.7h | ETA: 53m
E1737/3000 | Loss: 0.1291 | Best: 0.1266 | 2.5s | 0.7h | ETA: 53m
E1738/3000 | Loss: 0.1269 | Best: 0.1266 | 2.5s | 0.7h | ETA: 53m
E1739/3000 | Loss: 0.1260 | Best: 0.1266 | 2.5s | 0.7h | ETA: 53m
  ★ Best (loss=0.1260)
E1740/3000 | Loss: 0.1273 | Best: 0.1260 | 2.5s | 0.8h | ETA: 53m
E1741/3000 | Loss: 0.1270 | Best: 0.1260 | 2.5s | 0.8h | ETA: 53m
E1742/3000 | Loss: 0.1290 | Best: 0.1260 | 2.5s | 0.8h | ETA: 53m
E1743/3000 | Loss: 0.1300 | Best: 0.1260 | 2.5s | 0.8h | ETA: 53m
E1744/3000 | Loss: 0.1310 | Best: 0.1260 | 2.5s | 0.8h | ETA: 53m
E1745/3000 | Loss: 0.1313 | Best: 0.1260 | 2.5s | 0.8h | ETA: 53m
E1746/3000 | Loss: 0.1268 | Best: 0.1260 | 2.5s | 0.8h | ETA: 53m
E1747/3000 | Loss: 0.1292 | Best: 0.1260 | 2.5s | 0.8h | ETA: 53m
E1748/3000 | Loss: 0.1351 | Best: 0.1260 | 3.1s | 0.8h | ETA: 53m
E1749/3000 | Loss: 0.1307 | Best: 0.1260 | 2.5s | 0.8h | ETA: 53m
E1750/3000 | Loss: 0.1269 | Best: 0.1260 | 2.5s | 0.8h | ETA: 53m
E1751/3000 | Loss: 0.1316 | Best: 0.1260 | 2.5s | 0.8h | ETA: 53m
E1752/3000 | Loss: 0.1256 | Best: 0.1260 | 2.5s | 0.8h | ETA: 52m
  ★ Best (loss=0.1256)
E1753/3000 | Loss: 0.1270 | Best: 0.1256 | 2.5s | 0.8h | ETA: 52m
E1754/3000 | Loss: 0.1298 | Best: 0.1256 | 2.5s | 0.8h | ETA: 52m
E1755/3000 | Loss: 0.1237 | Best: 0.1256 | 2.5s | 0.8h | ETA: 52m
  ★ Best (loss=0.1237)
E1756/3000 | Loss: 0.1259 | Best: 0.1237 | 2.5s | 0.8h | ETA: 52m
E1757/3000 | Loss: 0.1247 | Best: 0.1237 | 2.5s | 0.8h | ETA: 52m
E1758/3000 | Loss: 0.1318 | Best: 0.1237 | 2.5s | 0.8h | ETA: 52m
E1759/3000 | Loss: 0.1266 | Best: 0.1237 | 2.5s | 0.8h | ETA: 52m
E1760/3000 | Loss: 0.1232 | Best: 0.1237 | 2.5s | 0.8h | ETA: 52m
  ★ Best (loss=0.1232)
E1761/3000 | Loss: 0.1271 | Best: 0.1232 | 2.5s | 0.9h | ETA: 52m
E1762/3000 | Loss: 0.1283 | Best: 0.1232 | 2.5s | 0.9h | ETA: 52m
E1763/3000 | Loss: 0.1181 | Best: 0.1232 | 2.5s | 0.9h | ETA: 52m
  ★ Best (loss=0.1181)
E1764/3000 | Loss: 0.1289 | Best: 0.1181 | 2.5s | 0.9h | ETA: 52m
E1765/3000 | Loss: 0.1324 | Best: 0.1181 | 2.5s | 0.9h | ETA: 52m
E1766/3000 | Loss: 0.1243 | Best: 0.1181 | 2.5s | 0.9h | ETA: 52m
E1767/3000 | Loss: 0.1288 | Best: 0.1181 | 2.5s | 0.9h | ETA: 52m
E1768/3000 | Loss: 0.1265 | Best: 0.1181 | 2.5s | 0.9h | ETA: 52m
E1769/3000 | Loss: 0.1233 | Best: 0.1181 | 2.5s | 0.9h | ETA: 52m
E1770/3000 | Loss: 0.1235 | Best: 0.1181 | 2.5s | 0.9h | ETA: 52m
E1771/3000 | Loss: 0.1318 | Best: 0.1181 | 2.5s | 0.9h | ETA: 52m
E1772/3000 | Loss: 0.1266 | Best: 0.1181 | 2.5s | 0.9h | ETA: 52m
E1773/3000 | Loss: 0.1229 | Best: 0.1181 | 2.5s | 0.9h | ETA: 51m
E1774/3000 | Loss: 0.1290 | Best: 0.1181 | 2.5s | 0.9h | ETA: 51m
E1775/3000 | Loss: 0.1231 | Best: 0.1181 | 2.5s | 0.9h | ETA: 51m
E1776/3000 | Loss: 0.1221 | Best: 0.1181 | 2.5s | 0.9h | ETA: 51m
E1777/3000 | Loss: 0.1237 | Best: 0.1181 | 2.5s | 0.9h | ETA: 51m
E1778/3000 | Loss: 0.1296 | Best: 0.1181 | 2.5s | 0.9h | ETA: 51m
E1779/3000 | Loss: 0.1294 | Best: 0.1181 | 2.5s | 0.9h | ETA: 51m
E1780/3000 | Loss: 0.1282 | Best: 0.1181 | 2.5s | 0.9h | ETA: 51m
E1781/3000 | Loss: 0.1307 | Best: 0.1181 | 2.5s | 0.9h | ETA: 51m
E1782/3000 | Loss: 0.1206 | Best: 0.1181 | 2.5s | 0.9h | ETA: 51m
E1783/3000 | Loss: 0.1307 | Best: 0.1181 | 2.5s | 0.9h | ETA: 51m
E1784/3000 | Loss: 0.1285 | Best: 0.1181 | 2.5s | 0.9h | ETA: 51m
E1785/3000 | Loss: 0.1296 | Best: 0.1181 | 2.5s | 0.9h | ETA: 51m
E1786/3000 | Loss: 0.1257 | Best: 0.1181 | 2.5s | 0.9h | ETA: 51m
E1787/3000 | Loss: 0.1231 | Best: 0.1181 | 2.5s | 0.9h | ETA: 51m
E1788/3000 | Loss: 0.1280 | Best: 0.1181 | 2.5s | 0.9h | ETA: 51m
E1789/3000 | Loss: 0.1285 | Best: 0.1181 | 2.9s | 0.9h | ETA: 51m
E1790/3000 | Loss: 0.1232 | Best: 0.1181 | 2.5s | 0.9h | ETA: 51m
E1791/3000 | Loss: 0.1228 | Best: 0.1181 | 2.5s | 0.9h | ETA: 51m
E1792/3000 | Loss: 0.1324 | Best: 0.1181 | 2.5s | 0.9h | ETA: 51m
E1793/3000 | Loss: 0.1254 | Best: 0.1181 | 2.5s | 0.9h | ETA: 51m
E1794/3000 | Loss: 0.1356 | Best: 0.1181 | 2.5s | 0.9h | ETA: 51m
E1795/3000 | Loss: 0.1295 | Best: 0.1181 | 2.5s | 0.9h | ETA: 51m
E1796/3000 | Loss: 0.1254 | Best: 0.1181 | 2.5s | 0.9h | ETA: 51m
E1797/3000 | Loss: 0.1267 | Best: 0.1181 | 2.5s | 0.9h | ETA: 51m
E1798/3000 | Loss: 0.1277 | Best: 0.1181 | 2.5s | 0.9h | ETA: 51m
E1799/3000 | Loss: 0.1234 | Best: 0.1181 | 2.5s | 0.9h | ETA: 50m
E1800/3000 | Loss: 0.1251 | Best: 0.1181 | 2.5s | 0.9h | ETA: 50m
  💾 Checkpoint epoch 1800
E1801/3000 | Loss: 0.1219 | Best: 0.1181 | 2.5s | 0.9h | ETA: 50m
E1802/3000 | Loss: 0.1213 | Best: 0.1181 | 2.5s | 0.9h | ETA: 50m
E1803/3000 | Loss: 0.1225 | Best: 0.1181 | 2.5s | 0.9h | ETA: 50m
E1804/3000 | Loss: 0.1202 | Best: 0.1181 | 2.5s | 0.9h | ETA: 50m
E1805/3000 | Loss: 0.1241 | Best: 0.1181 | 2.5s | 0.9h | ETA: 50m
E1806/3000 | Loss: 0.1232 | Best: 0.1181 | 2.5s | 0.9h | ETA: 50m
E1807/3000 | Loss: 0.1285 | Best: 0.1181 | 3.0s | 0.9h | ETA: 50m
E1808/3000 | Loss: 0.1318 | Best: 0.1181 | 2.5s | 0.9h | ETA: 50m
E1809/3000 | Loss: 0.1230 | Best: 0.1181 | 2.5s | 0.9h | ETA: 50m
E1810/3000 | Loss: 0.1244 | Best: 0.1181 | 2.5s | 0.9h | ETA: 50m
E1811/3000 | Loss: 0.1206 | Best: 0.1181 | 2.5s | 0.9h | ETA: 50m
E1812/3000 | Loss: 0.1239 | Best: 0.1181 | 2.5s | 0.9h | ETA: 50m
E1813/3000 | Loss: 0.1221 | Best: 0.1181 | 2.5s | 0.9h | ETA: 50m
E1814/3000 | Loss: 0.1226 | Best: 0.1181 | 2.5s | 0.9h | ETA: 50m
E1815/3000 | Loss: 0.1284 | Best: 0.1181 | 2.5s | 0.9h | ETA: 50m
E1816/3000 | Loss: 0.1228 | Best: 0.1181 | 2.5s | 0.9h | ETA: 50m
E1817/3000 | Loss: 0.1209 | Best: 0.1181 | 2.5s | 0.9h | ETA: 50m
E1818/3000 | Loss: 0.1281 | Best: 0.1181 | 2.5s | 0.9h | ETA: 50m
E1819/3000 | Loss: 0.1282 | Best: 0.1181 | 2.5s | 1.0h | ETA: 50m
E1820/3000 | Loss: 0.1241 | Best: 0.1181 | 2.5s | 1.0h | ETA: 50m
E1821/3000 | Loss: 0.1246 | Best: 0.1181 | 2.5s | 1.0h | ETA: 50m
E1822/3000 | Loss: 0.1206 | Best: 0.1181 | 2.5s | 1.0h | ETA: 50m
E1823/3000 | Loss: 0.1197 | Best: 0.1181 | 2.5s | 1.0h | ETA: 50m
E1824/3000 | Loss: 0.1213 | Best: 0.1181 | 2.5s | 1.0h | ETA: 50m
E1825/3000 | Loss: 0.1241 | Best: 0.1181 | 2.5s | 1.0h | ETA: 49m
E1826/3000 | Loss: 0.1274 | Best: 0.1181 | 2.5s | 1.0h | ETA: 49m
E1827/3000 | Loss: 0.1271 | Best: 0.1181 | 2.5s | 1.0h | ETA: 49m
E1828/3000 | Loss: 0.1185 | Best: 0.1181 | 2.5s | 1.0h | ETA: 49m
E1829/3000 | Loss: 0.1218 | Best: 0.1181 | 2.5s | 1.0h | ETA: 49m
E1830/3000 | Loss: 0.1264 | Best: 0.1181 | 2.5s | 1.0h | ETA: 49m
E1831/3000 | Loss: 0.1232 | Best: 0.1181 | 2.5s | 1.0h | ETA: 49m
E1832/3000 | Loss: 0.1231 | Best: 0.1181 | 2.5s | 1.0h | ETA: 49m
E1833/3000 | Loss: 0.1184 | Best: 0.1181 | 2.5s | 1.0h | ETA: 49m
E1834/3000 | Loss: 0.1239 | Best: 0.1181 | 2.5s | 1.0h | ETA: 49m
E1835/3000 | Loss: 0.1255 | Best: 0.1181 | 2.5s | 1.0h | ETA: 49m
E1836/3000 | Loss: 0.1203 | Best: 0.1181 | 2.5s | 1.0h | ETA: 49m
E1837/3000 | Loss: 0.1216 | Best: 0.1181 | 2.5s | 1.0h | ETA: 49m
E1838/3000 | Loss: 0.1223 | Best: 0.1181 | 2.5s | 1.0h | ETA: 49m
E1839/3000 | Loss: 0.1286 | Best: 0.1181 | 2.5s | 1.0h | ETA: 49m
E1840/3000 | Loss: 0.1272 | Best: 0.1181 | 2.5s | 1.0h | ETA: 49m
E1841/3000 | Loss: 0.1255 | Best: 0.1181 | 2.5s | 1.0h | ETA: 49m
E1842/3000 | Loss: 0.1230 | Best: 0.1181 | 2.5s | 1.0h | ETA: 49m
E1843/3000 | Loss: 0.1205 | Best: 0.1181 | 2.5s | 1.0h | ETA: 49m
E1844/3000 | Loss: 0.1267 | Best: 0.1181 | 2.5s | 1.0h | ETA: 49m
E1845/3000 | Loss: 0.1196 | Best: 0.1181 | 2.5s | 1.0h | ETA: 49m
E1846/3000 | Loss: 0.1252 | Best: 0.1181 | 2.5s | 1.0h | ETA: 48m
E1847/3000 | Loss: 0.1240 | Best: 0.1181 | 2.5s | 1.0h | ETA: 48m
E1848/3000 | Loss: 0.1260 | Best: 0.1181 | 2.5s | 1.0h | ETA: 48m
E1849/3000 | Loss: 0.1235 | Best: 0.1181 | 2.5s | 1.0h | ETA: 48m
E1850/3000 | Loss: 0.1210 | Best: 0.1181 | 2.5s | 1.0h | ETA: 48m
E1851/3000 | Loss: 0.1202 | Best: 0.1181 | 2.5s | 1.0h | ETA: 48m
E1852/3000 | Loss: 0.1237 | Best: 0.1181 | 2.5s | 1.0h | ETA: 48m
E1853/3000 | Loss: 0.1204 | Best: 0.1181 | 2.5s | 1.0h | ETA: 48m
E1854/3000 | Loss: 0.1220 | Best: 0.1181 | 2.5s | 1.0h | ETA: 48m
E1855/3000 | Loss: 0.1200 | Best: 0.1181 | 2.5s | 1.0h | ETA: 48m
E1856/3000 | Loss: 0.1156 | Best: 0.1181 | 2.5s | 1.0h | ETA: 48m
  ★ Best (loss=0.1156)
E1857/3000 | Loss: 0.1256 | Best: 0.1156 | 2.5s | 1.0h | ETA: 48m
E1858/3000 | Loss: 0.1232 | Best: 0.1156 | 2.5s | 1.0h | ETA: 48m
E1859/3000 | Loss: 0.1196 | Best: 0.1156 | 2.5s | 1.0h | ETA: 48m
E1860/3000 | Loss: 0.1254 | Best: 0.1156 | 2.5s | 1.0h | ETA: 48m
E1861/3000 | Loss: 0.1283 | Best: 0.1156 | 2.5s | 1.0h | ETA: 48m
E1862/3000 | Loss: 0.1239 | Best: 0.1156 | 2.5s | 1.0h | ETA: 48m
E1863/3000 | Loss: 0.1169 | Best: 0.1156 | 2.5s | 1.0h | ETA: 48m
E1864/3000 | Loss: 0.1200 | Best: 0.1156 | 2.5s | 1.0h | ETA: 48m
E1865/3000 | Loss: 0.1225 | Best: 0.1156 | 2.5s | 1.0h | ETA: 48m
E1866/3000 | Loss: 0.1240 | Best: 0.1156 | 2.5s | 1.0h | ETA: 48m
E1867/3000 | Loss: 0.1216 | Best: 0.1156 | 2.5s | 1.0h | ETA: 47m
E1868/3000 | Loss: 0.1242 | Best: 0.1156 | 2.5s | 1.0h | ETA: 47m
E1869/3000 | Loss: 0.1223 | Best: 0.1156 | 2.5s | 1.0h | ETA: 47m
E1870/3000 | Loss: 0.1179 | Best: 0.1156 | 2.5s | 1.0h | ETA: 47m
E1871/3000 | Loss: 0.1237 | Best: 0.1156 | 2.5s | 1.0h | ETA: 47m
E1872/3000 | Loss: 0.1230 | Best: 0.1156 | 2.5s | 1.0h | ETA: 47m
E1873/3000 | Loss: 0.1199 | Best: 0.1156 | 2.5s | 1.0h | ETA: 47m
E1874/3000 | Loss: 0.1175 | Best: 0.1156 | 2.5s | 1.0h | ETA: 47m
E1875/3000 | Loss: 0.1189 | Best: 0.1156 | 2.5s | 1.0h | ETA: 47m
E1876/3000 | Loss: 0.1167 | Best: 0.1156 | 2.5s | 1.0h | ETA: 47m
E1877/3000 | Loss: 0.1135 | Best: 0.1156 | 2.5s | 1.0h | ETA: 47m
  ★ Best (loss=0.1135)
E1878/3000 | Loss: 0.1237 | Best: 0.1135 | 2.5s | 1.0h | ETA: 47m
E1879/3000 | Loss: 0.1223 | Best: 0.1135 | 2.5s | 1.0h | ETA: 47m
E1880/3000 | Loss: 0.1168 | Best: 0.1135 | 2.5s | 1.0h | ETA: 47m
E1881/3000 | Loss: 0.1198 | Best: 0.1135 | 2.5s | 1.0h | ETA: 47m
E1882/3000 | Loss: 0.1253 | Best: 0.1135 | 2.5s | 1.0h | ETA: 47m
E1883/3000 | Loss: 0.1241 | Best: 0.1135 | 3.0s | 1.0h | ETA: 47m
E1884/3000 | Loss: 0.1240 | Best: 0.1135 | 2.5s | 1.0h | ETA: 47m
E1885/3000 | Loss: 0.1185 | Best: 0.1135 | 2.5s | 1.0h | ETA: 47m
E1886/3000 | Loss: 0.1272 | Best: 0.1135 | 2.5s | 1.0h | ETA: 47m
E1887/3000 | Loss: 0.1181 | Best: 0.1135 | 2.5s | 1.0h | ETA: 47m
E1888/3000 | Loss: 0.1196 | Best: 0.1135 | 2.5s | 1.0h | ETA: 47m
E1889/3000 | Loss: 0.1207 | Best: 0.1135 | 2.5s | 1.0h | ETA: 47m
E1890/3000 | Loss: 0.1165 | Best: 0.1135 | 2.5s | 1.0h | ETA: 47m
E1891/3000 | Loss: 0.1198 | Best: 0.1135 | 2.5s | 1.0h | ETA: 47m
E1892/3000 | Loss: 0.1228 | Best: 0.1135 | 2.5s | 1.0h | ETA: 46m
E1893/3000 | Loss: 0.1208 | Best: 0.1135 | 2.5s | 1.0h | ETA: 46m
E1894/3000 | Loss: 0.1165 | Best: 0.1135 | 2.5s | 1.0h | ETA: 46m
E1895/3000 | Loss: 0.1205 | Best: 0.1135 | 2.5s | 1.0h | ETA: 46m
E1896/3000 | Loss: 0.1192 | Best: 0.1135 | 2.5s | 1.0h | ETA: 46m
E1897/3000 | Loss: 0.1148 | Best: 0.1135 | 2.5s | 1.0h | ETA: 46m
E1898/3000 | Loss: 0.1143 | Best: 0.1135 | 2.5s | 1.0h | ETA: 46m
E1899/3000 | Loss: 0.1166 | Best: 0.1135 | 2.5s | 1.0h | ETA: 46m
E1900/3000 | Loss: 0.1180 | Best: 0.1135 | 2.5s | 1.0h | ETA: 46m
  💾 Checkpoint epoch 1900
E1901/3000 | Loss: 0.1166 | Best: 0.1135 | 2.5s | 1.1h | ETA: 46m
E1902/3000 | Loss: 0.1190 | Best: 0.1135 | 3.0s | 1.1h | ETA: 46m
E1903/3000 | Loss: 0.1198 | Best: 0.1135 | 2.5s | 1.1h | ETA: 46m
E1904/3000 | Loss: 0.1178 | Best: 0.1135 | 2.5s | 1.1h | ETA: 46m
E1905/3000 | Loss: 0.1169 | Best: 0.1135 | 2.5s | 1.1h | ETA: 46m
E1906/3000 | Loss: 0.1275 | Best: 0.1135 | 2.5s | 1.1h | ETA: 46m
E1907/3000 | Loss: 0.1170 | Best: 0.1135 | 2.5s | 1.1h | ETA: 46m
E1908/3000 | Loss: 0.1210 | Best: 0.1135 | 2.5s | 1.1h | ETA: 46m
E1909/3000 | Loss: 0.1173 | Best: 0.1135 | 2.5s | 1.1h | ETA: 46m
E1910/3000 | Loss: 0.1179 | Best: 0.1135 | 2.5s | 1.1h | ETA: 46m
E1911/3000 | Loss: 0.1174 | Best: 0.1135 | 2.5s | 1.1h | ETA: 46m
E1912/3000 | Loss: 0.1157 | Best: 0.1135 | 2.5s | 1.1h | ETA: 46m
E1913/3000 | Loss: 0.1146 | Best: 0.1135 | 2.5s | 1.1h | ETA: 46m
E1914/3000 | Loss: 0.1212 | Best: 0.1135 | 2.5s | 1.1h | ETA: 46m
E1915/3000 | Loss: 0.1153 | Best: 0.1135 | 2.5s | 1.1h | ETA: 45m
E1916/3000 | Loss: 0.1162 | Best: 0.1135 | 2.5s | 1.1h | ETA: 45m
E1917/3000 | Loss: 0.1213 | Best: 0.1135 | 2.5s | 1.1h | ETA: 45m
E1918/3000 | Loss: 0.1164 | Best: 0.1135 | 2.5s | 1.1h | ETA: 45m
E1919/3000 | Loss: 0.1176 | Best: 0.1135 | 2.5s | 1.1h | ETA: 45m
E1920/3000 | Loss: 0.1159 | Best: 0.1135 | 2.5s | 1.1h | ETA: 45m
E1921/3000 | Loss: 0.1169 | Best: 0.1135 | 2.5s | 1.1h | ETA: 45m
E1922/3000 | Loss: 0.1154 | Best: 0.1135 | 2.5s | 1.1h | ETA: 45m
E1923/3000 | Loss: 0.1163 | Best: 0.1135 | 2.5s | 1.1h | ETA: 45m
E1924/3000 | Loss: 0.1148 | Best: 0.1135 | 2.5s | 1.1h | ETA: 45m
E1925/3000 | Loss: 0.1183 | Best: 0.1135 | 2.5s | 1.1h | ETA: 45m
E1926/3000 | Loss: 0.1174 | Best: 0.1135 | 2.5s | 1.1h | ETA: 45m
E1927/3000 | Loss: 0.1179 | Best: 0.1135 | 2.5s | 1.1h | ETA: 45m
E1928/3000 | Loss: 0.1175 | Best: 0.1135 | 2.5s | 1.1h | ETA: 45m
E1929/3000 | Loss: 0.1159 | Best: 0.1135 | 2.5s | 1.1h | ETA: 45m
E1930/3000 | Loss: 0.1176 | Best: 0.1135 | 2.5s | 1.1h | ETA: 45m
E1931/3000 | Loss: 0.1144 | Best: 0.1135 | 2.5s | 1.1h | ETA: 45m
E1932/3000 | Loss: 0.1216 | Best: 0.1135 | 2.5s | 1.1h | ETA: 45m
E1933/3000 | Loss: 0.1125 | Best: 0.1135 | 2.5s | 1.1h | ETA: 45m
  ★ Best (loss=0.1125)
E1934/3000 | Loss: 0.1174 | Best: 0.1125 | 2.5s | 1.1h | ETA: 45m
E1935/3000 | Loss: 0.1147 | Best: 0.1125 | 2.5s | 1.1h | ETA: 45m
E1936/3000 | Loss: 0.1165 | Best: 0.1125 | 2.5s | 1.1h | ETA: 45m
E1937/3000 | Loss: 0.1123 | Best: 0.1125 | 2.5s | 1.1h | ETA: 45m
  ★ Best (loss=0.1123)
E1938/3000 | Loss: 0.1188 | Best: 0.1123 | 2.5s | 1.1h | ETA: 45m
E1939/3000 | Loss: 0.1230 | Best: 0.1123 | 2.5s | 1.1h | ETA: 44m
E1940/3000 | Loss: 0.1182 | Best: 0.1123 | 2.5s | 1.2h | ETA: 44m
E1941/3000 | Loss: 0.1127 | Best: 0.1123 | 2.5s | 1.2h | ETA: 44m
E1942/3000 | Loss: 0.1132 | Best: 0.1123 | 2.5s | 1.2h | ETA: 44m
E1943/3000 | Loss: 0.1142 | Best: 0.1123 | 2.5s | 1.2h | ETA: 44m
E1944/3000 | Loss: 0.1158 | Best: 0.1123 | 2.5s | 1.2h | ETA: 44m
E1945/3000 | Loss: 0.1148 | Best: 0.1123 | 2.5s | 1.2h | ETA: 44m
E1946/3000 | Loss: 0.1131 | Best: 0.1123 | 2.5s | 1.2h | ETA: 44m
E1947/3000 | Loss: 0.1165 | Best: 0.1123 | 2.5s | 1.2h | ETA: 44m
E1948/3000 | Loss: 0.1165 | Best: 0.1123 | 2.5s | 1.2h | ETA: 44m
E1949/3000 | Loss: 0.1204 | Best: 0.1123 | 2.5s | 1.2h | ETA: 44m
E1950/3000 | Loss: 0.1151 | Best: 0.1123 | 2.5s | 1.2h | ETA: 44m
E1951/3000 | Loss: 0.1163 | Best: 0.1123 | 2.5s | 1.2h | ETA: 44m
E1952/3000 | Loss: 0.1156 | Best: 0.1123 | 2.5s | 1.2h | ETA: 44m
E1953/3000 | Loss: 0.1137 | Best: 0.1123 | 2.5s | 1.2h | ETA: 44m
E1954/3000 | Loss: 0.1156 | Best: 0.1123 | 2.5s | 1.2h | ETA: 44m
E1955/3000 | Loss: 0.1175 | Best: 0.1123 | 2.5s | 1.2h | ETA: 44m
E1956/3000 | Loss: 0.1134 | Best: 0.1123 | 2.5s | 1.2h | ETA: 44m
E1957/3000 | Loss: 0.1150 | Best: 0.1123 | 2.5s | 1.2h | ETA: 44m
E1958/3000 | Loss: 0.1147 | Best: 0.1123 | 2.5s | 1.2h | ETA: 44m
E1959/3000 | Loss: 0.1157 | Best: 0.1123 | 2.5s | 1.2h | ETA: 44m
E1960/3000 | Loss: 0.1194 | Best: 0.1123 | 2.5s | 1.2h | ETA: 44m
E1961/3000 | Loss: 0.1229 | Best: 0.1123 | 2.5s | 1.2h | ETA: 44m
E1962/3000 | Loss: 0.1189 | Best: 0.1123 | 2.5s | 1.2h | ETA: 44m
E1963/3000 | Loss: 0.1135 | Best: 0.1123 | 2.5s | 1.2h | ETA: 44m
E1964/3000 | Loss: 0.1140 | Best: 0.1123 | 2.5s | 1.2h | ETA: 43m
E1965/3000 | Loss: 0.1153 | Best: 0.1123 | 2.5s | 1.2h | ETA: 43m
E1966/3000 | Loss: 0.1184 | Best: 0.1123 | 2.5s | 1.2h | ETA: 43m
E1967/3000 | Loss: 0.1196 | Best: 0.1123 | 2.5s | 1.2h | ETA: 43m
E1968/3000 | Loss: 0.1144 | Best: 0.1123 | 2.5s | 1.2h | ETA: 43m
E1969/3000 | Loss: 0.1136 | Best: 0.1123 | 2.5s | 1.2h | ETA: 43m
E1970/3000 | Loss: 0.1146 | Best: 0.1123 | 2.5s | 1.2h | ETA: 43m
E1971/3000 | Loss: 0.1161 | Best: 0.1123 | 2.5s | 1.2h | ETA: 43m
E1972/3000 | Loss: 0.1150 | Best: 0.1123 | 2.5s | 1.2h | ETA: 43m
E1973/3000 | Loss: 0.1192 | Best: 0.1123 | 2.5s | 1.2h | ETA: 43m
E1974/3000 | Loss: 0.1140 | Best: 0.1123 | 2.5s | 1.2h | ETA: 43m
E1975/3000 | Loss: 0.1194 | Best: 0.1123 | 2.5s | 1.2h | ETA: 43m
E1976/3000 | Loss: 0.1188 | Best: 0.1123 | 2.5s | 1.2h | ETA: 43m
E1977/3000 | Loss: 0.1167 | Best: 0.1123 | 2.5s | 1.2h | ETA: 43m
E1978/3000 | Loss: 0.1135 | Best: 0.1123 | 2.5s | 1.2h | ETA: 43m
E1979/3000 | Loss: 0.1140 | Best: 0.1123 | 2.5s | 1.2h | ETA: 43m
E1980/3000 | Loss: 0.1165 | Best: 0.1123 | 2.5s | 1.2h | ETA: 43m
E1981/3000 | Loss: 0.1121 | Best: 0.1123 | 3.0s | 1.2h | ETA: 43m
  ★ Best (loss=0.1121)
E1982/3000 | Loss: 0.1151 | Best: 0.1121 | 2.5s | 1.2h | ETA: 43m
E1983/3000 | Loss: 0.1128 | Best: 0.1121 | 2.5s | 1.2h | ETA: 43m
E1984/3000 | Loss: 0.1108 | Best: 0.1121 | 2.5s | 1.2h | ETA: 43m
  ★ Best (loss=0.1108)
E1985/3000 | Loss: 0.1096 | Best: 0.1108 | 2.5s | 1.2h | ETA: 43m
  ★ Best (loss=0.1096)
E1986/3000 | Loss: 0.1173 | Best: 0.1096 | 3.0s | 1.3h | ETA: 43m
E1987/3000 | Loss: 0.1105 | Best: 0.1096 | 2.5s | 1.3h | ETA: 43m
E1988/3000 | Loss: 0.1163 | Best: 0.1096 | 2.5s | 1.3h | ETA: 43m
E1989/3000 | Loss: 0.1127 | Best: 0.1096 | 2.5s | 1.3h | ETA: 42m
E1990/3000 | Loss: 0.1138 | Best: 0.1096 | 2.5s | 1.3h | ETA: 42m
E1991/3000 | Loss: 0.1187 | Best: 0.1096 | 2.5s | 1.3h | ETA: 42m
E1992/3000 | Loss: 0.1100 | Best: 0.1096 | 2.5s | 1.3h | ETA: 42m
E1993/3000 | Loss: 0.1134 | Best: 0.1096 | 2.5s | 1.3h | ETA: 42m
E1994/3000 | Loss: 0.1137 | Best: 0.1096 | 2.5s | 1.3h | ETA: 42m
E1995/3000 | Loss: 0.1180 | Best: 0.1096 | 2.5s | 1.3h | ETA: 42m
E1996/3000 | Loss: 0.1132 | Best: 0.1096 | 2.5s | 1.3h | ETA: 42m
E1997/3000 | Loss: 0.1148 | Best: 0.1096 | 2.5s | 1.3h | ETA: 42m
E1998/3000 | Loss: 0.1177 | Best: 0.1096 | 2.5s | 1.3h | ETA: 42m
E1999/3000 | Loss: 0.1129 | Best: 0.1096 | 2.5s | 1.3h | ETA: 42m
E2000/3000 | Loss: 0.1138 | Best: 0.1096 | 2.5s | 1.3h | ETA: 42m
  💾 Checkpoint epoch 2000
E2001/3000 | Loss: 0.1150 | Best: 0.1096 | 2.5s | 1.3h | ETA: 42m
E2002/3000 | Loss: 0.1104 | Best: 0.1096 | 2.5s | 1.3h | ETA: 42m
E2003/3000 | Loss: 0.1128 | Best: 0.1096 | 2.5s | 1.3h | ETA: 42m
E2004/3000 | Loss: 0.1114 | Best: 0.1096 | 2.5s | 1.3h | ETA: 42m
E2005/3000 | Loss: 0.1108 | Best: 0.1096 | 2.5s | 1.3h | ETA: 42m
E2006/3000 | Loss: 0.1096 | Best: 0.1096 | 2.5s | 1.3h | ETA: 42m
E2007/3000 | Loss: 0.1127 | Best: 0.1096 | 3.2s | 1.3h | ETA: 42m
E2008/3000 | Loss: 0.1144 | Best: 0.1096 | 2.5s | 1.3h | ETA: 42m
E2009/3000 | Loss: 0.1113 | Best: 0.1096 | 2.5s | 1.3h | ETA: 42m
E2010/3000 | Loss: 0.1173 | Best: 0.1096 | 2.5s | 1.3h | ETA: 42m
E2011/3000 | Loss: 0.1122 | Best: 0.1096 | 2.5s | 1.3h | ETA: 42m
E2012/3000 | Loss: 0.1041 | Best: 0.1096 | 2.5s | 1.3h | ETA: 42m
  ★ Best (loss=0.1041)
E2013/3000 | Loss: 0.1145 | Best: 0.1041 | 2.5s | 1.3h | ETA: 42m
E2014/3000 | Loss: 0.1112 | Best: 0.1041 | 2.5s | 1.3h | ETA: 41m
E2015/3000 | Loss: 0.1136 | Best: 0.1041 | 2.5s | 1.3h | ETA: 41m
E2016/3000 | Loss: 0.1117 | Best: 0.1041 | 2.5s | 1.3h | ETA: 41m
E2017/3000 | Loss: 0.1144 | Best: 0.1041 | 2.5s | 1.3h | ETA: 41m
E2018/3000 | Loss: 0.1214 | Best: 0.1041 | 2.5s | 1.3h | ETA: 41m
E2019/3000 | Loss: 0.1123 | Best: 0.1041 | 2.5s | 1.3h | ETA: 41m
E2020/3000 | Loss: 0.1121 | Best: 0.1041 | 2.5s | 1.3h | ETA: 41m
E2021/3000 | Loss: 0.1118 | Best: 0.1041 | 2.5s | 1.3h | ETA: 41m
E2022/3000 | Loss: 0.1148 | Best: 0.1041 | 2.5s | 1.3h | ETA: 41m
E2023/3000 | Loss: 0.1146 | Best: 0.1041 | 2.5s | 1.3h | ETA: 41m
E2024/3000 | Loss: 0.1129 | Best: 0.1041 | 2.5s | 1.3h | ETA: 41m
E2025/3000 | Loss: 0.1147 | Best: 0.1041 | 2.5s | 1.3h | ETA: 41m
E2026/3000 | Loss: 0.1153 | Best: 0.1041 | 2.5s | 1.3h | ETA: 41m
E2027/3000 | Loss: 0.1140 | Best: 0.1041 | 2.5s | 1.3h | ETA: 41m
E2028/3000 | Loss: 0.1150 | Best: 0.1041 | 2.5s | 1.3h | ETA: 41m
E2029/3000 | Loss: 0.1115 | Best: 0.1041 | 2.5s | 1.3h | ETA: 41m
E2030/3000 | Loss: 0.1119 | Best: 0.1041 | 2.5s | 1.3h | ETA: 41m
E2031/3000 | Loss: 0.1163 | Best: 0.1041 | 2.5s | 1.3h | ETA: 41m
E2032/3000 | Loss: 0.1128 | Best: 0.1041 | 2.5s | 1.3h | ETA: 41m
E2033/3000 | Loss: 0.1152 | Best: 0.1041 | 2.5s | 1.3h | ETA: 41m
E2034/3000 | Loss: 0.1143 | Best: 0.1041 | 2.5s | 1.3h | ETA: 41m
E2035/3000 | Loss: 0.1189 | Best: 0.1041 | 2.5s | 1.3h | ETA: 41m
E2036/3000 | Loss: 0.1090 | Best: 0.1041 | 2.5s | 1.3h | ETA: 41m
E2037/3000 | Loss: 0.1118 | Best: 0.1041 | 2.5s | 1.3h | ETA: 41m
E2038/3000 | Loss: 0.1112 | Best: 0.1041 | 2.5s | 1.3h | ETA: 40m
E2039/3000 | Loss: 0.1125 | Best: 0.1041 | 2.5s | 1.3h | ETA: 40m
E2040/3000 | Loss: 0.1167 | Best: 0.1041 | 2.5s | 1.3h | ETA: 40m
E2041/3000 | Loss: 0.1108 | Best: 0.1041 | 2.5s | 1.4h | ETA: 40m
E2042/3000 | Loss: 0.1137 | Best: 0.1041 | 2.5s | 1.4h | ETA: 40m
E2043/3000 | Loss: 0.1059 | Best: 0.1041 | 2.5s | 1.4h | ETA: 40m
E2044/3000 | Loss: 0.1168 | Best: 0.1041 | 2.5s | 1.4h | ETA: 40m
E2045/3000 | Loss: 0.1120 | Best: 0.1041 | 2.5s | 1.4h | ETA: 40m
E2046/3000 | Loss: 0.1139 | Best: 0.1041 | 2.5s | 1.4h | ETA: 40m
E2047/3000 | Loss: 0.1093 | Best: 0.1041 | 2.5s | 1.4h | ETA: 40m
E2048/3000 | Loss: 0.1150 | Best: 0.1041 | 3.1s | 1.4h | ETA: 40m
E2049/3000 | Loss: 0.1131 | Best: 0.1041 | 2.5s | 1.4h | ETA: 40m
E2050/3000 | Loss: 0.1098 | Best: 0.1041 | 2.5s | 1.4h | ETA: 40m
E2051/3000 | Loss: 0.1117 | Best: 0.1041 | 2.5s | 1.4h | ETA: 40m
E2052/3000 | Loss: 0.1148 | Best: 0.1041 | 2.5s | 1.4h | ETA: 40m
E2053/3000 | Loss: 0.1131 | Best: 0.1041 | 2.5s | 1.4h | ETA: 40m
E2054/3000 | Loss: 0.1067 | Best: 0.1041 | 2.5s | 1.4h | ETA: 40m
E2055/3000 | Loss: 0.1115 | Best: 0.1041 | 2.5s | 1.4h | ETA: 40m
E2056/3000 | Loss: 0.1123 | Best: 0.1041 | 2.5s | 1.4h | ETA: 40m
E2057/3000 | Loss: 0.1148 | Best: 0.1041 | 2.5s | 1.4h | ETA: 40m
E2058/3000 | Loss: 0.1120 | Best: 0.1041 | 2.5s | 1.4h | ETA: 40m
E2059/3000 | Loss: 0.1177 | Best: 0.1041 | 2.5s | 1.4h | ETA: 40m
E2060/3000 | Loss: 0.1100 | Best: 0.1041 | 2.5s | 1.4h | ETA: 40m
E2061/3000 | Loss: 0.1065 | Best: 0.1041 | 2.5s | 1.4h | ETA: 40m
E2062/3000 | Loss: 0.1138 | Best: 0.1041 | 2.5s | 1.4h | ETA: 40m
E2063/3000 | Loss: 0.1095 | Best: 0.1041 | 2.5s | 1.4h | ETA: 39m
E2064/3000 | Loss: 0.1136 | Best: 0.1041 | 2.5s | 1.4h | ETA: 39m
E2065/3000 | Loss: 0.1144 | Best: 0.1041 | 2.5s | 1.4h | ETA: 39m
E2066/3000 | Loss: 0.1108 | Best: 0.1041 | 2.5s | 1.4h | ETA: 39m
E2067/3000 | Loss: 0.1160 | Best: 0.1041 | 2.5s | 1.4h | ETA: 39m
E2068/3000 | Loss: 0.1167 | Best: 0.1041 | 2.5s | 1.4h | ETA: 39m
E2069/3000 | Loss: 0.1144 | Best: 0.1041 | 2.5s | 1.4h | ETA: 39m
E2070/3000 | Loss: 0.1123 | Best: 0.1041 | 2.5s | 1.4h | ETA: 39m
E2071/3000 | Loss: 0.1112 | Best: 0.1041 | 2.5s | 1.4h | ETA: 39m
E2072/3000 | Loss: 0.1092 | Best: 0.1041 | 2.5s | 1.4h | ETA: 39m
E2073/3000 | Loss: 0.1095 | Best: 0.1041 | 2.5s | 1.4h | ETA: 39m
E2074/3000 | Loss: 0.1137 | Best: 0.1041 | 2.5s | 1.4h | ETA: 39m
E2075/3000 | Loss: 0.1097 | Best: 0.1041 | 2.5s | 1.4h | ETA: 39m
E2076/3000 | Loss: 0.1063 | Best: 0.1041 | 2.5s | 1.4h | ETA: 39m
E2077/3000 | Loss: 0.1112 | Best: 0.1041 | 2.5s | 1.4h | ETA: 39m
E2078/3000 | Loss: 0.1097 | Best: 0.1041 | 2.5s | 1.4h | ETA: 39m
E2079/3000 | Loss: 0.1093 | Best: 0.1041 | 2.5s | 1.4h | ETA: 39m
E2080/3000 | Loss: 0.1117 | Best: 0.1041 | 2.5s | 1.4h | ETA: 39m
E2081/3000 | Loss: 0.1094 | Best: 0.1041 | 2.5s | 1.4h | ETA: 39m
E2082/3000 | Loss: 0.1070 | Best: 0.1041 | 2.5s | 1.4h | ETA: 39m
E2083/3000 | Loss: 0.1066 | Best: 0.1041 | 2.5s | 1.4h | ETA: 39m
E2084/3000 | Loss: 0.1095 | Best: 0.1041 | 2.5s | 1.4h | ETA: 39m
E2085/3000 | Loss: 0.1102 | Best: 0.1041 | 2.5s | 1.4h | ETA: 38m
E2086/3000 | Loss: 0.1057 | Best: 0.1041 | 2.5s | 1.4h | ETA: 38m
E2087/3000 | Loss: 0.1087 | Best: 0.1041 | 2.5s | 1.4h | ETA: 38m
E2088/3000 | Loss: 0.1130 | Best: 0.1041 | 2.5s | 1.4h | ETA: 38m
E2089/3000 | Loss: 0.1113 | Best: 0.1041 | 2.5s | 1.4h | ETA: 38m
E2090/3000 | Loss: 0.1092 | Best: 0.1041 | 2.5s | 1.4h | ETA: 38m
E2091/3000 | Loss: 0.1098 | Best: 0.1041 | 2.5s | 1.4h | ETA: 38m
E2092/3000 | Loss: 0.1119 | Best: 0.1041 | 2.5s | 1.4h | ETA: 38m
E2093/3000 | Loss: 0.1064 | Best: 0.1041 | 2.5s | 1.4h | ETA: 38m
E2094/3000 | Loss: 0.1096 | Best: 0.1041 | 2.5s | 1.4h | ETA: 38m
E2095/3000 | Loss: 0.1081 | Best: 0.1041 | 2.5s | 1.4h | ETA: 38m
E2096/3000 | Loss: 0.1080 | Best: 0.1041 | 2.5s | 1.4h | ETA: 38m
E2097/3000 | Loss: 0.1112 | Best: 0.1041 | 2.5s | 1.4h | ETA: 38m
E2098/3000 | Loss: 0.1047 | Best: 0.1041 | 2.5s | 1.4h | ETA: 38m
E2099/3000 | Loss: 0.1149 | Best: 0.1041 | 2.5s | 1.4h | ETA: 38m
E2100/3000 | Loss: 0.1126 | Best: 0.1041 | 2.5s | 1.4h | ETA: 38m
  💾 Checkpoint epoch 2100
E2101/3000 | Loss: 0.1135 | Best: 0.1041 | 2.5s | 1.4h | ETA: 38m
E2102/3000 | Loss: 0.1117 | Best: 0.1041 | 2.5s | 1.4h | ETA: 38m
E2103/3000 | Loss: 0.1068 | Best: 0.1041 | 2.5s | 1.4h | ETA: 38m
E2104/3000 | Loss: 0.1153 | Best: 0.1041 | 2.5s | 1.4h | ETA: 38m
E2105/3000 | Loss: 0.1108 | Best: 0.1041 | 2.5s | 1.4h | ETA: 38m
E2106/3000 | Loss: 0.1115 | Best: 0.1041 | 2.5s | 1.4h | ETA: 38m
E2107/3000 | Loss: 0.1054 | Best: 0.1041 | 2.5s | 1.4h | ETA: 37m
E2108/3000 | Loss: 0.1040 | Best: 0.1041 | 2.5s | 1.4h | ETA: 37m
  ★ Best (loss=0.1040)
E2109/3000 | Loss: 0.1117 | Best: 0.1040 | 2.5s | 1.4h | ETA: 37m
E2110/3000 | Loss: 0.1138 | Best: 0.1040 | 3.2s | 1.4h | ETA: 37m
E2111/3000 | Loss: 0.1124 | Best: 0.1040 | 2.5s | 1.4h | ETA: 37m
E2112/3000 | Loss: 0.1100 | Best: 0.1040 | 2.5s | 1.4h | ETA: 37m
E2113/3000 | Loss: 0.1056 | Best: 0.1040 | 2.5s | 1.4h | ETA: 37m
E2114/3000 | Loss: 0.1112 | Best: 0.1040 | 2.5s | 1.4h | ETA: 37m
E2115/3000 | Loss: 0.1105 | Best: 0.1040 | 2.5s | 1.4h | ETA: 37m
E2116/3000 | Loss: 0.1059 | Best: 0.1040 | 2.5s | 1.4h | ETA: 37m
E2117/3000 | Loss: 0.1121 | Best: 0.1040 | 2.5s | 1.4h | ETA: 37m
E2118/3000 | Loss: 0.1094 | Best: 0.1040 | 2.5s | 1.5h | ETA: 37m
E2119/3000 | Loss: 0.1047 | Best: 0.1040 | 2.5s | 1.5h | ETA: 37m
E2120/3000 | Loss: 0.1056 | Best: 0.1040 | 2.5s | 1.5h | ETA: 37m
E2121/3000 | Loss: 0.1069 | Best: 0.1040 | 2.5s | 1.5h | ETA: 37m
E2122/3000 | Loss: 0.1063 | Best: 0.1040 | 2.5s | 1.5h | ETA: 37m
E2123/3000 | Loss: 0.1114 | Best: 0.1040 | 2.5s | 1.5h | ETA: 37m
E2124/3000 | Loss: 0.1078 | Best: 0.1040 | 2.5s | 1.5h | ETA: 37m
E2125/3000 | Loss: 0.1121 | Best: 0.1040 | 2.5s | 1.5h | ETA: 37m
E2126/3000 | Loss: 0.1044 | Best: 0.1040 | 2.5s | 1.5h | ETA: 37m
E2127/3000 | Loss: 0.1140 | Best: 0.1040 | 2.5s | 1.5h | ETA: 37m
E2128/3000 | Loss: 0.1068 | Best: 0.1040 | 2.5s | 1.5h | ETA: 37m
E2129/3000 | Loss: 0.1096 | Best: 0.1040 | 2.5s | 1.5h | ETA: 37m
E2130/3000 | Loss: 0.1118 | Best: 0.1040 | 2.5s | 1.5h | ETA: 37m
E2131/3000 | Loss: 0.1093 | Best: 0.1040 | 2.5s | 1.5h | ETA: 37m
E2132/3000 | Loss: 0.1080 | Best: 0.1040 | 2.5s | 1.5h | ETA: 36m
E2133/3000 | Loss: 0.1099 | Best: 0.1040 | 2.5s | 1.5h | ETA: 36m
E2134/3000 | Loss: 0.1105 | Best: 0.1040 | 2.5s | 1.5h | ETA: 36m
E2135/3000 | Loss: 0.1095 | Best: 0.1040 | 2.5s | 1.5h | ETA: 36m
E2136/3000 | Loss: 0.1075 | Best: 0.1040 | 2.5s | 1.5h | ETA: 36m
E2137/3000 | Loss: 0.1088 | Best: 0.1040 | 2.5s | 1.5h | ETA: 36m
E2138/3000 | Loss: 0.1028 | Best: 0.1040 | 2.5s | 1.5h | ETA: 36m
  ★ Best (loss=0.1028)
E2139/3000 | Loss: 0.1088 | Best: 0.1028 | 2.5s | 1.5h | ETA: 36m
E2140/3000 | Loss: 0.1102 | Best: 0.1028 | 2.5s | 1.5h | ETA: 36m
E2141/3000 | Loss: 0.1038 | Best: 0.1028 | 2.5s | 1.5h | ETA: 36m
E2142/3000 | Loss: 0.1029 | Best: 0.1028 | 2.5s | 1.5h | ETA: 36m
E2143/3000 | Loss: 0.1082 | Best: 0.1028 | 2.5s | 1.5h | ETA: 36m
E2144/3000 | Loss: 0.1088 | Best: 0.1028 | 2.5s | 1.5h | ETA: 36m
E2145/3000 | Loss: 0.1149 | Best: 0.1028 | 2.5s | 1.5h | ETA: 36m
E2146/3000 | Loss: 0.1066 | Best: 0.1028 | 2.5s | 1.5h | ETA: 36m
E2147/3000 | Loss: 0.1112 | Best: 0.1028 | 2.5s | 1.5h | ETA: 36m
E2148/3000 | Loss: 0.1068 | Best: 0.1028 | 2.5s | 1.5h | ETA: 36m
E2149/3000 | Loss: 0.1059 | Best: 0.1028 | 3.1s | 1.5h | ETA: 36m
E2150/3000 | Loss: 0.1120 | Best: 0.1028 | 2.5s | 1.5h | ETA: 36m
E2151/3000 | Loss: 0.1113 | Best: 0.1028 | 2.5s | 1.5h | ETA: 36m
E2152/3000 | Loss: 0.1064 | Best: 0.1028 | 2.5s | 1.5h | ETA: 36m
E2153/3000 | Loss: 0.1076 | Best: 0.1028 | 2.5s | 1.5h | ETA: 36m
E2154/3000 | Loss: 0.1091 | Best: 0.1028 | 2.5s | 1.5h | ETA: 36m
E2155/3000 | Loss: 0.1086 | Best: 0.1028 | 2.5s | 1.5h | ETA: 36m
E2156/3000 | Loss: 0.1019 | Best: 0.1028 | 2.5s | 1.5h | ETA: 35m
  ★ Best (loss=0.1019)
E2157/3000 | Loss: 0.1060 | Best: 0.1019 | 2.5s | 1.5h | ETA: 35m
E2158/3000 | Loss: 0.1055 | Best: 0.1019 | 2.5s | 1.5h | ETA: 35m
E2159/3000 | Loss: 0.1056 | Best: 0.1019 | 2.5s | 1.5h | ETA: 35m
E2160/3000 | Loss: 0.1087 | Best: 0.1019 | 2.5s | 1.5h | ETA: 35m
E2161/3000 | Loss: 0.1076 | Best: 0.1019 | 2.5s | 1.5h | ETA: 35m
E2162/3000 | Loss: 0.1073 | Best: 0.1019 | 2.5s | 1.5h | ETA: 35m
E2163/3000 | Loss: 0.1048 | Best: 0.1019 | 2.5s | 1.5h | ETA: 35m
E2164/3000 | Loss: 0.1051 | Best: 0.1019 | 2.5s | 1.5h | ETA: 35m
E2165/3000 | Loss: 0.1088 | Best: 0.1019 | 2.5s | 1.5h | ETA: 35m
E2166/3000 | Loss: 0.1095 | Best: 0.1019 | 2.5s | 1.5h | ETA: 35m
E2167/3000 | Loss: 0.1089 | Best: 0.1019 | 2.5s | 1.5h | ETA: 35m
E2168/3000 | Loss: 0.1029 | Best: 0.1019 | 2.5s | 1.5h | ETA: 35m
E2169/3000 | Loss: 0.1084 | Best: 0.1019 | 2.5s | 1.5h | ETA: 35m
E2170/3000 | Loss: 0.1049 | Best: 0.1019 | 2.5s | 1.5h | ETA: 35m
E2171/3000 | Loss: 0.1073 | Best: 0.1019 | 2.5s | 1.5h | ETA: 35m
E2172/3000 | Loss: 0.0992 | Best: 0.1019 | 2.5s | 1.5h | ETA: 35m
  ★ Best (loss=0.0992)
E2173/3000 | Loss: 0.1039 | Best: 0.0992 | 2.5s | 1.6h | ETA: 35m
E2174/3000 | Loss: 0.1052 | Best: 0.0992 | 2.5s | 1.6h | ETA: 35m
E2175/3000 | Loss: 0.1096 | Best: 0.0992 | 3.1s | 1.6h | ETA: 35m
E2176/3000 | Loss: 0.1063 | Best: 0.0992 | 2.5s | 1.6h | ETA: 35m
E2177/3000 | Loss: 0.1110 | Best: 0.0992 | 2.5s | 1.6h | ETA: 35m
E2178/3000 | Loss: 0.1060 | Best: 0.0992 | 2.5s | 1.6h | ETA: 35m
E2179/3000 | Loss: 0.1038 | Best: 0.0992 | 2.5s | 1.6h | ETA: 35m
E2180/3000 | Loss: 0.1113 | Best: 0.0992 | 2.5s | 1.6h | ETA: 35m
E2181/3000 | Loss: 0.1066 | Best: 0.0992 | 2.5s | 1.6h | ETA: 35m
E2182/3000 | Loss: 0.1042 | Best: 0.0992 | 2.5s | 1.6h | ETA: 34m
E2183/3000 | Loss: 0.1057 | Best: 0.0992 | 2.5s | 1.6h | ETA: 34m
E2184/3000 | Loss: 0.1079 | Best: 0.0992 | 2.5s | 1.6h | ETA: 34m
E2185/3000 | Loss: 0.1076 | Best: 0.0992 | 2.5s | 1.6h | ETA: 34m
E2186/3000 | Loss: 0.1124 | Best: 0.0992 | 2.5s | 1.6h | ETA: 34m
E2187/3000 | Loss: 0.1050 | Best: 0.0992 | 2.5s | 1.6h | ETA: 34m
E2188/3000 | Loss: 0.1076 | Best: 0.0992 | 2.5s | 1.6h | ETA: 34m
E2189/3000 | Loss: 0.1079 | Best: 0.0992 | 2.5s | 1.6h | ETA: 34m
E2190/3000 | Loss: 0.1102 | Best: 0.0992 | 2.5s | 1.6h | ETA: 34m
E2191/3000 | Loss: 0.1085 | Best: 0.0992 | 2.5s | 1.6h | ETA: 34m
E2192/3000 | Loss: 0.1090 | Best: 0.0992 | 2.5s | 1.6h | ETA: 34m
E2193/3000 | Loss: 0.1066 | Best: 0.0992 | 2.5s | 1.6h | ETA: 34m
E2194/3000 | Loss: 0.1104 | Best: 0.0992 | 2.5s | 1.6h | ETA: 34m
E2195/3000 | Loss: 0.1095 | Best: 0.0992 | 2.5s | 1.6h | ETA: 34m
E2196/3000 | Loss: 0.1080 | Best: 0.0992 | 2.5s | 1.6h | ETA: 34m
E2197/3000 | Loss: 0.1046 | Best: 0.0992 | 2.5s | 1.6h | ETA: 34m
E2198/3000 | Loss: 0.1060 | Best: 0.0992 | 2.5s | 1.6h | ETA: 34m
E2199/3000 | Loss: 0.1098 | Best: 0.0992 | 2.5s | 1.6h | ETA: 34m
E2200/3000 | Loss: 0.1088 | Best: 0.0992 | 2.5s | 1.6h | ETA: 34m
  💾 Checkpoint epoch 2200
E2201/3000 | Loss: 0.1060 | Best: 0.0992 | 2.5s | 1.6h | ETA: 34m
E2202/3000 | Loss: 0.1154 | Best: 0.0992 | 2.5s | 1.6h | ETA: 34m
E2203/3000 | Loss: 0.1058 | Best: 0.0992 | 2.5s | 1.6h | ETA: 34m
E2204/3000 | Loss: 0.1091 | Best: 0.0992 | 2.5s | 1.6h | ETA: 34m
E2205/3000 | Loss: 0.1051 | Best: 0.0992 | 2.5s | 1.6h | ETA: 33m
E2206/3000 | Loss: 0.1109 | Best: 0.0992 | 2.5s | 1.6h | ETA: 33m
E2207/3000 | Loss: 0.1069 | Best: 0.0992 | 2.5s | 1.6h | ETA: 33m
E2208/3000 | Loss: 0.1075 | Best: 0.0992 | 2.5s | 1.6h | ETA: 33m
E2209/3000 | Loss: 0.1056 | Best: 0.0992 | 2.5s | 1.6h | ETA: 33m
E2210/3000 | Loss: 0.1061 | Best: 0.0992 | 2.5s | 1.6h | ETA: 33m
E2211/3000 | Loss: 0.1078 | Best: 0.0992 | 2.5s | 1.6h | ETA: 33m
E2212/3000 | Loss: 0.1067 | Best: 0.0992 | 2.5s | 1.6h | ETA: 33m
E2213/3000 | Loss: 0.1093 | Best: 0.0992 | 2.5s | 1.6h | ETA: 33m
E2214/3000 | Loss: 0.1078 | Best: 0.0992 | 2.5s | 1.6h | ETA: 33m
E2215/3000 | Loss: 0.1057 | Best: 0.0992 | 2.5s | 1.6h | ETA: 33m
E2216/3000 | Loss: 0.1072 | Best: 0.0992 | 2.5s | 1.6h | ETA: 33m
E2217/3000 | Loss: 0.1042 | Best: 0.0992 | 2.5s | 1.6h | ETA: 33m
E2218/3000 | Loss: 0.1075 | Best: 0.0992 | 2.5s | 1.6h | ETA: 33m
E2219/3000 | Loss: 0.1035 | Best: 0.0992 | 2.5s | 1.6h | ETA: 33m
E2220/3000 | Loss: 0.1069 | Best: 0.0992 | 2.5s | 1.6h | ETA: 33m
E2221/3000 | Loss: 0.1045 | Best: 0.0992 | 2.5s | 1.6h | ETA: 33m
E2222/3000 | Loss: 0.1084 | Best: 0.0992 | 2.5s | 1.6h | ETA: 33m
E2223/3000 | Loss: 0.1076 | Best: 0.0992 | 2.5s | 1.6h | ETA: 33m
E2224/3000 | Loss: 0.1064 | Best: 0.0992 | 2.5s | 1.6h | ETA: 33m
E2225/3000 | Loss: 0.1067 | Best: 0.0992 | 2.5s | 1.6h | ETA: 33m
E2226/3000 | Loss: 0.1029 | Best: 0.0992 | 2.5s | 1.6h | ETA: 32m
E2227/3000 | Loss: 0.1010 | Best: 0.0992 | 2.5s | 1.6h | ETA: 32m
E2228/3000 | Loss: 0.1023 | Best: 0.0992 | 2.5s | 1.6h | ETA: 32m
E2229/3000 | Loss: 0.1045 | Best: 0.0992 | 2.5s | 1.6h | ETA: 32m
E2230/3000 | Loss: 0.1062 | Best: 0.0992 | 2.5s | 1.6h | ETA: 32m
E2231/3000 | Loss: 0.1020 | Best: 0.0992 | 2.5s | 1.6h | ETA: 32m
E2232/3000 | Loss: 0.1050 | Best: 0.0992 | 2.5s | 1.6h | ETA: 32m
E2233/3000 | Loss: 0.1045 | Best: 0.0992 | 2.5s | 1.6h | ETA: 32m
E2234/3000 | Loss: 0.1046 | Best: 0.0992 | 2.5s | 1.6h | ETA: 32m
E2235/3000 | Loss: 0.1060 | Best: 0.0992 | 2.5s | 1.6h | ETA: 32m
E2236/3000 | Loss: 0.1040 | Best: 0.0992 | 2.5s | 1.6h | ETA: 32m
E2237/3000 | Loss: 0.1060 | Best: 0.0992 | 2.5s | 1.6h | ETA: 32m
E2238/3000 | Loss: 0.1037 | Best: 0.0992 | 2.5s | 1.6h | ETA: 32m
E2239/3000 | Loss: 0.1090 | Best: 0.0992 | 2.5s | 1.6h | ETA: 32m
E2240/3000 | Loss: 0.1064 | Best: 0.0992 | 2.5s | 1.6h | ETA: 32m
E2241/3000 | Loss: 0.1061 | Best: 0.0992 | 2.5s | 1.6h | ETA: 32m
E2242/3000 | Loss: 0.1103 | Best: 0.0992 | 2.5s | 1.6h | ETA: 32m
E2243/3000 | Loss: 0.1028 | Best: 0.0992 | 2.5s | 1.6h | ETA: 32m
E2244/3000 | Loss: 0.1063 | Best: 0.0992 | 2.5s | 1.6h | ETA: 32m
E2245/3000 | Loss: 0.1049 | Best: 0.0992 | 2.5s | 1.6h | ETA: 32m
E2246/3000 | Loss: 0.1052 | Best: 0.0992 | 2.5s | 1.6h | ETA: 32m
E2247/3000 | Loss: 0.1044 | Best: 0.0992 | 2.5s | 1.6h | ETA: 32m
E2248/3000 | Loss: 0.1049 | Best: 0.0992 | 2.5s | 1.6h | ETA: 32m
E2249/3000 | Loss: 0.1073 | Best: 0.0992 | 2.5s | 1.6h | ETA: 31m
E2250/3000 | Loss: 0.1033 | Best: 0.0992 | 2.5s | 1.6h | ETA: 31m
E2251/3000 | Loss: 0.1091 | Best: 0.0992 | 2.5s | 1.6h | ETA: 31m
E2252/3000 | Loss: 0.1057 | Best: 0.0992 | 2.5s | 1.6h | ETA: 31m
E2253/3000 | Loss: 0.1024 | Best: 0.0992 | 2.5s | 1.6h | ETA: 31m
E2254/3000 | Loss: 0.1029 | Best: 0.0992 | 2.5s | 1.6h | ETA: 31m
E2255/3000 | Loss: 0.1080 | Best: 0.0992 | 2.5s | 1.6h | ETA: 31m
E2256/3000 | Loss: 0.1032 | Best: 0.0992 | 2.5s | 1.6h | ETA: 31m
E2257/3000 | Loss: 0.1053 | Best: 0.0992 | 2.5s | 1.6h | ETA: 31m
E2258/3000 | Loss: 0.0997 | Best: 0.0992 | 2.5s | 1.6h | ETA: 31m
E2259/3000 | Loss: 0.1053 | Best: 0.0992 | 2.5s | 1.7h | ETA: 31m
E2260/3000 | Loss: 0.1038 | Best: 0.0992 | 2.5s | 1.7h | ETA: 31m
E2261/3000 | Loss: 0.1085 | Best: 0.0992 | 3.2s | 1.7h | ETA: 31m
E2262/3000 | Loss: 0.1044 | Best: 0.0992 | 2.5s | 1.7h | ETA: 31m
E2263/3000 | Loss: 0.1026 | Best: 0.0992 | 2.5s | 1.7h | ETA: 31m
E2264/3000 | Loss: 0.1041 | Best: 0.0992 | 2.5s | 1.7h | ETA: 31m
E2265/3000 | Loss: 0.1074 | Best: 0.0992 | 2.5s | 1.7h | ETA: 31m
E2266/3000 | Loss: 0.1032 | Best: 0.0992 | 2.5s | 1.7h | ETA: 31m
E2267/3000 | Loss: 0.1082 | Best: 0.0992 | 2.5s | 1.7h | ETA: 31m
E2268/3000 | Loss: 0.1059 | Best: 0.0992 | 2.5s | 1.7h | ETA: 31m
E2269/3000 | Loss: 0.1003 | Best: 0.0992 | 2.5s | 1.7h | ETA: 31m
E2270/3000 | Loss: 0.1050 | Best: 0.0992 | 2.5s | 1.7h | ETA: 31m
E2271/3000 | Loss: 0.1062 | Best: 0.0992 | 2.5s | 1.7h | ETA: 31m
E2272/3000 | Loss: 0.1012 | Best: 0.0992 | 2.5s | 1.7h | ETA: 31m
E2273/3000 | Loss: 0.1063 | Best: 0.0992 | 2.5s | 1.7h | ETA: 30m
E2274/3000 | Loss: 0.1038 | Best: 0.0992 | 2.5s | 1.7h | ETA: 30m
E2275/3000 | Loss: 0.1113 | Best: 0.0992 | 2.5s | 1.7h | ETA: 30m
E2276/3000 | Loss: 0.1067 | Best: 0.0992 | 2.5s | 1.7h | ETA: 30m
E2277/3000 | Loss: 0.1131 | Best: 0.0992 | 2.5s | 1.7h | ETA: 30m
E2278/3000 | Loss: 0.1034 | Best: 0.0992 | 2.5s | 1.7h | ETA: 30m
E2279/3000 | Loss: 0.1022 | Best: 0.0992 | 2.5s | 1.7h | ETA: 30m
E2280/3000 | Loss: 0.1043 | Best: 0.0992 | 2.5s | 1.7h | ETA: 30m
E2281/3000 | Loss: 0.1025 | Best: 0.0992 | 2.5s | 1.7h | ETA: 30m
E2282/3000 | Loss: 0.1038 | Best: 0.0992 | 2.5s | 1.7h | ETA: 30m
E2283/3000 | Loss: 0.1031 | Best: 0.0992 | 2.5s | 1.7h | ETA: 30m
E2284/3000 | Loss: 0.1042 | Best: 0.0992 | 2.5s | 1.7h | ETA: 30m
E2285/3000 | Loss: 0.1037 | Best: 0.0992 | 2.5s | 1.7h | ETA: 30m
E2286/3000 | Loss: 0.1066 | Best: 0.0992 | 2.5s | 1.7h | ETA: 30m
E2287/3000 | Loss: 0.0996 | Best: 0.0992 | 2.5s | 1.7h | ETA: 30m
E2288/3000 | Loss: 0.1019 | Best: 0.0992 | 2.5s | 1.7h | ETA: 30m
E2289/3000 | Loss: 0.1049 | Best: 0.0992 | 2.5s | 1.7h | ETA: 30m
E2290/3000 | Loss: 0.1009 | Best: 0.0992 | 2.5s | 1.7h | ETA: 30m
E2291/3000 | Loss: 0.1070 | Best: 0.0992 | 2.5s | 1.7h | ETA: 30m
E2292/3000 | Loss: 0.1051 | Best: 0.0992 | 2.5s | 1.7h | ETA: 30m
E2293/3000 | Loss: 0.0974 | Best: 0.0992 | 2.5s | 1.7h | ETA: 30m
  ★ Best (loss=0.0974)
E2294/3000 | Loss: 0.1037 | Best: 0.0974 | 2.5s | 1.7h | ETA: 30m
E2295/3000 | Loss: 0.1018 | Best: 0.0974 | 2.5s | 1.7h | ETA: 29m
E2296/3000 | Loss: 0.1060 | Best: 0.0974 | 2.5s | 1.7h | ETA: 29m
E2297/3000 | Loss: 0.1033 | Best: 0.0974 | 2.5s | 1.7h | ETA: 29m
E2298/3000 | Loss: 0.1044 | Best: 0.0974 | 2.5s | 1.7h | ETA: 29m
E2299/3000 | Loss: 0.1014 | Best: 0.0974 | 2.5s | 1.7h | ETA: 29m
E2300/3000 | Loss: 0.1107 | Best: 0.0974 | 2.5s | 1.7h | ETA: 29m
  💾 Checkpoint epoch 2300
E2301/3000 | Loss: 0.1049 | Best: 0.0974 | 2.5s | 1.7h | ETA: 29m
E2302/3000 | Loss: 0.1045 | Best: 0.0974 | 2.5s | 1.7h | ETA: 29m
E2303/3000 | Loss: 0.1049 | Best: 0.0974 | 2.5s | 1.7h | ETA: 29m
E2304/3000 | Loss: 0.0990 | Best: 0.0974 | 2.5s | 1.7h | ETA: 29m
E2305/3000 | Loss: 0.1055 | Best: 0.0974 | 2.5s | 1.7h | ETA: 29m
E2306/3000 | Loss: 0.1051 | Best: 0.0974 | 2.5s | 1.7h | ETA: 29m
E2307/3000 | Loss: 0.1029 | Best: 0.0974 | 2.5s | 1.7h | ETA: 29m
E2308/3000 | Loss: 0.1002 | Best: 0.0974 | 2.5s | 1.7h | ETA: 29m
E2309/3000 | Loss: 0.1062 | Best: 0.0974 | 2.5s | 1.7h | ETA: 29m
E2310/3000 | Loss: 0.1025 | Best: 0.0974 | 2.5s | 1.7h | ETA: 29m
E2311/3000 | Loss: 0.1034 | Best: 0.0974 | 2.5s | 1.7h | ETA: 29m
E2312/3000 | Loss: 0.1057 | Best: 0.0974 | 2.5s | 1.7h | ETA: 29m
E2313/3000 | Loss: 0.1026 | Best: 0.0974 | 2.5s | 1.7h | ETA: 29m
E2314/3000 | Loss: 0.1033 | Best: 0.0974 | 2.5s | 1.7h | ETA: 29m
E2315/3000 | Loss: 0.1060 | Best: 0.0974 | 2.5s | 1.7h | ETA: 29m
E2316/3000 | Loss: 0.1059 | Best: 0.0974 | 2.5s | 1.7h | ETA: 29m
E2317/3000 | Loss: 0.1114 | Best: 0.0974 | 2.5s | 1.7h | ETA: 29m
E2318/3000 | Loss: 0.1029 | Best: 0.0974 | 2.5s | 1.7h | ETA: 29m
E2319/3000 | Loss: 0.1031 | Best: 0.0974 | 2.5s | 1.7h | ETA: 28m
E2320/3000 | Loss: 0.1062 | Best: 0.0974 | 2.5s | 1.7h | ETA: 28m
E2321/3000 | Loss: 0.1052 | Best: 0.0974 | 2.5s | 1.7h | ETA: 28m
E2322/3000 | Loss: 0.1029 | Best: 0.0974 | 2.5s | 1.7h | ETA: 28m
E2323/3000 | Loss: 0.1056 | Best: 0.0974 | 2.5s | 1.7h | ETA: 28m
E2324/3000 | Loss: 0.1004 | Best: 0.0974 | 2.5s | 1.7h | ETA: 28m
E2325/3000 | Loss: 0.1052 | Best: 0.0974 | 2.5s | 1.7h | ETA: 28m
E2326/3000 | Loss: 0.1077 | Best: 0.0974 | 2.5s | 1.7h | ETA: 28m
E2327/3000 | Loss: 0.0973 | Best: 0.0974 | 2.5s | 1.7h | ETA: 28m
  ★ Best (loss=0.0973)
E2328/3000 | Loss: 0.1003 | Best: 0.0973 | 2.5s | 1.8h | ETA: 28m
E2329/3000 | Loss: 0.1054 | Best: 0.0973 | 2.5s | 1.8h | ETA: 28m
E2330/3000 | Loss: 0.0967 | Best: 0.0973 | 2.5s | 1.8h | ETA: 28m
  ★ Best (loss=0.0967)
E2331/3000 | Loss: 0.1033 | Best: 0.0967 | 2.5s | 1.8h | ETA: 28m
E2332/3000 | Loss: 0.1046 | Best: 0.0967 | 2.5s | 1.8h | ETA: 28m
E2333/3000 | Loss: 0.1010 | Best: 0.0967 | 2.5s | 1.8h | ETA: 28m
E2334/3000 | Loss: 0.1042 | Best: 0.0967 | 2.5s | 1.8h | ETA: 28m
E2335/3000 | Loss: 0.1040 | Best: 0.0967 | 2.5s | 1.8h | ETA: 28m
E2336/3000 | Loss: 0.1109 | Best: 0.0967 | 2.5s | 1.8h | ETA: 28m
E2337/3000 | Loss: 0.1015 | Best: 0.0967 | 2.5s | 1.8h | ETA: 28m
E2338/3000 | Loss: 0.0993 | Best: 0.0967 | 2.5s | 1.8h | ETA: 28m
E2339/3000 | Loss: 0.1015 | Best: 0.0967 | 2.5s | 1.8h | ETA: 28m
E2340/3000 | Loss: 0.1022 | Best: 0.0967 | 2.5s | 1.8h | ETA: 28m
E2341/3000 | Loss: 0.1000 | Best: 0.0967 | 2.5s | 1.8h | ETA: 28m
E2342/3000 | Loss: 0.1017 | Best: 0.0967 | 2.5s | 1.8h | ETA: 28m
E2343/3000 | Loss: 0.1053 | Best: 0.0967 | 2.5s | 1.8h | ETA: 27m
E2344/3000 | Loss: 0.1097 | Best: 0.0967 | 2.5s | 1.8h | ETA: 27m
E2345/3000 | Loss: 0.0977 | Best: 0.0967 | 2.5s | 1.8h | ETA: 27m
E2346/3000 | Loss: 0.0980 | Best: 0.0967 | 2.5s | 1.8h | ETA: 27m
E2347/3000 | Loss: 0.1034 | Best: 0.0967 | 2.5s | 1.8h | ETA: 27m
E2348/3000 | Loss: 0.1019 | Best: 0.0967 | 2.5s | 1.8h | ETA: 27m
E2349/3000 | Loss: 0.1017 | Best: 0.0967 | 2.5s | 1.8h | ETA: 27m
E2350/3000 | Loss: 0.1027 | Best: 0.0967 | 2.5s | 1.8h | ETA: 27m
E2351/3000 | Loss: 0.1019 | Best: 0.0967 | 3.2s | 1.8h | ETA: 27m
E2352/3000 | Loss: 0.1021 | Best: 0.0967 | 2.5s | 1.8h | ETA: 27m
E2353/3000 | Loss: 0.1014 | Best: 0.0967 | 2.5s | 1.8h | ETA: 27m
E2354/3000 | Loss: 0.0979 | Best: 0.0967 | 2.5s | 1.8h | ETA: 27m
E2355/3000 | Loss: 0.1042 | Best: 0.0967 | 2.5s | 1.8h | ETA: 27m
E2356/3000 | Loss: 0.1004 | Best: 0.0967 | 2.5s | 1.8h | ETA: 27m
E2357/3000 | Loss: 0.1009 | Best: 0.0967 | 2.5s | 1.8h | ETA: 27m
E2358/3000 | Loss: 0.1001 | Best: 0.0967 | 2.5s | 1.8h | ETA: 27m
E2359/3000 | Loss: 0.0997 | Best: 0.0967 | 2.5s | 1.8h | ETA: 27m
E2360/3000 | Loss: 0.1039 | Best: 0.0967 | 2.5s | 1.8h | ETA: 27m
E2361/3000 | Loss: 0.0985 | Best: 0.0967 | 2.5s | 1.8h | ETA: 27m
E2362/3000 | Loss: 0.1043 | Best: 0.0967 | 2.5s | 1.8h | ETA: 27m
E2363/3000 | Loss: 0.1030 | Best: 0.0967 | 2.5s | 1.8h | ETA: 27m
E2364/3000 | Loss: 0.0976 | Best: 0.0967 | 2.5s | 1.8h | ETA: 27m
E2365/3000 | Loss: 0.0978 | Best: 0.0967 | 2.5s | 1.8h | ETA: 27m
E2366/3000 | Loss: 0.1013 | Best: 0.0967 | 2.5s | 1.8h | ETA: 27m
E2367/3000 | Loss: 0.1011 | Best: 0.0967 | 2.5s | 1.8h | ETA: 26m
E2368/3000 | Loss: 0.1022 | Best: 0.0967 | 2.5s | 1.8h | ETA: 26m
E2369/3000 | Loss: 0.0970 | Best: 0.0967 | 2.5s | 1.8h | ETA: 26m
E2370/3000 | Loss: 0.1031 | Best: 0.0967 | 2.5s | 1.8h | ETA: 26m
E2371/3000 | Loss: 0.1038 | Best: 0.0967 | 2.5s | 1.8h | ETA: 26m
E2372/3000 | Loss: 0.0942 | Best: 0.0967 | 2.5s | 1.8h | ETA: 26m
  ★ Best (loss=0.0942)
E2373/3000 | Loss: 0.1012 | Best: 0.0942 | 2.5s | 1.8h | ETA: 26m
E2374/3000 | Loss: 0.1010 | Best: 0.0942 | 2.5s | 1.8h | ETA: 26m
E2375/3000 | Loss: 0.1032 | Best: 0.0942 | 2.5s | 1.8h | ETA: 26m
E2376/3000 | Loss: 0.1038 | Best: 0.0942 | 2.5s | 1.8h | ETA: 26m
E2377/3000 | Loss: 0.1042 | Best: 0.0942 | 2.5s | 1.8h | ETA: 26m
E2378/3000 | Loss: 0.0983 | Best: 0.0942 | 2.5s | 1.8h | ETA: 26m
E2379/3000 | Loss: 0.1044 | Best: 0.0942 | 2.5s | 1.8h | ETA: 26m
E2380/3000 | Loss: 0.1056 | Best: 0.0942 | 2.5s | 1.8h | ETA: 26m
E2381/3000 | Loss: 0.0999 | Best: 0.0942 | 2.5s | 1.8h | ETA: 26m
E2382/3000 | Loss: 0.0987 | Best: 0.0942 | 2.5s | 1.8h | ETA: 26m
E2383/3000 | Loss: 0.1000 | Best: 0.0942 | 2.5s | 1.8h | ETA: 26m
E2384/3000 | Loss: 0.1041 | Best: 0.0942 | 2.5s | 1.9h | ETA: 26m
E2385/3000 | Loss: 0.0993 | Best: 0.0942 | 2.5s | 1.9h | ETA: 26m
E2386/3000 | Loss: 0.0980 | Best: 0.0942 | 2.5s | 1.9h | ETA: 26m
E2387/3000 | Loss: 0.0989 | Best: 0.0942 | 2.5s | 1.9h | ETA: 26m
E2388/3000 | Loss: 0.1033 | Best: 0.0942 | 2.5s | 1.9h | ETA: 26m
E2389/3000 | Loss: 0.1062 | Best: 0.0942 | 2.5s | 1.9h | ETA: 26m
E2390/3000 | Loss: 0.0997 | Best: 0.0942 | 2.5s | 1.9h | ETA: 26m
E2391/3000 | Loss: 0.1012 | Best: 0.0942 | 2.5s | 1.9h | ETA: 26m
E2392/3000 | Loss: 0.1021 | Best: 0.0942 | 3.2s | 1.9h | ETA: 26m
E2393/3000 | Loss: 0.1024 | Best: 0.0942 | 2.5s | 1.9h | ETA: 25m
E2394/3000 | Loss: 0.1047 | Best: 0.0942 | 2.5s | 1.9h | ETA: 25m
E2395/3000 | Loss: 0.0980 | Best: 0.0942 | 2.5s | 1.9h | ETA: 25m
E2396/3000 | Loss: 0.1003 | Best: 0.0942 | 2.5s | 1.9h | ETA: 25m
E2397/3000 | Loss: 0.0941 | Best: 0.0942 | 2.5s | 1.9h | ETA: 25m
  ★ Best (loss=0.0941)
E2398/3000 | Loss: 0.1059 | Best: 0.0941 | 2.5s | 1.9h | ETA: 25m
E2399/3000 | Loss: 0.0997 | Best: 0.0941 | 2.5s | 1.9h | ETA: 25m
E2400/3000 | Loss: 0.0933 | Best: 0.0941 | 2.5s | 1.9h | ETA: 25m
  ★ Best (loss=0.0933)
  💾 Checkpoint epoch 2400
E2401/3000 | Loss: 0.1024 | Best: 0.0933 | 2.5s | 2.0h | ETA: 25m
E2402/3000 | Loss: 0.0997 | Best: 0.0933 | 2.5s | 2.0h | ETA: 25m
E2403/3000 | Loss: 0.0996 | Best: 0.0933 | 2.5s | 2.0h | ETA: 25m
E2404/3000 | Loss: 0.0990 | Best: 0.0933 | 2.5s | 2.0h | ETA: 25m
E2405/3000 | Loss: 0.1031 | Best: 0.0933 | 2.5s | 2.0h | ETA: 25m
E2406/3000 | Loss: 0.1022 | Best: 0.0933 | 2.5s | 2.0h | ETA: 25m
E2407/3000 | Loss: 0.0994 | Best: 0.0933 | 2.5s | 2.0h | ETA: 25m
E2408/3000 | Loss: 0.1055 | Best: 0.0933 | 2.5s | 2.0h | ETA: 25m
E2409/3000 | Loss: 0.1004 | Best: 0.0933 | 2.5s | 2.0h | ETA: 25m
E2410/3000 | Loss: 0.1002 | Best: 0.0933 | 2.5s | 2.0h | ETA: 25m
E2411/3000 | Loss: 0.0968 | Best: 0.0933 | 2.5s | 2.0h | ETA: 25m
E2412/3000 | Loss: 0.0967 | Best: 0.0933 | 2.5s | 2.0h | ETA: 25m
E2413/3000 | Loss: 0.0986 | Best: 0.0933 | 2.5s | 2.0h | ETA: 25m
E2414/3000 | Loss: 0.1017 | Best: 0.0933 | 2.5s | 2.0h | ETA: 25m
E2415/3000 | Loss: 0.1012 | Best: 0.0933 | 2.5s | 2.0h | ETA: 25m
E2416/3000 | Loss: 0.1020 | Best: 0.0933 | 2.5s | 2.0h | ETA: 25m
E2417/3000 | Loss: 0.1006 | Best: 0.0933 | 2.5s | 2.0h | ETA: 24m
E2418/3000 | Loss: 0.0995 | Best: 0.0933 | 2.5s | 2.0h | ETA: 24m
E2419/3000 | Loss: 0.1038 | Best: 0.0933 | 2.5s | 2.0h | ETA: 24m
E2420/3000 | Loss: 0.0982 | Best: 0.0933 | 2.5s | 2.0h | ETA: 24m
E2421/3000 | Loss: 0.1041 | Best: 0.0933 | 2.5s | 2.0h | ETA: 24m
E2422/3000 | Loss: 0.0988 | Best: 0.0933 | 2.5s | 2.0h | ETA: 24m
E2423/3000 | Loss: 0.0998 | Best: 0.0933 | 2.5s | 2.0h | ETA: 24m
E2424/3000 | Loss: 0.1002 | Best: 0.0933 | 2.5s | 2.0h | ETA: 24m
E2425/3000 | Loss: 0.0986 | Best: 0.0933 | 2.5s | 2.0h | ETA: 24m
E2426/3000 | Loss: 0.1012 | Best: 0.0933 | 2.5s | 2.0h | ETA: 24m
E2427/3000 | Loss: 0.0972 | Best: 0.0933 | 2.5s | 2.0h | ETA: 24m
E2428/3000 | Loss: 0.1022 | Best: 0.0933 | 2.5s | 2.0h | ETA: 24m
E2429/3000 | Loss: 0.0999 | Best: 0.0933 | 2.5s | 2.0h | ETA: 24m
E2430/3000 | Loss: 0.0990 | Best: 0.0933 | 2.5s | 2.0h | ETA: 24m
E2431/3000 | Loss: 0.0959 | Best: 0.0933 | 2.5s | 2.0h | ETA: 24m
E2432/3000 | Loss: 0.0991 | Best: 0.0933 | 2.5s | 2.0h | ETA: 24m
E2433/3000 | Loss: 0.1011 | Best: 0.0933 | 2.5s | 2.0h | ETA: 24m
E2434/3000 | Loss: 0.0995 | Best: 0.0933 | 2.5s | 2.0h | ETA: 24m
E2435/3000 | Loss: 0.0992 | Best: 0.0933 | 2.5s | 2.0h | ETA: 24m
E2436/3000 | Loss: 0.1001 | Best: 0.0933 | 2.5s | 2.0h | ETA: 24m
E2437/3000 | Loss: 0.1013 | Best: 0.0933 | 2.5s | 2.0h | ETA: 24m
E2438/3000 | Loss: 0.1010 | Best: 0.0933 | 2.5s | 2.0h | ETA: 24m
E2439/3000 | Loss: 0.1001 | Best: 0.0933 | 2.5s | 2.0h | ETA: 24m
E2440/3000 | Loss: 0.1009 | Best: 0.0933 | 2.5s | 2.0h | ETA: 24m
E2441/3000 | Loss: 0.1009 | Best: 0.0933 | 2.5s | 2.0h | ETA: 23m
E2442/3000 | Loss: 0.0978 | Best: 0.0933 | 2.5s | 2.0h | ETA: 23m
E2443/3000 | Loss: 0.0987 | Best: 0.0933 | 2.5s | 2.0h | ETA: 23m
E2444/3000 | Loss: 0.0963 | Best: 0.0933 | 2.5s | 2.0h | ETA: 23m
E2445/3000 | Loss: 0.1040 | Best: 0.0933 | 2.5s | 2.0h | ETA: 23m
E2446/3000 | Loss: 0.0981 | Best: 0.0933 | 2.5s | 2.0h | ETA: 23m
E2447/3000 | Loss: 0.1011 | Best: 0.0933 | 2.5s | 2.0h | ETA: 23m
E2448/3000 | Loss: 0.0999 | Best: 0.0933 | 2.5s | 2.0h | ETA: 23m
E2449/3000 | Loss: 0.0961 | Best: 0.0933 | 2.5s | 2.0h | ETA: 23m
E2450/3000 | Loss: 0.1029 | Best: 0.0933 | 2.5s | 2.0h | ETA: 23m
E2451/3000 | Loss: 0.1002 | Best: 0.0933 | 2.5s | 2.0h | ETA: 23m
E2452/3000 | Loss: 0.0985 | Best: 0.0933 | 3.2s | 2.0h | ETA: 23m
E2453/3000 | Loss: 0.0987 | Best: 0.0933 | 2.5s | 2.0h | ETA: 23m
E2454/3000 | Loss: 0.1019 | Best: 0.0933 | 2.5s | 2.0h | ETA: 23m
E2455/3000 | Loss: 0.0989 | Best: 0.0933 | 2.5s | 2.0h | ETA: 23m
E2456/3000 | Loss: 0.1038 | Best: 0.0933 | 2.5s | 2.0h | ETA: 23m
E2457/3000 | Loss: 0.0963 | Best: 0.0933 | 2.5s | 2.0h | ETA: 23m
E2458/3000 | Loss: 0.0982 | Best: 0.0933 | 2.5s | 2.0h | ETA: 23m
E2459/3000 | Loss: 0.1013 | Best: 0.0933 | 2.5s | 2.0h | ETA: 23m
E2460/3000 | Loss: 0.0997 | Best: 0.0933 | 2.5s | 2.0h | ETA: 23m
E2461/3000 | Loss: 0.1031 | Best: 0.0933 | 2.5s | 2.0h | ETA: 23m
E2462/3000 | Loss: 0.0966 | Best: 0.0933 | 2.5s | 2.0h | ETA: 23m
E2463/3000 | Loss: 0.1007 | Best: 0.0933 | 2.5s | 2.0h | ETA: 23m
E2464/3000 | Loss: 0.1014 | Best: 0.0933 | 2.5s | 2.0h | ETA: 23m
E2465/3000 | Loss: 0.0967 | Best: 0.0933 | 2.5s | 2.0h | ETA: 22m
E2466/3000 | Loss: 0.0979 | Best: 0.0933 | 2.5s | 2.0h | ETA: 22m
E2467/3000 | Loss: 0.1014 | Best: 0.0933 | 2.5s | 2.0h | ETA: 22m
E2468/3000 | Loss: 0.0999 | Best: 0.0933 | 2.5s | 2.0h | ETA: 22m
E2469/3000 | Loss: 0.0998 | Best: 0.0933 | 2.5s | 2.0h | ETA: 22m
E2470/3000 | Loss: 0.1014 | Best: 0.0933 | 2.5s | 2.0h | ETA: 22m
E2471/3000 | Loss: 0.0988 | Best: 0.0933 | 2.5s | 2.0h | ETA: 22m
E2472/3000 | Loss: 0.0950 | Best: 0.0933 | 2.5s | 2.0h | ETA: 22m
E2473/3000 | Loss: 0.0991 | Best: 0.0933 | 2.5s | 2.0h | ETA: 22m
E2474/3000 | Loss: 0.0948 | Best: 0.0933 | 2.5s | 2.0h | ETA: 22m
E2475/3000 | Loss: 0.0957 | Best: 0.0933 | 2.5s | 2.0h | ETA: 22m
E2476/3000 | Loss: 0.0971 | Best: 0.0933 | 2.5s | 2.0h | ETA: 22m
E2477/3000 | Loss: 0.1012 | Best: 0.0933 | 2.5s | 2.0h | ETA: 22m
E2478/3000 | Loss: 0.0970 | Best: 0.0933 | 2.5s | 2.0h | ETA: 22m
E2479/3000 | Loss: 0.1020 | Best: 0.0933 | 2.5s | 2.0h | ETA: 22m
E2480/3000 | Loss: 0.1006 | Best: 0.0933 | 2.5s | 2.0h | ETA: 22m
E2481/3000 | Loss: 0.1006 | Best: 0.0933 | 2.5s | 2.0h | ETA: 22m
E2482/3000 | Loss: 0.1010 | Best: 0.0933 | 2.5s | 2.0h | ETA: 22m
E2483/3000 | Loss: 0.0951 | Best: 0.0933 | 2.5s | 2.0h | ETA: 22m
E2484/3000 | Loss: 0.0988 | Best: 0.0933 | 2.5s | 2.0h | ETA: 22m
E2485/3000 | Loss: 0.1006 | Best: 0.0933 | 2.5s | 2.0h | ETA: 22m
E2486/3000 | Loss: 0.0957 | Best: 0.0933 | 2.5s | 2.0h | ETA: 22m
E2487/3000 | Loss: 0.0987 | Best: 0.0933 | 2.5s | 2.0h | ETA: 22m
E2488/3000 | Loss: 0.0991 | Best: 0.0933 | 2.5s | 2.0h | ETA: 21m
E2489/3000 | Loss: 0.1021 | Best: 0.0933 | 2.5s | 2.0h | ETA: 21m
E2490/3000 | Loss: 0.0944 | Best: 0.0933 | 2.5s | 2.0h | ETA: 21m
E2491/3000 | Loss: 0.0957 | Best: 0.0933 | 2.5s | 2.0h | ETA: 21m
E2492/3000 | Loss: 0.1034 | Best: 0.0933 | 2.5s | 2.0h | ETA: 21m
E2493/3000 | Loss: 0.1002 | Best: 0.0933 | 2.5s | 2.0h | ETA: 21m
E2494/3000 | Loss: 0.0995 | Best: 0.0933 | 2.5s | 2.0h | ETA: 21m
E2495/3000 | Loss: 0.0966 | Best: 0.0933 | 2.5s | 2.0h | ETA: 21m
E2496/3000 | Loss: 0.0999 | Best: 0.0933 | 2.5s | 2.0h | ETA: 21m
E2497/3000 | Loss: 0.0988 | Best: 0.0933 | 2.5s | 2.0h | ETA: 21m
E2498/3000 | Loss: 0.0954 | Best: 0.0933 | 2.5s | 2.0h | ETA: 21m
E2499/3000 | Loss: 0.0959 | Best: 0.0933 | 2.5s | 2.0h | ETA: 21m
E2500/3000 | Loss: 0.0974 | Best: 0.0933 | 2.5s | 2.0h | ETA: 21m
  💾 Checkpoint epoch 2500
E2501/3000 | Loss: 0.1010 | Best: 0.0933 | 2.5s | 2.0h | ETA: 21m
E2502/3000 | Loss: 0.0967 | Best: 0.0933 | 2.5s | 2.0h | ETA: 21m
E2503/3000 | Loss: 0.1045 | Best: 0.0933 | 2.5s | 2.0h | ETA: 21m
E2504/3000 | Loss: 0.0991 | Best: 0.0933 | 2.5s | 2.0h | ETA: 21m
E2505/3000 | Loss: 0.0942 | Best: 0.0933 | 2.5s | 2.0h | ETA: 21m
E2506/3000 | Loss: 0.0923 | Best: 0.0933 | 2.5s | 2.0h | ETA: 21m
  ★ Best (loss=0.0923)
E2507/3000 | Loss: 0.1001 | Best: 0.0923 | 2.5s | 2.1h | ETA: 21m
E2508/3000 | Loss: 0.0957 | Best: 0.0923 | 2.5s | 2.1h | ETA: 21m
E2509/3000 | Loss: 0.1009 | Best: 0.0923 | 2.5s | 2.1h | ETA: 21m
E2510/3000 | Loss: 0.0937 | Best: 0.0923 | 2.5s | 2.1h | ETA: 21m
E2511/3000 | Loss: 0.1004 | Best: 0.0923 | 2.5s | 2.1h | ETA: 20m
E2512/3000 | Loss: 0.1010 | Best: 0.0923 | 2.5s | 2.1h | ETA: 20m
E2513/3000 | Loss: 0.0986 | Best: 0.0923 | 2.5s | 2.1h | ETA: 20m
E2514/3000 | Loss: 0.1033 | Best: 0.0923 | 2.5s | 2.1h | ETA: 20m
E2515/3000 | Loss: 0.0931 | Best: 0.0923 | 2.5s | 2.1h | ETA: 20m
E2516/3000 | Loss: 0.1006 | Best: 0.0923 | 2.5s | 2.1h | ETA: 20m
E2517/3000 | Loss: 0.0961 | Best: 0.0923 | 2.5s | 2.1h | ETA: 20m
E2518/3000 | Loss: 0.1045 | Best: 0.0923 | 2.5s | 2.1h | ETA: 20m
E2519/3000 | Loss: 0.0998 | Best: 0.0923 | 2.5s | 2.1h | ETA: 20m
E2520/3000 | Loss: 0.0940 | Best: 0.0923 | 2.5s | 2.1h | ETA: 20m
E2521/3000 | Loss: 0.0969 | Best: 0.0923 | 2.5s | 2.1h | ETA: 20m
E2522/3000 | Loss: 0.0965 | Best: 0.0923 | 2.5s | 2.1h | ETA: 20m
E2523/3000 | Loss: 0.0985 | Best: 0.0923 | 2.5s | 2.1h | ETA: 20m
E2524/3000 | Loss: 0.0988 | Best: 0.0923 | 2.5s | 2.1h | ETA: 20m
E2525/3000 | Loss: 0.0960 | Best: 0.0923 | 3.2s | 2.1h | ETA: 20m
E2526/3000 | Loss: 0.0966 | Best: 0.0923 | 2.5s | 2.1h | ETA: 20m
E2527/3000 | Loss: 0.0993 | Best: 0.0923 | 2.5s | 2.1h | ETA: 20m
E2528/3000 | Loss: 0.0990 | Best: 0.0923 | 2.5s | 2.1h | ETA: 20m
E2529/3000 | Loss: 0.0956 | Best: 0.0923 | 2.5s | 2.1h | ETA: 20m
E2530/3000 | Loss: 0.0971 | Best: 0.0923 | 2.5s | 2.1h | ETA: 20m
E2531/3000 | Loss: 0.0981 | Best: 0.0923 | 2.5s | 2.1h | ETA: 20m
E2532/3000 | Loss: 0.0968 | Best: 0.0923 | 2.5s | 2.1h | ETA: 20m
E2533/3000 | Loss: 0.0974 | Best: 0.0923 | 2.5s | 2.1h | ETA: 20m
E2534/3000 | Loss: 0.0980 | Best: 0.0923 | 2.5s | 2.1h | ETA: 20m
E2535/3000 | Loss: 0.0969 | Best: 0.0923 | 2.5s | 2.1h | ETA: 20m
E2536/3000 | Loss: 0.0944 | Best: 0.0923 | 2.5s | 2.1h | ETA: 19m
E2537/3000 | Loss: 0.0979 | Best: 0.0923 | 2.5s | 2.1h | ETA: 19m
E2538/3000 | Loss: 0.0975 | Best: 0.0923 | 2.5s | 2.1h | ETA: 19m
E2539/3000 | Loss: 0.0998 | Best: 0.0923 | 2.5s | 2.1h | ETA: 19m
E2540/3000 | Loss: 0.1020 | Best: 0.0923 | 2.5s | 2.1h | ETA: 19m
E2541/3000 | Loss: 0.0956 | Best: 0.0923 | 2.5s | 2.1h | ETA: 19m
E2542/3000 | Loss: 0.0949 | Best: 0.0923 | 2.5s | 2.1h | ETA: 19m
E2543/3000 | Loss: 0.0951 | Best: 0.0923 | 2.5s | 2.1h | ETA: 19m
E2544/3000 | Loss: 0.0942 | Best: 0.0923 | 2.5s | 2.1h | ETA: 19m
E2545/3000 | Loss: 0.0943 | Best: 0.0923 | 2.5s | 2.1h | ETA: 19m
E2546/3000 | Loss: 0.0961 | Best: 0.0923 | 2.5s | 2.1h | ETA: 19m
E2547/3000 | Loss: 0.0957 | Best: 0.0923 | 2.5s | 2.1h | ETA: 19m
E2548/3000 | Loss: 0.1001 | Best: 0.0923 | 2.5s | 2.1h | ETA: 19m
E2549/3000 | Loss: 0.0979 | Best: 0.0923 | 2.5s | 2.1h | ETA: 19m
E2550/3000 | Loss: 0.0975 | Best: 0.0923 | 2.5s | 2.1h | ETA: 19m
E2551/3000 | Loss: 0.0976 | Best: 0.0923 | 2.5s | 2.1h | ETA: 19m
E2552/3000 | Loss: 0.1060 | Best: 0.0923 | 2.5s | 2.1h | ETA: 19m
E2553/3000 | Loss: 0.1045 | Best: 0.0923 | 2.5s | 2.1h | ETA: 19m
E2554/3000 | Loss: 0.0944 | Best: 0.0923 | 2.5s | 2.1h | ETA: 19m
E2555/3000 | Loss: 0.1014 | Best: 0.0923 | 2.5s | 2.1h | ETA: 19m
E2556/3000 | Loss: 0.1006 | Best: 0.0923 | 2.5s | 2.1h | ETA: 19m
E2557/3000 | Loss: 0.0936 | Best: 0.0923 | 2.5s | 2.1h | ETA: 19m
E2558/3000 | Loss: 0.0971 | Best: 0.0923 | 2.5s | 2.1h | ETA: 19m
E2559/3000 | Loss: 0.0978 | Best: 0.0923 | 2.5s | 2.1h | ETA: 18m
E2560/3000 | Loss: 0.0974 | Best: 0.0923 | 2.5s | 2.1h | ETA: 18m
E2561/3000 | Loss: 0.0973 | Best: 0.0923 | 2.5s | 2.1h | ETA: 18m
E2562/3000 | Loss: 0.0999 | Best: 0.0923 | 2.5s | 2.1h | ETA: 18m
E2563/3000 | Loss: 0.0989 | Best: 0.0923 | 2.5s | 2.1h | ETA: 18m
E2564/3000 | Loss: 0.0953 | Best: 0.0923 | 2.5s | 2.1h | ETA: 18m
E2565/3000 | Loss: 0.0939 | Best: 0.0923 | 2.5s | 2.1h | ETA: 18m
E2566/3000 | Loss: 0.1011 | Best: 0.0923 | 2.5s | 2.1h | ETA: 18m
E2567/3000 | Loss: 0.1009 | Best: 0.0923 | 2.5s | 2.1h | ETA: 18m
E2568/3000 | Loss: 0.0950 | Best: 0.0923 | 2.5s | 2.1h | ETA: 18m
E2569/3000 | Loss: 0.1004 | Best: 0.0923 | 2.5s | 2.1h | ETA: 18m
E2570/3000 | Loss: 0.0954 | Best: 0.0923 | 2.5s | 2.1h | ETA: 18m
E2571/3000 | Loss: 0.0938 | Best: 0.0923 | 2.5s | 2.1h | ETA: 18m
E2572/3000 | Loss: 0.0950 | Best: 0.0923 | 2.5s | 2.1h | ETA: 18m
E2573/3000 | Loss: 0.0970 | Best: 0.0923 | 2.5s | 2.1h | ETA: 18m
E2574/3000 | Loss: 0.0970 | Best: 0.0923 | 2.5s | 2.1h | ETA: 18m
E2575/3000 | Loss: 0.0950 | Best: 0.0923 | 2.5s | 2.1h | ETA: 18m
E2576/3000 | Loss: 0.0973 | Best: 0.0923 | 2.5s | 2.1h | ETA: 18m
E2577/3000 | Loss: 0.0973 | Best: 0.0923 | 2.5s | 2.1h | ETA: 18m
E2578/3000 | Loss: 0.0936 | Best: 0.0923 | 2.5s | 2.1h | ETA: 18m
E2579/3000 | Loss: 0.1014 | Best: 0.0923 | 2.5s | 2.1h | ETA: 18m
E2580/3000 | Loss: 0.0969 | Best: 0.0923 | 2.5s | 2.1h | ETA: 18m
E2581/3000 | Loss: 0.0982 | Best: 0.0923 | 2.5s | 2.1h | ETA: 18m
E2582/3000 | Loss: 0.1012 | Best: 0.0923 | 2.5s | 2.1h | ETA: 18m
E2583/3000 | Loss: 0.0959 | Best: 0.0923 | 2.5s | 2.1h | ETA: 17m
E2584/3000 | Loss: 0.0961 | Best: 0.0923 | 2.5s | 2.1h | ETA: 17m
E2585/3000 | Loss: 0.0943 | Best: 0.0923 | 2.5s | 2.1h | ETA: 17m
E2586/3000 | Loss: 0.0962 | Best: 0.0923 | 2.5s | 2.1h | ETA: 17m
E2587/3000 | Loss: 0.0957 | Best: 0.0923 | 2.5s | 2.1h | ETA: 17m
E2588/3000 | Loss: 0.0936 | Best: 0.0923 | 3.2s | 2.1h | ETA: 17m
E2589/3000 | Loss: 0.0979 | Best: 0.0923 | 2.5s | 2.1h | ETA: 17m
E2590/3000 | Loss: 0.0979 | Best: 0.0923 | 2.5s | 2.1h | ETA: 17m
E2591/3000 | Loss: 0.0983 | Best: 0.0923 | 2.5s | 2.1h | ETA: 17m
E2592/3000 | Loss: 0.0967 | Best: 0.0923 | 2.5s | 2.1h | ETA: 17m
E2593/3000 | Loss: 0.0983 | Best: 0.0923 | 2.5s | 2.1h | ETA: 17m
E2594/3000 | Loss: 0.0940 | Best: 0.0923 | 2.5s | 2.1h | ETA: 17m
E2595/3000 | Loss: 0.1004 | Best: 0.0923 | 2.5s | 2.1h | ETA: 17m
E2596/3000 | Loss: 0.0954 | Best: 0.0923 | 2.5s | 2.1h | ETA: 17m
E2597/3000 | Loss: 0.0979 | Best: 0.0923 | 2.5s | 2.1h | ETA: 17m
E2598/3000 | Loss: 0.0977 | Best: 0.0923 | 2.5s | 2.1h | ETA: 17m
E2599/3000 | Loss: 0.1023 | Best: 0.0923 | 2.5s | 2.1h | ETA: 17m
E2600/3000 | Loss: 0.0969 | Best: 0.0923 | 2.5s | 2.1h | ETA: 17m
  💾 Checkpoint epoch 2600
E2601/3000 | Loss: 0.0938 | Best: 0.0923 | 2.5s | 2.2h | ETA: 17m
E2602/3000 | Loss: 0.0982 | Best: 0.0923 | 2.5s | 2.2h | ETA: 17m
E2603/3000 | Loss: 0.0962 | Best: 0.0923 | 2.5s | 2.2h | ETA: 17m
E2604/3000 | Loss: 0.0994 | Best: 0.0923 | 2.5s | 2.2h | ETA: 17m
E2605/3000 | Loss: 0.0980 | Best: 0.0923 | 2.5s | 2.2h | ETA: 17m
E2606/3000 | Loss: 0.0966 | Best: 0.0923 | 2.5s | 2.2h | ETA: 17m
E2607/3000 | Loss: 0.1021 | Best: 0.0923 | 2.5s | 2.2h | ETA: 17m
E2608/3000 | Loss: 0.0930 | Best: 0.0923 | 2.5s | 2.2h | ETA: 16m
E2609/3000 | Loss: 0.1001 | Best: 0.0923 | 2.5s | 2.2h | ETA: 16m
E2610/3000 | Loss: 0.0975 | Best: 0.0923 | 2.5s | 2.2h | ETA: 16m
E2611/3000 | Loss: 0.0949 | Best: 0.0923 | 2.5s | 2.2h | ETA: 16m
E2612/3000 | Loss: 0.0985 | Best: 0.0923 | 2.5s | 2.2h | ETA: 16m
E2613/3000 | Loss: 0.0978 | Best: 0.0923 | 2.5s | 2.2h | ETA: 16m
E2614/3000 | Loss: 0.0949 | Best: 0.0923 | 2.5s | 2.2h | ETA: 16m
E2615/3000 | Loss: 0.0954 | Best: 0.0923 | 2.5s | 2.2h | ETA: 16m
E2616/3000 | Loss: 0.0951 | Best: 0.0923 | 3.2s | 2.2h | ETA: 16m
E2617/3000 | Loss: 0.0931 | Best: 0.0923 | 2.5s | 2.2h | ETA: 16m
E2618/3000 | Loss: 0.0991 | Best: 0.0923 | 2.5s | 2.2h | ETA: 16m
