✅ W&B run initialised

🚀 Starting training for DepthWiseMamba-Pico3...
  Ep   1/50 | Tr 1.1136/0.4048 | Val 0.9908/0.5091 | 10.9s ★ saved
  Ep   2/50 | Tr 1.0114/0.4688 | Val 1.0595/0.5091 | 3.7s
  Ep   3/50 | Tr 0.9656/0.5170 | Val 1.2470/0.5091 | 3.5s
  Ep   4/50 | Tr 0.9546/0.5327 | Val 0.9062/0.5394 | 3.5s ★ saved
  Ep   5/50 | Tr 0.9225/0.5312 | Val 1.2461/0.3818 | 3.4s
  Ep   6/50 | Tr 0.8969/0.5540 | Val 0.7336/0.7030 | 3.6s ★ saved
  Ep   7/50 | Tr 0.8907/0.5668 | Val 0.6841/0.7030 | 3.4s
  Ep   8/50 | Tr 0.8373/0.6207 | Val 0.7618/0.6000 | 3.3s
  Ep   9/50 | Tr 0.8247/0.6250 | Val 0.5224/0.8061 | 3.4s ★ saved
  Ep  10/50 | Tr 0.7857/0.6534 | Val 0.5457/0.7818 | 3.3s
  Ep  11/50 | Tr 0.7649/0.6605 | Val 0.4759/0.8242 | 3.3s ★ saved
  Ep  12/50 | Tr 0.7909/0.6534 | Val 0.5650/0.7394 | 3.5s
  Ep  13/50 | Tr 0.7074/0.6577 | Val 0.4435/0.8182 | 3.2s
  Ep  14/50 | Tr 0.6897/0.6989 | Val 0.5453/0.7879 | 3.3s
  Ep  15/50 | Tr 0.7076/0.6832 | Val 0.4161/0.8364 | 3.4s ★ saved
  Ep  16/50 | Tr 0.7640/0.6335 | Val 0.4070/0.8364 | 3.2s
  Ep  17/50 | Tr 0.6627/0.7031 | Val 0.4675/0.7939 | 3.3s
  Ep  18/50 | Tr 0.6491/0.7017 | Val 0.3664/0.8970 | 3.3s ★ saved
  Ep  19/50 | Tr 0.6411/0.6932 | Val 0.3529/0.8667 | 3.2s
  Ep  20/50 | Tr 0.6165/0.7330 | Val 0.4648/0.7758 | 3.2s
  Ep  21/50 | Tr 0.6313/0.7230 | Val 0.3216/0.8788 | 3.3s
  Ep  22/50 | Tr 0.6420/0.7131 | Val 0.3344/0.8667 | 3.3s
  Ep  23/50 | Tr 0.7065/0.6676 | Val 0.3173/0.8667 | 3.3s
  Ep  24/50 | Tr 0.6053/0.7429 | Val 0.3108/0.8970 | 3.2s
  Ep  25/50 | Tr 0.6027/0.7386 | Val 0.3447/0.8606 | 3.2s
  Ep  26/50 | Tr 0.5539/0.7628 | Val 0.3138/0.8788 | 3.2s
  Ep  27/50 | Tr 0.5751/0.7486 | Val 0.3040/0.8970 | 3.4s
  Ep  28/50 | Tr 0.5449/0.7514 | Val 0.3106/0.9030 | 3.4s ★ saved
  Ep  29/50 | Tr 0.5482/0.7514 | Val 0.4473/0.7758 | 3.3s
  Ep  30/50 | Tr 0.5250/0.7642 | Val 0.2774/0.8970 | 3.3s
  Ep  31/50 | Tr 0.5624/0.7585 | Val 0.3412/0.8424 | 3.4s
  Ep  32/50 | Tr 0.5598/0.7514 | Val 0.3071/0.9091 | 3.2s ★ saved
  Ep  33/50 | Tr 0.5468/0.7599 | Val 0.4503/0.7939 | 3.4s
  Ep  34/50 | Tr 0.5977/0.7457 | Val 0.3108/0.9152 | 3.2s ★ saved
  Ep  35/50 | Tr 0.5252/0.7528 | Val 0.3263/0.8606 | 3.2s
  Ep  36/50 | Tr 0.4772/0.7912 | Val 0.2623/0.8909 | 3.3s
  Ep  37/50 | Tr 0.4910/0.7869 | Val 0.2552/0.9091 | 3.3s
  Ep  38/50 | Tr 0.5290/0.7670 | Val 0.3183/0.8909 | 3.3s
  Ep  39/50 | Tr 0.4988/0.7841 | Val 0.3258/0.8970 | 3.3s
  Ep  40/50 | Tr 0.5219/0.7585 | Val 0.3278/0.8909 | 3.2s
  Ep  41/50 | Tr 0.5115/0.7628 | Val 0.3248/0.8848 | 3.3s
  Ep  42/50 | Tr 0.5000/0.7841 | Val 0.2708/0.8970 | 3.4s
  Ep  43/50 | Tr 0.4923/0.7827 | Val 0.2845/0.9333 | 3.3s ★ saved
  Ep  44/50 | Tr 0.4624/0.8026 | Val 0.3096/0.9030 | 3.1s
  Ep  45/50 | Tr 0.4685/0.7983 | Val 0.2693/0.9333 | 3.2s
  Ep  46/50 | Tr 0.4501/0.8082 | Val 0.2978/0.9152 | 3.3s
  Ep  47/50 | Tr 0.4476/0.8082 | Val 0.2733/0.9273 | 3.3s
  Ep  48/50 | Tr 0.4642/0.7969 | Val 0.2458/0.9333 | 3.4s
  Ep  49/50 | Tr 0.4584/0.7955 | Val 0.2586/0.9273 | 3.3s
  Ep  50/50 | Tr 0.4400/0.8224 | Val 0.3025/0.9152 | 3.1s

  💾 Best model loaded: Epoch 43 | Val Acc: 93.33%
======================================================================
  TEST EVALUATION: DepthWiseMamba-Pico3 | Test Acc: 93.94%
======================================================================
✅ CONFIG loaded
   Model : DepthWiseMamba-Pico
   Epochs: 50
   Optim : Adam  lr=0.0001
   Sched : None
   W&B   : ON
✅ DSMaT architecture defined
🏗️  DepthWiseMamba-Pico | Params: 837,116 (0.84M)

============================================================
📐 GFLOPs ANALYSIS
============================================================
  Forward  (inference):  0.0694 GFLOPs
  Backward (≈2× fwd):    0.1388 GFLOPs
  Fwd+Bwd  (1 step):     0.2082 GFLOPs
  Per epoch (0 batches): 0.00 GFLOPs
  Total training (50 ep):  0.00 GFLOPs
  Parameters:             0.84M
============================================================
✅ Training utilities defined
[34m[1mwandb[0m: [33mWARNING[0m Calling wandb.login() after wandb.init() has no effect.
