Creating CCAL model...
Model Parameters: 703,331
Trainable Parameters: 703,331
[34m[1mwandb[0m: [33mWARNING[0m Calling wandb.login() after wandb.init() has no effect.
Starting training...
Training Epoch 1: 100%|██████████| 55/55 [00:12<00:00,  4.47it/s]
✓ New best model saved! Val Acc: 32.05%
Epoch  1: Train Loss: 1.2390, Train Acc: 34.55% | Val Loss: 1.1241, Val Acc: 32.05%
Training Epoch 2: 100%|██████████| 55/55 [00:08<00:00,  6.44it/s]
✓ New best model saved! Val Acc: 36.14%
Epoch  2: Train Loss: 1.2527, Train Acc: 33.52% | Val Loss: 1.0997, Val Acc: 36.14%
Training Epoch 3: 100%|██████████| 55/55 [00:08<00:00,  6.52it/s]
✓ New best model saved! Val Acc: 38.86%
Epoch  3: Train Loss: 1.2090, Train Acc: 35.29% | Val Loss: 1.0808, Val Acc: 38.86%
Training Epoch 4: 100%|██████████| 55/55 [00:08<00:00,  6.54it/s]
Epoch  4: Train Loss: 1.2316, Train Acc: 34.44% | Val Loss: 1.0921, Val Acc: 37.95%
Training Epoch 5: 100%|██████████| 55/55 [00:08<00:00,  6.56it/s]
Epoch  5: Train Loss: 1.2329, Train Acc: 34.09% | Val Loss: 1.0893, Val Acc: 38.18%
Training Epoch 6: 100%|██████████| 55/55 [00:08<00:00,  6.52it/s]
Epoch  6: Train Loss: 1.2098, Train Acc: 34.38% | Val Loss: 1.0858, Val Acc: 37.95%
Training Epoch 7: 100%|██████████| 55/55 [00:08<00:00,  6.58it/s]
✓ New best model saved! Val Acc: 39.55%
Epoch  7: Train Loss: 1.1859, Train Acc: 36.26% | Val Loss: 1.0777, Val Acc: 39.55%
Training Epoch 8: 100%|██████████| 55/55 [00:08<00:00,  6.45it/s]
✓ New best model saved! Val Acc: 40.23%
Epoch  8: Train Loss: 1.2000, Train Acc: 35.12% | Val Loss: 1.0743, Val Acc: 40.23%
Training Epoch 9: 100%|██████████| 55/55 [00:08<00:00,  6.58it/s]
Epoch  9: Train Loss: 1.1822, Train Acc: 36.20% | Val Loss: 1.0906, Val Acc: 36.82%
Training Epoch 10: 100%|██████████| 55/55 [00:08<00:00,  6.38it/s]
Epoch 10: Train Loss: 1.1689, Train Acc: 38.54% | Val Loss: 1.0852, Val Acc: 37.73%
Training Epoch 11: 100%|██████████| 55/55 [00:08<00:00,  6.51it/s]
✓ New best model saved! Val Acc: 40.68%
Epoch 11: Train Loss: 1.1753, Train Acc: 37.29% | Val Loss: 1.0642, Val Acc: 40.68%
Training Epoch 12: 100%|██████████| 55/55 [00:08<00:00,  6.49it/s]
✓ New best model saved! Val Acc: 41.82%
Epoch 12: Train Loss: 1.1555, Train Acc: 39.11% | Val Loss: 1.0492, Val Acc: 41.82%
Training Epoch 13: 100%|██████████| 55/55 [00:08<00:00,  6.42it/s]
✓ New best model saved! Val Acc: 42.50%
Epoch 13: Train Loss: 1.1427, Train Acc: 39.17% | Val Loss: 1.0506, Val Acc: 42.50%
Training Epoch 14: 100%|██████████| 55/55 [00:08<00:00,  6.62it/s]
Epoch 14: Train Loss: 1.1635, Train Acc: 37.17% | Val Loss: 1.0440, Val Acc: 42.50%
Training Epoch 15: 100%|██████████| 55/55 [00:08<00:00,  6.57it/s]
Epoch 15: Train Loss: 1.1600, Train Acc: 37.97% | Val Loss: 1.0548, Val Acc: 40.00%
Training Epoch 16: 100%|██████████| 55/55 [00:08<00:00,  6.58it/s]
Epoch 16: Train Loss: 1.1505, Train Acc: 36.66% | Val Loss: 1.0595, Val Acc: 39.77%
Training Epoch 17: 100%|██████████| 55/55 [00:08<00:00,  6.64it/s]
Epoch 17: Train Loss: 1.1501, Train Acc: 37.57% | Val Loss: 1.0589, Val Acc: 40.00%
Training Epoch 18: 100%|██████████| 55/55 [00:08<00:00,  6.66it/s]
Epoch 18: Train Loss: 1.1434, Train Acc: 39.05% | Val Loss: 1.0402, Val Acc: 42.27%
Training Epoch 19: 100%|██████████| 55/55 [00:08<00:00,  6.50it/s]
Epoch 19: Train Loss: 1.1279, Train Acc: 40.65% | Val Loss: 1.0363, Val Acc: 40.91%
Training Epoch 20: 100%|██████████| 55/55 [00:08<00:00,  6.60it/s]
Epoch 20: Train Loss: 1.1367, Train Acc: 38.20% | Val Loss: 1.0544, Val Acc: 40.91%
Training Epoch 21: 100%|██████████| 55/55 [00:08<00:00,  6.46it/s]
Epoch 21: Train Loss: 1.1117, Train Acc: 42.02% | Val Loss: 1.0338, Val Acc: 42.27%
Training Epoch 22: 100%|██████████| 55/55 [00:08<00:00,  6.41it/s]
Epoch 22: Train Loss: 1.1134, Train Acc: 41.79% | Val Loss: 1.0421, Val Acc: 42.50%
Training Epoch 23: 100%|██████████| 55/55 [00:08<00:00,  6.50it/s]
Epoch 23: Train Loss: 1.1089, Train Acc: 41.62% | Val Loss: 1.0899, Val Acc: 40.45%
Training Epoch 24: 100%|██████████| 55/55 [00:08<00:00,  6.83it/s]
✓ New best model saved! Val Acc: 42.73%
Epoch 24: Train Loss: 1.0810, Train Acc: 45.61% | Val Loss: 1.0433, Val Acc: 42.73%
Training Epoch 25: 100%|██████████| 55/55 [00:08<00:00,  6.75it/s]
✓ New best model saved! Val Acc: 43.64%
Epoch 25: Train Loss: 1.0975, Train Acc: 41.85% | Val Loss: 1.0281, Val Acc: 43.64%
Training Epoch 26: 100%|██████████| 55/55 [00:08<00:00,  6.76it/s]
Epoch 26: Train Loss: 1.0832, Train Acc: 42.47% | Val Loss: 1.0454, Val Acc: 43.18%
Training Epoch 27: 100%|██████████| 55/55 [00:08<00:00,  6.78it/s]
Epoch 27: Train Loss: 1.0912, Train Acc: 43.33% | Val Loss: 1.0393, Val Acc: 43.41%
Training Epoch 28: 100%|██████████| 55/55 [00:08<00:00,  6.76it/s]
Epoch 28: Train Loss: 1.0957, Train Acc: 40.71% | Val Loss: 1.0552, Val Acc: 42.95%
Training Epoch 29: 100%|██████████| 55/55 [00:08<00:00,  6.73it/s]
Epoch 29: Train Loss: 1.0748, Train Acc: 41.85% | Val Loss: 1.1017, Val Acc: 41.36%
Training Epoch 30: 100%|██████████| 55/55 [00:08<00:00,  6.79it/s]
Epoch 30: Train Loss: 1.0786, Train Acc: 42.42% | Val Loss: 1.0549, Val Acc: 42.73%
Training Epoch 31: 100%|██████████| 55/55 [00:08<00:00,  6.84it/s]
✓ New best model saved! Val Acc: 44.55%
Epoch 31: Train Loss: 1.0704, Train Acc: 43.61% | Val Loss: 1.0203, Val Acc: 44.55%
Training Epoch 32: 100%|██████████| 55/55 [00:08<00:00,  6.85it/s]
✓ New best model saved! Val Acc: 45.45%
Epoch 32: Train Loss: 1.0664, Train Acc: 43.56% | Val Loss: 1.0047, Val Acc: 45.45%
Training Epoch 33: 100%|██████████| 55/55 [00:08<00:00,  6.57it/s]
✓ New best model saved! Val Acc: 45.91%
Epoch 33: Train Loss: 1.0368, Train Acc: 45.44% | Val Loss: 0.9967, Val Acc: 45.91%
Training Epoch 34: 100%|██████████| 55/55 [00:08<00:00,  6.79it/s]
✓ New best model saved! Val Acc: 46.14%
Epoch 34: Train Loss: 1.0780, Train Acc: 43.50% | Val Loss: 0.9947, Val Acc: 46.14%
Training Epoch 35: 100%|██████████| 55/55 [00:07<00:00,  6.88it/s]
Epoch 35: Train Loss: 1.0402, Train Acc: 46.01% | Val Loss: 1.0510, Val Acc: 43.86%
Training Epoch 36: 100%|██████████| 55/55 [00:08<00:00,  6.80it/s]
Epoch 36: Train Loss: 1.0544, Train Acc: 45.27% | Val Loss: 1.1016, Val Acc: 41.82%
Training Epoch 37: 100%|██████████| 55/55 [00:08<00:00,  6.84it/s]
Epoch 37: Train Loss: 1.0734, Train Acc: 43.96% | Val Loss: 1.1118, Val Acc: 40.45%
Training Epoch 38: 100%|██████████| 55/55 [00:07<00:00,  6.89it/s]
Epoch 38: Train Loss: 1.0464, Train Acc: 44.98% | Val Loss: 0.9913, Val Acc: 45.91%
Training Epoch 39: 100%|██████████| 55/55 [00:08<00:00,  6.85it/s]
Epoch 39: Train Loss: 1.0529, Train Acc: 46.01% | Val Loss: 1.0186, Val Acc: 45.00%
Training Epoch 40: 100%|██████████| 55/55 [00:08<00:00,  6.84it/s]
Epoch 40: Train Loss: 1.0430, Train Acc: 45.44% | Val Loss: 1.0152, Val Acc: 45.00%
Training Epoch 41: 100%|██████████| 55/55 [00:08<00:00,  6.85it/s]
Epoch 41: Train Loss: 1.0535, Train Acc: 44.47% | Val Loss: 1.0368, Val Acc: 45.23%
Training Epoch 42: 100%|██████████| 55/55 [00:08<00:00,  6.84it/s]
✓ New best model saved! Val Acc: 46.59%
Epoch 42: Train Loss: 1.0619, Train Acc: 45.38% | Val Loss: 1.0252, Val Acc: 46.59%
Training Epoch 43: 100%|██████████| 55/55 [00:08<00:00,  6.84it/s]
✓ New best model saved! Val Acc: 46.82%
Epoch 43: Train Loss: 1.0224, Train Acc: 46.64% | Val Loss: 1.0084, Val Acc: 46.82%
Training Epoch 44: 100%|██████████| 55/55 [00:08<00:00,  6.86it/s]
✓ New best model saved! Val Acc: 47.73%
Epoch 44: Train Loss: 1.0534, Train Acc: 44.18% | Val Loss: 0.9873, Val Acc: 47.73%
Training Epoch 45: 100%|██████████| 55/55 [00:07<00:00,  6.88it/s]
Epoch 45: Train Loss: 1.0498, Train Acc: 45.15% | Val Loss: 1.0223, Val Acc: 45.68%
Training Epoch 46: 100%|██████████| 55/55 [00:07<00:00,  6.92it/s]
Epoch 46: Train Loss: 1.0477, Train Acc: 45.21% | Val Loss: 1.1045, Val Acc: 42.05%
Training Epoch 47: 100%|██████████| 55/55 [00:08<00:00,  6.85it/s]
Epoch 47: Train Loss: 1.0453, Train Acc: 45.32% | Val Loss: 0.9970, Val Acc: 47.05%
Training Epoch 48: 100%|██████████| 55/55 [00:07<00:00,  6.94it/s]
Epoch 48: Train Loss: 1.0367, Train Acc: 45.27% | Val Loss: 1.0029, Val Acc: 47.50%
Training Epoch 49: 100%|██████████| 55/55 [00:08<00:00,  6.85it/s]
Epoch 49: Train Loss: 1.0383, Train Acc: 44.70% | Val Loss: 1.0612, Val Acc: 43.86%
Training Epoch 50: 100%|██████████| 55/55 [00:08<00:00,  6.87it/s]
Epoch 50: Train Loss: 1.0656, Train Acc: 43.84% | Val Loss: 1.0223, Val Acc: 45.91%

Training completed!
Best model saved at epoch 44 with validation accuracy: 47.73%
Evaluating model...
Testing: 100%|██████████| 14/14 [00:02<00:00,  6.68it/s]

Test Results:
Accuracy:  45.91%
Precision: 48.14%
Recall:    45.91%
F1-Score:  33.25%
AUC:       67.76%
Model saved as 'base_ccal.pth'
