✅ W&B run initialised

🚀 Starting training for DepthWiseMamba-Pico...
  Ep   1/50 | Tr 0.5216/0.7353 | Val 0.4416/0.7396 | 24.0s ★ saved
  Ep   2/50 | Tr 0.3822/0.8054 | Val 0.4166/0.8125 | 20.6s ★ saved
  Ep   3/50 | Tr 0.3400/0.8287 | Val 0.4630/0.7604 | 20.7s
  Ep   4/50 | Tr 0.3119/0.8502 | Val 0.3908/0.7708 | 20.7s
  Ep   5/50 | Tr 0.2742/0.8710 | Val 0.3131/0.8281 | 21.0s ★ saved
  Ep   6/50 | Tr 0.2467/0.8920 | Val 0.3960/0.7917 | 20.9s
  Ep   7/50 | Tr 0.2289/0.8997 | Val 0.3338/0.8385 | 20.9s ★ saved
  Ep   8/50 | Tr 0.2063/0.9122 | Val 0.3680/0.8281 | 20.9s
  Ep   9/50 | Tr 0.1912/0.9208 | Val 0.6197/0.7448 | 21.0s
  Ep  10/50 | Tr 0.1771/0.9266 | Val 0.3236/0.8385 | 21.0s
  Ep  11/50 | Tr 0.1625/0.9333 | Val 0.3388/0.8490 | 21.0s ★ saved
  Ep  12/50 | Tr 0.1561/0.9362 | Val 0.2536/0.8802 | 20.9s ★ saved
  Ep  13/50 | Tr 0.1443/0.9428 | Val 0.4412/0.7969 | 20.7s
  Ep  14/50 | Tr 0.1456/0.9421 | Val 0.2389/0.8958 | 20.6s ★ saved
  Ep  15/50 | Tr 0.1277/0.9485 | Val 0.2085/0.9219 | 20.6s ★ saved
  Ep  16/50 | Tr 0.1200/0.9526 | Val 0.3251/0.8958 | 20.6s
  Ep  17/50 | Tr 0.1179/0.9547 | Val 0.2914/0.8802 | 20.4s
  Ep  18/50 | Tr 0.1135/0.9566 | Val 0.2968/0.8802 | 20.8s
  Ep  19/50 | Tr 0.1019/0.9590 | Val 0.2591/0.8698 | 21.0s
  Ep  20/50 | Tr 0.0974/0.9634 | Val 0.2603/0.8750 | 21.0s
  Ep  21/50 | Tr 0.0985/0.9640 | Val 0.3083/0.8750 | 20.8s
  Ep  22/50 | Tr 0.0945/0.9631 | Val 0.3223/0.8854 | 20.9s
  Ep  23/50 | Tr 0.0969/0.9632 | Val 0.3140/0.8646 | 21.6s
  Ep  24/50 | Tr 0.0859/0.9680 | Val 0.5106/0.8385 | 21.1s
  Ep  25/50 | Tr 0.0825/0.9677 | Val 0.4027/0.8333 | 21.2s
  Ep  26/50 | Tr 0.0802/0.9687 | Val 0.4286/0.8438 | 21.0s
  Ep  27/50 | Tr 0.0746/0.9727 | Val 0.2814/0.8906 | 21.1s
  Ep  28/50 | Tr 0.0745/0.9706 | Val 0.3248/0.8802 | 20.9s
  Ep  29/50 | Tr 0.0713/0.9728 | Val 0.4521/0.8750 | 21.1s
  Ep  30/50 | Tr 0.0755/0.9721 | Val 0.4399/0.8490 | 21.0s
  Ep  31/50 | Tr 0.0654/0.9749 | Val 0.4292/0.8646 | 20.9s
  Ep  32/50 | Tr 0.0680/0.9743 | Val 0.5014/0.8438 | 20.9s
  Ep  33/50 | Tr 0.0671/0.9740 | Val 0.6503/0.7917 | 20.9s
  Ep  34/50 | Tr 0.0551/0.9789 | Val 0.5264/0.8646 | 20.8s
  Ep  35/50 | Tr 0.0650/0.9775 | Val 0.3841/0.8698 | 20.9s
  Ep  36/50 | Tr 0.0586/0.9777 | Val 0.3924/0.8594 | 20.7s
  Ep  37/50 | Tr 0.0575/0.9800 | Val 0.5450/0.8542 | 20.9s
  Ep  38/50 | Tr 0.0503/0.9808 | Val 0.3651/0.8854 | 21.1s
  Ep  39/50 | Tr 0.0573/0.9806 | Val 0.5203/0.8698 | 21.0s
  Ep  40/50 | Tr 0.0549/0.9800 | Val 0.4158/0.8646 | 21.0s
  Ep  41/50 | Tr 0.0483/0.9816 | Val 0.3177/0.9010 | 21.1s
  Ep  42/50 | Tr 0.0415/0.9852 | Val 0.5806/0.8438 | 21.1s
  Ep  43/50 | Tr 0.0471/0.9836 | Val 0.4205/0.8698 | 21.1s
  Ep  44/50 | Tr 0.0472/0.9825 | Val 0.4077/0.8958 | 21.2s
  Ep  45/50 | Tr 0.0472/0.9838 | Val 0.5039/0.8542 | 21.1s
  Ep  46/50 | Tr 0.0434/0.9838 | Val 0.4714/0.8646 | 21.1s
  Ep  47/50 | Tr 0.0486/0.9834 | Val 0.6915/0.8333 | 21.0s
  Ep  48/50 | Tr 0.0463/0.9848 | Val 0.4657/0.9010 | 20.9s
  Ep  49/50 | Tr 0.0415/0.9843 | Val 0.4852/0.8750 | 21.2s
  Ep  50/50 | Tr 0.0386/0.9873 | Val 0.4830/0.8698 | 21.0s

  💾 Best model loaded: Epoch 15 | Val Acc: 92.19%
======================================================================
  TEST EVALUATION: DepthWiseMamba-Pico | Test Acc: 76.09%
======================================================================
              precision    recall  f1-score   support

      Benign       0.50      0.67      0.58        94
   Malignant       0.83      0.71      0.76       211
      Normal       1.00      1.00      1.00        84

    accuracy                           0.76       389
   macro avg       0.78      0.79      0.78       389
weighted avg       0.79      0.76      0.77       389
