Creating CCAL model...
Model Parameters: 703,331
Trainable Parameters: 703,331
Starting training...
================================================================================
TRAINING STARTED
================================================================================
Epoch 1/50 [Train]: 100%|██████████| 28/28 [00:04<00:00,  6.39it/s, Loss=1.1884, Acc=38.31%]
Epoch 1/50 [Val]: 100%|██████████| 7/7 [00:01<00:00,  6.33it/s, Loss=1.1032, Acc=48.64%]

============================================================
EPOCH 1/50 RESULTS
============================================================
Train Loss: 1.188386 | Train Acc: 38.31%
Val Loss:   1.103238 | Val Acc:   48.64%
Val AUC:    0.6721
Learning Rate: 0.000010
============================================================
Epoch 2/50 [Train]: 100%|██████████| 28/28 [00:03<00:00,  9.29it/s, Loss=1.1668, Acc=38.77%]
Epoch 2/50 [Val]: 100%|██████████| 7/7 [00:00<00:00,  8.20it/s, Loss=1.1028, Acc=48.64%]


============================================================
EPOCH 2/50 RESULTS
============================================================
Train Loss: 1.166773 | Train Acc: 38.77%
Val Loss:   1.102786 | Val Acc:   48.64%
Val AUC:    0.7009
Learning Rate: 0.000010
============================================================
Epoch 3/50 [Train]: 100%|██████████| 28/28 [00:03<00:00,  8.91it/s, Loss=1.1316, Acc=41.62%]
Epoch 3/50 [Val]: 100%|██████████| 7/7 [00:00<00:00,  8.01it/s, Loss=1.0767, Acc=43.64%]


============================================================
EPOCH 3/50 RESULTS
============================================================
Train Loss: 1.131597 | Train Acc: 41.62%
Val Loss:   1.076657 | Val Acc:   43.64%
Val AUC:    0.7503
Learning Rate: 0.000010
============================================================
Epoch 4/50 [Train]: 100%|██████████| 28/28 [00:03<00:00,  8.93it/s, Loss=1.0805, Acc=45.38%]
Epoch 4/50 [Val]: 100%|██████████| 7/7 [00:00<00:00,  7.89it/s, Loss=0.9983, Acc=50.00%]


============================================================
EPOCH 4/50 RESULTS
============================================================
Train Loss: 1.080481 | Train Acc: 45.38%
Val Loss:   0.998328 | Val Acc:   50.00%
Val AUC:    0.7883
Learning Rate: 0.000010
============================================================
Epoch 5/50 [Train]: 100%|██████████| 28/28 [00:03<00:00,  9.08it/s, Loss=1.0619, Acc=45.04%]
Epoch 5/50 [Val]: 100%|██████████| 7/7 [00:00<00:00,  8.10it/s, Loss=0.9479, Acc=57.27%]


============================================================
EPOCH 5/50 RESULTS
============================================================
Train Loss: 1.061938 | Train Acc: 45.04%
Val Loss:   0.947926 | Val Acc:   57.27%
Val AUC:    0.8146
Learning Rate: 0.000010
============================================================
Epoch 6/50 [Train]: 100%|██████████| 28/28 [00:03<00:00,  8.89it/s, Loss=1.0300, Acc=46.18%]
Epoch 6/50 [Val]: 100%|██████████| 7/7 [00:00<00:00,  8.19it/s, Loss=0.9144, Acc=61.36%]


============================================================
EPOCH 6/50 RESULTS
============================================================
Train Loss: 1.029975 | Train Acc: 46.18%
Val Loss:   0.914438 | Val Acc:   61.36%
Val AUC:    0.8403
Learning Rate: 0.000010
============================================================
Epoch 7/50 [Train]: 100%|██████████| 28/28 [00:03<00:00,  9.08it/s, Loss=1.0053, Acc=49.83%]
Epoch 7/50 [Val]: 100%|██████████| 7/7 [00:00<00:00,  7.96it/s, Loss=0.8825, Acc=62.73%]


============================================================
EPOCH 7/50 RESULTS
============================================================
Train Loss: 1.005330 | Train Acc: 49.83%
Val Loss:   0.882504 | Val Acc:   62.73%
Val AUC:    0.8593
Learning Rate: 0.000010
============================================================
Epoch 8/50 [Train]: 100%|██████████| 28/28 [00:03<00:00,  9.21it/s, Loss=0.9736, Acc=52.91%]
Epoch 8/50 [Val]: 100%|██████████| 7/7 [00:00<00:00,  7.58it/s, Loss=0.8621, Acc=70.45%]


============================================================
EPOCH 8/50 RESULTS
============================================================
Train Loss: 0.973599 | Train Acc: 52.91%
Val Loss:   0.862079 | Val Acc:   70.45%
Val AUC:    0.8789
Learning Rate: 0.000010
============================================================
Epoch 9/50 [Train]: 100%|██████████| 28/28 [00:03<00:00,  9.02it/s, Loss=0.9160, Acc=57.13%]
Epoch 9/50 [Val]: 100%|██████████| 7/7 [00:00<00:00,  7.91it/s, Loss=0.8183, Acc=75.45%]


============================================================
EPOCH 9/50 RESULTS
============================================================
Train Loss: 0.915967 | Train Acc: 57.13%
Val Loss:   0.818347 | Val Acc:   75.45%
Val AUC:    0.8953
Learning Rate: 0.000010
============================================================
Epoch 10/50 [Train]: 100%|██████████| 28/28 [00:03<00:00,  9.17it/s, Loss=0.8597, Acc=61.23%]
Epoch 10/50 [Val]: 100%|██████████| 7/7 [00:00<00:00,  8.07it/s, Loss=0.7770, Acc=75.91%]


============================================================
EPOCH 10/50 RESULTS
============================================================
Train Loss: 0.859734 | Train Acc: 61.23%
Val Loss:   0.777031 | Val Acc:   75.91%
Val AUC:    0.9060
Learning Rate: 0.000010
============================================================
Epoch 11/50 [Train]: 100%|██████████| 28/28 [00:03<00:00,  8.93it/s, Loss=0.7911, Acc=65.68%]
Epoch 11/50 [Val]: 100%|██████████| 7/7 [00:00<00:00,  8.00it/s, Loss=0.7365, Acc=79.55%]


============================================================
EPOCH 11/50 RESULTS
============================================================
Train Loss: 0.791083 | Train Acc: 65.68%
Val Loss:   0.736542 | Val Acc:   79.55%
Val AUC:    0.9189
Learning Rate: 0.000010
============================================================
Epoch 12/50 [Train]: 100%|██████████| 28/28 [00:03<00:00,  9.13it/s, Loss=0.7430, Acc=68.30%]
Epoch 12/50 [Val]: 100%|██████████| 7/7 [00:00<00:00,  7.97it/s, Loss=0.6700, Acc=79.55%]


============================================================
EPOCH 12/50 RESULTS
============================================================
Train Loss: 0.743026 | Train Acc: 68.30%
Val Loss:   0.670039 | Val Acc:   79.55%
Val AUC:    0.9330
Learning Rate: 0.000010
============================================================
Epoch 13/50 [Train]: 100%|██████████| 28/28 [00:03<00:00,  9.00it/s, Loss=0.7006, Acc=70.47%]
Epoch 13/50 [Val]: 100%|██████████| 7/7 [00:00<00:00,  8.04it/s, Loss=0.6381, Acc=82.73%]


============================================================
EPOCH 13/50 RESULTS
============================================================
Train Loss: 0.700582 | Train Acc: 70.47%
Val Loss:   0.638099 | Val Acc:   82.73%
Val AUC:    0.9403
Learning Rate: 0.000010
============================================================
Epoch 14/50 [Train]: 100%|██████████| 28/28 [00:03<00:00,  9.22it/s, Loss=0.6358, Acc=73.89%]
Epoch 14/50 [Val]: 100%|██████████| 7/7 [00:00<00:00,  8.13it/s, Loss=0.6014, Acc=85.00%]


============================================================
EPOCH 14/50 RESULTS
============================================================
Train Loss: 0.635814 | Train Acc: 73.89%
Val Loss:   0.601355 | Val Acc:   85.00%
Val AUC:    0.9495
Learning Rate: 0.000010
============================================================
Epoch 15/50 [Train]: 100%|██████████| 28/28 [00:03<00:00,  9.09it/s, Loss=0.5704, Acc=79.70%]
Epoch 15/50 [Val]: 100%|██████████| 7/7 [00:00<00:00,  7.84it/s, Loss=0.5754, Acc=85.45%]


============================================================
EPOCH 15/50 RESULTS
============================================================
Train Loss: 0.570432 | Train Acc: 79.70%
Val Loss:   0.575438 | Val Acc:   85.45%
Val AUC:    0.9574
Learning Rate: 0.000010
============================================================
Epoch 16/50 [Train]: 100%|██████████| 28/28 [00:03<00:00,  9.26it/s, Loss=0.5447, Acc=78.68%]
Epoch 16/50 [Val]: 100%|██████████| 7/7 [00:00<00:00,  8.09it/s, Loss=0.5332, Acc=85.45%]


============================================================
EPOCH 16/50 RESULTS
============================================================
Train Loss: 0.544720 | Train Acc: 78.68%
Val Loss:   0.533163 | Val Acc:   85.45%
Val AUC:    0.9617
Learning Rate: 0.000010
============================================================
Epoch 17/50 [Train]: 100%|██████████| 28/28 [00:03<00:00,  9.19it/s, Loss=0.4893, Acc=82.10%]
Epoch 17/50 [Val]: 100%|██████████| 7/7 [00:00<00:00,  7.81it/s, Loss=0.4807, Acc=89.55%]


============================================================
EPOCH 17/50 RESULTS
============================================================
Train Loss: 0.489280 | Train Acc: 82.10%
Val Loss:   0.480696 | Val Acc:   89.55%
Val AUC:    0.9676
Learning Rate: 0.000010
============================================================
Epoch 18/50 [Train]: 100%|██████████| 28/28 [00:03<00:00,  8.59it/s, Loss=0.4484, Acc=84.26%]
Epoch 18/50 [Val]: 100%|██████████| 7/7 [00:00<00:00,  8.18it/s, Loss=0.4326, Acc=90.45%]


============================================================
EPOCH 18/50 RESULTS
============================================================
Train Loss: 0.448365 | Train Acc: 84.26%
Val Loss:   0.432574 | Val Acc:   90.45%
Val AUC:    0.9725
Learning Rate: 0.000010
============================================================
Epoch 19/50 [Train]: 100%|██████████| 28/28 [00:03<00:00,  9.01it/s, Loss=0.4034, Acc=88.26%]
Epoch 19/50 [Val]: 100%|██████████| 7/7 [00:00<00:00,  7.74it/s, Loss=0.4214, Acc=87.27%]


============================================================
EPOCH 19/50 RESULTS
============================================================
Train Loss: 0.403446 | Train Acc: 88.26%
Val Loss:   0.421423 | Val Acc:   87.27%
Val AUC:    0.9762
Learning Rate: 0.000010
============================================================
Epoch 20/50 [Train]: 100%|██████████| 28/28 [00:03<00:00,  9.00it/s, Loss=0.3756, Acc=88.83%]
Epoch 20/50 [Val]: 100%|██████████| 7/7 [00:00<00:00,  7.76it/s, Loss=0.3846, Acc=88.18%]


============================================================
EPOCH 20/50 RESULTS
============================================================
Train Loss: 0.375639 | Train Acc: 88.83%
Val Loss:   0.384640 | Val Acc:   88.18%
Val AUC:    0.9798
Learning Rate: 0.000010
============================================================
Epoch 21/50 [Train]: 100%|██████████| 28/28 [00:03<00:00,  9.28it/s, Loss=0.3473, Acc=88.60%]
Epoch 21/50 [Val]: 100%|██████████| 7/7 [00:00<00:00,  7.99it/s, Loss=0.3542, Acc=92.73%]


============================================================
EPOCH 21/50 RESULTS
============================================================
Train Loss: 0.347344 | Train Acc: 88.60%
Val Loss:   0.354185 | Val Acc:   92.73%
Val AUC:    0.9834
Learning Rate: 0.000010
============================================================
Epoch 22/50 [Train]: 100%|██████████| 28/28 [00:03<00:00,  8.88it/s, Loss=0.3063, Acc=91.11%]
Epoch 22/50 [Val]: 100%|██████████| 7/7 [00:01<00:00,  6.35it/s, Loss=0.3173, Acc=91.82%]


============================================================
EPOCH 22/50 RESULTS
============================================================
Train Loss: 0.306339 | Train Acc: 91.11%
Val Loss:   0.317264 | Val Acc:   91.82%
Val AUC:    0.9852
Learning Rate: 0.000010
============================================================
Epoch 23/50 [Train]: 100%|██████████| 28/28 [00:03<00:00,  9.28it/s, Loss=0.3034, Acc=91.90%]
Epoch 23/50 [Val]: 100%|██████████| 7/7 [00:00<00:00,  8.08it/s, Loss=0.3151, Acc=95.00%]


============================================================
EPOCH 23/50 RESULTS
============================================================
Train Loss: 0.303445 | Train Acc: 91.90%
Val Loss:   0.315127 | Val Acc:   95.00%
Val AUC:    0.9864
Learning Rate: 0.000010
============================================================
Epoch 24/50 [Train]: 100%|██████████| 28/28 [00:03<00:00,  9.14it/s, Loss=0.2761, Acc=93.50%]
Epoch 24/50 [Val]: 100%|██████████| 7/7 [00:00<00:00,  7.88it/s, Loss=0.2931, Acc=93.64%]


============================================================
EPOCH 24/50 RESULTS
============================================================
Train Loss: 0.276149 | Train Acc: 93.50%
Val Loss:   0.293070 | Val Acc:   93.64%
Val AUC:    0.9876
Learning Rate: 0.000010
============================================================
Epoch 25/50 [Train]: 100%|██████████| 28/28 [00:03<00:00,  8.85it/s, Loss=0.2454, Acc=93.84%]
Epoch 25/50 [Val]: 100%|██████████| 7/7 [00:00<00:00,  7.88it/s, Loss=0.2645, Acc=93.18%]


============================================================
EPOCH 25/50 RESULTS
============================================================
Train Loss: 0.245398 | Train Acc: 93.84%
Val Loss:   0.264517 | Val Acc:   93.18%
Val AUC:    0.9898
Learning Rate: 0.000010
============================================================
Epoch 26/50 [Train]: 100%|██████████| 28/28 [00:03<00:00,  9.04it/s, Loss=0.2364, Acc=94.75%]
Epoch 26/50 [Val]: 100%|██████████| 7/7 [00:00<00:00,  8.11it/s, Loss=0.2492, Acc=96.36%]


============================================================
EPOCH 26/50 RESULTS
============================================================
Train Loss: 0.236446 | Train Acc: 94.75%
Val Loss:   0.249241 | Val Acc:   96.36%
Val AUC:    0.9903
Learning Rate: 0.000010
============================================================
Epoch 27/50 [Train]: 100%|██████████| 28/28 [00:03<00:00,  9.08it/s, Loss=0.2044, Acc=95.78%]
Epoch 27/50 [Val]: 100%|██████████| 7/7 [00:00<00:00,  7.80it/s, Loss=0.2228, Acc=96.36%]


============================================================
EPOCH 27/50 RESULTS
============================================================
Train Loss: 0.204438 | Train Acc: 95.78%
Val Loss:   0.222836 | Val Acc:   96.36%
Val AUC:    0.9909
Learning Rate: 0.000010
============================================================
Epoch 28/50 [Train]: 100%|██████████| 28/28 [00:03<00:00,  9.27it/s, Loss=0.1946, Acc=95.55%]
Epoch 28/50 [Val]: 100%|██████████| 7/7 [00:00<00:00,  7.98it/s, Loss=0.2504, Acc=97.27%]


============================================================
EPOCH 28/50 RESULTS
============================================================
Train Loss: 0.194625 | Train Acc: 95.55%
Val Loss:   0.250358 | Val Acc:   97.27%
Val AUC:    0.9917
Learning Rate: 0.000010
============================================================
Epoch 29/50 [Train]: 100%|██████████| 28/28 [00:03<00:00,  9.02it/s, Loss=0.1905, Acc=96.47%]
Epoch 29/50 [Val]: 100%|██████████| 7/7 [00:00<00:00,  7.79it/s, Loss=0.2047, Acc=96.36%]


============================================================
EPOCH 29/50 RESULTS
============================================================
Train Loss: 0.190475 | Train Acc: 96.47%
Val Loss:   0.204720 | Val Acc:   96.36%
Val AUC:    0.9918
Learning Rate: 0.000010
============================================================
Epoch 30/50 [Train]: 100%|██████████| 28/28 [00:03<00:00,  9.04it/s, Loss=0.1732, Acc=97.15%]
Epoch 30/50 [Val]: 100%|██████████| 7/7 [00:00<00:00,  7.74it/s, Loss=0.1986, Acc=97.73%]


============================================================
EPOCH 30/50 RESULTS
============================================================
Train Loss: 0.173184 | Train Acc: 97.15%
Val Loss:   0.198558 | Val Acc:   97.73%
Val AUC:    0.9924
Learning Rate: 0.000010
============================================================
Epoch 31/50 [Train]: 100%|██████████| 28/28 [00:03<00:00,  9.30it/s, Loss=0.1586, Acc=97.38%]
Epoch 31/50 [Val]: 100%|██████████| 7/7 [00:00<00:00,  7.99it/s, Loss=0.1867, Acc=98.18%]


============================================================
EPOCH 31/50 RESULTS
============================================================
Train Loss: 0.158597 | Train Acc: 97.38%
Val Loss:   0.186694 | Val Acc:   98.18%
Val AUC:    0.9924
Learning Rate: 0.000010
============================================================
Epoch 32/50 [Train]: 100%|██████████| 28/28 [00:03<00:00,  8.89it/s, Loss=0.1452, Acc=98.18%]
Epoch 32/50 [Val]: 100%|██████████| 7/7 [00:00<00:00,  7.55it/s, Loss=0.1953, Acc=95.45%]


============================================================
EPOCH 32/50 RESULTS
============================================================
Train Loss: 0.145198 | Train Acc: 98.18%
Val Loss:   0.195316 | Val Acc:   95.45%
Val AUC:    0.9922
Learning Rate: 0.000010
============================================================
Epoch 33/50 [Train]: 100%|██████████| 28/28 [00:03<00:00,  9.04it/s, Loss=0.1479, Acc=97.38%]
Epoch 33/50 [Val]: 100%|██████████| 7/7 [00:00<00:00,  8.22it/s, Loss=0.1672, Acc=98.18%]


============================================================
EPOCH 33/50 RESULTS
============================================================
Train Loss: 0.147903 | Train Acc: 97.38%
Val Loss:   0.167205 | Val Acc:   98.18%
Val AUC:    0.9927
Learning Rate: 0.000010
============================================================
Epoch 34/50 [Train]: 100%|██████████| 28/28 [00:03<00:00,  9.14it/s, Loss=0.1215, Acc=98.52%]
Epoch 34/50 [Val]: 100%|██████████| 7/7 [00:00<00:00,  7.41it/s, Loss=0.1549, Acc=98.18%]


============================================================
EPOCH 34/50 RESULTS
============================================================
Train Loss: 0.121507 | Train Acc: 98.52%
Val Loss:   0.154918 | Val Acc:   98.18%
Val AUC:    0.9935
Learning Rate: 0.000010
============================================================
Epoch 35/50 [Train]: 100%|██████████| 28/28 [00:03<00:00,  9.16it/s, Loss=0.1132, Acc=98.75%]
Epoch 35/50 [Val]: 100%|██████████| 7/7 [00:00<00:00,  7.70it/s, Loss=0.1601, Acc=98.64%] 


============================================================
EPOCH 35/50 RESULTS
============================================================
Train Loss: 0.113237 | Train Acc: 98.75%
Val Loss:   0.160109 | Val Acc:   98.64%
Val AUC:    0.9931
Learning Rate: 0.000010
============================================================
Epoch 36/50 [Train]: 100%|██████████| 28/28 [00:03<00:00,  9.04it/s, Loss=0.1129, Acc=98.52%]
Epoch 36/50 [Val]: 100%|██████████| 7/7 [00:00<00:00,  8.02it/s, Loss=0.1467, Acc=97.73%]


============================================================
EPOCH 36/50 RESULTS
============================================================
Train Loss: 0.112909 | Train Acc: 98.52%
Val Loss:   0.146711 | Val Acc:   97.73%
Val AUC:    0.9938
Learning Rate: 0.000010
============================================================
Epoch 37/50 [Train]: 100%|██████████| 28/28 [00:03<00:00,  8.90it/s, Loss=0.1091, Acc=98.75%]
Epoch 37/50 [Val]: 100%|██████████| 7/7 [00:00<00:00,  7.79it/s, Loss=0.1370, Acc=98.64%] 


============================================================
EPOCH 37/50 RESULTS
============================================================
Train Loss: 0.109106 | Train Acc: 98.75%
Val Loss:   0.137018 | Val Acc:   98.64%
Val AUC:    0.9940
Learning Rate: 0.000010
============================================================
Epoch 38/50 [Train]: 100%|██████████| 28/28 [00:03<00:00,  9.04it/s, Loss=0.0922, Acc=99.20%]
Epoch 38/50 [Val]: 100%|██████████| 7/7 [00:01<00:00,  6.97it/s, Loss=0.1307, Acc=98.64%] 


============================================================
EPOCH 38/50 RESULTS
============================================================
Train Loss: 0.092223 | Train Acc: 99.20%
Val Loss:   0.130659 | Val Acc:   98.64%
Val AUC:    0.9936
Learning Rate: 0.000010
============================================================
Epoch 39/50 [Train]: 100%|██████████| 28/28 [00:03<00:00,  9.09it/s, Loss=0.1058, Acc=98.86%]
Epoch 39/50 [Val]: 100%|██████████| 7/7 [00:00<00:00,  7.72it/s, Loss=0.1246, Acc=98.64%] 


============================================================
EPOCH 39/50 RESULTS
============================================================
Train Loss: 0.105848 | Train Acc: 98.86%
Val Loss:   0.124636 | Val Acc:   98.64%
Val AUC:    0.9950
Learning Rate: 0.000010
============================================================
Epoch 40/50 [Train]: 100%|██████████| 28/28 [00:03<00:00,  9.14it/s, Loss=0.0922, Acc=99.32%]
Epoch 40/50 [Val]: 100%|██████████| 7/7 [00:00<00:00,  7.49it/s, Loss=0.1192, Acc=98.18%]


============================================================
EPOCH 40/50 RESULTS
============================================================
Train Loss: 0.092173 | Train Acc: 99.32%
Val Loss:   0.119204 | Val Acc:   98.18%
Val AUC:    0.9933
Learning Rate: 0.000010
============================================================
Epoch 41/50 [Train]: 100%|██████████| 28/28 [00:03<00:00,  9.19it/s, Loss=0.0811, Acc=99.20%]
Epoch 41/50 [Val]: 100%|██████████| 7/7 [00:00<00:00,  7.90it/s, Loss=0.1152, Acc=98.64%]


============================================================
EPOCH 41/50 RESULTS
============================================================
Train Loss: 0.081095 | Train Acc: 99.20%
Val Loss:   0.115171 | Val Acc:   98.64%
Val AUC:    0.9939
Learning Rate: 0.000010
============================================================
Epoch 42/50 [Train]: 100%|██████████| 28/28 [00:03<00:00,  9.28it/s, Loss=0.0772, Acc=99.43%] 
Epoch 42/50 [Val]: 100%|██████████| 7/7 [00:00<00:00,  7.88it/s, Loss=0.1155, Acc=98.64%] 


============================================================
EPOCH 42/50 RESULTS
============================================================
Train Loss: 0.077175 | Train Acc: 99.43%
Val Loss:   0.115508 | Val Acc:   98.64%
Val AUC:    0.9946
Learning Rate: 0.000010
============================================================
Epoch 43/50 [Train]: 100%|██████████| 28/28 [00:03<00:00,  9.03it/s, Loss=0.0736, Acc=99.54%]
Epoch 43/50 [Val]: 100%|██████████| 7/7 [00:00<00:00,  8.03it/s, Loss=0.1068, Acc=99.09%] 


============================================================
EPOCH 43/50 RESULTS
============================================================
Train Loss: 0.073646 | Train Acc: 99.54%
Val Loss:   0.106832 | Val Acc:   99.09%
Val AUC:    0.9950
Learning Rate: 0.000010
============================================================
Epoch 44/50 [Train]: 100%|██████████| 28/28 [00:03<00:00,  8.98it/s, Loss=0.0656, Acc=99.54%]
Epoch 44/50 [Val]: 100%|██████████| 7/7 [00:00<00:00,  7.81it/s, Loss=0.1067, Acc=99.09%] 


============================================================
EPOCH 44/50 RESULTS
============================================================
Train Loss: 0.065574 | Train Acc: 99.54%
Val Loss:   0.106659 | Val Acc:   99.09%
Val AUC:    0.9952
Learning Rate: 0.000010
============================================================
Epoch 45/50 [Train]: 100%|██████████| 28/28 [00:03<00:00,  9.23it/s, Loss=0.0676, Acc=99.54%] 
Epoch 45/50 [Val]: 100%|██████████| 7/7 [00:00<00:00,  8.05it/s, Loss=0.1181, Acc=99.09%] 


============================================================
EPOCH 45/50 RESULTS
============================================================
Train Loss: 0.067648 | Train Acc: 99.54%
Val Loss:   0.118119 | Val Acc:   99.09%
Val AUC:    0.9941
Learning Rate: 0.000010
============================================================
Epoch 46/50 [Train]: 100%|██████████| 28/28 [00:03<00:00,  8.92it/s, Loss=0.0698, Acc=99.66%] 
Epoch 46/50 [Val]: 100%|██████████| 7/7 [00:00<00:00,  7.19it/s, Loss=0.1013, Acc=98.64%] 


============================================================
EPOCH 46/50 RESULTS
============================================================
Train Loss: 0.069768 | Train Acc: 99.66%
Val Loss:   0.101260 | Val Acc:   98.64%
Val AUC:    0.9947
Learning Rate: 0.000010
============================================================
Epoch 47/50 [Train]: 100%|██████████| 28/28 [00:03<00:00,  9.10it/s, Loss=0.0584, Acc=99.77%]
Epoch 47/50 [Val]: 100%|██████████| 7/7 [00:00<00:00,  7.51it/s, Loss=0.1037, Acc=99.09%] 


============================================================
EPOCH 47/50 RESULTS
============================================================
Train Loss: 0.058380 | Train Acc: 99.77%
Val Loss:   0.103741 | Val Acc:   99.09%
Val AUC:    0.9940
Learning Rate: 0.000010
============================================================
Epoch 48/50 [Train]: 100%|██████████| 28/28 [00:03<00:00,  9.04it/s, Loss=0.0544, Acc=100.00%]
Epoch 48/50 [Val]: 100%|██████████| 7/7 [00:00<00:00,  7.84it/s, Loss=0.0936, Acc=99.55%] 


============================================================
EPOCH 48/50 RESULTS
============================================================
Train Loss: 0.054416 | Train Acc: 100.00%
Val Loss:   0.093629 | Val Acc:   99.55%
Val AUC:    0.9947
Learning Rate: 0.000010
============================================================
Epoch 49/50 [Train]: 100%|██████████| 28/28 [00:03<00:00,  8.89it/s, Loss=0.0554, Acc=99.66%] 
Epoch 49/50 [Val]: 100%|██████████| 7/7 [00:00<00:00,  7.74it/s, Loss=0.0928, Acc=98.64%] 


============================================================
EPOCH 49/50 RESULTS
============================================================
Train Loss: 0.055382 | Train Acc: 99.66%
Val Loss:   0.092797 | Val Acc:   98.64%
Val AUC:    0.9953
Learning Rate: 0.000010
============================================================
Epoch 50/50 [Train]: 100%|██████████| 28/28 [00:03<00:00,  9.11it/s, Loss=0.0533, Acc=100.00%]
Epoch 50/50 [Val]: 100%|██████████| 7/7 [00:00<00:00,  8.01it/s, Loss=0.1101, Acc=98.18%] 


============================================================
EPOCH 50/50 RESULTS
============================================================
Train Loss: 0.053333 | Train Acc: 100.00%
Val Loss:   0.110070 | Val Acc:   98.18%
Val AUC:    0.9955
Learning Rate: 0.000010
============================================================

================================================================================
TRAINING COMPLETED!
================================================================================

============================================================
GENERATING TRAINING HISTORY PLOTS
============================================================

TRAINING SUMMARY:
Final Train Loss: 0.053333
Final Val Loss:   0.110070
Final Train Acc:  100.000%
Final Val Acc:    98.182%
Best Val Acc:     99.545% (Epoch 48)
Lowest Val Loss:  0.092797 (Epoch 49)
Evaluating model...

================================================================================
STARTING MODEL EVALUATION ON TEST SET
================================================================================
Evaluating on Test Set: 100%|██████████| 7/7 [00:00<00:00,  7.12it/s]

============================================================
FINAL TEST SET EVALUATION RESULTS
============================================================
Accuracy:  0.981818 (98.182%)
Precision: 0.982310 (98.231%)
Recall:    0.981818 (98.182%)
F1-Score:  0.981863 (98.186%)
AUC-ROC:   0.995539 (99.554%)
============================================================

PER-CLASS METRICS:
Class    Precision    Recall       F1-Score
------------------------------------------------
0        0.9286       0.9630       0.9455
1        0.9817       1.0000       0.9907
2        1.0000       0.9651       0.9822

================================================================================
EVALUATION COMPLETED!
================================================================================

Model saved as 'base_ccal.pth'
