============================================================
Lung-EffNet — Sequential 70/20/10 Split (No Shuffle)
============================================================
Total images: 1097
  Bengin cases: 120
  Malignant cases: 561
  Normal cases: 416
  [v2.1] val split empty — using test as val for monitoring.

After sequential 70/20/10 split:
  Train: 876 (first 70%)
  Val:   221 (next 20%)
  Test:  221 (last 10%)
    Bengin cases: train=96, val=24, test=24
    Malignant cases: train=448, val=113, test=113
    Normal cases: train=332, val=84, test=84
Train after augmentation: 3140

############################################################
 EfficientNet-B0 | SEQUENTIAL SPLIT
############################################################
  EfficientNet-B0: 4.01M params

============================================================
 Training: EffNet-B0 | 30 epochs | LR=0.001
============================================================
  [  1/30] loss=0.3413/0.5704 acc=0.8495/0.8009 f1=0.7166 lr=1.0e-03 (22.3s) ★
  [  2/30] loss=0.1619/0.4371 acc=0.9394/0.9050 f1=0.7893 lr=1.0e-03 (23.7s) ★
  [  3/30] loss=0.0734/0.7352 acc=0.9726/0.8597 f1=0.7915 lr=1.0e-03 (22.7s)
  [  4/30] loss=0.0554/0.9645 acc=0.9837/0.8597 f1=0.7960 lr=1.0e-03 (23.0s)
  [  5/30] loss=0.0580/0.5750 acc=0.9802/0.8733 f1=0.7997 lr=1.0e-03 (21.6s)
  [  6/30] loss=0.0362/0.9008 acc=0.9904/0.8914 f1=0.8283 lr=1.0e-03 (22.0s)
  [  7/30] loss=0.0415/1.0839 acc=0.9872/0.8507 f1=0.7805 lr=1.0e-03 (22.9s)
  [  8/30] loss=0.0637/0.5212 acc=0.9780/0.8959 f1=0.8130 lr=3.0e-04 (22.8s)
  [  9/30] loss=0.0283/0.6143 acc=0.9908/0.8869 f1=0.8096 lr=3.0e-04 (21.2s)
  ⏹ Early stop at epoch 9 (no improvement for 7 epochs)

============================================================
 TEST RESULTS — EffNet-B0
============================================================
Accuracy:  90.50%
Parameters: 4.01M

              precision    recall  f1-score   support

      Benign       0.59      0.42      0.49        24
   Malignant       1.00      1.00      1.00       113
      Normal       0.85      0.92      0.88        84

    accuracy                           0.90       221
   macro avg       0.81      0.78      0.79       221
weighted avg       0.90      0.90      0.90       221


############################################################
 EfficientNet-B1 | SEQUENTIAL SPLIT
############################################################
  EfficientNet-B1: 6.52M params

============================================================
 Training: EffNet-B1 | 30 epochs | LR=0.001
============================================================
  [  1/30] loss=0.3648/0.6416 acc=0.8374/0.7602 f1=0.7035 lr=1.0e-03 (28.8s) ★
  [  2/30] loss=0.1378/0.8566 acc=0.9528/0.7964 f1=0.7155 lr=1.0e-03 (28.6s) ★
  [  3/30] loss=0.0792/0.5294 acc=0.9739/0.8733 f1=0.7959 lr=1.0e-03 (28.7s) ★
  [  4/30] loss=0.0584/0.9321 acc=0.9799/0.8281 f1=0.7429 lr=1.0e-03 (28.8s)
  [  5/30] loss=0.0383/0.9617 acc=0.9876/0.8507 f1=0.7657 lr=1.0e-03 (28.6s)
  [  6/30] loss=0.0361/0.4958 acc=0.9885/0.8959 f1=0.7875 lr=1.0e-03 (28.4s) ★
  [  7/30] loss=0.0208/0.4669 acc=0.9933/0.9050 f1=0.8321 lr=1.0e-03 (28.8s) ★
  [  8/30] loss=0.0246/1.4811 acc=0.9930/0.8235 f1=0.7432 lr=1.0e-03 (28.6s)
  [  9/30] loss=0.0242/1.5396 acc=0.9911/0.8733 f1=0.8011 lr=1.0e-03 (28.5s)
  [ 10/30] loss=0.0502/0.5857 acc=0.9837/0.8959 f1=0.8199 lr=1.0e-03 (28.6s)
  [ 11/30] loss=0.0580/0.4103 acc=0.9812/0.9005 f1=0.8236 lr=1.0e-03 (28.7s)
  [ 12/30] loss=0.0332/1.3756 acc=0.9911/0.8416 f1=0.7617 lr=1.0e-03 (28.5s)
  [ 13/30] loss=0.0183/1.1031 acc=0.9946/0.8462 f1=0.7547 lr=3.0e-04 (28.4s)
  [ 14/30] loss=0.0085/0.8757 acc=0.9968/0.9095 f1=0.8342 lr=3.0e-04 (28.8s) ★
  [ 15/30] loss=0.0043/0.9012 acc=0.9978/0.8869 f1=0.7992 lr=3.0e-04 (28.4s)
  [ 16/30] loss=0.0014/0.8907 acc=1.0000/0.9005 f1=0.8232 lr=3.0e-04 (28.7s)
  [ 17/30] loss=0.0039/1.0034 acc=0.9984/0.9005 f1=0.8189 lr=3.0e-04 (28.7s)
  [ 18/30] loss=0.0027/1.2893 acc=0.9990/0.8552 f1=0.7746 lr=3.0e-04 (28.1s)
  [ 19/30] loss=0.0027/0.8437 acc=0.9997/0.9005 f1=0.8271 lr=3.0e-04 (28.6s)
  [ 20/30] loss=0.0011/0.8447 acc=0.9997/0.9005 f1=0.8189 lr=9.0e-05 (28.7s)
  [ 21/30] loss=0.0023/0.8829 acc=0.9987/0.8914 f1=0.8071 lr=9.0e-05 (28.4s)
  ⏹ Early stop at epoch 21 (no improvement for 7 epochs)

============================================================
 TEST RESULTS — EffNet-B1
============================================================
Accuracy:  90.95%
Parameters: 6.52M

              precision    recall  f1-score   support

      Benign       0.59      0.67      0.63        24
   Malignant       1.00      0.99      1.00       113
      Normal       0.89      0.87      0.88        84

    accuracy                           0.91       221
   macro avg       0.83      0.84      0.83       221
weighted avg       0.91      0.91      0.91       221


############################################################
 EfficientNet-B2 | SEQUENTIAL SPLIT
############################################################
  EfficientNet-B2: 7.71M params

============================================================
 Training: EffNet-B2 | 30 epochs | LR=0.001
============================================================
  [  1/30] loss=0.3629/0.7707 acc=0.8552/0.7919 f1=0.6923 lr=1.0e-03 (30.8s) ★
  [  2/30] loss=0.1391/0.6907 acc=0.9487/0.7738 f1=0.7041 lr=1.0e-03 (30.6s)
  [  3/30] loss=0.0855/0.8020 acc=0.9735/0.8688 f1=0.8013 lr=1.0e-03 (30.3s) ★
  [  4/30] loss=0.0654/0.7220 acc=0.9770/0.8643 f1=0.7801 lr=1.0e-03 (30.5s)
  [  5/30] loss=0.0538/0.7709 acc=0.9828/0.9050 f1=0.8360 lr=1.0e-03 (30.9s) ★
  [  6/30] loss=0.0479/0.8330 acc=0.9834/0.8914 f1=0.8154 lr=1.0e-03 (30.7s)
  [  7/30] loss=0.0297/0.8005 acc=0.9914/0.8824 f1=0.8109 lr=1.0e-03 (30.7s)
  [  8/30] loss=0.0135/0.6727 acc=0.9952/0.9005 f1=0.8189 lr=1.0e-03 (31.1s)
  [  9/30] loss=0.0270/0.4572 acc=0.9911/0.8959 f1=0.8105 lr=1.0e-03 (30.6s)
  [ 10/30] loss=0.0155/0.7471 acc=0.9959/0.8869 f1=0.8057 lr=1.0e-03 (30.7s)
  [ 11/30] loss=0.0093/0.7760 acc=0.9974/0.9005 f1=0.8271 lr=3.0e-04 (30.9s)
  [ 12/30] loss=0.0082/0.8322 acc=0.9974/0.9050 f1=0.8292 lr=3.0e-04 (30.7s)
  ⏹ Early stop at epoch 12 (no improvement for 7 epochs)

============================================================
 TEST RESULTS — EffNet-B2
============================================================
Accuracy:  90.50%
Parameters: 7.71M

              precision    recall  f1-score   support

      Benign       0.56      0.75      0.64        24
   Malignant       1.00      0.99      1.00       113
      Normal       0.91      0.83      0.87        84

    accuracy                           0.90       221
   macro avg       0.82      0.86      0.84       221
weighted avg       0.92      0.90      0.91       221


############################################################
 EfficientNet-B3 | SEQUENTIAL SPLIT
############################################################
  EfficientNet-B3: 10.70M params

============================================================
 Training: EffNet-B3 | 30 epochs | LR=0.001
============================================================
  [  1/30] loss=0.3683/0.5223 acc=0.8441/0.8507 f1=0.7317 lr=1.0e-03 (40.5s) ★
  [  2/30] loss=0.1448/0.6500 acc=0.9547/0.8778 f1=0.8138 lr=1.0e-03 (40.3s) ★
  [  3/30] loss=0.0781/1.2445 acc=0.9742/0.8190 f1=0.7409 lr=1.0e-03 (40.6s)
  [  4/30] loss=0.0632/0.6769 acc=0.9783/0.8597 f1=0.7726 lr=1.0e-03 (40.4s)
  [  5/30] loss=0.0352/0.7341 acc=0.9895/0.8778 f1=0.8076 lr=1.0e-03 (40.6s)
  [  6/30] loss=0.0301/0.6214 acc=0.9917/0.8688 f1=0.7908 lr=1.0e-03 (40.3s)
  [  7/30] loss=0.0601/1.4710 acc=0.9821/0.8054 f1=0.7283 lr=1.0e-03 (40.2s)
  [  8/30] loss=0.0309/0.7745 acc=0.9911/0.9140 f1=0.8553 lr=1.0e-03 (40.6s) ★
  [  9/30] loss=0.0316/0.4244 acc=0.9908/0.9050 f1=0.7893 lr=1.0e-03 (40.4s)
  [ 10/30] loss=0.0199/0.7263 acc=0.9933/0.9050 f1=0.8332 lr=1.0e-03 (40.3s)
  [ 11/30] loss=0.0254/0.4994 acc=0.9914/0.9095 f1=0.8246 lr=1.0e-03 (40.3s)
  [ 12/30] loss=0.0335/0.6914 acc=0.9898/0.8733 f1=0.7823 lr=1.0e-03 (40.6s)
  [ 13/30] loss=0.0286/1.1418 acc=0.9923/0.8371 f1=0.7639 lr=1.0e-03 (40.5s)
  [ 14/30] loss=0.0329/0.7052 acc=0.9888/0.9050 f1=0.8460 lr=3.0e-04 (40.8s)
  [ 15/30] loss=0.0091/0.8437 acc=0.9978/0.8869 f1=0.8121 lr=3.0e-04 (40.8s)
  ⏹ Early stop at epoch 15 (no improvement for 7 epochs)

============================================================
 TEST RESULTS — EffNet-B3
============================================================
Accuracy:  91.40%
Parameters: 10.70M

              precision    recall  f1-score   support

      Benign       0.57      0.88      0.69        24
   Malignant       1.00      1.00      1.00       113
      Normal       0.96      0.81      0.88        84

    accuracy                           0.91       221
   macro avg       0.84      0.89      0.86       221
weighted avg       0.94      0.91      0.92       221


############################################################
 EfficientNet-B4 | SEQUENTIAL SPLIT
############################################################
  EfficientNet-B4: 17.55M params

============================================================
 Training: EffNet-B4 | 30 epochs | LR=0.001
============================================================
  [  1/30] loss=0.3709/1.4281 acc=0.8453/0.7828 f1=0.6986 lr=1.0e-03 (56.0s) ★
  [  2/30] loss=0.0896/0.7366 acc=0.9697/0.8552 f1=0.7829 lr=1.0e-03 (55.6s) ★
  [  3/30] loss=0.0495/1.5238 acc=0.9834/0.8281 f1=0.7466 lr=1.0e-03 (55.7s)
  [  4/30] loss=0.0447/0.4579 acc=0.9847/0.9095 f1=0.8429 lr=1.0e-03 (55.9s) ★
  [  5/30] loss=0.0292/0.6866 acc=0.9892/0.8778 f1=0.8043 lr=1.0e-03 (55.9s)
  [  6/30] loss=0.0411/0.8901 acc=0.9898/0.8235 f1=0.7406 lr=1.0e-03 (55.7s)
  [  7/30] loss=0.0271/1.2565 acc=0.9901/0.7738 f1=0.6915 lr=1.0e-03 (55.9s)
  [  8/30] loss=0.0208/0.5928 acc=0.9917/0.9140 f1=0.8360 lr=1.0e-03 (55.6s) ★
  [  9/30] loss=0.0236/0.6027 acc=0.9943/0.9005 f1=0.7936 lr=1.0e-03 (55.6s)
  [ 10/30] loss=0.0221/0.8580 acc=0.9930/0.8914 f1=0.8140 lr=1.0e-03 (55.8s)
  [ 11/30] loss=0.0094/0.7745 acc=0.9974/0.8733 f1=0.7964 lr=1.0e-03 (55.8s)
  [ 12/30] loss=0.0105/0.8493 acc=0.9965/0.9005 f1=0.8271 lr=1.0e-03 (55.4s)
  [ 13/30] loss=0.0115/0.7052 acc=0.9962/0.9095 f1=0.8384 lr=1.0e-03 (55.7s)
  [ 14/30] loss=0.0021/1.2918 acc=0.9997/0.8643 f1=0.7818 lr=3.0e-04 (55.5s)
  [ 15/30] loss=0.0022/1.1585 acc=0.9987/0.9186 f1=0.8519 lr=3.0e-04 (55.4s) ★
  [ 16/30] loss=0.0021/1.1005 acc=0.9990/0.9140 f1=0.8455 lr=3.0e-04 (55.8s)
  [ 17/30] loss=0.0009/1.2243 acc=1.0000/0.9050 f1=0.8368 lr=3.0e-04 (55.7s)
  [ 18/30] loss=0.0046/1.1075 acc=0.9987/0.9140 f1=0.8374 lr=3.0e-04 (55.2s)
  [ 19/30] loss=0.0003/1.0817 acc=1.0000/0.9095 f1=0.8354 lr=3.0e-04 (55.6s)
  [ 20/30] loss=0.0012/1.1782 acc=0.9994/0.9050 f1=0.8292 lr=3.0e-04 (55.6s)
  [ 21/30] loss=0.0002/1.1898 acc=1.0000/0.9005 f1=0.8232 lr=9.0e-05 (55.5s)
  [ 22/30] loss=0.0006/1.1681 acc=0.9997/0.9140 f1=0.8416 lr=9.0e-05 (55.9s)
  ⏹ Early stop at epoch 22 (no improvement for 7 epochs)

============================================================
 TEST RESULTS — EffNet-B4
============================================================
Accuracy:  91.86%
Parameters: 17.55M

              precision    recall  f1-score   support

      Benign       0.60      0.75      0.67        24
   Malignant       1.00      1.00      1.00       113
      Normal       0.92      0.86      0.89        84

    accuracy                           0.92       221
   macro avg       0.84      0.87      0.85       221
weighted avg       0.93      0.92      0.92       221


===========================================================================
 COMPARISON: Paper (Leaky) vs Sequential (Honest)
===========================================================================
Model         Paper Acc    Seq Acc    Δ Acc
---------------------------------------------
EffNet-B0        93.67%     90.50%   -3.17%
EffNet-B1        99.10%     90.95%   -8.15%
EffNet-B2        99.10%     90.50%   -8.60%
EffNet-B3        98.19%     91.40%   -6.79%
EffNet-B4        97.29%     91.86%   -5.43%

Generating XAI on best model...

✅ XAI visualizations generated.
