============================================================
Lung-EffNet — Sequential 70/20/10 Split (No Shuffle)
============================================================
Total images: 1097
  Bengin cases: 120
  Malignant cases: 561
  Normal cases: 416
  [v2.1] val split empty — using test as val for monitoring.

After sequential 70/20/10 split:
  Train: 876 (first 70%)
  Val:   221 (next 20%)
  Test:  221 (last 10%)
    Bengin cases: train=96, val=24, test=24
    Malignant cases: train=448, val=113, test=113
    Normal cases: train=332, val=84, test=84
Train after augmentation: 3140

############################################################
 EfficientNet-B0 | SEQUENTIAL SPLIT
############################################################
  EfficientNet-B0: 4.01M params

============================================================
 Training: EffNet-B0 | 30 epochs | LR=0.001
============================================================
  [  1/30] loss=0.3963/0.5120 acc=0.8313/0.8597 f1=0.7639 lr=1.0e-03 (24.6s) ★
  [  2/30] loss=0.1775/0.4435 acc=0.9324/0.8462 f1=0.7580 lr=1.0e-03 (23.6s)
  [  3/30] loss=0.0656/0.5695 acc=0.9739/0.8733 f1=0.7881 lr=1.0e-03 (24.9s) ★
  [  4/30] loss=0.0862/0.5842 acc=0.9732/0.8869 f1=0.7967 lr=1.0e-03 (24.2s) ★
  [  5/30] loss=0.0784/0.5158 acc=0.9739/0.8733 f1=0.7544 lr=1.0e-03 (24.3s)
  [  6/30] loss=0.0405/0.8948 acc=0.9876/0.8371 f1=0.7554 lr=1.0e-03 (24.0s)
  [  7/30] loss=0.0569/0.6208 acc=0.9831/0.9005 f1=0.8092 lr=1.0e-03 (23.8s) ★
  [  8/30] loss=0.0363/0.5058 acc=0.9882/0.9231 f1=0.8583 lr=1.0e-03 (21.7s) ★
  [  9/30] loss=0.0375/0.9208 acc=0.9863/0.7873 f1=0.7050 lr=1.0e-03 (22.6s)
  [ 10/30] loss=0.0296/0.6276 acc=0.9920/0.8643 f1=0.7840 lr=1.0e-03 (21.7s)
  [ 11/30] loss=0.0269/0.6086 acc=0.9920/0.8778 f1=0.7925 lr=1.0e-03 (23.5s)
  [ 12/30] loss=0.0197/0.8899 acc=0.9933/0.9050 f1=0.8065 lr=1.0e-03 (23.9s)
  [ 13/30] loss=0.0097/1.3713 acc=0.9952/0.8462 f1=0.7720 lr=1.0e-03 (24.9s)
  [ 14/30] loss=0.0242/1.4065 acc=0.9901/0.8688 f1=0.7972 lr=3.0e-04 (22.4s)
  [ 15/30] loss=0.0094/0.7190 acc=0.9974/0.8959 f1=0.8157 lr=3.0e-04 (24.3s)
  ⏹ Early stop at epoch 15 (no improvement for 7 epochs)

============================================================
 TEST RESULTS — EffNet-B0
============================================================
Accuracy:  92.31%
Parameters: 4.01M

              precision    recall  f1-score   support

      Benign       0.62      0.75      0.68        24
   Malignant       1.00      1.00      1.00       113
      Normal       0.92      0.87      0.90        84

    accuracy                           0.92       221
   macro avg       0.85      0.87      0.86       221
weighted avg       0.93      0.92      0.93       221


############################################################
 EfficientNet-B1 | SEQUENTIAL SPLIT
############################################################
  EfficientNet-B1: 6.52M params

============================================================
 Training: EffNet-B1 | 30 epochs | LR=0.001
============================================================
  [  1/30] loss=0.3435/0.2705 acc=0.8578/0.9050 f1=0.8096 lr=1.0e-03 (29.0s) ★
  [  2/30] loss=0.1221/0.3093 acc=0.9585/0.9276 f1=0.8603 lr=1.0e-03 (28.7s) ★
  [  3/30] loss=0.0735/0.9070 acc=0.9770/0.8688 f1=0.8049 lr=1.0e-03 (29.0s)
  [  4/30] loss=0.0556/0.3390 acc=0.9809/0.9140 f1=0.8508 lr=1.0e-03 (28.5s)
  [  5/30] loss=0.0555/0.5432 acc=0.9780/0.8824 f1=0.8109 lr=1.0e-03 (28.3s)
  [  6/30] loss=0.0295/0.4039 acc=0.9885/0.9276 f1=0.8775 lr=1.0e-03 (28.5s)
  [  7/30] loss=0.0457/1.1926 acc=0.9837/0.8190 f1=0.7452 lr=1.0e-03 (28.6s)
  [  8/30] loss=0.0244/0.5212 acc=0.9914/0.9140 f1=0.8486 lr=3.0e-04 (28.7s)
  [  9/30] loss=0.0223/0.6332 acc=0.9923/0.9140 f1=0.8582 lr=3.0e-04 (28.6s)
  ⏹ Early stop at epoch 9 (no improvement for 7 epochs)

============================================================
 TEST RESULTS — EffNet-B1
============================================================
Accuracy:  92.76%
Parameters: 6.52M

              precision    recall  f1-score   support

      Benign       0.75      0.62      0.68        24
   Malignant       1.00      0.98      0.99       113
      Normal       0.88      0.94      0.91        84

    accuracy                           0.93       221
   macro avg       0.88      0.85      0.86       221
weighted avg       0.93      0.93      0.93       221


############################################################
 EfficientNet-B2 | SEQUENTIAL SPLIT
############################################################
  EfficientNet-B2: 7.71M params

============================================================
 Training: EffNet-B2 | 30 epochs | LR=0.001
============================================================
  [  1/30] loss=0.3594/0.2151 acc=0.8568/0.9095 f1=0.8159 lr=1.0e-03 (30.6s) ★
  [  2/30] loss=0.1303/0.8876 acc=0.9538/0.8824 f1=0.8170 lr=1.0e-03 (30.6s)
  [  3/30] loss=0.0897/0.4955 acc=0.9719/0.8914 f1=0.8182 lr=1.0e-03 (30.8s)
  [  4/30] loss=0.0835/0.3188 acc=0.9678/0.9321 f1=0.8838 lr=1.0e-03 (30.7s) ★
  [  5/30] loss=0.0705/0.5458 acc=0.9745/0.9005 f1=0.7974 lr=1.0e-03 (30.7s)
  [  6/30] loss=0.0189/0.7647 acc=0.9959/0.8688 f1=0.8000 lr=1.0e-03 (30.8s)
  [  7/30] loss=0.0237/0.4699 acc=0.9917/0.9050 f1=0.8038 lr=1.0e-03 (30.8s)
  [  8/30] loss=0.0385/0.6840 acc=0.9857/0.8914 f1=0.8025 lr=1.0e-03 (30.6s)
  [  9/30] loss=0.0361/0.6963 acc=0.9879/0.9095 f1=0.8214 lr=1.0e-03 (31.0s)
  [ 10/30] loss=0.0275/0.8150 acc=0.9920/0.8597 f1=0.7874 lr=3.0e-04 (30.6s)
  [ 11/30] loss=0.0092/0.8055 acc=0.9981/0.9050 f1=0.8401 lr=3.0e-04 (30.7s)
  ⏹ Early stop at epoch 11 (no improvement for 7 epochs)

============================================================
 TEST RESULTS — EffNet-B2
============================================================
Accuracy:  93.21%
Parameters: 7.71M

              precision    recall  f1-score   support

      Benign       0.66      0.88      0.75        24
   Malignant       0.99      1.00      1.00       113
      Normal       0.96      0.86      0.91        84

    accuracy                           0.93       221
   macro avg       0.87      0.91      0.88       221
weighted avg       0.94      0.93      0.93       221


############################################################
 EfficientNet-B3 | SEQUENTIAL SPLIT
############################################################
  EfficientNet-B3: 10.70M params

============================================================
 Training: EffNet-B3 | 30 epochs | LR=0.001
============================================================
  [  1/30] loss=0.3755/0.4155 acc=0.8444/0.8869 f1=0.7518 lr=1.0e-03 (40.4s) ★
  [  2/30] loss=0.1284/0.5120 acc=0.9576/0.8688 f1=0.7687 lr=1.0e-03 (40.5s)
  [  3/30] loss=0.0838/0.7337 acc=0.9723/0.8824 f1=0.7702 lr=1.0e-03 (40.4s)
  [  4/30] loss=0.0675/0.6922 acc=0.9770/0.8552 f1=0.7679 lr=1.0e-03 (40.5s)
  [  5/30] loss=0.0381/0.7186 acc=0.9869/0.8778 f1=0.7116 lr=1.0e-03 (40.7s)
  [  6/30] loss=0.0424/0.6315 acc=0.9841/0.8190 f1=0.7265 lr=1.0e-03 (40.3s)
  [  7/30] loss=0.0272/0.9235 acc=0.9923/0.8869 f1=0.7177 lr=3.0e-04 (40.7s)
  [  8/30] loss=0.0117/0.7661 acc=0.9965/0.8869 f1=0.7604 lr=3.0e-04 (40.2s)
  ⏹ Early stop at epoch 8 (no improvement for 7 epochs)

============================================================
 TEST RESULTS — EffNet-B3
============================================================
Accuracy:  88.69%
Parameters: 10.70M

              precision    recall  f1-score   support

      Benign       0.70      0.29      0.41        24
   Malignant       1.00      0.96      0.98       113
      Normal       0.79      0.96      0.87        84

    accuracy                           0.89       221
   macro avg       0.83      0.74      0.75       221
weighted avg       0.89      0.89      0.87       221


############################################################
 EfficientNet-B4 | SEQUENTIAL SPLIT
############################################################
  EfficientNet-B4: 17.55M params

============================================================
 Training: EffNet-B4 | 30 epochs | LR=0.001
============================================================
  [  1/30] loss=0.4075/1.3026 acc=0.8256/0.7557 f1=0.6648 lr=1.0e-03 (55.2s) ★
  [  2/30] loss=0.1242/1.4712 acc=0.9550/0.7738 f1=0.6804 lr=1.0e-03 (55.7s) ★
  [  3/30] loss=0.0546/0.6833 acc=0.9818/0.9050 f1=0.8292 lr=1.0e-03 (55.7s) ★
  [  4/30] loss=0.0548/0.8917 acc=0.9818/0.8371 f1=0.7564 lr=1.0e-03 (55.6s)
  [  5/30] loss=0.0291/1.1768 acc=0.9911/0.8371 f1=0.7533 lr=1.0e-03 (55.8s)
  [  6/30] loss=0.0312/0.8112 acc=0.9914/0.8371 f1=0.7518 lr=1.0e-03 (55.5s)
  [  7/30] loss=0.0172/1.0868 acc=0.9943/0.8688 f1=0.7994 lr=1.0e-03 (55.3s)
  [  8/30] loss=0.0315/0.9556 acc=0.9892/0.8462 f1=0.7699 lr=1.0e-03 (55.3s)
  [  9/30] loss=0.0147/1.1877 acc=0.9955/0.8914 f1=0.8025 lr=3.0e-04 (54.9s)
  [ 10/30] loss=0.0076/1.2453 acc=0.9974/0.9005 f1=0.8232 lr=3.0e-04 (55.5s)
  ⏹ Early stop at epoch 10 (no improvement for 7 epochs)

============================================================
 TEST RESULTS — EffNet-B4
============================================================
Accuracy:  90.50%
Parameters: 17.55M

              precision    recall  f1-score   support

      Benign       0.55      0.71      0.62        24
   Malignant       1.00      1.00      1.00       113
      Normal       0.91      0.83      0.87        84

    accuracy                           0.90       221
   macro avg       0.82      0.85      0.83       221
weighted avg       0.92      0.90      0.91       221


===========================================================================
 COMPARISON: Paper (Leaky) vs Sequential (Honest)
===========================================================================
Model         Paper Acc    Seq Acc    Δ Acc
---------------------------------------------
EffNet-B0        93.67%     92.31%   -1.36%
EffNet-B1        99.10%     92.76%   -6.34%
EffNet-B2        99.10%     93.21%   -5.89%
EffNet-B3        98.19%     88.69%   -9.50%
EffNet-B4        97.29%     90.50%   -6.79%

Generating XAI on best model...

✅ XAI visualizations generated.
