Creating CCAL model...
Model Parameters: 703,331
Trainable Parameters: 703,331
[34m[1mwandb[0m: [33mWARNING[0m Calling wandb.login() after wandb.init() has no effect.
Starting training...
Training Epoch 1: 100%|██████████| 28/28 [00:08<00:00,  3.35it/s]
✓ New best model saved! Val Acc: 10.91%
Epoch  1: Train Loss: 1.2891, Train Acc: 34.21% | Val Loss: 1.1612, Val Acc: 10.91%
Training Epoch 2: 100%|██████████| 28/28 [00:08<00:00,  3.40it/s]
Epoch  2: Train Loss: 1.2430, Train Acc: 33.18% | Val Loss: 1.1793, Val Acc: 10.91%
Training Epoch 3: 100%|██████████| 28/28 [00:08<00:00,  3.43it/s]
Epoch  3: Train Loss: 1.3059, Train Acc: 32.27% | Val Loss: 1.1873, Val Acc: 10.91%
Training Epoch 4: 100%|██████████| 28/28 [00:08<00:00,  3.43it/s]
✓ New best model saved! Val Acc: 12.27%
Epoch  4: Train Loss: 1.2374, Train Acc: 32.84% | Val Loss: 1.1668, Val Acc: 12.27%
Training Epoch 5: 100%|██████████| 28/28 [00:08<00:00,  3.42it/s]
✓ New best model saved! Val Acc: 15.00%
Epoch  5: Train Loss: 1.2044, Train Acc: 33.64% | Val Loss: 1.1581, Val Acc: 15.00%
Training Epoch 6: 100%|██████████| 28/28 [00:08<00:00,  3.37it/s]
✓ New best model saved! Val Acc: 20.91%
Epoch  6: Train Loss: 1.1855, Train Acc: 38.43% | Val Loss: 1.1226, Val Acc: 20.91%
Training Epoch 7: 100%|██████████| 28/28 [00:08<00:00,  3.36it/s]
✓ New best model saved! Val Acc: 24.55%
Epoch  7: Train Loss: 1.1699, Train Acc: 38.43% | Val Loss: 1.1049, Val Acc: 24.55%
Training Epoch 8: 100%|██████████| 28/28 [00:08<00:00,  3.38it/s]
✓ New best model saved! Val Acc: 27.73%
Epoch  8: Train Loss: 1.1396, Train Acc: 39.00% | Val Loss: 1.0936, Val Acc: 27.73%
Training Epoch 9: 100%|██████████| 28/28 [00:08<00:00,  3.35it/s]
✓ New best model saved! Val Acc: 34.55%
Epoch  9: Train Loss: 1.1301, Train Acc: 39.79% | Val Loss: 1.0656, Val Acc: 34.55%
Training Epoch 10: 100%|██████████| 28/28 [00:08<00:00,  3.40it/s]
✓ New best model saved! Val Acc: 35.91%
Epoch 10: Train Loss: 1.1602, Train Acc: 39.00% | Val Loss: 1.0674, Val Acc: 35.91%
Training Epoch 11: 100%|██████████| 28/28 [00:08<00:00,  3.40it/s]
✓ New best model saved! Val Acc: 45.91%
Epoch 11: Train Loss: 1.1398, Train Acc: 40.82% | Val Loss: 1.0202, Val Acc: 45.91%
Training Epoch 12: 100%|██████████| 28/28 [00:08<00:00,  3.38it/s]
✓ New best model saved! Val Acc: 48.18%
Epoch 12: Train Loss: 1.0457, Train Acc: 47.09% | Val Loss: 1.0016, Val Acc: 48.18%
Training Epoch 13: 100%|██████████| 28/28 [00:08<00:00,  3.44it/s]
✓ New best model saved! Val Acc: 53.18%
Epoch 13: Train Loss: 1.0550, Train Acc: 44.58% | Val Loss: 0.9637, Val Acc: 53.18%
Training Epoch 14: 100%|██████████| 28/28 [00:08<00:00,  3.45it/s]
✓ New best model saved! Val Acc: 54.09%
Epoch 14: Train Loss: 1.0107, Train Acc: 52.57% | Val Loss: 0.9331, Val Acc: 54.09%
Training Epoch 15: 100%|██████████| 28/28 [00:08<00:00,  3.41it/s]
✓ New best model saved! Val Acc: 70.45%
Epoch 15: Train Loss: 0.9781, Train Acc: 51.20% | Val Loss: 0.8472, Val Acc: 70.45%
Training Epoch 16: 100%|██████████| 28/28 [00:08<00:00,  3.40it/s]
Epoch 16: Train Loss: 0.9184, Train Acc: 57.01% | Val Loss: 0.8068, Val Acc: 69.09%
Training Epoch 17: 100%|██████████| 28/28 [00:08<00:00,  3.42it/s]
✓ New best model saved! Val Acc: 77.73%
Epoch 17: Train Loss: 0.8735, Train Acc: 60.55% | Val Loss: 0.7000, Val Acc: 77.73%
Training Epoch 18: 100%|██████████| 28/28 [00:08<00:00,  3.36it/s]
✓ New best model saved! Val Acc: 80.45%
Epoch 18: Train Loss: 0.8166, Train Acc: 64.88% | Val Loss: 0.6565, Val Acc: 80.45%
Training Epoch 19: 100%|██████████| 28/28 [00:08<00:00,  3.40it/s]
✓ New best model saved! Val Acc: 83.64%
Epoch 19: Train Loss: 0.7527, Train Acc: 69.33% | Val Loss: 0.5893, Val Acc: 83.64%
Training Epoch 20: 100%|██████████| 28/28 [00:08<00:00,  3.43it/s]
Epoch 20: Train Loss: 0.7052, Train Acc: 70.70% | Val Loss: 0.6340, Val Acc: 76.36%
Training Epoch 21: 100%|██████████| 28/28 [00:08<00:00,  3.47it/s]
Epoch 21: Train Loss: 0.6667, Train Acc: 73.43% | Val Loss: 0.6018, Val Acc: 77.27%
Training Epoch 22: 100%|██████████| 28/28 [00:08<00:00,  3.40it/s]
Epoch 22: Train Loss: 0.6142, Train Acc: 75.83% | Val Loss: 0.6039, Val Acc: 77.73%
Training Epoch 23: 100%|██████████| 28/28 [00:08<00:00,  3.41it/s]
Epoch 23: Train Loss: 0.6215, Train Acc: 74.91% | Val Loss: 0.5670, Val Acc: 79.09%
Training Epoch 24: 100%|██████████| 28/28 [00:08<00:00,  3.43it/s]
Epoch 24: Train Loss: 0.5950, Train Acc: 76.97% | Val Loss: 0.4856, Val Acc: 83.18%
Training Epoch 25: 100%|██████████| 28/28 [00:08<00:00,  3.42it/s]
Epoch 25: Train Loss: 0.5786, Train Acc: 78.22% | Val Loss: 0.5195, Val Acc: 83.18%
Training Epoch 26: 100%|██████████| 28/28 [00:08<00:00,  3.39it/s]
✓ New best model saved! Val Acc: 84.09%
Epoch 26: Train Loss: 0.5658, Train Acc: 77.88% | Val Loss: 0.4439, Val Acc: 84.09%
Training Epoch 27: 100%|██████████| 28/28 [00:08<00:00,  3.46it/s]
✓ New best model saved! Val Acc: 84.55%
Epoch 27: Train Loss: 0.5401, Train Acc: 80.27% | Val Loss: 0.4325, Val Acc: 84.55%
Training Epoch 28: 100%|██████████| 28/28 [00:08<00:00,  3.42it/s]
Epoch 28: Train Loss: 0.5496, Train Acc: 78.68% | Val Loss: 0.4354, Val Acc: 84.55%
Training Epoch 29: 100%|██████████| 28/28 [00:08<00:00,  3.39it/s]
Epoch 29: Train Loss: 0.5728, Train Acc: 78.34% | Val Loss: 0.4250, Val Acc: 84.09%
Training Epoch 30: 100%|██████████| 28/28 [00:08<00:00,  3.42it/s]
Epoch 30: Train Loss: 0.5206, Train Acc: 79.48% | Val Loss: 0.5160, Val Acc: 82.73%
Training Epoch 31: 100%|██████████| 28/28 [00:08<00:00,  3.43it/s]
Epoch 31: Train Loss: 0.5655, Train Acc: 79.13% | Val Loss: 0.7365, Val Acc: 74.09%
Training Epoch 32: 100%|██████████| 28/28 [00:08<00:00,  3.42it/s]
Epoch 32: Train Loss: 0.5125, Train Acc: 80.39% | Val Loss: 0.4488, Val Acc: 83.64%
Training Epoch 33: 100%|██████████| 28/28 [00:08<00:00,  3.44it/s]
✓ New best model saved! Val Acc: 85.45%
Epoch 33: Train Loss: 0.4924, Train Acc: 80.73% | Val Loss: 0.4037, Val Acc: 85.45%
Training Epoch 34: 100%|██████████| 28/28 [00:08<00:00,  3.38it/s]
Epoch 34: Train Loss: 0.4904, Train Acc: 81.41% | Val Loss: 0.5611, Val Acc: 73.64%
Training Epoch 35: 100%|██████████| 28/28 [00:08<00:00,  3.38it/s]
Epoch 35: Train Loss: 0.5030, Train Acc: 79.70% | Val Loss: 0.4036, Val Acc: 84.09%
Training Epoch 36: 100%|██████████| 28/28 [00:08<00:00,  3.40it/s]
Epoch 36: Train Loss: 0.5222, Train Acc: 79.02% | Val Loss: 0.4315, Val Acc: 84.55%
Training Epoch 37: 100%|██████████| 28/28 [00:08<00:00,  3.43it/s]
✓ New best model saved! Val Acc: 85.91%
Epoch 37: Train Loss: 0.4831, Train Acc: 81.07% | Val Loss: 0.3877, Val Acc: 85.91%
Training Epoch 38: 100%|██████████| 28/28 [00:08<00:00,  3.36it/s]
Epoch 38: Train Loss: 0.4677, Train Acc: 81.64% | Val Loss: 0.3808, Val Acc: 85.91%
Training Epoch 39: 100%|██████████| 28/28 [00:08<00:00,  3.43it/s]
Epoch 39: Train Loss: 0.4732, Train Acc: 81.76% | Val Loss: 0.3622, Val Acc: 85.91%
Training Epoch 40: 100%|██████████| 28/28 [00:08<00:00,  3.43it/s]
✓ New best model saved! Val Acc: 86.36%
Epoch 40: Train Loss: 0.4792, Train Acc: 80.16% | Val Loss: 0.3632, Val Acc: 86.36%
Training Epoch 41: 100%|██████████| 28/28 [00:08<00:00,  3.42it/s]
Epoch 41: Train Loss: 0.4369, Train Acc: 82.44% | Val Loss: 0.3899, Val Acc: 86.36%
Training Epoch 42: 100%|██████████| 28/28 [00:08<00:00,  3.42it/s]
Epoch 42: Train Loss: 0.4328, Train Acc: 84.04% | Val Loss: 0.3575, Val Acc: 85.91%
Training Epoch 43: 100%|██████████| 28/28 [00:08<00:00,  3.45it/s]
Epoch 43: Train Loss: 0.4383, Train Acc: 82.67% | Val Loss: 0.3443, Val Acc: 86.36%
Training Epoch 44: 100%|██████████| 28/28 [00:08<00:00,  3.44it/s]
Epoch 44: Train Loss: 0.4308, Train Acc: 81.64% | Val Loss: 0.3422, Val Acc: 85.91%
Training Epoch 45: 100%|██████████| 28/28 [00:08<00:00,  3.39it/s]
Epoch 45: Train Loss: 0.4155, Train Acc: 82.90% | Val Loss: 0.5369, Val Acc: 75.45%
Training Epoch 46: 100%|██████████| 28/28 [00:08<00:00,  3.42it/s]
Epoch 46: Train Loss: 0.3818, Train Acc: 85.29% | Val Loss: 0.4388, Val Acc: 83.64%
Training Epoch 47: 100%|██████████| 28/28 [00:08<00:00,  3.44it/s]
Epoch 47: Train Loss: 0.3793, Train Acc: 84.83% | Val Loss: 0.3598, Val Acc: 86.36%
Training Epoch 48: 100%|██████████| 28/28 [00:08<00:00,  3.43it/s]
Epoch 48: Train Loss: 0.3987, Train Acc: 84.72% | Val Loss: 0.6437, Val Acc: 77.27%
Training Epoch 49: 100%|██████████| 28/28 [00:08<00:00,  3.44it/s]
Epoch 49: Train Loss: 0.3829, Train Acc: 85.63% | Val Loss: 0.3660, Val Acc: 86.36%
Training Epoch 50: 100%|██████████| 28/28 [00:08<00:00,  3.43it/s]
✓ New best model saved! Val Acc: 88.18%
Epoch 50: Train Loss: 0.3811, Train Acc: 84.38% | Val Loss: 0.3304, Val Acc: 88.18%

Training completed!
Best model saved at epoch 50 with validation accuracy: 88.18%
Evaluating model...
Testing: 100%|██████████| 7/7 [00:02<00:00,  3.03it/s]

Test Results:
Accuracy:  88.18%
Precision: 87.27%
Recall:    88.18%
F1-Score:  87.49%
AUC:       97.50%
Model saved as 'base_ccal.pth'
