Creating CCAL model...
Model Parameters: 703,331
Trainable Parameters: 703,331
[34m[1mwandb[0m: [33mWARNING[0m Calling wandb.login() after wandb.init() has no effect.
Starting training...
Training Epoch 1: 100%|██████████| 28/28 [00:04<00:00,  6.61it/s]
✓ New best model saved! Val Acc: 11.82%
Epoch  1: Train Loss: 1.1755, Train Acc: 37.17% | Val Loss: 1.1303, Val Acc: 11.82%
Training Epoch 2: 100%|██████████| 28/28 [00:04<00:00,  6.49it/s]
✓ New best model saved! Val Acc: 20.45%
Epoch  2: Train Loss: 1.0950, Train Acc: 45.38% | Val Loss: 1.0998, Val Acc: 20.45%
Training Epoch 3: 100%|██████████| 28/28 [00:04<00:00,  6.68it/s]
✓ New best model saved! Val Acc: 43.64%
Epoch  3: Train Loss: 1.0175, Train Acc: 50.29% | Val Loss: 1.1362, Val Acc: 43.64%
Training Epoch 4: 100%|██████████| 28/28 [00:04<00:00,  6.52it/s]
✓ New best model saved! Val Acc: 70.00%
Epoch  4: Train Loss: 0.9235, Train Acc: 58.15% | Val Loss: 0.7724, Val Acc: 70.00%
Training Epoch 5: 100%|██████████| 28/28 [00:04<00:00,  6.60it/s]
Epoch  5: Train Loss: 0.8680, Train Acc: 63.17% | Val Loss: 0.9707, Val Acc: 57.73%
Training Epoch 6: 100%|██████████| 28/28 [00:04<00:00,  6.51it/s]
✓ New best model saved! Val Acc: 75.45%
Epoch  6: Train Loss: 0.7587, Train Acc: 68.07% | Val Loss: 0.5751, Val Acc: 75.45%
Training Epoch 7: 100%|██████████| 28/28 [00:04<00:00,  6.68it/s]
Epoch  7: Train Loss: 0.6338, Train Acc: 75.37% | Val Loss: 0.8786, Val Acc: 55.45%
Training Epoch 8: 100%|██████████| 28/28 [00:04<00:00,  6.64it/s]
Epoch  8: Train Loss: 0.5554, Train Acc: 77.31% | Val Loss: 1.0358, Val Acc: 61.82%
Training Epoch 9: 100%|██████████| 28/28 [00:04<00:00,  6.53it/s]
✓ New best model saved! Val Acc: 84.55%
Epoch  9: Train Loss: 0.5037, Train Acc: 81.53% | Val Loss: 0.4297, Val Acc: 84.55%
Training Epoch 10: 100%|██████████| 28/28 [00:04<00:00,  6.65it/s]
Epoch 10: Train Loss: 0.4790, Train Acc: 82.33% | Val Loss: 0.5517, Val Acc: 76.82%
Training Epoch 11: 100%|██████████| 28/28 [00:04<00:00,  6.50it/s]
Epoch 11: Train Loss: 0.4431, Train Acc: 82.67% | Val Loss: 0.9219, Val Acc: 63.18%
Training Epoch 12: 100%|██████████| 28/28 [00:04<00:00,  6.57it/s]
Epoch 12: Train Loss: 0.4296, Train Acc: 83.35% | Val Loss: 1.1651, Val Acc: 58.64%
Training Epoch 13: 100%|██████████| 28/28 [00:04<00:00,  6.60it/s]
Epoch 13: Train Loss: 0.4029, Train Acc: 84.15% | Val Loss: 1.7123, Val Acc: 60.45%
Training Epoch 14: 100%|██████████| 28/28 [00:04<00:00,  6.59it/s]
Epoch 14: Train Loss: 0.3886, Train Acc: 84.38% | Val Loss: 0.5586, Val Acc: 79.55%
Training Epoch 15:  82%|████████▏ | 23/28 [00:03<00:00,  6.14it/s]
[34m[1mwandb[0m: [33mWARNING[0m Calling wandb.login() after wandb.init() has no effect.
