============================================================
Lung-EffNet — Sequential 70/20/10 Split (No Shuffle)
============================================================
Total images: 1097
  Bengin cases: 120
  Malignant cases: 561
  Normal cases: 416
  [v2.1] val split empty — using test as val for monitoring.

After sequential 70/20/10 split:
  Train: 876 (first 70%)
  Val:   221 (next 20%)
  Test:  221 (last 10%)
    Bengin cases: train=96, val=24, test=24
    Malignant cases: train=448, val=113, test=113
    Normal cases: train=332, val=84, test=84
Train after augmentation: 3140

############################################################
 EfficientNet-B0 | SEQUENTIAL SPLIT
############################################################
  EfficientNet-B0: 4.01M params

============================================================
 Training: EffNet-B0 | 30 epochs | LR=0.001
============================================================
  [  1/30] loss=0.3801/0.4986 acc=0.8307/0.8371 f1=0.7297 lr=1.0e-03 (24.4s) ★
  [  2/30] loss=0.1741/0.5734 acc=0.9378/0.8688 f1=0.7945 lr=1.0e-03 (24.2s) ★
  [  3/30] loss=0.0892/1.1340 acc=0.9694/0.8281 f1=0.7540 lr=1.0e-03 (24.0s)
  [  4/30] loss=0.0574/3.5592 acc=0.9799/0.6652 f1=0.5874 lr=1.0e-03 (23.5s)
  [  5/30] loss=0.0848/1.1438 acc=0.9703/0.8009 f1=0.7227 lr=1.0e-03 (24.3s)
  [  6/30] loss=0.0497/0.7535 acc=0.9850/0.8552 f1=0.7831 lr=1.0e-03 (24.0s)
  [  7/30] loss=0.0447/0.7895 acc=0.9837/0.8688 f1=0.7941 lr=1.0e-03 (24.3s)
  [  8/30] loss=0.0217/1.3511 acc=0.9927/0.8235 f1=0.7364 lr=3.0e-04 (23.4s)
  [  9/30] loss=0.0140/0.9037 acc=0.9955/0.8914 f1=0.8190 lr=3.0e-04 (23.9s) ★
  [ 10/30] loss=0.0109/0.8928 acc=0.9962/0.8778 f1=0.8007 lr=3.0e-04 (23.9s)
  [ 11/30] loss=0.0049/1.0566 acc=0.9987/0.8416 f1=0.7617 lr=3.0e-04 (23.0s)
  [ 12/30] loss=0.0048/0.8593 acc=0.9990/0.8824 f1=0.8039 lr=3.0e-04 (22.8s)
  [ 13/30] loss=0.0024/0.9966 acc=0.9990/0.8643 f1=0.7929 lr=3.0e-04 (23.1s)
  [ 14/30] loss=0.0019/0.9745 acc=1.0000/0.8778 f1=0.8083 lr=3.0e-04 (23.0s)
  [ 15/30] loss=0.0019/0.9643 acc=0.9994/0.8688 f1=0.7922 lr=9.0e-05 (23.6s)
  [ 16/30] loss=0.0017/1.0186 acc=0.9994/0.8824 f1=0.8109 lr=9.0e-05 (24.1s)
  ⏹ Early stop at epoch 16 (no improvement for 7 epochs)

============================================================
 TEST RESULTS — EffNet-B0
============================================================
Accuracy:  89.14%
Parameters: 4.01M

              precision    recall  f1-score   support

      Benign       0.50      0.79      0.61        24
   Malignant       1.00      1.00      1.00       113
      Normal       0.93      0.77      0.84        84

    accuracy                           0.89       221
   macro avg       0.81      0.86      0.82       221
weighted avg       0.92      0.89      0.90       221


############################################################
 EfficientNet-B1 | SEQUENTIAL SPLIT
############################################################
  EfficientNet-B1: 6.52M params

============================================================
 Training: EffNet-B1 | 30 epochs | LR=0.001
============================================================
  [  1/30] loss=0.3712/0.3062 acc=0.8466/0.8959 f1=0.7882 lr=1.0e-03 (28.9s) ★
  [  2/30] loss=0.1222/0.6163 acc=0.9614/0.8235 f1=0.6750 lr=1.0e-03 (28.5s)
  [  3/30] loss=0.0784/1.2414 acc=0.9739/0.7511 f1=0.6569 lr=1.0e-03 (28.6s)
  [  4/30] loss=0.0502/0.4878 acc=0.9831/0.8733 f1=0.8078 lr=1.0e-03 (28.9s)
  [  5/30] loss=0.0587/0.7106 acc=0.9802/0.9005 f1=0.8362 lr=1.0e-03 (28.3s) ★
  [  6/30] loss=0.0320/0.6817 acc=0.9901/0.8597 f1=0.7600 lr=1.0e-03 (28.6s)
  [  7/30] loss=0.0346/0.8721 acc=0.9882/0.8597 f1=0.7764 lr=1.0e-03 (28.6s)
  [  8/30] loss=0.0570/0.7981 acc=0.9805/0.8597 f1=0.7808 lr=1.0e-03 (28.7s)
  [  9/30] loss=0.0493/0.8952 acc=0.9834/0.9050 f1=0.8300 lr=1.0e-03 (28.4s) ★
  [ 10/30] loss=0.0314/0.7650 acc=0.9885/0.8959 f1=0.8313 lr=1.0e-03 (28.7s)
  [ 11/30] loss=0.0261/0.7735 acc=0.9920/0.8597 f1=0.7874 lr=1.0e-03 (28.7s)
  [ 12/30] loss=0.0227/1.2968 acc=0.9933/0.8824 f1=0.7957 lr=1.0e-03 (28.6s)
  [ 13/30] loss=0.0179/0.7831 acc=0.9939/0.9231 f1=0.8583 lr=1.0e-03 (29.0s) ★
  [ 14/30] loss=0.0109/1.0559 acc=0.9978/0.8824 f1=0.8140 lr=1.0e-03 (28.9s)
  [ 15/30] loss=0.0229/0.9313 acc=0.9939/0.8688 f1=0.7716 lr=1.0e-03 (28.7s)
  [ 16/30] loss=0.0151/1.0722 acc=0.9946/0.9095 f1=0.8311 lr=1.0e-03 (28.6s)
  [ 17/30] loss=0.0057/1.2201 acc=0.9990/0.8778 f1=0.8068 lr=1.0e-03 (28.5s)
  [ 18/30] loss=0.0080/4.4839 acc=0.9971/0.7692 f1=0.6821 lr=1.0e-03 (28.9s)
  [ 19/30] loss=0.0377/1.2623 acc=0.9882/0.8462 f1=0.7639 lr=3.0e-04 (28.7s)
  [ 20/30] loss=0.0094/0.6959 acc=0.9959/0.9186 f1=0.8554 lr=3.0e-04 (28.6s)
  ⏹ Early stop at epoch 20 (no improvement for 7 epochs)

============================================================
 TEST RESULTS — EffNet-B1
============================================================
Accuracy:  92.31%
Parameters: 6.52M

              precision    recall  f1-score   support

      Benign       0.62      0.75      0.68        24
   Malignant       1.00      1.00      1.00       113
      Normal       0.92      0.87      0.90        84

    accuracy                           0.92       221
   macro avg       0.85      0.87      0.86       221
weighted avg       0.93      0.92      0.93       221


############################################################
 EfficientNet-B2 | SEQUENTIAL SPLIT
############################################################
  EfficientNet-B2: 7.71M params

============================================================
 Training: EffNet-B2 | 30 epochs | LR=0.001
============================================================
  [  1/30] loss=0.3818/0.4664 acc=0.8463/0.7964 f1=0.6954 lr=1.0e-03 (30.9s) ★
  [  2/30] loss=0.1294/0.6810 acc=0.9592/0.8914 f1=0.8233 lr=1.0e-03 (30.5s) ★
  [  3/30] loss=0.1185/0.6665 acc=0.9579/0.8688 f1=0.7895 lr=1.0e-03 (30.9s)
  [  4/30] loss=0.0650/0.7075 acc=0.9780/0.8688 f1=0.7792 lr=1.0e-03 (30.8s)
  [  5/30] loss=0.0490/0.7301 acc=0.9834/0.8824 f1=0.8064 lr=1.0e-03 (30.5s)
  [  6/30] loss=0.0241/1.3638 acc=0.9927/0.8688 f1=0.7746 lr=1.0e-03 (30.7s)
  [  7/30] loss=0.0392/0.7995 acc=0.9860/0.8824 f1=0.7957 lr=1.0e-03 (30.7s)
  [  8/30] loss=0.0324/1.5771 acc=0.9914/0.9186 f1=0.8639 lr=1.0e-03 (30.8s) ★
  [  9/30] loss=0.0347/0.4963 acc=0.9898/0.9186 f1=0.8480 lr=1.0e-03 (31.0s)
  [ 10/30] loss=0.0511/0.8764 acc=0.9847/0.8597 f1=0.7994 lr=1.0e-03 (30.8s)
  [ 11/30] loss=0.0455/0.4769 acc=0.9841/0.9231 f1=0.8616 lr=1.0e-03 (30.7s) ★
  [ 12/30] loss=0.0134/0.5606 acc=0.9965/0.9321 f1=0.8808 lr=1.0e-03 (30.8s) ★
  [ 13/30] loss=0.0176/1.4743 acc=0.9946/0.7466 f1=0.6535 lr=1.0e-03 (30.6s)
  [ 14/30] loss=0.0201/0.6961 acc=0.9936/0.9050 f1=0.8328 lr=1.0e-03 (31.0s)
  [ 15/30] loss=0.0037/0.8374 acc=0.9994/0.8959 f1=0.8133 lr=1.0e-03 (30.8s)
  [ 16/30] loss=0.0153/0.6102 acc=0.9946/0.8959 f1=0.8249 lr=1.0e-03 (31.1s)
  [ 17/30] loss=0.0214/1.2014 acc=0.9933/0.8597 f1=0.7832 lr=1.0e-03 (30.6s)
  [ 18/30] loss=0.0267/1.1847 acc=0.9908/0.9095 f1=0.8265 lr=3.0e-04 (30.9s)
  [ 19/30] loss=0.0156/1.3579 acc=0.9936/0.8778 f1=0.8024 lr=3.0e-04 (30.7s)
  ⏹ Early stop at epoch 19 (no improvement for 7 epochs)

============================================================
 TEST RESULTS — EffNet-B2
============================================================
Accuracy:  93.21%
Parameters: 7.71M

              precision    recall  f1-score   support

      Benign       0.64      0.88      0.74        24
   Malignant       1.00      1.00      1.00       113
      Normal       0.96      0.86      0.91        84

    accuracy                           0.93       221
   macro avg       0.87      0.91      0.88       221
weighted avg       0.95      0.93      0.94       221


############################################################
 EfficientNet-B3 | SEQUENTIAL SPLIT
############################################################
  EfficientNet-B3: 10.70M params

============================================================
 Training: EffNet-B3 | 30 epochs | LR=0.001
============================================================
  [  1/30] loss=0.3702/0.4837 acc=0.8460/0.8507 f1=0.7535 lr=1.0e-03 (40.6s) ★
  [  2/30] loss=0.1303/0.5075 acc=0.9560/0.9050 f1=0.7967 lr=1.0e-03 (40.8s) ★
  [  3/30] loss=0.0601/0.5705 acc=0.9809/0.8235 f1=0.7398 lr=1.0e-03 (40.7s)
  [  4/30] loss=0.0574/0.5054 acc=0.9802/0.8778 f1=0.7641 lr=1.0e-03 (40.2s)
  [  5/30] loss=0.0586/1.1722 acc=0.9818/0.8235 f1=0.7447 lr=1.0e-03 (40.4s)
  [  6/30] loss=0.0376/0.8629 acc=0.9853/0.8733 f1=0.8027 lr=1.0e-03 (40.6s)
  [  7/30] loss=0.0203/0.6482 acc=0.9933/0.8869 f1=0.7861 lr=1.0e-03 (40.6s)
  [  8/30] loss=0.0239/0.5986 acc=0.9920/0.9005 f1=0.8189 lr=3.0e-04 (40.7s)
  [  9/30] loss=0.0100/0.7657 acc=0.9978/0.8959 f1=0.8199 lr=3.0e-04 (40.4s)
  ⏹ Early stop at epoch 9 (no improvement for 7 epochs)

============================================================
 TEST RESULTS — EffNet-B3
============================================================
Accuracy:  90.50%
Parameters: 10.70M

              precision    recall  f1-score   support

      Benign       0.58      0.46      0.51        24
   Malignant       1.00      1.00      1.00       113
      Normal       0.85      0.90      0.88        84

    accuracy                           0.90       221
   macro avg       0.81      0.79      0.80       221
weighted avg       0.90      0.90      0.90       221


############################################################
 EfficientNet-B4 | SEQUENTIAL SPLIT
############################################################
  EfficientNet-B4: 17.55M params

============================================================
 Training: EffNet-B4 | 30 epochs | LR=0.001
============================================================
  [  1/30] loss=0.3876/0.5382 acc=0.8310/0.8416 f1=0.7586 lr=1.0e-03 (55.4s) ★
  [  2/30] loss=0.0978/0.4437 acc=0.9691/0.8959 f1=0.8233 lr=1.0e-03 (55.6s) ★
  [  3/30] loss=0.0567/1.0514 acc=0.9793/0.8824 f1=0.8039 lr=1.0e-03 (55.7s)
  [  4/30] loss=0.0493/1.0039 acc=0.9828/0.8959 f1=0.7915 lr=1.0e-03 (55.4s)
  [  5/30] loss=0.0278/0.8578 acc=0.9927/0.9186 f1=0.8480 lr=1.0e-03 (55.8s) ★
  [  6/30] loss=0.0263/0.8530 acc=0.9904/0.8869 f1=0.8166 lr=1.0e-03 (55.5s)
  [  7/30] loss=0.0253/0.9424 acc=0.9920/0.9140 f1=0.8553 lr=1.0e-03 (55.2s)
  [  8/30] loss=0.0270/1.2302 acc=0.9901/0.9095 f1=0.8393 lr=1.0e-03 (55.5s)
  [  9/30] loss=0.0115/1.3887 acc=0.9949/0.9005 f1=0.8375 lr=1.0e-03 (55.9s)
  [ 10/30] loss=0.0204/0.7926 acc=0.9933/0.8914 f1=0.8025 lr=1.0e-03 (55.5s)
  [ 11/30] loss=0.0275/0.9529 acc=0.9920/0.9231 f1=0.8650 lr=1.0e-03 (55.1s) ★
  [ 12/30] loss=0.0141/0.9595 acc=0.9959/0.9005 f1=0.8341 lr=1.0e-03 (55.5s)
  [ 13/30] loss=0.0065/0.9756 acc=0.9984/0.9231 f1=0.8646 lr=1.0e-03 (55.7s)
  [ 14/30] loss=0.0246/1.0091 acc=0.9930/0.8959 f1=0.8083 lr=1.0e-03 (55.2s)
  [ 15/30] loss=0.0091/1.2128 acc=0.9955/0.8778 f1=0.7936 lr=1.0e-03 (55.1s)
  [ 16/30] loss=0.0456/0.6214 acc=0.9917/0.8959 f1=0.8254 lr=1.0e-03 (55.2s)
  [ 17/30] loss=0.0570/0.7129 acc=0.9831/0.8552 f1=0.7673 lr=3.0e-04 (55.7s)
  [ 18/30] loss=0.0062/0.6473 acc=0.9984/0.8778 f1=0.7855 lr=3.0e-04 (55.7s)
  ⏹ Early stop at epoch 18 (no improvement for 7 epochs)

============================================================
 TEST RESULTS — EffNet-B4
============================================================
Accuracy:  92.31%
Parameters: 17.55M

              precision    recall  f1-score   support

      Benign       0.63      0.79      0.70        24
   Malignant       1.00      0.99      1.00       113
      Normal       0.92      0.87      0.90        84

    accuracy                           0.92       221
   macro avg       0.85      0.88      0.86       221
weighted avg       0.93      0.92      0.93       221


===========================================================================
 COMPARISON: Paper (Leaky) vs Sequential (Honest)
===========================================================================
Model         Paper Acc    Seq Acc    Δ Acc
---------------------------------------------
EffNet-B0        93.67%     89.14%   -4.53%
EffNet-B1        99.10%     92.31%   -6.79%
EffNet-B2        99.10%     93.21%   -5.89%
EffNet-B3        98.19%     90.50%   -7.69%
EffNet-B4        97.29%     92.31%   -4.98%

Generating XAI on best model...

✅ XAI visualizations generated.
