Loading dataset...
Creating CCAL model...
Model Parameters: 631,203
Trainable Parameters: 631,203
Starting training...
Epoch 1/50 [Train]:  68%|██████▊   | 15/22 [00:03<00:00,  7.76it/s, Loss=1.0509, Acc=50.83%]
torch.Size([32, 256])
torch.Size([32, 32])
torch.Size([32, 256])
torch.Size([32, 32])
torch.Size([32, 256])
torch.Size([32, 32])
torch.Size([32, 256])
torch.Size([32, 32])
torch.Size([32, 256])
torch.Size([32, 32])
torch.Size([32, 256])
torch.Size([32, 32])
torch.Size([32, 256])
torch.Size([32, 32])
torch.Size([32, 256])
torch.Size([32, 32])
torch.Size([32, 256])
torch.Size([32, 32])
torch.Size([32, 256])
torch.Size([32, 32])
torch.Size([32, 256])
torch.Size([32, 32])
torch.Size([32, 256])
torch.Size([32, 32])
torch.Size([32, 256])
torch.Size([32, 32])
torch.Size([32, 256])
torch.Size([32, 32])
torch.Size([32, 256])
torch.Size([32, 32])
torch.Size([32, 256])
torch.Size([32, 32])
torch.Size([32, 256])
torch.Size([32, 32])
torch.Size([32, 256])
torch.Size([32, 32])
torch.Size([32, 256])
torch.Size([32, 32])
torch.Size([32, 256])
torch.Size([32, 32])
torch.Size([32, 256])
torch.Size([32, 32])
torch.Size([30, 256])
torch.Size([30, 32])
torch.Size([32, 256])
torch.Size([32, 32])
torch.Size([32, 256])
torch.Size([32, 32])
torch.Size([32, 256])
torch.Size([32, 32])
torch.Size([32, 256])
torch.Size([32, 32])
torch.Size([32, 256])
torch.Size([32, 32])
torch.Size([15, 256])
torch.Size([15, 32])
Epoch [1/50] - Train Loss: 1.0066, Train Acc: 53.70%, Val Loss: 1.0388, Val Acc: 46.29%
Epoch 2/50 [Train]:  68%|██████▊   | 15/22 [00:01<00:00,  9.98it/s, Loss=0.6664, Acc=73.33%]
torch.Size([32, 256])
torch.Size([32, 32])
torch.Size([32, 256])
torch.Size([32, 32])
torch.Size([32, 256])
torch.Size([32, 32])
torch.Size([32, 256])
torch.Size([32, 32])
torch.Size([32, 256])
torch.Size([32, 32])
torch.Size([32, 256])
torch.Size([32, 32])
torch.Size([32, 256])
torch.Size([32, 32])
torch.Size([32, 256])
torch.Size([32, 32])
torch.Size([32, 256])
torch.Size([32, 32])
torch.Size([32, 256])
torch.Size([32, 32])
torch.Size([32, 256])
torch.Size([32, 32])
torch.Size([32, 256])
torch.Size([32, 32])
torch.Size([32, 256])
torch.Size([32, 32])
torch.Size([32, 256])
torch.Size([32, 32])
torch.Size([32, 256])
torch.Size([32, 32])
torch.Size([32, 256])
torch.Size([32, 32])
torch.Size([32, 256])
torch.Size([32, 32])
torch.Size([32, 256])
torch.Size([32, 32])
torch.Size([32, 256])
torch.Size([32, 32])
torch.Size([32, 256])
torch.Size([32, 32])
torch.Size([32, 256])
torch.Size([32, 32])
torch.Size([30, 256])
torch.Size([30, 32])
torch.Size([32, 256])
torch.Size([32, 32])
torch.Size([32, 256])
torch.Size([32, 32])
torch.Size([32, 256])
torch.Size([32, 32])
torch.Size([32, 256])
torch.Size([32, 32])
torch.Size([32, 256])
torch.Size([32, 32])
torch.Size([15, 256])
torch.Size([15, 32])
Epoch [2/50] - Train Loss: 0.5777, Train Acc: 77.64%, Val Loss: 0.7093, Val Acc: 86.86%
Epoch 3/50 [Train]:  68%|██████▊   | 15/22 [00:01<00:00, 10.19it/s, Loss=0.4270, Acc=84.58%]
torch.Size([32, 256])
torch.Size([32, 32])
torch.Size([32, 256])
torch.Size([32, 32])
torch.Size([32, 256])
torch.Size([32, 32])
torch.Size([32, 256])
torch.Size([32, 32])
torch.Size([32, 256])
torch.Size([32, 32])
torch.Size([32, 256])
torch.Size([32, 32])
torch.Size([32, 256])
torch.Size([32, 32])
torch.Size([32, 256])
torch.Size([32, 32])
torch.Size([32, 256])
torch.Size([32, 32])
torch.Size([32, 256])
torch.Size([32, 32])
torch.Size([32, 256])
torch.Size([32, 32])
torch.Size([32, 256])
torch.Size([32, 32])
torch.Size([32, 256])
torch.Size([32, 32])
torch.Size([32, 256])
torch.Size([32, 32])
torch.Size([32, 256])
torch.Size([32, 32])
torch.Size([32, 256])
torch.Size([32, 32])
torch.Size([32, 256])
torch.Size([32, 32])
torch.Size([32, 256])
torch.Size([32, 32])
torch.Size([32, 256])
torch.Size([32, 32])
torch.Size([32, 256])
torch.Size([32, 32])
torch.Size([32, 256])
torch.Size([32, 32])
torch.Size([30, 256])
torch.Size([30, 32])
torch.Size([32, 256])
torch.Size([32, 32])
torch.Size([32, 256])
torch.Size([32, 32])
torch.Size([32, 256])
torch.Size([32, 32])
torch.Size([32, 256])
torch.Size([32, 32])
torch.Size([32, 256])
torch.Size([32, 32])
torch.Size([15, 256])
torch.Size([15, 32])
Epoch [3/50] - Train Loss: 0.4121, Train Acc: 84.90%, Val Loss: 1.0641, Val Acc: 50.86%
Epoch 4/50 [Train]:  68%|██████▊   | 15/22 [00:01<00:00, 10.39it/s, Loss=0.3202, Acc=87.29%]
torch.Size([32, 256])
torch.Size([32, 32])
torch.Size([32, 256])
torch.Size([32, 32])
torch.Size([32, 256])
torch.Size([32, 32])
torch.Size([32, 256])
torch.Size([32, 32])
torch.Size([32, 256])
torch.Size([32, 32])
torch.Size([32, 256])
torch.Size([32, 32])
torch.Size([32, 256])
torch.Size([32, 32])
torch.Size([32, 256])
torch.Size([32, 32])
torch.Size([32, 256])
torch.Size([32, 32])
torch.Size([32, 256])
torch.Size([32, 32])
torch.Size([32, 256])
torch.Size([32, 32])
torch.Size([32, 256])
torch.Size([32, 32])
torch.Size([32, 256])
torch.Size([32, 32])
torch.Size([32, 256])
torch.Size([32, 32])
torch.Size([32, 256])
torch.Size([32, 32])
torch.Size([32, 256])
torch.Size([32, 32])
torch.Size([32, 256])
torch.Size([32, 32])
torch.Size([32, 256])
torch.Size([32, 32])
torch.Size([32, 256])
torch.Size([32, 32])
torch.Size([32, 256])
torch.Size([32, 32])
torch.Size([32, 256])
torch.Size([32, 32])
torch.Size([30, 256])
torch.Size([30, 32])
torch.Size([32, 256])
torch.Size([32, 32])
torch.Size([32, 256])
torch.Size([32, 32])
torch.Size([32, 256])
torch.Size([32, 32])
torch.Size([32, 256])
torch.Size([32, 32])
torch.Size([32, 256])
torch.Size([32, 32])
torch.Size([15, 256])
torch.Size([15, 32])
Epoch [4/50] - Train Loss: 0.3047, Train Acc: 87.89%, Val Loss: 0.2937, Val Acc: 89.14%
Epoch 5/50 [Train]:  68%|██████▊   | 15/22 [00:01<00:00,  8.56it/s, Loss=0.2765, Acc=90.83%]
torch.Size([32, 256])
torch.Size([32, 32])
torch.Size([32, 256])
torch.Size([32, 32])
torch.Size([32, 256])
torch.Size([32, 32])
torch.Size([32, 256])
torch.Size([32, 32])
torch.Size([32, 256])
torch.Size([32, 32])
torch.Size([32, 256])
torch.Size([32, 32])
torch.Size([32, 256])
torch.Size([32, 32])
torch.Size([32, 256])
torch.Size([32, 32])
torch.Size([32, 256])
torch.Size([32, 32])
torch.Size([32, 256])
torch.Size([32, 32])
torch.Size([32, 256])
torch.Size([32, 32])
torch.Size([32, 256])
torch.Size([32, 32])
torch.Size([32, 256])
torch.Size([32, 32])
torch.Size([32, 256])
torch.Size([32, 32])
torch.Size([32, 256])
torch.Size([32, 32])
torch.Size([32, 256])
torch.Size([32, 32])
torch.Size([32, 256])
torch.Size([32, 32])
torch.Size([32, 256])
torch.Size([32, 32])
torch.Size([32, 256])
torch.Size([32, 32])
torch.Size([32, 256])
torch.Size([32, 32])
torch.Size([32, 256])
torch.Size([32, 32])
torch.Size([30, 256])
torch.Size([30, 32])
torch.Size([32, 256])
torch.Size([32, 32])
torch.Size([32, 256])
torch.Size([32, 32])
torch.Size([32, 256])
torch.Size([32, 32])
torch.Size([32, 256])
torch.Size([32, 32])
torch.Size([32, 256])
torch.Size([32, 32])
torch.Size([15, 256])
torch.Size([15, 32])
Epoch [5/50] - Train Loss: 0.2513, Train Acc: 91.60%, Val Loss: 11.3491, Val Acc: 39.43%
Epoch 6/50 [Train]:  68%|██████▊   | 15/22 [00:01<00:00, 10.18it/s, Loss=0.2937, Acc=88.54%]
torch.Size([32, 256])
torch.Size([32, 32])
torch.Size([32, 256])
torch.Size([32, 32])
torch.Size([32, 256])
torch.Size([32, 32])
torch.Size([32, 256])
torch.Size([32, 32])
torch.Size([32, 256])
torch.Size([32, 32])
torch.Size([32, 256])
torch.Size([32, 32])
torch.Size([32, 256])
torch.Size([32, 32])
torch.Size([32, 256])
torch.Size([32, 32])
torch.Size([32, 256])
torch.Size([32, 32])
torch.Size([32, 256])
torch.Size([32, 32])
torch.Size([32, 256])
torch.Size([32, 32])
torch.Size([32, 256])
torch.Size([32, 32])
torch.Size([32, 256])
torch.Size([32, 32])
torch.Size([32, 256])
torch.Size([32, 32])
torch.Size([32, 256])
torch.Size([32, 32])
torch.Size([32, 256])
torch.Size([32, 32])
torch.Size([32, 256])
torch.Size([32, 32])
torch.Size([32, 256])
torch.Size([32, 32])
torch.Size([32, 256])
torch.Size([32, 32])
torch.Size([32, 256])
torch.Size([32, 32])
torch.Size([32, 256])
torch.Size([32, 32])
torch.Size([30, 256])
torch.Size([30, 32])
torch.Size([32, 256])
torch.Size([32, 32])
torch.Size([32, 256])
torch.Size([32, 32])
torch.Size([32, 256])
torch.Size([32, 32])
torch.Size([32, 256])
torch.Size([32, 32])
torch.Size([32, 256])
torch.Size([32, 32])
torch.Size([15, 256])
torch.Size([15, 32])
Epoch [6/50] - Train Loss: 0.2599, Train Acc: 89.89%, Val Loss: 0.1878, Val Acc: 91.43%
Epoch 7/50 [Train]:  68%|██████▊   | 15/22 [00:01<00:00, 10.20it/s, Loss=0.1591, Acc=94.17%]
torch.Size([32, 256])
torch.Size([32, 32])
torch.Size([32, 256])
torch.Size([32, 32])
torch.Size([32, 256])
torch.Size([32, 32])
torch.Size([32, 256])
torch.Size([32, 32])
torch.Size([32, 256])
torch.Size([32, 32])
torch.Size([32, 256])
torch.Size([32, 32])
torch.Size([32, 256])
torch.Size([32, 32])
torch.Size([32, 256])
torch.Size([32, 32])
torch.Size([32, 256])
torch.Size([32, 32])
torch.Size([32, 256])
torch.Size([32, 32])
torch.Size([32, 256])
torch.Size([32, 32])
torch.Size([32, 256])
torch.Size([32, 32])
torch.Size([32, 256])
torch.Size([32, 32])
torch.Size([32, 256])
torch.Size([32, 32])
torch.Size([32, 256])
torch.Size([32, 32])
torch.Size([32, 256])
torch.Size([32, 32])
torch.Size([32, 256])
torch.Size([32, 32])
torch.Size([32, 256])
torch.Size([32, 32])
torch.Size([32, 256])
torch.Size([32, 32])
torch.Size([32, 256])
torch.Size([32, 32])
torch.Size([32, 256])
torch.Size([32, 32])
torch.Size([30, 256])
torch.Size([30, 32])
torch.Size([32, 256])
torch.Size([32, 32])
torch.Size([32, 256])
torch.Size([32, 32])
torch.Size([32, 256])
torch.Size([32, 32])
torch.Size([32, 256])
torch.Size([32, 32])
torch.Size([32, 256])
torch.Size([32, 32])
torch.Size([15, 256])
torch.Size([15, 32])
Epoch [7/50] - Train Loss: 0.1573, Train Acc: 94.44%, Val Loss: 1.3479, Val Acc: 62.29%
Epoch 8/50 [Train]:  64%|██████▎   | 14/22 [00:01<00:00, 10.04it/s, Loss=0.1478, Acc=95.00%]
torch.Size([32, 256])
torch.Size([32, 32])
torch.Size([32, 256])
torch.Size([32, 32])
torch.Size([32, 256])
torch.Size([32, 32])
torch.Size([32, 256])
torch.Size([32, 32])
torch.Size([32, 256])
torch.Size([32, 32])
torch.Size([32, 256])
torch.Size([32, 32])
torch.Size([32, 256])
torch.Size([32, 32])
torch.Size([32, 256])
torch.Size([32, 32])
torch.Size([32, 256])
torch.Size([32, 32])
torch.Size([32, 256])
torch.Size([32, 32])
torch.Size([32, 256])
torch.Size([32, 32])
torch.Size([32, 256])
torch.Size([32, 32])
torch.Size([32, 256])
torch.Size([32, 32])
torch.Size([32, 256])
torch.Size([32, 32])
torch.Size([32, 256])
torch.Size([32, 32])
torch.Size([32, 256])
torch.Size([32, 32])
torch.Size([32, 256])
torch.Size([32, 32])
torch.Size([32, 256])
torch.Size([32, 32])
torch.Size([32, 256])
torch.Size([32, 32])
torch.Size([32, 256])
torch.Size([32, 32])
torch.Size([32, 256])
torch.Size([32, 32])
torch.Size([30, 256])
torch.Size([30, 32])
torch.Size([32, 256])
torch.Size([32, 32])
torch.Size([32, 256])
torch.Size([32, 32])
torch.Size([32, 256])
torch.Size([32, 32])
torch.Size([32, 256])
torch.Size([32, 32])
torch.Size([32, 256])
torch.Size([32, 32])
torch.Size([15, 256])
torch.Size([15, 32])
Epoch [8/50] - Train Loss: 0.1243, Train Acc: 96.01%, Val Loss: 0.7377, Val Acc: 73.71%
Epoch 9/50 [Train]:  68%|██████▊   | 15/22 [00:01<00:00, 10.46it/s, Loss=0.0970, Acc=96.46%]
torch.Size([32, 256])
torch.Size([32, 32])
torch.Size([32, 256])
torch.Size([32, 32])
torch.Size([32, 256])
torch.Size([32, 32])
torch.Size([32, 256])
torch.Size([32, 32])
torch.Size([32, 256])
torch.Size([32, 32])
torch.Size([32, 256])
torch.Size([32, 32])
torch.Size([32, 256])
torch.Size([32, 32])
torch.Size([32, 256])
torch.Size([32, 32])
torch.Size([32, 256])
torch.Size([32, 32])
torch.Size([32, 256])
torch.Size([32, 32])
torch.Size([32, 256])
torch.Size([32, 32])
torch.Size([32, 256])
torch.Size([32, 32])
torch.Size([32, 256])
torch.Size([32, 32])
torch.Size([32, 256])
torch.Size([32, 32])
torch.Size([32, 256])
torch.Size([32, 32])
torch.Size([32, 256])
torch.Size([32, 32])
torch.Size([32, 256])
torch.Size([32, 32])
torch.Size([32, 256])
torch.Size([32, 32])
torch.Size([32, 256])
torch.Size([32, 32])
torch.Size([32, 256])
torch.Size([32, 32])
torch.Size([32, 256])
torch.Size([32, 32])
torch.Size([30, 256])
torch.Size([30, 32])
torch.Size([32, 256])
torch.Size([32, 32])
torch.Size([32, 256])
torch.Size([32, 32])
torch.Size([32, 256])
torch.Size([32, 32])
torch.Size([32, 256])
torch.Size([32, 32])
torch.Size([32, 256])
torch.Size([32, 32])
torch.Size([15, 256])
torch.Size([15, 32])
Epoch [9/50] - Train Loss: 0.1165, Train Acc: 95.73%, Val Loss: 3.2794, Val Acc: 56.00%
Epoch 10/50 [Train]:  64%|██████▎   | 14/22 [00:01<00:00, 10.02it/s, Loss=0.1057, Acc=96.88%]
torch.Size([32, 256])
torch.Size([32, 32])
torch.Size([32, 256])
torch.Size([32, 32])
torch.Size([32, 256])
torch.Size([32, 32])
torch.Size([32, 256])
torch.Size([32, 32])
torch.Size([32, 256])
torch.Size([32, 32])
torch.Size([32, 256])
torch.Size([32, 32])
torch.Size([32, 256])
torch.Size([32, 32])
torch.Size([32, 256])
torch.Size([32, 32])
torch.Size([32, 256])
torch.Size([32, 32])
torch.Size([32, 256])
torch.Size([32, 32])
torch.Size([32, 256])
torch.Size([32, 32])
torch.Size([32, 256])
torch.Size([32, 32])
torch.Size([32, 256])
torch.Size([32, 32])
torch.Size([32, 256])
torch.Size([32, 32])
torch.Size([32, 256])
torch.Size([32, 32])
torch.Size([32, 256])
torch.Size([32, 32])
torch.Size([32, 256])
torch.Size([32, 32])
torch.Size([32, 256])
torch.Size([32, 32])
torch.Size([32, 256])
torch.Size([32, 32])
torch.Size([32, 256])
torch.Size([32, 32])
torch.Size([32, 256])
torch.Size([32, 32])
torch.Size([30, 256])
torch.Size([30, 32])
torch.Size([32, 256])
torch.Size([32, 32])
torch.Size([32, 256])
torch.Size([32, 32])
torch.Size([32, 256])
torch.Size([32, 32])
torch.Size([32, 256])
torch.Size([32, 32])
torch.Size([32, 256])
torch.Size([32, 32])
torch.Size([15, 256])
torch.Size([15, 32])
Epoch [10/50] - Train Loss: 0.1007, Train Acc: 96.87%, Val Loss: 0.2336, Val Acc: 91.43%
Epoch 11/50 [Train]:  68%|██████▊   | 15/22 [00:01<00:00, 10.01it/s, Loss=0.1015, Acc=97.50%]
torch.Size([32, 256])
torch.Size([32, 32])
torch.Size([32, 256])
torch.Size([32, 32])
torch.Size([32, 256])
torch.Size([32, 32])
torch.Size([32, 256])
torch.Size([32, 32])
torch.Size([32, 256])
torch.Size([32, 32])
torch.Size([32, 256])
torch.Size([32, 32])
torch.Size([32, 256])
torch.Size([32, 32])
torch.Size([32, 256])
torch.Size([32, 32])
torch.Size([32, 256])
torch.Size([32, 32])
torch.Size([32, 256])
torch.Size([32, 32])
torch.Size([32, 256])
torch.Size([32, 32])
torch.Size([32, 256])
torch.Size([32, 32])
torch.Size([32, 256])
torch.Size([32, 32])
torch.Size([32, 256])
torch.Size([32, 32])
torch.Size([32, 256])
torch.Size([32, 32])
torch.Size([32, 256])
torch.Size([32, 32])
torch.Size([32, 256])
torch.Size([32, 32])
torch.Size([32, 256])
torch.Size([32, 32])
torch.Size([32, 256])
torch.Size([32, 32])
torch.Size([32, 256])
torch.Size([32, 32])
torch.Size([32, 256])
torch.Size([32, 32])
torch.Size([30, 256])
torch.Size([30, 32])
torch.Size([32, 256])
torch.Size([32, 32])
torch.Size([32, 256])
torch.Size([32, 32])
torch.Size([32, 256])
torch.Size([32, 32])
torch.Size([32, 256])
torch.Size([32, 32])
torch.Size([32, 256])
torch.Size([32, 32])
torch.Size([15, 256])
torch.Size([15, 32])
Epoch [11/50] - Train Loss: 0.0929, Train Acc: 97.86%, Val Loss: 0.8222, Val Acc: 73.71%
Epoch 12/50 [Train]:  68%|██████▊   | 15/22 [00:01<00:00, 10.28it/s, Loss=0.0565, Acc=98.54%]
torch.Size([32, 256])
torch.Size([32, 32])
torch.Size([32, 256])
torch.Size([32, 32])
torch.Size([32, 256])
torch.Size([32, 32])
torch.Size([32, 256])
torch.Size([32, 32])
torch.Size([32, 256])
torch.Size([32, 32])
torch.Size([32, 256])
torch.Size([32, 32])
torch.Size([32, 256])
torch.Size([32, 32])
torch.Size([32, 256])
torch.Size([32, 32])
torch.Size([32, 256])
torch.Size([32, 32])
torch.Size([32, 256])
torch.Size([32, 32])
torch.Size([32, 256])
torch.Size([32, 32])
torch.Size([32, 256])
torch.Size([32, 32])
torch.Size([32, 256])
torch.Size([32, 32])
torch.Size([32, 256])
torch.Size([32, 32])
torch.Size([32, 256])
torch.Size([32, 32])
torch.Size([32, 256])
torch.Size([32, 32])
torch.Size([32, 256])
torch.Size([32, 32])
torch.Size([32, 256])
torch.Size([32, 32])
torch.Size([32, 256])
torch.Size([32, 32])
torch.Size([32, 256])
torch.Size([32, 32])
torch.Size([32, 256])
torch.Size([32, 32])
torch.Size([30, 256])
torch.Size([30, 32])
torch.Size([32, 256])
torch.Size([32, 32])
torch.Size([32, 256])
torch.Size([32, 32])
torch.Size([32, 256])
torch.Size([32, 32])
torch.Size([32, 256])
torch.Size([32, 32])
torch.Size([32, 256])
torch.Size([32, 32])
torch.Size([15, 256])
torch.Size([15, 32])
Epoch [12/50] - Train Loss: 0.0608, Train Acc: 98.15%, Val Loss: 1.6773, Val Acc: 48.00%
Epoch 13/50 [Train]:  68%|██████▊   | 15/22 [00:01<00:00, 10.06it/s, Loss=0.1075, Acc=97.08%]
torch.Size([32, 256])
torch.Size([32, 32])
torch.Size([32, 256])
torch.Size([32, 32])
torch.Size([32, 256])
torch.Size([32, 32])
torch.Size([32, 256])
torch.Size([32, 32])
torch.Size([32, 256])
torch.Size([32, 32])
torch.Size([32, 256])
torch.Size([32, 32])
torch.Size([32, 256])
torch.Size([32, 32])
torch.Size([32, 256])
torch.Size([32, 32])
torch.Size([32, 256])
torch.Size([32, 32])
torch.Size([32, 256])
torch.Size([32, 32])
torch.Size([32, 256])
torch.Size([32, 32])
torch.Size([32, 256])
torch.Size([32, 32])
torch.Size([32, 256])
torch.Size([32, 32])
torch.Size([32, 256])
torch.Size([32, 32])
torch.Size([32, 256])
torch.Size([32, 32])
torch.Size([32, 256])
torch.Size([32, 32])
torch.Size([32, 256])
torch.Size([32, 32])
torch.Size([32, 256])
torch.Size([32, 32])
torch.Size([32, 256])
torch.Size([32, 32])
torch.Size([32, 256])
torch.Size([32, 32])
torch.Size([32, 256])
torch.Size([32, 32])
torch.Size([30, 256])
torch.Size([30, 32])
torch.Size([32, 256])
torch.Size([32, 32])
torch.Size([32, 256])
torch.Size([32, 32])
torch.Size([32, 256])
torch.Size([32, 32])
torch.Size([32, 256])
torch.Size([32, 32])
torch.Size([32, 256])
torch.Size([32, 32])
torch.Size([15, 256])
torch.Size([15, 32])
Epoch [13/50] - Train Loss: 0.0991, Train Acc: 97.58%, Val Loss: 1.6598, Val Acc: 55.43%
Epoch 14/50 [Train]:  64%|██████▎   | 14/22 [00:01<00:00,  8.83it/s, Loss=0.0781, Acc=96.88%]
torch.Size([32, 256])
torch.Size([32, 32])
torch.Size([32, 256])
torch.Size([32, 32])
torch.Size([32, 256])
torch.Size([32, 32])
torch.Size([32, 256])
torch.Size([32, 32])
torch.Size([32, 256])
torch.Size([32, 32])
torch.Size([32, 256])
torch.Size([32, 32])
torch.Size([32, 256])
torch.Size([32, 32])
torch.Size([32, 256])
torch.Size([32, 32])
torch.Size([32, 256])
torch.Size([32, 32])
torch.Size([32, 256])
torch.Size([32, 32])
torch.Size([32, 256])
torch.Size([32, 32])
torch.Size([32, 256])
torch.Size([32, 32])
torch.Size([32, 256])
torch.Size([32, 32])
torch.Size([32, 256])
torch.Size([32, 32])
torch.Size([32, 256])
torch.Size([32, 32])
torch.Size([32, 256])
torch.Size([32, 32])
torch.Size([32, 256])
torch.Size([32, 32])
torch.Size([32, 256])
torch.Size([32, 32])
torch.Size([32, 256])
torch.Size([32, 32])
torch.Size([32, 256])
torch.Size([32, 32])
torch.Size([32, 256])
torch.Size([32, 32])
torch.Size([30, 256])
torch.Size([30, 32])
torch.Size([32, 256])
torch.Size([32, 32])
torch.Size([32, 256])
torch.Size([32, 32])
torch.Size([32, 256])
torch.Size([32, 32])
torch.Size([32, 256])
torch.Size([32, 32])
torch.Size([32, 256])
torch.Size([32, 32])
torch.Size([15, 256])
torch.Size([15, 32])
Epoch [14/50] - Train Loss: 0.0929, Train Acc: 96.44%, Val Loss: 0.9128, Val Acc: 65.14%
Epoch 15/50 [Train]:  68%|██████▊   | 15/22 [00:01<00:00,  9.97it/s, Loss=0.0708, Acc=97.50%]
torch.Size([32, 256])
torch.Size([32, 32])
torch.Size([32, 256])
torch.Size([32, 32])
torch.Size([32, 256])
torch.Size([32, 32])
torch.Size([32, 256])
torch.Size([32, 32])
torch.Size([32, 256])
torch.Size([32, 32])
torch.Size([32, 256])
torch.Size([32, 32])
torch.Size([32, 256])
torch.Size([32, 32])
torch.Size([32, 256])
torch.Size([32, 32])
torch.Size([32, 256])
torch.Size([32, 32])
torch.Size([32, 256])
torch.Size([32, 32])
torch.Size([32, 256])
torch.Size([32, 32])
torch.Size([32, 256])
torch.Size([32, 32])
torch.Size([32, 256])
torch.Size([32, 32])
torch.Size([32, 256])
torch.Size([32, 32])
torch.Size([32, 256])
torch.Size([32, 32])
torch.Size([32, 256])
torch.Size([32, 32])
torch.Size([32, 256])
torch.Size([32, 32])
torch.Size([32, 256])
torch.Size([32, 32])
torch.Size([32, 256])
torch.Size([32, 32])
torch.Size([32, 256])
torch.Size([32, 32])
torch.Size([32, 256])
torch.Size([32, 32])
torch.Size([30, 256])
torch.Size([30, 32])
torch.Size([32, 256])
torch.Size([32, 32])
torch.Size([32, 256])
torch.Size([32, 32])
torch.Size([32, 256])
torch.Size([32, 32])
torch.Size([32, 256])
torch.Size([32, 32])
torch.Size([32, 256])
torch.Size([32, 32])
torch.Size([15, 256])
torch.Size([15, 32])
Epoch [15/50] - Train Loss: 0.0690, Train Acc: 97.44%, Val Loss: 0.6975, Val Acc: 71.43%
Epoch 16/50 [Train]:  68%|██████▊   | 15/22 [00:01<00:00, 10.17it/s, Loss=0.0410, Acc=98.33%]
torch.Size([32, 256])
torch.Size([32, 32])
torch.Size([32, 256])
torch.Size([32, 32])
torch.Size([32, 256])
torch.Size([32, 32])
torch.Size([32, 256])
torch.Size([32, 32])
torch.Size([32, 256])
torch.Size([32, 32])
torch.Size([32, 256])
torch.Size([32, 32])
torch.Size([32, 256])
torch.Size([32, 32])
torch.Size([32, 256])
torch.Size([32, 32])
torch.Size([32, 256])
torch.Size([32, 32])
torch.Size([32, 256])
torch.Size([32, 32])
torch.Size([32, 256])
torch.Size([32, 32])
torch.Size([32, 256])
torch.Size([32, 32])
torch.Size([32, 256])
torch.Size([32, 32])
torch.Size([32, 256])
torch.Size([32, 32])
torch.Size([32, 256])
torch.Size([32, 32])
torch.Size([32, 256])
torch.Size([32, 32])
torch.Size([32, 256])
torch.Size([32, 32])
torch.Size([32, 256])
torch.Size([32, 32])
torch.Size([32, 256])
torch.Size([32, 32])
torch.Size([32, 256])
torch.Size([32, 32])
torch.Size([32, 256])
torch.Size([32, 32])
torch.Size([30, 256])
torch.Size([30, 32])
torch.Size([32, 256])
torch.Size([32, 32])
torch.Size([32, 256])
torch.Size([32, 32])
torch.Size([32, 256])
torch.Size([32, 32])
torch.Size([32, 256])
torch.Size([32, 32])
torch.Size([32, 256])
torch.Size([32, 32])
torch.Size([15, 256])
torch.Size([15, 32])
Epoch [16/50] - Train Loss: 0.0419, Train Acc: 98.43%, Val Loss: 1.1967, Val Acc: 64.57%
Epoch 17/50 [Train]:  68%|██████▊   | 15/22 [00:01<00:00, 10.24it/s, Loss=0.0407, Acc=99.38%]
torch.Size([32, 256])
torch.Size([32, 32])
torch.Size([32, 256])
torch.Size([32, 32])
torch.Size([32, 256])
torch.Size([32, 32])
torch.Size([32, 256])
torch.Size([32, 32])
torch.Size([32, 256])
torch.Size([32, 32])
torch.Size([32, 256])
torch.Size([32, 32])
torch.Size([32, 256])
torch.Size([32, 32])
torch.Size([32, 256])
torch.Size([32, 32])
torch.Size([32, 256])
torch.Size([32, 32])
torch.Size([32, 256])
torch.Size([32, 32])
torch.Size([32, 256])
torch.Size([32, 32])
torch.Size([32, 256])
torch.Size([32, 32])
torch.Size([32, 256])
torch.Size([32, 32])
torch.Size([32, 256])
torch.Size([32, 32])
torch.Size([32, 256])
torch.Size([32, 32])
torch.Size([32, 256])
torch.Size([32, 32])
torch.Size([32, 256])
torch.Size([32, 32])
torch.Size([32, 256])
torch.Size([32, 32])
torch.Size([32, 256])
torch.Size([32, 32])
torch.Size([32, 256])
torch.Size([32, 32])
torch.Size([32, 256])
torch.Size([32, 32])
torch.Size([30, 256])
torch.Size([30, 32])
torch.Size([32, 256])
torch.Size([32, 32])
torch.Size([32, 256])
torch.Size([32, 32])
torch.Size([32, 256])
torch.Size([32, 32])
torch.Size([32, 256])
torch.Size([32, 32])
torch.Size([32, 256])
torch.Size([32, 32])
torch.Size([15, 256])
torch.Size([15, 32])
Epoch [17/50] - Train Loss: 0.0400, Train Acc: 99.15%, Val Loss: 3.8910, Val Acc: 38.86%
Epoch 18/50 [Train]:  68%|██████▊   | 15/22 [00:01<00:00, 10.15it/s, Loss=0.0481, Acc=98.54%]
torch.Size([32, 256])
torch.Size([32, 32])
torch.Size([32, 256])
torch.Size([32, 32])
torch.Size([32, 256])
torch.Size([32, 32])
torch.Size([32, 256])
torch.Size([32, 32])
torch.Size([32, 256])
torch.Size([32, 32])
torch.Size([32, 256])
torch.Size([32, 32])
torch.Size([32, 256])
torch.Size([32, 32])
torch.Size([32, 256])
torch.Size([32, 32])
torch.Size([32, 256])
torch.Size([32, 32])
torch.Size([32, 256])
torch.Size([32, 32])
torch.Size([32, 256])
torch.Size([32, 32])
torch.Size([32, 256])
torch.Size([32, 32])
torch.Size([32, 256])
torch.Size([32, 32])
torch.Size([32, 256])
torch.Size([32, 32])
torch.Size([32, 256])
torch.Size([32, 32])
torch.Size([32, 256])
torch.Size([32, 32])
torch.Size([32, 256])
torch.Size([32, 32])
torch.Size([32, 256])
torch.Size([32, 32])
torch.Size([32, 256])
torch.Size([32, 32])
torch.Size([32, 256])
torch.Size([32, 32])
torch.Size([32, 256])
torch.Size([32, 32])
torch.Size([30, 256])
torch.Size([30, 32])
torch.Size([32, 256])
torch.Size([32, 32])
torch.Size([32, 256])
torch.Size([32, 32])
torch.Size([32, 256])
torch.Size([32, 32])
torch.Size([32, 256])
torch.Size([32, 32])
torch.Size([32, 256])
torch.Size([32, 32])
torch.Size([15, 256])
torch.Size([15, 32])
Epoch [18/50] - Train Loss: 0.0559, Train Acc: 98.29%, Val Loss: 0.6358, Val Acc: 76.00%
Epoch 19/50 [Train]:  64%|██████▎   | 14/22 [00:01<00:00,  8.89it/s, Loss=0.0312, Acc=99.17%]
torch.Size([32, 256])
torch.Size([32, 32])
torch.Size([32, 256])
torch.Size([32, 32])
torch.Size([32, 256])
torch.Size([32, 32])
torch.Size([32, 256])
torch.Size([32, 32])
torch.Size([32, 256])
torch.Size([32, 32])
torch.Size([32, 256])
torch.Size([32, 32])
torch.Size([32, 256])
torch.Size([32, 32])
torch.Size([32, 256])
torch.Size([32, 32])
torch.Size([32, 256])
torch.Size([32, 32])
torch.Size([32, 256])
torch.Size([32, 32])
torch.Size([32, 256])
torch.Size([32, 32])
torch.Size([32, 256])
torch.Size([32, 32])
torch.Size([32, 256])
torch.Size([32, 32])
torch.Size([32, 256])
torch.Size([32, 32])
torch.Size([32, 256])
torch.Size([32, 32])
torch.Size([32, 256])
torch.Size([32, 32])
torch.Size([32, 256])
torch.Size([32, 32])
torch.Size([32, 256])
torch.Size([32, 32])
torch.Size([32, 256])
torch.Size([32, 32])
torch.Size([32, 256])
torch.Size([32, 32])
torch.Size([32, 256])
torch.Size([32, 32])
torch.Size([30, 256])
torch.Size([30, 32])
torch.Size([32, 256])
torch.Size([32, 32])
torch.Size([32, 256])
torch.Size([32, 32])
torch.Size([32, 256])
torch.Size([32, 32])
torch.Size([32, 256])
torch.Size([32, 32])
torch.Size([32, 256])
torch.Size([32, 32])
torch.Size([15, 256])
torch.Size([15, 32])
Epoch [19/50] - Train Loss: 0.0313, Train Acc: 99.15%, Val Loss: 0.7327, Val Acc: 81.14%
Epoch 20/50 [Train]:  68%|██████▊   | 15/22 [00:01<00:00,  9.99it/s, Loss=0.0221, Acc=99.79%]
torch.Size([32, 256])
torch.Size([32, 32])
torch.Size([32, 256])
torch.Size([32, 32])
torch.Size([32, 256])
torch.Size([32, 32])
torch.Size([32, 256])
torch.Size([32, 32])
torch.Size([32, 256])
torch.Size([32, 32])
torch.Size([32, 256])
torch.Size([32, 32])
torch.Size([32, 256])
torch.Size([32, 32])
torch.Size([32, 256])
torch.Size([32, 32])
torch.Size([32, 256])
torch.Size([32, 32])
torch.Size([32, 256])
torch.Size([32, 32])
torch.Size([32, 256])
torch.Size([32, 32])
torch.Size([32, 256])
torch.Size([32, 32])
torch.Size([32, 256])
torch.Size([32, 32])
torch.Size([32, 256])
torch.Size([32, 32])
torch.Size([32, 256])
torch.Size([32, 32])
torch.Size([32, 256])
torch.Size([32, 32])
torch.Size([32, 256])
torch.Size([32, 32])
torch.Size([32, 256])
torch.Size([32, 32])
torch.Size([32, 256])
torch.Size([32, 32])
torch.Size([32, 256])
torch.Size([32, 32])
torch.Size([32, 256])
torch.Size([32, 32])
torch.Size([30, 256])
torch.Size([30, 32])
torch.Size([32, 256])
torch.Size([32, 32])
torch.Size([32, 256])
torch.Size([32, 32])
torch.Size([32, 256])
torch.Size([32, 32])
torch.Size([32, 256])
torch.Size([32, 32])
torch.Size([32, 256])
torch.Size([32, 32])
torch.Size([15, 256])
torch.Size([15, 32])
Epoch [20/50] - Train Loss: 0.0220, Train Acc: 99.43%, Val Loss: 2.8940, Val Acc: 54.86%
Epoch 21/50 [Train]:  68%|██████▊   | 15/22 [00:01<00:00,  9.99it/s, Loss=0.1173, Acc=96.67%]
torch.Size([32, 256])
torch.Size([32, 32])
torch.Size([32, 256])
torch.Size([32, 32])
torch.Size([32, 256])
torch.Size([32, 32])
torch.Size([32, 256])
torch.Size([32, 32])
torch.Size([32, 256])
torch.Size([32, 32])
torch.Size([32, 256])
torch.Size([32, 32])
torch.Size([32, 256])
torch.Size([32, 32])
torch.Size([32, 256])
torch.Size([32, 32])
torch.Size([32, 256])
torch.Size([32, 32])
torch.Size([32, 256])
torch.Size([32, 32])
torch.Size([32, 256])
torch.Size([32, 32])
torch.Size([32, 256])
torch.Size([32, 32])
torch.Size([32, 256])
torch.Size([32, 32])
torch.Size([32, 256])
torch.Size([32, 32])
torch.Size([32, 256])
torch.Size([32, 32])
torch.Size([32, 256])
torch.Size([32, 32])
torch.Size([32, 256])
torch.Size([32, 32])
torch.Size([32, 256])
torch.Size([32, 32])
torch.Size([32, 256])
torch.Size([32, 32])
torch.Size([32, 256])
torch.Size([32, 32])
torch.Size([32, 256])
torch.Size([32, 32])
torch.Size([30, 256])
torch.Size([30, 32])
torch.Size([32, 256])
torch.Size([32, 32])
torch.Size([32, 256])
torch.Size([32, 32])
torch.Size([32, 256])
torch.Size([32, 32])
torch.Size([32, 256])
torch.Size([32, 32])
torch.Size([32, 256])
torch.Size([32, 32])
torch.Size([15, 256])
torch.Size([15, 32])
Epoch [21/50] - Train Loss: 0.0967, Train Acc: 97.15%, Val Loss: 0.6321, Val Acc: 88.00%
Epoch 22/50 [Train]:  68%|██████▊   | 15/22 [00:01<00:00,  9.74it/s, Loss=0.0638, Acc=97.71%]
torch.Size([32, 256])
torch.Size([32, 32])
torch.Size([32, 256])
torch.Size([32, 32])
torch.Size([32, 256])
torch.Size([32, 32])
torch.Size([32, 256])
torch.Size([32, 32])
torch.Size([32, 256])
torch.Size([32, 32])
torch.Size([32, 256])
torch.Size([32, 32])
torch.Size([32, 256])
torch.Size([32, 32])
torch.Size([32, 256])
torch.Size([32, 32])
torch.Size([32, 256])
torch.Size([32, 32])
torch.Size([32, 256])
torch.Size([32, 32])
torch.Size([32, 256])
torch.Size([32, 32])
torch.Size([32, 256])
torch.Size([32, 32])
torch.Size([32, 256])
torch.Size([32, 32])
torch.Size([32, 256])
torch.Size([32, 32])
torch.Size([32, 256])
torch.Size([32, 32])
torch.Size([32, 256])
torch.Size([32, 32])
torch.Size([32, 256])
torch.Size([32, 32])
torch.Size([32, 256])
torch.Size([32, 32])
torch.Size([32, 256])
torch.Size([32, 32])
torch.Size([32, 256])
torch.Size([32, 32])
torch.Size([32, 256])
torch.Size([32, 32])
torch.Size([30, 256])
torch.Size([30, 32])
torch.Size([32, 256])
torch.Size([32, 32])
torch.Size([32, 256])
torch.Size([32, 32])
torch.Size([32, 256])
torch.Size([32, 32])
torch.Size([32, 256])
torch.Size([32, 32])
torch.Size([32, 256])
torch.Size([32, 32])
torch.Size([15, 256])
torch.Size([15, 32])
Epoch [22/50] - Train Loss: 0.0589, Train Acc: 97.86%, Val Loss: 0.1549, Val Acc: 96.00%
Epoch 23/50 [Train]:  68%|██████▊   | 15/22 [00:01<00:00, 10.14it/s, Loss=0.0287, Acc=99.17%]
torch.Size([32, 256])
torch.Size([32, 32])
torch.Size([32, 256])
torch.Size([32, 32])
torch.Size([32, 256])
torch.Size([32, 32])
torch.Size([32, 256])
torch.Size([32, 32])
torch.Size([32, 256])
torch.Size([32, 32])
torch.Size([32, 256])
torch.Size([32, 32])
torch.Size([32, 256])
torch.Size([32, 32])
torch.Size([32, 256])
torch.Size([32, 32])
torch.Size([32, 256])
torch.Size([32, 32])
torch.Size([32, 256])
torch.Size([32, 32])
torch.Size([32, 256])
torch.Size([32, 32])
torch.Size([32, 256])
torch.Size([32, 32])
torch.Size([32, 256])
torch.Size([32, 32])
torch.Size([32, 256])
torch.Size([32, 32])
torch.Size([32, 256])
torch.Size([32, 32])
torch.Size([32, 256])
torch.Size([32, 32])
torch.Size([32, 256])
torch.Size([32, 32])
torch.Size([32, 256])
torch.Size([32, 32])
torch.Size([32, 256])
torch.Size([32, 32])
torch.Size([32, 256])
torch.Size([32, 32])
torch.Size([32, 256])
torch.Size([32, 32])
torch.Size([30, 256])
torch.Size([30, 32])
torch.Size([32, 256])
torch.Size([32, 32])
torch.Size([32, 256])
torch.Size([32, 32])
torch.Size([32, 256])
torch.Size([32, 32])
torch.Size([32, 256])
torch.Size([32, 32])
torch.Size([32, 256])
torch.Size([32, 32])
torch.Size([15, 256])
torch.Size([15, 32])
Epoch [23/50] - Train Loss: 0.0445, Train Acc: 98.43%, Val Loss: 0.1003, Val Acc: 97.71%
Epoch 24/50 [Train]:  68%|██████▊   | 15/22 [00:01<00:00,  9.93it/s, Loss=0.0380, Acc=99.17%]
torch.Size([32, 256])
torch.Size([32, 32])
torch.Size([32, 256])
torch.Size([32, 32])
torch.Size([32, 256])
torch.Size([32, 32])
torch.Size([32, 256])
torch.Size([32, 32])
torch.Size([32, 256])
torch.Size([32, 32])
torch.Size([32, 256])
torch.Size([32, 32])
torch.Size([32, 256])
torch.Size([32, 32])
torch.Size([32, 256])
torch.Size([32, 32])
torch.Size([32, 256])
torch.Size([32, 32])
torch.Size([32, 256])
torch.Size([32, 32])
torch.Size([32, 256])
torch.Size([32, 32])
torch.Size([32, 256])
torch.Size([32, 32])
torch.Size([32, 256])
torch.Size([32, 32])
torch.Size([32, 256])
torch.Size([32, 32])
torch.Size([32, 256])
torch.Size([32, 32])
torch.Size([32, 256])
torch.Size([32, 32])
torch.Size([32, 256])
torch.Size([32, 32])
torch.Size([32, 256])
torch.Size([32, 32])
torch.Size([32, 256])
torch.Size([32, 32])
torch.Size([32, 256])
torch.Size([32, 32])
torch.Size([32, 256])
torch.Size([32, 32])
torch.Size([30, 256])
torch.Size([30, 32])
torch.Size([32, 256])
torch.Size([32, 32])
torch.Size([32, 256])
torch.Size([32, 32])
torch.Size([32, 256])
torch.Size([32, 32])
torch.Size([32, 256])
torch.Size([32, 32])
torch.Size([32, 256])
torch.Size([32, 32])
torch.Size([15, 256])
torch.Size([15, 32])
Epoch [24/50] - Train Loss: 0.0365, Train Acc: 99.29%, Val Loss: 1.1618, Val Acc: 74.86%
Epoch 25/50 [Train]:  68%|██████▊   | 15/22 [00:01<00:00, 10.34it/s, Loss=0.0458, Acc=98.33%]
torch.Size([32, 256])
torch.Size([32, 32])
torch.Size([32, 256])
torch.Size([32, 32])
torch.Size([32, 256])
torch.Size([32, 32])
torch.Size([32, 256])
torch.Size([32, 32])
torch.Size([32, 256])
torch.Size([32, 32])
torch.Size([32, 256])
torch.Size([32, 32])
torch.Size([32, 256])
torch.Size([32, 32])
torch.Size([32, 256])
torch.Size([32, 32])
torch.Size([32, 256])
torch.Size([32, 32])
torch.Size([32, 256])
torch.Size([32, 32])
torch.Size([32, 256])
torch.Size([32, 32])
torch.Size([32, 256])
torch.Size([32, 32])
torch.Size([32, 256])
torch.Size([32, 32])
torch.Size([32, 256])
torch.Size([32, 32])
torch.Size([32, 256])
torch.Size([32, 32])
torch.Size([32, 256])
torch.Size([32, 32])
torch.Size([32, 256])
torch.Size([32, 32])
torch.Size([32, 256])
torch.Size([32, 32])
torch.Size([32, 256])
torch.Size([32, 32])
torch.Size([32, 256])
torch.Size([32, 32])
torch.Size([32, 256])
torch.Size([32, 32])
torch.Size([30, 256])
torch.Size([30, 32])
torch.Size([32, 256])
torch.Size([32, 32])
torch.Size([32, 256])
torch.Size([32, 32])
torch.Size([32, 256])
torch.Size([32, 32])
torch.Size([32, 256])
torch.Size([32, 32])
torch.Size([32, 256])
torch.Size([32, 32])
torch.Size([15, 256])
torch.Size([15, 32])
Epoch [25/50] - Train Loss: 0.0429, Train Acc: 98.29%, Val Loss: 0.4051, Val Acc: 82.29%
Epoch 26/50 [Train]:  68%|██████▊   | 15/22 [00:01<00:00,  9.87it/s, Loss=0.0496, Acc=97.92%]
torch.Size([32, 256])
torch.Size([32, 32])
torch.Size([32, 256])
torch.Size([32, 32])
torch.Size([32, 256])
torch.Size([32, 32])
torch.Size([32, 256])
torch.Size([32, 32])
torch.Size([32, 256])
torch.Size([32, 32])
torch.Size([32, 256])
torch.Size([32, 32])
torch.Size([32, 256])
torch.Size([32, 32])
torch.Size([32, 256])
torch.Size([32, 32])
torch.Size([32, 256])
torch.Size([32, 32])
torch.Size([32, 256])
torch.Size([32, 32])
torch.Size([32, 256])
torch.Size([32, 32])
torch.Size([32, 256])
torch.Size([32, 32])
torch.Size([32, 256])
torch.Size([32, 32])
torch.Size([32, 256])
torch.Size([32, 32])
torch.Size([32, 256])
torch.Size([32, 32])
torch.Size([32, 256])
torch.Size([32, 32])
torch.Size([32, 256])
torch.Size([32, 32])
torch.Size([32, 256])
torch.Size([32, 32])
torch.Size([32, 256])
torch.Size([32, 32])
torch.Size([32, 256])
torch.Size([32, 32])
torch.Size([32, 256])
torch.Size([32, 32])
torch.Size([30, 256])
torch.Size([30, 32])
torch.Size([32, 256])
torch.Size([32, 32])
torch.Size([32, 256])
torch.Size([32, 32])
torch.Size([32, 256])
torch.Size([32, 32])
torch.Size([32, 256])
torch.Size([32, 32])
torch.Size([32, 256])
torch.Size([32, 32])
torch.Size([15, 256])
torch.Size([15, 32])
Epoch [26/50] - Train Loss: 0.0472, Train Acc: 98.15%, Val Loss: 0.1820, Val Acc: 96.00%
Epoch 27/50 [Train]:  68%|██████▊   | 15/22 [00:01<00:00, 10.04it/s, Loss=0.0232, Acc=99.58%]
torch.Size([32, 256])
torch.Size([32, 32])
torch.Size([32, 256])
torch.Size([32, 32])
torch.Size([32, 256])
torch.Size([32, 32])
torch.Size([32, 256])
torch.Size([32, 32])
torch.Size([32, 256])
torch.Size([32, 32])
torch.Size([32, 256])
torch.Size([32, 32])
torch.Size([32, 256])
torch.Size([32, 32])
torch.Size([32, 256])
torch.Size([32, 32])
torch.Size([32, 256])
torch.Size([32, 32])
torch.Size([32, 256])
torch.Size([32, 32])
torch.Size([32, 256])
torch.Size([32, 32])
torch.Size([32, 256])
torch.Size([32, 32])
torch.Size([32, 256])
torch.Size([32, 32])
torch.Size([32, 256])
torch.Size([32, 32])
torch.Size([32, 256])
torch.Size([32, 32])
torch.Size([32, 256])
torch.Size([32, 32])
torch.Size([32, 256])
torch.Size([32, 32])
torch.Size([32, 256])
torch.Size([32, 32])
torch.Size([32, 256])
torch.Size([32, 32])
torch.Size([32, 256])
torch.Size([32, 32])
torch.Size([32, 256])
torch.Size([32, 32])
torch.Size([30, 256])
torch.Size([30, 32])
torch.Size([32, 256])
torch.Size([32, 32])
torch.Size([32, 256])
torch.Size([32, 32])
torch.Size([32, 256])
torch.Size([32, 32])
torch.Size([32, 256])
torch.Size([32, 32])
torch.Size([32, 256])
torch.Size([32, 32])
torch.Size([15, 256])
torch.Size([15, 32])
Epoch [27/50] - Train Loss: 0.0249, Train Acc: 99.43%, Val Loss: 0.1502, Val Acc: 97.14%
Epoch 28/50 [Train]:  64%|██████▎   | 14/22 [00:01<00:00,  9.74it/s, Loss=0.0281, Acc=98.75%]
torch.Size([32, 256])
torch.Size([32, 32])
torch.Size([32, 256])
torch.Size([32, 32])
torch.Size([32, 256])
torch.Size([32, 32])
torch.Size([32, 256])
torch.Size([32, 32])
torch.Size([32, 256])
torch.Size([32, 32])
torch.Size([32, 256])
torch.Size([32, 32])
torch.Size([32, 256])
torch.Size([32, 32])
torch.Size([32, 256])
torch.Size([32, 32])
torch.Size([32, 256])
torch.Size([32, 32])
torch.Size([32, 256])
torch.Size([32, 32])
torch.Size([32, 256])
torch.Size([32, 32])
torch.Size([32, 256])
torch.Size([32, 32])
torch.Size([32, 256])
torch.Size([32, 32])
torch.Size([32, 256])
torch.Size([32, 32])
torch.Size([32, 256])
torch.Size([32, 32])
torch.Size([32, 256])
torch.Size([32, 32])
torch.Size([32, 256])
torch.Size([32, 32])
torch.Size([32, 256])
torch.Size([32, 32])
torch.Size([32, 256])
torch.Size([32, 32])
torch.Size([32, 256])
torch.Size([32, 32])
torch.Size([32, 256])
torch.Size([32, 32])
torch.Size([30, 256])
torch.Size([30, 32])
torch.Size([32, 256])
torch.Size([32, 32])
torch.Size([32, 256])
torch.Size([32, 32])
torch.Size([32, 256])
torch.Size([32, 32])
torch.Size([32, 256])
torch.Size([32, 32])
torch.Size([32, 256])
torch.Size([32, 32])
torch.Size([15, 256])
torch.Size([15, 32])
Epoch [28/50] - Train Loss: 0.0281, Train Acc: 98.72%, Val Loss: 0.8598, Val Acc: 80.00%
Epoch 29/50 [Train]:  68%|██████▊   | 15/22 [00:01<00:00,  9.52it/s, Loss=0.0462, Acc=98.33%]
torch.Size([32, 256])
torch.Size([32, 32])
torch.Size([32, 256])
torch.Size([32, 32])
torch.Size([32, 256])
torch.Size([32, 32])
torch.Size([32, 256])
torch.Size([32, 32])
torch.Size([32, 256])
torch.Size([32, 32])
torch.Size([32, 256])
torch.Size([32, 32])
torch.Size([32, 256])
torch.Size([32, 32])
torch.Size([32, 256])
torch.Size([32, 32])
torch.Size([32, 256])
torch.Size([32, 32])
torch.Size([32, 256])
torch.Size([32, 32])
torch.Size([32, 256])
torch.Size([32, 32])
torch.Size([32, 256])
torch.Size([32, 32])
torch.Size([32, 256])
torch.Size([32, 32])
torch.Size([32, 256])
torch.Size([32, 32])
torch.Size([32, 256])
torch.Size([32, 32])
torch.Size([32, 256])
torch.Size([32, 32])
torch.Size([32, 256])
torch.Size([32, 32])
torch.Size([32, 256])
torch.Size([32, 32])
torch.Size([32, 256])
torch.Size([32, 32])
torch.Size([32, 256])
torch.Size([32, 32])
torch.Size([32, 256])
torch.Size([32, 32])
torch.Size([30, 256])
torch.Size([30, 32])
torch.Size([32, 256])
torch.Size([32, 32])
torch.Size([32, 256])
torch.Size([32, 32])
torch.Size([32, 256])
torch.Size([32, 32])
torch.Size([32, 256])
torch.Size([32, 32])
torch.Size([32, 256])
torch.Size([32, 32])
torch.Size([15, 256])
torch.Size([15, 32])
Epoch [29/50] - Train Loss: 0.0451, Train Acc: 98.29%, Val Loss: 0.7657, Val Acc: 84.57%
Epoch 30/50 [Train]:  68%|██████▊   | 15/22 [00:01<00:00, 10.50it/s, Loss=0.0475, Acc=98.12%]
torch.Size([32, 256])
torch.Size([32, 32])
torch.Size([32, 256])
torch.Size([32, 32])
torch.Size([32, 256])
torch.Size([32, 32])
torch.Size([32, 256])
torch.Size([32, 32])
torch.Size([32, 256])
torch.Size([32, 32])
torch.Size([32, 256])
torch.Size([32, 32])
torch.Size([32, 256])
torch.Size([32, 32])
torch.Size([32, 256])
torch.Size([32, 32])
torch.Size([32, 256])
torch.Size([32, 32])
torch.Size([32, 256])
torch.Size([32, 32])
torch.Size([32, 256])
torch.Size([32, 32])
torch.Size([32, 256])
torch.Size([32, 32])
torch.Size([32, 256])
torch.Size([32, 32])
torch.Size([32, 256])
torch.Size([32, 32])
torch.Size([32, 256])
torch.Size([32, 32])
torch.Size([32, 256])
torch.Size([32, 32])
torch.Size([32, 256])
torch.Size([32, 32])
torch.Size([32, 256])
torch.Size([32, 32])
torch.Size([32, 256])
torch.Size([32, 32])
torch.Size([32, 256])
torch.Size([32, 32])
torch.Size([32, 256])
torch.Size([32, 32])
torch.Size([30, 256])
torch.Size([30, 32])
torch.Size([32, 256])
torch.Size([32, 32])
torch.Size([32, 256])
torch.Size([32, 32])
torch.Size([32, 256])
torch.Size([32, 32])
torch.Size([32, 256])
torch.Size([32, 32])
torch.Size([32, 256])
torch.Size([32, 32])
torch.Size([15, 256])
torch.Size([15, 32])
Epoch [30/50] - Train Loss: 0.0597, Train Acc: 97.86%, Val Loss: 1.0349, Val Acc: 85.71%
Epoch 31/50 [Train]:  68%|██████▊   | 15/22 [00:01<00:00, 10.37it/s, Loss=0.0754, Acc=96.67%]
torch.Size([32, 256])
torch.Size([32, 32])
torch.Size([32, 256])
torch.Size([32, 32])
torch.Size([32, 256])
torch.Size([32, 32])
torch.Size([32, 256])
torch.Size([32, 32])
torch.Size([32, 256])
torch.Size([32, 32])
torch.Size([32, 256])
torch.Size([32, 32])
torch.Size([32, 256])
torch.Size([32, 32])
torch.Size([32, 256])
torch.Size([32, 32])
torch.Size([32, 256])
torch.Size([32, 32])
torch.Size([32, 256])
torch.Size([32, 32])
torch.Size([32, 256])
torch.Size([32, 32])
torch.Size([32, 256])
torch.Size([32, 32])
torch.Size([32, 256])
torch.Size([32, 32])
torch.Size([32, 256])
torch.Size([32, 32])
torch.Size([32, 256])
torch.Size([32, 32])
torch.Size([32, 256])
torch.Size([32, 32])
torch.Size([32, 256])
torch.Size([32, 32])
torch.Size([32, 256])
torch.Size([32, 32])
torch.Size([32, 256])
torch.Size([32, 32])
torch.Size([32, 256])
torch.Size([32, 32])
torch.Size([32, 256])
torch.Size([32, 32])
torch.Size([30, 256])
torch.Size([30, 32])
torch.Size([32, 256])
torch.Size([32, 32])
torch.Size([32, 256])
torch.Size([32, 32])
torch.Size([32, 256])
torch.Size([32, 32])
torch.Size([32, 256])
torch.Size([32, 32])
torch.Size([32, 256])
torch.Size([32, 32])
torch.Size([15, 256])
torch.Size([15, 32])
Epoch [31/50] - Train Loss: 0.0614, Train Acc: 97.29%, Val Loss: 1.6130, Val Acc: 53.71%
Epoch 32/50 [Train]:  68%|██████▊   | 15/22 [00:01<00:00,  9.55it/s, Loss=0.0414, Acc=98.33%]
torch.Size([32, 256])
torch.Size([32, 32])
torch.Size([32, 256])
torch.Size([32, 32])
torch.Size([32, 256])
torch.Size([32, 32])
torch.Size([32, 256])
torch.Size([32, 32])
torch.Size([32, 256])
torch.Size([32, 32])
torch.Size([32, 256])
torch.Size([32, 32])
torch.Size([32, 256])
torch.Size([32, 32])
torch.Size([32, 256])
torch.Size([32, 32])
torch.Size([32, 256])
torch.Size([32, 32])
torch.Size([32, 256])
torch.Size([32, 32])
torch.Size([32, 256])
torch.Size([32, 32])
torch.Size([32, 256])
torch.Size([32, 32])
torch.Size([32, 256])
torch.Size([32, 32])
torch.Size([32, 256])
torch.Size([32, 32])
torch.Size([32, 256])
torch.Size([32, 32])
torch.Size([32, 256])
torch.Size([32, 32])
torch.Size([32, 256])
torch.Size([32, 32])
torch.Size([32, 256])
torch.Size([32, 32])
torch.Size([32, 256])
torch.Size([32, 32])
torch.Size([32, 256])
torch.Size([32, 32])
torch.Size([32, 256])
torch.Size([32, 32])
torch.Size([30, 256])
torch.Size([30, 32])
torch.Size([32, 256])
torch.Size([32, 32])
torch.Size([32, 256])
torch.Size([32, 32])
torch.Size([32, 256])
torch.Size([32, 32])
torch.Size([32, 256])
torch.Size([32, 32])
torch.Size([32, 256])
torch.Size([32, 32])
torch.Size([15, 256])
torch.Size([15, 32])
Epoch [32/50] - Train Loss: 0.0402, Train Acc: 98.43%, Val Loss: 0.2469, Val Acc: 90.86%
Epoch 33/50 [Train]:  68%|██████▊   | 15/22 [00:01<00:00, 10.31it/s, Loss=0.0241, Acc=99.38%]
torch.Size([32, 256])
torch.Size([32, 32])
torch.Size([32, 256])
torch.Size([32, 32])
torch.Size([32, 256])
torch.Size([32, 32])
torch.Size([32, 256])
torch.Size([32, 32])
torch.Size([32, 256])
torch.Size([32, 32])
torch.Size([32, 256])
torch.Size([32, 32])
torch.Size([32, 256])
torch.Size([32, 32])
torch.Size([32, 256])
torch.Size([32, 32])
torch.Size([32, 256])
torch.Size([32, 32])
torch.Size([32, 256])
torch.Size([32, 32])
torch.Size([32, 256])
torch.Size([32, 32])
torch.Size([32, 256])
torch.Size([32, 32])
torch.Size([32, 256])
torch.Size([32, 32])
torch.Size([32, 256])
torch.Size([32, 32])
torch.Size([32, 256])
torch.Size([32, 32])
torch.Size([32, 256])
torch.Size([32, 32])
torch.Size([32, 256])
torch.Size([32, 32])
torch.Size([32, 256])
torch.Size([32, 32])
torch.Size([32, 256])
torch.Size([32, 32])
torch.Size([32, 256])
torch.Size([32, 32])
torch.Size([32, 256])
torch.Size([32, 32])
torch.Size([30, 256])
torch.Size([30, 32])
torch.Size([32, 256])
torch.Size([32, 32])
torch.Size([32, 256])
torch.Size([32, 32])
torch.Size([32, 256])
torch.Size([32, 32])
torch.Size([32, 256])
torch.Size([32, 32])
torch.Size([32, 256])
torch.Size([32, 32])
torch.Size([15, 256])
torch.Size([15, 32])
Epoch [33/50] - Train Loss: 0.0462, Train Acc: 98.72%, Val Loss: 11.0712, Val Acc: 39.43%
Epoch 34/50 [Train]:  68%|██████▊   | 15/22 [00:01<00:00, 10.20it/s, Loss=0.0346, Acc=98.12%]
torch.Size([32, 256])
torch.Size([32, 32])
torch.Size([32, 256])
torch.Size([32, 32])
torch.Size([32, 256])
torch.Size([32, 32])
torch.Size([32, 256])
torch.Size([32, 32])
torch.Size([32, 256])
torch.Size([32, 32])
torch.Size([32, 256])
torch.Size([32, 32])
torch.Size([32, 256])
torch.Size([32, 32])
torch.Size([32, 256])
torch.Size([32, 32])
torch.Size([32, 256])
torch.Size([32, 32])
torch.Size([32, 256])
torch.Size([32, 32])
torch.Size([32, 256])
torch.Size([32, 32])
torch.Size([32, 256])
torch.Size([32, 32])
torch.Size([32, 256])
torch.Size([32, 32])
torch.Size([32, 256])
torch.Size([32, 32])
torch.Size([32, 256])
torch.Size([32, 32])
torch.Size([32, 256])
torch.Size([32, 32])
torch.Size([32, 256])
torch.Size([32, 32])
torch.Size([32, 256])
torch.Size([32, 32])
torch.Size([32, 256])
torch.Size([32, 32])
torch.Size([32, 256])
torch.Size([32, 32])
torch.Size([32, 256])
torch.Size([32, 32])
torch.Size([30, 256])
torch.Size([30, 32])
torch.Size([32, 256])
torch.Size([32, 32])
torch.Size([32, 256])
torch.Size([32, 32])
torch.Size([32, 256])
torch.Size([32, 32])
torch.Size([32, 256])
torch.Size([32, 32])
torch.Size([32, 256])
torch.Size([32, 32])
torch.Size([15, 256])
torch.Size([15, 32])
Epoch [34/50] - Train Loss: 0.0497, Train Acc: 97.58%, Val Loss: 0.5760, Val Acc: 86.86%
Epoch 35/50 [Train]:  68%|██████▊   | 15/22 [00:01<00:00,  9.27it/s, Loss=0.0494, Acc=98.12%]
torch.Size([32, 256])
torch.Size([32, 32])
torch.Size([32, 256])
torch.Size([32, 32])
torch.Size([32, 256])
torch.Size([32, 32])
torch.Size([32, 256])
torch.Size([32, 32])
torch.Size([32, 256])
torch.Size([32, 32])
torch.Size([32, 256])
torch.Size([32, 32])
torch.Size([32, 256])
torch.Size([32, 32])
torch.Size([32, 256])
torch.Size([32, 32])
torch.Size([32, 256])
torch.Size([32, 32])
torch.Size([32, 256])
torch.Size([32, 32])
torch.Size([32, 256])
torch.Size([32, 32])
torch.Size([32, 256])
torch.Size([32, 32])
torch.Size([32, 256])
torch.Size([32, 32])
torch.Size([32, 256])
torch.Size([32, 32])
torch.Size([32, 256])
torch.Size([32, 32])
torch.Size([32, 256])
torch.Size([32, 32])
torch.Size([32, 256])
torch.Size([32, 32])
torch.Size([32, 256])
torch.Size([32, 32])
torch.Size([32, 256])
torch.Size([32, 32])
torch.Size([32, 256])
torch.Size([32, 32])
torch.Size([32, 256])
torch.Size([32, 32])
torch.Size([30, 256])
torch.Size([30, 32])
torch.Size([32, 256])
torch.Size([32, 32])
torch.Size([32, 256])
torch.Size([32, 32])
torch.Size([32, 256])
torch.Size([32, 32])
torch.Size([32, 256])
torch.Size([32, 32])
torch.Size([32, 256])
torch.Size([32, 32])
torch.Size([15, 256])
torch.Size([15, 32])
Epoch [35/50] - Train Loss: 0.0509, Train Acc: 98.29%, Val Loss: 0.2373, Val Acc: 92.57%
Epoch 36/50 [Train]:  68%|██████▊   | 15/22 [00:01<00:00, 10.01it/s, Loss=0.0487, Acc=98.12%]
torch.Size([32, 256])
torch.Size([32, 32])
torch.Size([32, 256])
torch.Size([32, 32])
torch.Size([32, 256])
torch.Size([32, 32])
torch.Size([32, 256])
torch.Size([32, 32])
torch.Size([32, 256])
torch.Size([32, 32])
torch.Size([32, 256])
torch.Size([32, 32])
torch.Size([32, 256])
torch.Size([32, 32])
torch.Size([32, 256])
torch.Size([32, 32])
torch.Size([32, 256])
torch.Size([32, 32])
torch.Size([32, 256])
torch.Size([32, 32])
torch.Size([32, 256])
torch.Size([32, 32])
torch.Size([32, 256])
torch.Size([32, 32])
torch.Size([32, 256])
torch.Size([32, 32])
torch.Size([32, 256])
torch.Size([32, 32])
torch.Size([32, 256])
torch.Size([32, 32])
torch.Size([32, 256])
torch.Size([32, 32])
torch.Size([32, 256])
torch.Size([32, 32])
torch.Size([32, 256])
torch.Size([32, 32])
torch.Size([32, 256])
torch.Size([32, 32])
torch.Size([32, 256])
torch.Size([32, 32])
torch.Size([32, 256])
torch.Size([32, 32])
torch.Size([30, 256])
torch.Size([30, 32])
torch.Size([32, 256])
torch.Size([32, 32])
torch.Size([32, 256])
torch.Size([32, 32])
torch.Size([32, 256])
torch.Size([32, 32])
torch.Size([32, 256])
torch.Size([32, 32])
torch.Size([32, 256])
torch.Size([32, 32])
torch.Size([15, 256])
torch.Size([15, 32])
Epoch [36/50] - Train Loss: 0.0468, Train Acc: 98.43%, Val Loss: 0.0898, Val Acc: 97.71%
Epoch 37/50 [Train]:  64%|██████▎   | 14/22 [00:01<00:00,  9.87it/s, Loss=0.0414, Acc=98.33%]
torch.Size([32, 256])
torch.Size([32, 32])
torch.Size([32, 256])
torch.Size([32, 32])
torch.Size([32, 256])
torch.Size([32, 32])
torch.Size([32, 256])
torch.Size([32, 32])
torch.Size([32, 256])
torch.Size([32, 32])
torch.Size([32, 256])
torch.Size([32, 32])
torch.Size([32, 256])
torch.Size([32, 32])
torch.Size([32, 256])
torch.Size([32, 32])
torch.Size([32, 256])
torch.Size([32, 32])
torch.Size([32, 256])
torch.Size([32, 32])
torch.Size([32, 256])
torch.Size([32, 32])
torch.Size([32, 256])
torch.Size([32, 32])
torch.Size([32, 256])
torch.Size([32, 32])
torch.Size([32, 256])
torch.Size([32, 32])
torch.Size([32, 256])
torch.Size([32, 32])
torch.Size([32, 256])
torch.Size([32, 32])
torch.Size([32, 256])
torch.Size([32, 32])
torch.Size([32, 256])
torch.Size([32, 32])
torch.Size([32, 256])
torch.Size([32, 32])
torch.Size([32, 256])
torch.Size([32, 32])
torch.Size([32, 256])
torch.Size([32, 32])
torch.Size([30, 256])
torch.Size([30, 32])
torch.Size([32, 256])
torch.Size([32, 32])
torch.Size([32, 256])
torch.Size([32, 32])
torch.Size([32, 256])
torch.Size([32, 32])
torch.Size([32, 256])
torch.Size([32, 32])
torch.Size([32, 256])
torch.Size([32, 32])
torch.Size([15, 256])
torch.Size([15, 32])
Epoch [37/50] - Train Loss: 0.0309, Train Acc: 98.72%, Val Loss: 0.3064, Val Acc: 92.00%
Epoch 38/50 [Train]:  68%|██████▊   | 15/22 [00:01<00:00,  9.27it/s, Loss=0.0183, Acc=99.58%]
torch.Size([32, 256])
torch.Size([32, 32])
torch.Size([32, 256])
torch.Size([32, 32])
torch.Size([32, 256])
torch.Size([32, 32])
torch.Size([32, 256])
torch.Size([32, 32])
torch.Size([32, 256])
torch.Size([32, 32])
torch.Size([32, 256])
torch.Size([32, 32])
torch.Size([32, 256])
torch.Size([32, 32])
torch.Size([32, 256])
torch.Size([32, 32])
torch.Size([32, 256])
torch.Size([32, 32])
torch.Size([32, 256])
torch.Size([32, 32])
torch.Size([32, 256])
torch.Size([32, 32])
torch.Size([32, 256])
torch.Size([32, 32])
torch.Size([32, 256])
torch.Size([32, 32])
torch.Size([32, 256])
torch.Size([32, 32])
torch.Size([32, 256])
torch.Size([32, 32])
torch.Size([32, 256])
torch.Size([32, 32])
torch.Size([32, 256])
torch.Size([32, 32])
torch.Size([32, 256])
torch.Size([32, 32])
torch.Size([32, 256])
torch.Size([32, 32])
torch.Size([32, 256])
torch.Size([32, 32])
torch.Size([32, 256])
torch.Size([32, 32])
torch.Size([30, 256])
torch.Size([30, 32])
torch.Size([32, 256])
torch.Size([32, 32])
torch.Size([32, 256])
torch.Size([32, 32])
torch.Size([32, 256])
torch.Size([32, 32])
torch.Size([32, 256])
torch.Size([32, 32])
torch.Size([32, 256])
torch.Size([32, 32])
torch.Size([15, 256])
torch.Size([15, 32])
Epoch [38/50] - Train Loss: 0.0542, Train Acc: 99.15%, Val Loss: 6.9934, Val Acc: 58.86%
Epoch 39/50 [Train]:  68%|██████▊   | 15/22 [00:01<00:00, 10.17it/s, Loss=0.0651, Acc=97.92%]
torch.Size([32, 256])
torch.Size([32, 32])
torch.Size([32, 256])
torch.Size([32, 32])
torch.Size([32, 256])
torch.Size([32, 32])
torch.Size([32, 256])
torch.Size([32, 32])
torch.Size([32, 256])
torch.Size([32, 32])
torch.Size([32, 256])
torch.Size([32, 32])
torch.Size([32, 256])
torch.Size([32, 32])
torch.Size([32, 256])
torch.Size([32, 32])
torch.Size([32, 256])
torch.Size([32, 32])
torch.Size([32, 256])
torch.Size([32, 32])
torch.Size([32, 256])
torch.Size([32, 32])
torch.Size([32, 256])
torch.Size([32, 32])
torch.Size([32, 256])
torch.Size([32, 32])
torch.Size([32, 256])
torch.Size([32, 32])
torch.Size([32, 256])
torch.Size([32, 32])
torch.Size([32, 256])
torch.Size([32, 32])
torch.Size([32, 256])
torch.Size([32, 32])
torch.Size([32, 256])
torch.Size([32, 32])
torch.Size([32, 256])
torch.Size([32, 32])
torch.Size([32, 256])
torch.Size([32, 32])
torch.Size([32, 256])
torch.Size([32, 32])
torch.Size([30, 256])
torch.Size([30, 32])
torch.Size([32, 256])
torch.Size([32, 32])
torch.Size([32, 256])
torch.Size([32, 32])
torch.Size([32, 256])
torch.Size([32, 32])
torch.Size([32, 256])
torch.Size([32, 32])
torch.Size([32, 256])
torch.Size([32, 32])
torch.Size([15, 256])
torch.Size([15, 32])
Epoch [39/50] - Train Loss: 0.0638, Train Acc: 97.72%, Val Loss: 0.1237, Val Acc: 95.43%
Epoch 40/50 [Train]:  64%|██████▎   | 14/22 [00:01<00:00, 10.04it/s, Loss=0.0469, Acc=97.92%]
torch.Size([32, 256])
torch.Size([32, 32])
torch.Size([32, 256])
torch.Size([32, 32])
torch.Size([32, 256])
torch.Size([32, 32])
torch.Size([32, 256])
torch.Size([32, 32])
torch.Size([32, 256])
torch.Size([32, 32])
torch.Size([32, 256])
torch.Size([32, 32])
torch.Size([32, 256])
torch.Size([32, 32])
torch.Size([32, 256])
torch.Size([32, 32])
torch.Size([32, 256])
torch.Size([32, 32])
torch.Size([32, 256])
torch.Size([32, 32])
torch.Size([32, 256])
torch.Size([32, 32])
torch.Size([32, 256])
torch.Size([32, 32])
torch.Size([32, 256])
torch.Size([32, 32])
torch.Size([32, 256])
torch.Size([32, 32])
torch.Size([32, 256])
torch.Size([32, 32])
torch.Size([32, 256])
torch.Size([32, 32])
torch.Size([32, 256])
torch.Size([32, 32])
torch.Size([32, 256])
torch.Size([32, 32])
torch.Size([32, 256])
torch.Size([32, 32])
torch.Size([32, 256])
torch.Size([32, 32])
torch.Size([32, 256])
torch.Size([32, 32])
torch.Size([30, 256])
torch.Size([30, 32])
torch.Size([32, 256])
torch.Size([32, 32])
torch.Size([32, 256])
torch.Size([32, 32])
torch.Size([32, 256])
torch.Size([32, 32])
torch.Size([32, 256])
torch.Size([32, 32])
torch.Size([32, 256])
torch.Size([32, 32])
torch.Size([15, 256])
torch.Size([15, 32])
Epoch [40/50] - Train Loss: 0.0387, Train Acc: 98.58%, Val Loss: 0.1516, Val Acc: 93.71%
Epoch 41/50 [Train]:  64%|██████▎   | 14/22 [00:01<00:00,  9.10it/s, Loss=0.0150, Acc=99.58%]
torch.Size([32, 256])
torch.Size([32, 32])
torch.Size([32, 256])
torch.Size([32, 32])
torch.Size([32, 256])
torch.Size([32, 32])
torch.Size([32, 256])
torch.Size([32, 32])
torch.Size([32, 256])
torch.Size([32, 32])
torch.Size([32, 256])
torch.Size([32, 32])
torch.Size([32, 256])
torch.Size([32, 32])
torch.Size([32, 256])
torch.Size([32, 32])
torch.Size([32, 256])
torch.Size([32, 32])
torch.Size([32, 256])
torch.Size([32, 32])
torch.Size([32, 256])
torch.Size([32, 32])
torch.Size([32, 256])
torch.Size([32, 32])
torch.Size([32, 256])
torch.Size([32, 32])
torch.Size([32, 256])
torch.Size([32, 32])
torch.Size([32, 256])
torch.Size([32, 32])
torch.Size([32, 256])
torch.Size([32, 32])
torch.Size([32, 256])
torch.Size([32, 32])
torch.Size([32, 256])
torch.Size([32, 32])
torch.Size([32, 256])
torch.Size([32, 32])
torch.Size([32, 256])
torch.Size([32, 32])
torch.Size([32, 256])
torch.Size([32, 32])
torch.Size([30, 256])
torch.Size([30, 32])
torch.Size([32, 256])
torch.Size([32, 32])
torch.Size([32, 256])
torch.Size([32, 32])
torch.Size([32, 256])
torch.Size([32, 32])
torch.Size([32, 256])
torch.Size([32, 32])
torch.Size([32, 256])
torch.Size([32, 32])
torch.Size([15, 256])
torch.Size([15, 32])
Epoch [41/50] - Train Loss: 0.0133, Train Acc: 99.72%, Val Loss: 0.0842, Val Acc: 97.71%
Epoch 42/50 [Train]:  68%|██████▊   | 15/22 [00:01<00:00, 10.34it/s, Loss=0.0180, Acc=99.58%]
torch.Size([32, 256])
torch.Size([32, 32])
torch.Size([32, 256])
torch.Size([32, 32])
torch.Size([32, 256])
torch.Size([32, 32])
torch.Size([32, 256])
torch.Size([32, 32])
torch.Size([32, 256])
torch.Size([32, 32])
torch.Size([32, 256])
torch.Size([32, 32])
torch.Size([32, 256])
torch.Size([32, 32])
torch.Size([32, 256])
torch.Size([32, 32])
torch.Size([32, 256])
torch.Size([32, 32])
torch.Size([32, 256])
torch.Size([32, 32])
torch.Size([32, 256])
torch.Size([32, 32])
torch.Size([32, 256])
torch.Size([32, 32])
torch.Size([32, 256])
torch.Size([32, 32])
torch.Size([32, 256])
torch.Size([32, 32])
torch.Size([32, 256])
torch.Size([32, 32])
torch.Size([32, 256])
torch.Size([32, 32])
torch.Size([32, 256])
torch.Size([32, 32])
torch.Size([32, 256])
torch.Size([32, 32])
torch.Size([32, 256])
torch.Size([32, 32])
torch.Size([32, 256])
torch.Size([32, 32])
torch.Size([32, 256])
torch.Size([32, 32])
torch.Size([30, 256])
torch.Size([30, 32])
torch.Size([32, 256])
torch.Size([32, 32])
torch.Size([32, 256])
torch.Size([32, 32])
torch.Size([32, 256])
torch.Size([32, 32])
torch.Size([32, 256])
torch.Size([32, 32])
torch.Size([32, 256])
torch.Size([32, 32])
torch.Size([15, 256])
torch.Size([15, 32])
Epoch [42/50] - Train Loss: 0.0194, Train Acc: 99.43%, Val Loss: 0.0682, Val Acc: 98.86%
Epoch 43/50 [Train]:  68%|██████▊   | 15/22 [00:01<00:00, 10.01it/s, Loss=0.0111, Acc=99.38%]
torch.Size([32, 256])
torch.Size([32, 32])
torch.Size([32, 256])
torch.Size([32, 32])
torch.Size([32, 256])
torch.Size([32, 32])
torch.Size([32, 256])
torch.Size([32, 32])
torch.Size([32, 256])
torch.Size([32, 32])
torch.Size([32, 256])
torch.Size([32, 32])
torch.Size([32, 256])
torch.Size([32, 32])
torch.Size([32, 256])
torch.Size([32, 32])
torch.Size([32, 256])
torch.Size([32, 32])
torch.Size([32, 256])
torch.Size([32, 32])
torch.Size([32, 256])
torch.Size([32, 32])
torch.Size([32, 256])
torch.Size([32, 32])
torch.Size([32, 256])
torch.Size([32, 32])
torch.Size([32, 256])
torch.Size([32, 32])
torch.Size([32, 256])
torch.Size([32, 32])
torch.Size([32, 256])
torch.Size([32, 32])
torch.Size([32, 256])
torch.Size([32, 32])
torch.Size([32, 256])
torch.Size([32, 32])
torch.Size([32, 256])
torch.Size([32, 32])
torch.Size([32, 256])
torch.Size([32, 32])
torch.Size([32, 256])
torch.Size([32, 32])
torch.Size([30, 256])
torch.Size([30, 32])
torch.Size([32, 256])
torch.Size([32, 32])
torch.Size([32, 256])
torch.Size([32, 32])
torch.Size([32, 256])
torch.Size([32, 32])
torch.Size([32, 256])
torch.Size([32, 32])
torch.Size([32, 256])
torch.Size([32, 32])
torch.Size([15, 256])
torch.Size([15, 32])
Epoch [43/50] - Train Loss: 0.0109, Train Acc: 99.57%, Val Loss: 0.1163, Val Acc: 97.71%
Epoch 44/50 [Train]:  68%|██████▊   | 15/22 [00:01<00:00,  9.30it/s, Loss=0.0075, Acc=99.79%] 
torch.Size([32, 256])
torch.Size([32, 32])
torch.Size([32, 256])
torch.Size([32, 32])
torch.Size([32, 256])
torch.Size([32, 32])
torch.Size([32, 256])
torch.Size([32, 32])
torch.Size([32, 256])
torch.Size([32, 32])
torch.Size([32, 256])
torch.Size([32, 32])
torch.Size([32, 256])
torch.Size([32, 32])
torch.Size([32, 256])
torch.Size([32, 32])
torch.Size([32, 256])
torch.Size([32, 32])
torch.Size([32, 256])
torch.Size([32, 32])
torch.Size([32, 256])
torch.Size([32, 32])
torch.Size([32, 256])
torch.Size([32, 32])
torch.Size([32, 256])
torch.Size([32, 32])
torch.Size([32, 256])
torch.Size([32, 32])
torch.Size([32, 256])
torch.Size([32, 32])
torch.Size([32, 256])
torch.Size([32, 32])
torch.Size([32, 256])
torch.Size([32, 32])
torch.Size([32, 256])
torch.Size([32, 32])
torch.Size([32, 256])
torch.Size([32, 32])
torch.Size([32, 256])
torch.Size([32, 32])
torch.Size([32, 256])
torch.Size([32, 32])
torch.Size([30, 256])
torch.Size([30, 32])
torch.Size([32, 256])
torch.Size([32, 32])
torch.Size([32, 256])
torch.Size([32, 32])
torch.Size([32, 256])
torch.Size([32, 32])
torch.Size([32, 256])
torch.Size([32, 32])
torch.Size([32, 256])
torch.Size([32, 32])
torch.Size([15, 256])
torch.Size([15, 32])
Epoch [44/50] - Train Loss: 0.0080, Train Acc: 99.72%, Val Loss: 0.4748, Val Acc: 88.57%
Epoch 45/50 [Train]:  68%|██████▊   | 15/22 [00:01<00:00, 10.09it/s, Loss=0.0086, Acc=99.79%]
torch.Size([32, 256])
torch.Size([32, 32])
torch.Size([32, 256])
torch.Size([32, 32])
torch.Size([32, 256])
torch.Size([32, 32])
torch.Size([32, 256])
torch.Size([32, 32])
torch.Size([32, 256])
torch.Size([32, 32])
torch.Size([32, 256])
torch.Size([32, 32])
torch.Size([32, 256])
torch.Size([32, 32])
torch.Size([32, 256])
torch.Size([32, 32])
torch.Size([32, 256])
torch.Size([32, 32])
torch.Size([32, 256])
torch.Size([32, 32])
torch.Size([32, 256])
torch.Size([32, 32])
torch.Size([32, 256])
torch.Size([32, 32])
torch.Size([32, 256])
torch.Size([32, 32])
torch.Size([32, 256])
torch.Size([32, 32])
torch.Size([32, 256])
torch.Size([32, 32])
torch.Size([32, 256])
torch.Size([32, 32])
torch.Size([32, 256])
torch.Size([32, 32])
torch.Size([32, 256])
torch.Size([32, 32])
torch.Size([32, 256])
torch.Size([32, 32])
torch.Size([32, 256])
torch.Size([32, 32])
torch.Size([32, 256])
torch.Size([32, 32])
torch.Size([30, 256])
torch.Size([30, 32])
torch.Size([32, 256])
torch.Size([32, 32])
torch.Size([32, 256])
torch.Size([32, 32])
torch.Size([32, 256])
torch.Size([32, 32])
torch.Size([32, 256])
torch.Size([32, 32])
torch.Size([32, 256])
torch.Size([32, 32])
torch.Size([15, 256])
torch.Size([15, 32])
Epoch [45/50] - Train Loss: 0.0088, Train Acc: 99.86%, Val Loss: 0.0887, Val Acc: 97.71%
Epoch 46/50 [Train]:  68%|██████▊   | 15/22 [00:01<00:00, 10.29it/s, Loss=0.0137, Acc=99.58%] 
torch.Size([32, 256])
torch.Size([32, 32])
torch.Size([32, 256])
torch.Size([32, 32])
torch.Size([32, 256])
torch.Size([32, 32])
torch.Size([32, 256])
torch.Size([32, 32])
torch.Size([32, 256])
torch.Size([32, 32])
torch.Size([32, 256])
torch.Size([32, 32])
torch.Size([32, 256])
torch.Size([32, 32])
torch.Size([32, 256])
torch.Size([32, 32])
torch.Size([32, 256])
torch.Size([32, 32])
torch.Size([32, 256])
torch.Size([32, 32])
torch.Size([32, 256])
torch.Size([32, 32])
torch.Size([32, 256])
torch.Size([32, 32])
torch.Size([32, 256])
torch.Size([32, 32])
torch.Size([32, 256])
torch.Size([32, 32])
torch.Size([32, 256])
torch.Size([32, 32])
torch.Size([32, 256])
torch.Size([32, 32])
torch.Size([32, 256])
torch.Size([32, 32])
torch.Size([32, 256])
torch.Size([32, 32])
torch.Size([32, 256])
torch.Size([32, 32])
torch.Size([32, 256])
torch.Size([32, 32])
torch.Size([32, 256])
torch.Size([32, 32])
torch.Size([30, 256])
torch.Size([30, 32])
torch.Size([32, 256])
torch.Size([32, 32])
torch.Size([32, 256])
torch.Size([32, 32])
torch.Size([32, 256])
torch.Size([32, 32])
torch.Size([32, 256])
torch.Size([32, 32])
torch.Size([32, 256])
torch.Size([32, 32])
torch.Size([15, 256])
torch.Size([15, 32])
Epoch [46/50] - Train Loss: 0.0111, Train Acc: 99.72%, Val Loss: 0.1930, Val Acc: 94.86%
Epoch 47/50 [Train]:  68%|██████▊   | 15/22 [00:01<00:00,  9.51it/s, Loss=0.0129, Acc=99.79%] 
torch.Size([32, 256])
torch.Size([32, 32])
torch.Size([32, 256])
torch.Size([32, 32])
torch.Size([32, 256])
torch.Size([32, 32])
torch.Size([32, 256])
torch.Size([32, 32])
torch.Size([32, 256])
torch.Size([32, 32])
torch.Size([32, 256])
torch.Size([32, 32])
torch.Size([32, 256])
torch.Size([32, 32])
torch.Size([32, 256])
torch.Size([32, 32])
torch.Size([32, 256])
torch.Size([32, 32])
torch.Size([32, 256])
torch.Size([32, 32])
torch.Size([32, 256])
torch.Size([32, 32])
torch.Size([32, 256])
torch.Size([32, 32])
torch.Size([32, 256])
torch.Size([32, 32])
torch.Size([32, 256])
torch.Size([32, 32])
torch.Size([32, 256])
torch.Size([32, 32])
torch.Size([32, 256])
torch.Size([32, 32])
torch.Size([32, 256])
torch.Size([32, 32])
torch.Size([32, 256])
torch.Size([32, 32])
torch.Size([32, 256])
torch.Size([32, 32])
torch.Size([32, 256])
torch.Size([32, 32])
torch.Size([32, 256])
torch.Size([32, 32])
torch.Size([30, 256])
torch.Size([30, 32])
torch.Size([32, 256])
torch.Size([32, 32])
torch.Size([32, 256])
torch.Size([32, 32])
torch.Size([32, 256])
torch.Size([32, 32])
torch.Size([32, 256])
torch.Size([32, 32])
torch.Size([32, 256])
torch.Size([32, 32])
torch.Size([15, 256])
torch.Size([15, 32])
Epoch [47/50] - Train Loss: 0.0097, Train Acc: 99.86%, Val Loss: 0.5438, Val Acc: 78.86%
Epoch 48/50 [Train]:  68%|██████▊   | 15/22 [00:01<00:00, 10.02it/s, Loss=0.0200, Acc=99.38%]
torch.Size([32, 256])
torch.Size([32, 32])
torch.Size([32, 256])
torch.Size([32, 32])
torch.Size([32, 256])
torch.Size([32, 32])
torch.Size([32, 256])
torch.Size([32, 32])
torch.Size([32, 256])
torch.Size([32, 32])
torch.Size([32, 256])
torch.Size([32, 32])
torch.Size([32, 256])
torch.Size([32, 32])
torch.Size([32, 256])
torch.Size([32, 32])
torch.Size([32, 256])
torch.Size([32, 32])
torch.Size([32, 256])
torch.Size([32, 32])
torch.Size([32, 256])
torch.Size([32, 32])
torch.Size([32, 256])
torch.Size([32, 32])
torch.Size([32, 256])
torch.Size([32, 32])
torch.Size([32, 256])
torch.Size([32, 32])
torch.Size([32, 256])
torch.Size([32, 32])
torch.Size([32, 256])
torch.Size([32, 32])
torch.Size([32, 256])
torch.Size([32, 32])
torch.Size([32, 256])
torch.Size([32, 32])
torch.Size([32, 256])
torch.Size([32, 32])
torch.Size([32, 256])
torch.Size([32, 32])
torch.Size([32, 256])
torch.Size([32, 32])
torch.Size([30, 256])
torch.Size([30, 32])
torch.Size([32, 256])
torch.Size([32, 32])
torch.Size([32, 256])
torch.Size([32, 32])
torch.Size([32, 256])
torch.Size([32, 32])
torch.Size([32, 256])
torch.Size([32, 32])
torch.Size([32, 256])
torch.Size([32, 32])
torch.Size([15, 256])
torch.Size([15, 32])
Epoch [48/50] - Train Loss: 0.0246, Train Acc: 99.00%, Val Loss: 0.2406, Val Acc: 94.29%
Epoch 49/50 [Train]:  68%|██████▊   | 15/22 [00:01<00:00, 10.05it/s, Loss=0.0237, Acc=99.17%]
torch.Size([32, 256])
torch.Size([32, 32])
torch.Size([32, 256])
torch.Size([32, 32])
torch.Size([32, 256])
torch.Size([32, 32])
torch.Size([32, 256])
torch.Size([32, 32])
torch.Size([32, 256])
torch.Size([32, 32])
torch.Size([32, 256])
torch.Size([32, 32])
torch.Size([32, 256])
torch.Size([32, 32])
torch.Size([32, 256])
torch.Size([32, 32])
torch.Size([32, 256])
torch.Size([32, 32])
torch.Size([32, 256])
torch.Size([32, 32])
torch.Size([32, 256])
torch.Size([32, 32])
torch.Size([32, 256])
torch.Size([32, 32])
torch.Size([32, 256])
torch.Size([32, 32])
torch.Size([32, 256])
torch.Size([32, 32])
torch.Size([32, 256])
torch.Size([32, 32])
torch.Size([32, 256])
torch.Size([32, 32])
torch.Size([32, 256])
torch.Size([32, 32])
torch.Size([32, 256])
torch.Size([32, 32])
torch.Size([32, 256])
torch.Size([32, 32])
torch.Size([32, 256])
torch.Size([32, 32])
torch.Size([32, 256])
torch.Size([32, 32])
torch.Size([30, 256])
torch.Size([30, 32])
torch.Size([32, 256])
torch.Size([32, 32])
torch.Size([32, 256])
torch.Size([32, 32])
torch.Size([32, 256])
torch.Size([32, 32])
torch.Size([32, 256])
torch.Size([32, 32])
torch.Size([32, 256])
torch.Size([32, 32])
torch.Size([15, 256])
torch.Size([15, 32])
Epoch [49/50] - Train Loss: 0.0253, Train Acc: 99.15%, Val Loss: 0.4844, Val Acc: 82.86%
Epoch 50/50 [Train]:  68%|██████▊   | 15/22 [00:01<00:00, 10.00it/s, Loss=0.0311, Acc=98.96%]
torch.Size([32, 256])
torch.Size([32, 32])
torch.Size([32, 256])
torch.Size([32, 32])
torch.Size([32, 256])
torch.Size([32, 32])
torch.Size([32, 256])
torch.Size([32, 32])
torch.Size([32, 256])
torch.Size([32, 32])
torch.Size([32, 256])
torch.Size([32, 32])
torch.Size([32, 256])
torch.Size([32, 32])
torch.Size([32, 256])
torch.Size([32, 32])
torch.Size([32, 256])
torch.Size([32, 32])
torch.Size([32, 256])
torch.Size([32, 32])
torch.Size([32, 256])
torch.Size([32, 32])
torch.Size([32, 256])
torch.Size([32, 32])
torch.Size([32, 256])
torch.Size([32, 32])
torch.Size([32, 256])
torch.Size([32, 32])
torch.Size([32, 256])
torch.Size([32, 32])
torch.Size([32, 256])
torch.Size([32, 32])
torch.Size([32, 256])
torch.Size([32, 32])
torch.Size([32, 256])
torch.Size([32, 32])
torch.Size([32, 256])
torch.Size([32, 32])
torch.Size([32, 256])
torch.Size([32, 32])
torch.Size([32, 256])
torch.Size([32, 32])
torch.Size([30, 256])
torch.Size([30, 32])
torch.Size([32, 256])
torch.Size([32, 32])
torch.Size([32, 256])
torch.Size([32, 32])
torch.Size([32, 256])
torch.Size([32, 32])
torch.Size([32, 256])
torch.Size([32, 32])
torch.Size([32, 256])
torch.Size([32, 32])
torch.Size([15, 256])
torch.Size([15, 32])
Epoch [50/50] - Train Loss: 0.0357, Train Acc: 98.58%, Val Loss: 0.7381, Val Acc: 88.00%
Evaluating model...
Evaluating: 100%|██████████| 7/7 [00:01<00:00,  5.17it/s]
torch.Size([32, 256])
torch.Size([32, 32])
torch.Size([32, 256])
torch.Size([32, 32])
torch.Size([32, 256])
torch.Size([32, 32])
torch.Size([32, 256])
torch.Size([32, 32])
torch.Size([32, 256])
torch.Size([32, 32])
torch.Size([32, 256])
torch.Size([32, 32])
torch.Size([28, 256])
torch.Size([28, 32])
/usr/local/lib/python3.11/dist-packages/sklearn/metrics/_classification.py:1344: UndefinedMetricWarning: Precision is ill-defined and being set to 0.0 in labels with no predicted samples. Use `zero_division` parameter to control this behavior.
  _warn_prf(average, modifier, msg_start, len(result))
Test Results:
Accuracy: 0.8455 (84.55%)
Precision: 0.7691 (76.91%)
Recall: 0.8455 (84.55%)
F1-Score: 0.7985 (79.85%)
AUC-ROC: 0.9897 (98.97%)
torch.Size([1, 256])
torch.Size([1, 32])
torch.Size([3, 3, 3])
torch.Size([3, 9])
W&B enabled.
[34m[1mwandb[0m: [33mWARNING[0m Calling wandb.login() after wandb.init() has no effect.
