============================================================
Lung-EffNet — Image-Level 80/20 Split (Paper Method)
============================================================
Total images: 1097
  Bengin cases: 120
  Malignant cases: 561
  Normal cases: 416

After 80/20 split: train=789, val=88, test=220
Train after augmentation: 2824

############################################################
 EfficientNet-B0 | LEAKY SPLIT
############################################################
Downloading: "https://download.pytorch.org/models/efficientnet_b0_rwightman-7f5810bc.pth" to /root/.cache/torch/hub/checkpoints/efficientnet_b0_rwightman-7f5810bc.pth
100%|██████████| 20.5M/20.5M [00:00<00:00, 139MB/s] 
  EfficientNet-B0: 4.01M params

============================================================
 Training: EffNet-B0 | 50 epochs | LR=0.001
============================================================
  [  1/50] loss=0.4060/0.3045 acc=0.8200/0.8864 f1=0.8294 lr=1.0e-03 (20.9s) ★
  [  2/50] loss=0.1997/0.0861 acc=0.9219/0.9659 f1=0.9406 lr=1.0e-03 (19.3s) ★
  [  3/50] loss=0.1360/0.1648 acc=0.9492/0.9545 f1=0.8976 lr=1.0e-03 (19.3s)
  [  4/50] loss=0.0967/0.3277 acc=0.9641/0.8636 f1=0.8009 lr=1.0e-03 (19.6s)
  [  5/50] loss=0.0762/0.0629 acc=0.9702/0.9659 f1=0.9406 lr=1.0e-03 (19.5s)
  [  6/50] loss=0.0515/0.0831 acc=0.9844/0.9773 f1=0.9566 lr=1.0e-03 (19.5s) ★
  [  7/50] loss=0.0475/0.0943 acc=0.9837/0.9773 f1=0.9593 lr=1.0e-03 (19.8s)
  [  8/50] loss=0.0345/0.4365 acc=0.9865/0.8068 f1=0.7910 lr=1.0e-03 (20.0s)
  [  9/50] loss=0.0693/0.0484 acc=0.9787/0.9773 f1=0.9593 lr=1.0e-03 (19.9s)
  [ 10/50] loss=0.0615/0.0822 acc=0.9762/0.9659 f1=0.9406 lr=1.0e-03 (19.7s)
  [ 11/50] loss=0.0316/0.0483 acc=0.9886/0.9773 f1=0.9532 lr=1.0e-03 (19.8s)
  [ 12/50] loss=0.0234/0.0318 acc=0.9925/0.9886 f1=0.9790 lr=1.0e-03 (19.8s) ★
  [ 13/50] loss=0.0502/0.0594 acc=0.9833/0.9886 f1=0.9790 lr=1.0e-03 (19.6s)
  [ 14/50] loss=0.0305/0.0622 acc=0.9893/0.9659 f1=0.9406 lr=1.0e-03 (19.6s)
  [ 15/50] loss=0.0475/0.0909 acc=0.9833/0.9659 f1=0.9370 lr=1.0e-03 (19.7s)
  [ 16/50] loss=0.0142/0.0089 acc=0.9957/0.9886 f1=0.9775 lr=1.0e-03 (19.7s)
  [ 17/50] loss=0.0195/0.0579 acc=0.9943/0.9886 f1=0.9790 lr=1.0e-03 (20.1s)
  [ 18/50] loss=0.0465/0.0806 acc=0.9886/0.9545 f1=0.9247 lr=3.0e-04 (19.5s)
  [ 19/50] loss=0.0343/0.0453 acc=0.9869/0.9886 f1=0.9913 lr=3.0e-04 (19.3s)
  [ 20/50] loss=0.0188/0.0056 acc=0.9936/1.0000 f1=1.0000 lr=3.0e-04 (19.7s) ★
  [ 21/50] loss=0.0085/0.0038 acc=0.9975/1.0000 f1=1.0000 lr=3.0e-04 (19.7s)
  [ 22/50] loss=0.0059/0.0016 acc=0.9975/1.0000 f1=1.0000 lr=3.0e-04 (19.7s)
  [ 23/50] loss=0.0063/0.0052 acc=0.9986/1.0000 f1=1.0000 lr=3.0e-04 (19.7s)
  [ 24/50] loss=0.0043/0.0006 acc=0.9982/1.0000 f1=1.0000 lr=3.0e-04 (19.6s)
  [ 25/50] loss=0.0029/0.0026 acc=0.9996/1.0000 f1=1.0000 lr=3.0e-04 (19.7s)
  [ 26/50] loss=0.0074/0.0017 acc=0.9982/1.0000 f1=1.0000 lr=9.0e-05 (19.8s)
  [ 27/50] loss=0.0024/0.0009 acc=0.9996/1.0000 f1=1.0000 lr=9.0e-05 (19.6s)
  [ 28/50] loss=0.0015/0.0003 acc=0.9996/1.0000 f1=1.0000 lr=9.0e-05 (19.7s)
  [ 29/50] loss=0.0037/0.0003 acc=0.9989/1.0000 f1=1.0000 lr=9.0e-05 (19.7s)
  [ 30/50] loss=0.0024/0.0003 acc=0.9989/1.0000 f1=1.0000 lr=9.0e-05 (19.9s)
  [ 31/50] loss=0.0008/0.0003 acc=1.0000/1.0000 f1=1.0000 lr=9.0e-05 (19.3s)
  [ 32/50] loss=0.0013/0.0003 acc=0.9996/1.0000 f1=1.0000 lr=2.7e-05 (19.9s)
  [ 33/50] loss=0.0030/0.0009 acc=0.9989/1.0000 f1=1.0000 lr=2.7e-05 (20.3s)
  [ 34/50] loss=0.0030/0.0003 acc=0.9989/1.0000 f1=1.0000 lr=2.7e-05 (19.9s)
  [ 35/50] loss=0.0022/0.0009 acc=0.9989/1.0000 f1=1.0000 lr=2.7e-05 (20.0s)
  [ 36/50] loss=0.0012/0.0008 acc=0.9993/1.0000 f1=1.0000 lr=2.7e-05 (20.0s)
  [ 37/50] loss=0.0007/0.0009 acc=1.0000/1.0000 f1=1.0000 lr=2.7e-05 (20.0s)
  [ 38/50] loss=0.0007/0.0003 acc=1.0000/1.0000 f1=1.0000 lr=8.1e-06 (19.8s)
  [ 39/50] loss=0.0015/0.0012 acc=0.9996/1.0000 f1=1.0000 lr=8.1e-06 (19.9s)
  [ 40/50] loss=0.0008/0.0007 acc=1.0000/1.0000 f1=1.0000 lr=8.1e-06 (19.7s)
  [ 41/50] loss=0.0007/0.0011 acc=1.0000/1.0000 f1=1.0000 lr=8.1e-06 (19.8s)
  [ 42/50] loss=0.0004/0.0012 acc=1.0000/1.0000 f1=1.0000 lr=8.1e-06 (20.2s)
  [ 43/50] loss=0.0009/0.0007 acc=0.9996/1.0000 f1=1.0000 lr=8.1e-06 (19.9s)
  [ 44/50] loss=0.0009/0.0004 acc=1.0000/1.0000 f1=1.0000 lr=2.4e-06 (20.0s)
  [ 45/50] loss=0.0006/0.0007 acc=1.0000/1.0000 f1=1.0000 lr=2.4e-06 (20.1s)
  [ 46/50] loss=0.0016/0.0006 acc=0.9993/1.0000 f1=1.0000 lr=2.4e-06 (20.0s)
  [ 47/50] loss=0.0009/0.0011 acc=1.0000/1.0000 f1=1.0000 lr=2.4e-06 (20.0s)
  [ 48/50] loss=0.0006/0.0009 acc=1.0000/1.0000 f1=1.0000 lr=2.4e-06 (20.2s)
  [ 49/50] loss=0.0007/0.0005 acc=0.9996/1.0000 f1=1.0000 lr=2.4e-06 (20.3s)
  [ 50/50] loss=0.0010/0.0012 acc=0.9996/1.0000 f1=1.0000 lr=7.3e-07 (20.0s)

============================================================
 TEST RESULTS — EffNet-B0
============================================================
Accuracy:  99.55%
Parameters: 4.01M

              precision    recall  f1-score   support

      Benign       0.96      1.00      0.98        24
   Malignant       1.00      1.00      1.00       113
      Normal       1.00      0.99      0.99        83

    accuracy                           1.00       220
   macro avg       0.99      1.00      0.99       220
weighted avg       1.00      1.00      1.00       220


############################################################
 EfficientNet-B1 | LEAKY SPLIT
############################################################
Downloading: "https://download.pytorch.org/models/efficientnet_b1_rwightman-bac287d4.pth" to /root/.cache/torch/hub/checkpoints/efficientnet_b1_rwightman-bac287d4.pth
100%|██████████| 30.1M/30.1M [00:00<00:00, 144MB/s] 
  EfficientNet-B1: 6.52M params

============================================================
 Training: EffNet-B1 | 50 epochs | LR=0.001
============================================================
  [  1/50] loss=0.3581/0.5987 acc=0.8494/0.8864 f1=0.8294 lr=1.0e-03 (26.4s) ★
  [  2/50] loss=0.1494/0.0900 acc=0.9535/0.9659 f1=0.9616 lr=1.0e-03 (26.2s) ★
  [  3/50] loss=0.1037/0.2926 acc=0.9638/0.9432 f1=0.9060 lr=1.0e-03 (25.9s)
  [  4/50] loss=0.0785/0.2640 acc=0.9762/0.8977 f1=0.8485 lr=1.0e-03 (25.8s)
  [  5/50] loss=0.0577/0.9497 acc=0.9830/0.8409 f1=0.7984 lr=1.0e-03 (26.2s)
  [  6/50] loss=0.0715/0.0147 acc=0.9744/1.0000 f1=1.0000 lr=1.0e-03 (26.1s) ★
  [  7/50] loss=0.0434/0.0088 acc=0.9837/1.0000 f1=1.0000 lr=1.0e-03 (26.0s)
  [  8/50] loss=0.0306/0.3143 acc=0.9893/0.9205 f1=0.8740 lr=1.0e-03 (26.1s)
  [  9/50] loss=0.0270/0.0191 acc=0.9897/0.9886 f1=0.9775 lr=1.0e-03 (26.0s)
  [ 10/50] loss=0.0355/0.0105 acc=0.9865/1.0000 f1=1.0000 lr=1.0e-03 (26.1s)
  [ 11/50] loss=0.0458/0.0235 acc=0.9844/0.9886 f1=0.9804 lr=1.0e-03 (26.0s)
  [ 12/50] loss=0.0278/0.0458 acc=0.9911/0.9773 f1=0.9532 lr=3.0e-04 (25.9s)
  [ 13/50] loss=0.0131/0.0018 acc=0.9957/1.0000 f1=1.0000 lr=3.0e-04 (26.0s)
  [ 14/50] loss=0.0025/0.0005 acc=0.9993/1.0000 f1=1.0000 lr=3.0e-04 (26.1s)
  [ 15/50] loss=0.0044/0.0004 acc=0.9989/1.0000 f1=1.0000 lr=3.0e-04 (26.0s)
  [ 16/50] loss=0.0090/0.0029 acc=0.9968/1.0000 f1=1.0000 lr=3.0e-04 (25.9s)
  [ 17/50] loss=0.0020/0.0006 acc=1.0000/1.0000 f1=1.0000 lr=3.0e-04 (26.1s)
  [ 18/50] loss=0.0026/0.0002 acc=0.9986/1.0000 f1=1.0000 lr=9.0e-05 (25.9s)
  [ 19/50] loss=0.0009/0.0001 acc=0.9996/1.0000 f1=1.0000 lr=9.0e-05 (26.0s)
  [ 20/50] loss=0.0017/0.0001 acc=0.9993/1.0000 f1=1.0000 lr=9.0e-05 (26.1s)
  [ 21/50] loss=0.0007/0.0002 acc=1.0000/1.0000 f1=1.0000 lr=9.0e-05 (26.1s)
  [ 22/50] loss=0.0020/0.0004 acc=0.9989/1.0000 f1=1.0000 lr=9.0e-05 (26.2s)
  [ 23/50] loss=0.0012/0.0003 acc=1.0000/1.0000 f1=1.0000 lr=9.0e-05 (26.2s)
  [ 24/50] loss=0.0012/0.0001 acc=0.9996/1.0000 f1=1.0000 lr=2.7e-05 (26.1s)
  [ 25/50] loss=0.0008/0.0001 acc=1.0000/1.0000 f1=1.0000 lr=2.7e-05 (26.2s)
  [ 26/50] loss=0.0021/0.0001 acc=0.9989/1.0000 f1=1.0000 lr=2.7e-05 (26.0s)
  [ 27/50] loss=0.0013/0.0001 acc=0.9996/1.0000 f1=1.0000 lr=2.7e-05 (26.1s)
  [ 28/50] loss=0.0007/0.0001 acc=1.0000/1.0000 f1=1.0000 lr=2.7e-05 (26.1s)
  [ 29/50] loss=0.0007/0.0001 acc=1.0000/1.0000 f1=1.0000 lr=2.7e-05 (26.1s)
  [ 30/50] loss=0.0008/0.0001 acc=1.0000/1.0000 f1=1.0000 lr=8.1e-06 (26.1s)
  [ 31/50] loss=0.0006/0.0001 acc=1.0000/1.0000 f1=1.0000 lr=8.1e-06 (26.0s)
  [ 32/50] loss=0.0006/0.0001 acc=1.0000/1.0000 f1=1.0000 lr=8.1e-06 (26.2s)
  [ 33/50] loss=0.0006/0.0000 acc=1.0000/1.0000 f1=1.0000 lr=8.1e-06 (25.9s)
  [ 34/50] loss=0.0020/0.0001 acc=0.9996/1.0000 f1=1.0000 lr=8.1e-06 (26.0s)
  [ 35/50] loss=0.0004/0.0001 acc=1.0000/1.0000 f1=1.0000 lr=8.1e-06 (26.0s)
  [ 36/50] loss=0.0006/0.0000 acc=1.0000/1.0000 f1=1.0000 lr=2.4e-06 (26.0s)
  [ 37/50] loss=0.0012/0.0001 acc=0.9993/1.0000 f1=1.0000 lr=2.4e-06 (26.1s)
  [ 38/50] loss=0.0005/0.0001 acc=1.0000/1.0000 f1=1.0000 lr=2.4e-06 (26.1s)
  [ 39/50] loss=0.0008/0.0000 acc=1.0000/1.0000 f1=1.0000 lr=2.4e-06 (26.2s)
  [ 40/50] loss=0.0011/0.0001 acc=0.9996/1.0000 f1=1.0000 lr=2.4e-06 (26.1s)
  [ 41/50] loss=0.0011/0.0001 acc=0.9996/1.0000 f1=1.0000 lr=2.4e-06 (26.0s)
  [ 42/50] loss=0.0007/0.0000 acc=0.9996/1.0000 f1=1.0000 lr=7.3e-07 (26.1s)
[34m[1mwandb[0m: [33mWARNING[0m Calling wandb.login() after wandb.init() has no effect.
