✅ W&B run initialised

🚀 Starting training for DepthWiseMamba-Pico1...
  Ep   1/25 | Tr 1.1879/0.3488 | Val 1.1550/0.2448 | 28.6s ★ saved
  Ep   2/25 | Tr 1.1308/0.3811 | Val 1.3759/0.2135 | 20.8s
  Ep   3/25 | Tr 1.0905/0.4177 | Val 1.6433/0.2135 | 21.2s
  Ep   4/25 | Tr 1.0377/0.4585 | Val 1.7485/0.2135 | 21.1s
  Ep   5/25 | Tr 1.0026/0.4891 | Val 1.5796/0.2135 | 21.2s
  Ep   6/25 | Tr 0.9676/0.5114 | Val 1.1731/0.3958 | 20.6s ★ saved
  Ep   7/25 | Tr 0.9310/0.5380 | Val 0.8763/0.5781 | 21.0s ★ saved
  Ep   8/25 | Tr 0.8905/0.5654 | Val 0.7687/0.6458 | 21.0s ★ saved
  Ep   9/25 | Tr 0.8648/0.5762 | Val 0.7239/0.6562 | 21.3s ★ saved
  Ep  10/25 | Tr 0.8282/0.5964 | Val 0.6920/0.6771 | 21.5s ★ saved
  Ep  11/25 | Tr 0.7883/0.6291 | Val 0.6618/0.6823 | 20.8s ★ saved
  Ep  12/25 | Tr 0.7676/0.6266 | Val 0.6338/0.7031 | 20.8s ★ saved
  Ep  13/25 | Tr 0.7357/0.6492 | Val 0.6122/0.7031 | 21.5s
  Ep  14/25 | Tr 0.7041/0.6617 | Val 0.5932/0.7083 | 20.6s ★ saved
  Ep  15/25 | Tr 0.6746/0.6741 | Val 0.5755/0.7240 | 20.7s ★ saved
  Ep  16/25 | Tr 0.6533/0.6798 | Val 0.5625/0.7344 | 21.3s ★ saved
  Ep  17/25 | Tr 0.6236/0.6978 | Val 0.5541/0.7188 | 20.7s
  Ep  18/25 | Tr 0.6181/0.6946 | Val 0.5458/0.7135 | 21.1s
  Ep  19/25 | Tr 0.5908/0.7102 | Val 0.5369/0.7135 | 20.7s
  Ep  20/25 | Tr 0.5718/0.7158 | Val 0.5316/0.7240 | 20.5s
  Ep  21/25 | Tr 0.5579/0.7233 | Val 0.5267/0.7240 | 20.7s
  Ep  22/25 | Tr 0.5447/0.7279 | Val 0.5222/0.7188 | 20.7s
  Ep  23/25 | Tr 0.5290/0.7358 | Val 0.5176/0.7188 | 20.8s
  Ep  24/25 | Tr 0.5116/0.7435 | Val 0.5143/0.7240 | 21.5s
  Ep  25/25 | Tr 0.5096/0.7469 | Val 0.5106/0.7240 | 20.8s

  💾 Best model loaded: Epoch 16 | Val Acc: 73.44%
======================================================================
  TEST EVALUATION: DepthWiseMamba-Pico1 | Test Acc: 73.26%
======================================================================
              precision    recall  f1-score   support

      Benign       0.43      0.31      0.36        94
   Malignant       0.74      0.86      0.79       211
      Normal       0.99      0.89      0.94        84

    accuracy                           0.73       389
   macro avg       0.72      0.69      0.70       389
weighted avg       0.72      0.73      0.72       389
