Freezing layer 'model.23.dfl.conv.weight'
[34m[1mAMP: [0mrunning Automatic Mixed Precision (AMP) checks with YOLO11n...
[34m[1mAMP: [0mchecks passed ✅
[34m[1mtrain: [0mScanning /kaggle/input/iiuc-idcard-data/train/labels... 46 images, 0 backgrounds, 0 corrupt: 100%|██████████| 46/46 [00:00<00:00, 168.34it/s]
[34m[1mtrain: [0mWARNING ⚠️ Cache directory /kaggle/input/iiuc-idcard-data/train is not writeable, cache not saved.
/opt/conda/lib/python3.10/site-packages/albumentations/__init__.py:13: UserWarning: A new version of Albumentations is available: 1.4.18 (you have 1.4.17). Upgrade using: pip install -U albumentations. To disable automatic update checks, set the environment variable NO_ALBUMENTATIONS_UPDATE to 1.
  check_for_updates()
[34m[1malbumentations: [0mBlur(p=0.01, blur_limit=(3, 7)), MedianBlur(p=0.01, blur_limit=(3, 7)), ToGray(p=0.01, num_output_channels=3, method='weighted_average'), CLAHE(p=0.01, clip_limit=(1, 4.0), tile_grid_size=(8, 8))
/opt/conda/lib/python3.10/multiprocessing/popen_fork.py:66: RuntimeWarning: os.fork() was called. os.fork() is incompatible with multithreaded code, and JAX is multithreaded, so this will likely lead to a deadlock.
  self.pid = os.fork()
[34m[1mval: [0mScanning /kaggle/input/iiuc-idcard-data/valid/labels... 12 images, 0 backgrounds, 0 corrupt: 100%|██████████| 12/12 [00:00<00:00, 164.86it/s]
[34m[1mval: [0mWARNING ⚠️ Cache directory /kaggle/input/iiuc-idcard-data/valid is not writeable, cache not saved.
Plotting labels to runs/detect/train13/labels.jpg...
[34m[1moptimizer:[0m 'optimizer=auto' found, ignoring 'lr0=0.01' and 'momentum=0.937' and determining best 'optimizer', 'lr0' and 'momentum' automatically...
[34m[1moptimizer:[0m AdamW(lr=0.001667, momentum=0.9) with parameter groups 81 weight(decay=0.0), 88 weight(decay=0.0005), 87 bias(decay=0.0)
[34m[1mTensorBoard: [0mmodel graph visualization added ✅
Image sizes 640 train, 640 val
Using 4 dataloader workers
Logging results to [1mruns/detect/train13[0m
Starting training for 100 epochs...

      Epoch    GPU_mem   box_loss   cls_loss   dfl_loss  Instances       Size
      1/100      4.87G      3.252       5.48      2.619        225        640: 100%|██████████| 3/3 [00:02<00:00,  1.41it/s]
                 Class     Images  Instances      Box(P          R      mAP50  mAP50-95): 100%|██████████| 1/1 [00:01<00:00,  1.82s/it]
                   all         12        118     0.0224       0.01     0.0015   0.000407

      Epoch    GPU_mem   box_loss   cls_loss   dfl_loss  Instances       Size
      2/100      4.77G      3.205      5.499      2.474        206        640: 100%|██████████| 3/3 [00:01<00:00,  2.93it/s]
                 Class     Images  Instances      Box(P          R      mAP50  mAP50-95): 100%|██████████| 1/1 [00:00<00:00,  3.59it/s]
                   all         12        118     0.0229       0.01    0.00105   0.000231

      Epoch    GPU_mem   box_loss   cls_loss   dfl_loss  Instances       Size
      3/100      4.88G       3.22      5.278      2.413        239        640: 100%|██████████| 3/3 [00:01<00:00,  2.64it/s]
                 Class     Images  Instances      Box(P          R      mAP50  mAP50-95): 100%|██████████| 1/1 [00:00<00:00,  2.32it/s]
                   all         12        118     0.0229      0.157     0.0171    0.00449

      Epoch    GPU_mem   box_loss   cls_loss   dfl_loss  Instances       Size
      4/100      4.63G      2.609      3.538      1.625        276        640: 100%|██████████| 3/3 [00:01<00:00,  2.88it/s]
                 Class     Images  Instances      Box(P          R      mAP50  mAP50-95): 100%|██████████| 1/1 [00:00<00:00,  1.69it/s]
                   all         12        118      0.243       0.19      0.143     0.0427

      Epoch    GPU_mem   box_loss   cls_loss   dfl_loss  Instances       Size
      5/100       4.6G      2.221      2.707      1.447        201        640: 100%|██████████| 3/3 [00:01<00:00,  2.89it/s]
                 Class     Images  Instances      Box(P          R      mAP50  mAP50-95): 100%|██████████| 1/1 [00:00<00:00,  2.16it/s]
                   all         12        118      0.326      0.405       0.28     0.0917

      Epoch    GPU_mem   box_loss   cls_loss   dfl_loss  Instances       Size
      6/100      4.59G      2.005      2.359      1.376        233        640: 100%|██████████| 3/3 [00:01<00:00,  2.98it/s]
                 Class     Images  Instances      Box(P          R      mAP50  mAP50-95): 100%|██████████| 1/1 [00:00<00:00,  2.65it/s]
                   all         12        118      0.501      0.335      0.388      0.141

      Epoch    GPU_mem   box_loss   cls_loss   dfl_loss  Instances       Size
      7/100      4.89G      2.034      2.212      1.325        199        640: 100%|██████████| 3/3 [00:01<00:00,  3.00it/s]
                 Class     Images  Instances      Box(P          R      mAP50  mAP50-95): 100%|██████████| 1/1 [00:00<00:00,  2.69it/s]
                   all         12        118      0.336      0.385      0.299      0.106

      Epoch    GPU_mem   box_loss   cls_loss   dfl_loss  Instances       Size
      8/100      4.79G      1.971      2.015      1.301        253        640: 100%|██████████| 3/3 [00:00<00:00,  3.08it/s]
                 Class     Images  Instances      Box(P          R      mAP50  mAP50-95): 100%|██████████| 1/1 [00:00<00:00,  2.77it/s]
                   all         12        118      0.253      0.521      0.337      0.125

      Epoch    GPU_mem   box_loss   cls_loss   dfl_loss  Instances       Size
      9/100      4.95G      1.944      1.867       1.27        258        640: 100%|██████████| 3/3 [00:01<00:00,  2.91it/s]
                 Class     Images  Instances      Box(P          R      mAP50  mAP50-95): 100%|██████████| 1/1 [00:00<00:00,  3.30it/s]
                   all         12        118      0.396      0.497      0.437      0.156

      Epoch    GPU_mem   box_loss   cls_loss   dfl_loss  Instances       Size
     10/100      4.74G       1.91      1.862      1.287        213        640: 100%|██████████| 3/3 [00:00<00:00,  3.08it/s]
                 Class     Images  Instances      Box(P          R      mAP50  mAP50-95): 100%|██████████| 1/1 [00:00<00:00,  3.78it/s]
                   all         12        118      0.429      0.466      0.435      0.147

      Epoch    GPU_mem   box_loss   cls_loss   dfl_loss  Instances       Size
     11/100      4.87G      1.943       1.75       1.21        278        640: 100%|██████████| 3/3 [00:01<00:00,  3.00it/s]
                 Class     Images  Instances      Box(P          R      mAP50  mAP50-95): 100%|██████████| 1/1 [00:00<00:00,  4.58it/s]
                   all         12        118      0.198       0.59      0.323      0.134

      Epoch    GPU_mem   box_loss   cls_loss   dfl_loss  Instances       Size
     12/100      4.78G      1.764      1.651      1.231        217        640: 100%|██████████| 3/3 [00:00<00:00,  3.09it/s]
                 Class     Images  Instances      Box(P          R      mAP50  mAP50-95): 100%|██████████| 1/1 [00:00<00:00,  5.03it/s]
                   all         12        118      0.392       0.43      0.413      0.167

      Epoch    GPU_mem   box_loss   cls_loss   dfl_loss  Instances       Size
     13/100      4.64G      1.798      1.592      1.203        273        640: 100%|██████████| 3/3 [00:01<00:00,  2.99it/s]
                 Class     Images  Instances      Box(P          R      mAP50  mAP50-95): 100%|██████████| 1/1 [00:00<00:00,  5.41it/s]
                   all         12        118      0.342      0.468      0.304      0.116

      Epoch    GPU_mem   box_loss   cls_loss   dfl_loss  Instances       Size
     14/100      4.74G      1.814      1.512       1.14        224        640: 100%|██████████| 3/3 [00:00<00:00,  3.09it/s]
                 Class     Images  Instances      Box(P          R      mAP50  mAP50-95): 100%|██████████| 1/1 [00:00<00:00,  5.67it/s]
                   all         12        118      0.297      0.449       0.26     0.0975

      Epoch    GPU_mem   box_loss   cls_loss   dfl_loss  Instances       Size
     15/100      4.93G      1.801      1.476      1.172        293        640: 100%|██████████| 3/3 [00:01<00:00,  2.98it/s]
                 Class     Images  Instances      Box(P          R      mAP50  mAP50-95): 100%|██████████| 1/1 [00:00<00:00,  5.67it/s]
                   all         12        118       0.34      0.576      0.349      0.151

      Epoch    GPU_mem   box_loss   cls_loss   dfl_loss  Instances       Size
     16/100      4.74G      1.814      1.416      1.108        260        640: 100%|██████████| 3/3 [00:00<00:00,  3.09it/s]
                 Class     Images  Instances      Box(P          R      mAP50  mAP50-95): 100%|██████████| 1/1 [00:00<00:00,  5.57it/s]
                   all         12        118      0.239      0.475      0.247     0.0806

      Epoch    GPU_mem   box_loss   cls_loss   dfl_loss  Instances       Size
     17/100      4.87G      1.711      1.367      1.084        307        640: 100%|██████████| 3/3 [00:01<00:00,  2.99it/s]
                 Class     Images  Instances      Box(P          R      mAP50  mAP50-95): 100%|██████████| 1/1 [00:00<00:00,  5.68it/s]
                   all         12        118      0.484      0.496      0.404      0.157

      Epoch    GPU_mem   box_loss   cls_loss   dfl_loss  Instances       Size
     18/100      4.76G      1.683      1.311      1.101        285        640: 100%|██████████| 3/3 [00:00<00:00,  3.08it/s]
                 Class     Images  Instances      Box(P          R      mAP50  mAP50-95): 100%|██████████| 1/1 [00:00<00:00,  5.91it/s]
                   all         12        118      0.535      0.529      0.444      0.165

      Epoch    GPU_mem   box_loss   cls_loss   dfl_loss  Instances       Size
     19/100      4.77G      1.677      1.276      1.132        219        640: 100%|██████████| 3/3 [00:00<00:00,  3.08it/s]
                 Class     Images  Instances      Box(P          R      mAP50  mAP50-95): 100%|██████████| 1/1 [00:00<00:00,  5.91it/s]
                   all         12        118      0.439      0.518      0.447       0.14

      Epoch    GPU_mem   box_loss   cls_loss   dfl_loss  Instances       Size
     20/100      4.75G      1.641       1.28      1.119        276        640: 100%|██████████| 3/3 [00:00<00:00,  3.07it/s]
                 Class     Images  Instances      Box(P          R      mAP50  mAP50-95): 100%|██████████| 1/1 [00:00<00:00,  6.16it/s]
                   all         12        118      0.627      0.564      0.523      0.183

      Epoch    GPU_mem   box_loss   cls_loss   dfl_loss  Instances       Size
     21/100      4.76G      1.714       1.24      1.098        287        640: 100%|██████████| 3/3 [00:00<00:00,  3.08it/s]
                 Class     Images  Instances      Box(P          R      mAP50  mAP50-95): 100%|██████████| 1/1 [00:00<00:00,  6.16it/s]
                   all         12        118       0.43      0.586      0.431      0.159

      Epoch    GPU_mem   box_loss   cls_loss   dfl_loss  Instances       Size
     22/100      4.76G       1.66      1.333      1.099        252        640: 100%|██████████| 3/3 [00:00<00:00,  3.08it/s]
                 Class     Images  Instances      Box(P          R      mAP50  mAP50-95): 100%|██████████| 1/1 [00:00<00:00,  6.21it/s]
                   all         12        118      0.324      0.586      0.368      0.113

      Epoch    GPU_mem   box_loss   cls_loss   dfl_loss  Instances       Size
     23/100      4.74G      1.669      1.194      1.119        225        640: 100%|██████████| 3/3 [00:00<00:00,  3.08it/s]
                 Class     Images  Instances      Box(P          R      mAP50  mAP50-95): 100%|██████████| 1/1 [00:00<00:00,  6.30it/s]
                   all         12        118      0.514       0.45      0.464      0.152

      Epoch    GPU_mem   box_loss   cls_loss   dfl_loss  Instances       Size
     24/100      4.77G      1.598      1.205      1.105        197        640: 100%|██████████| 3/3 [00:00<00:00,  3.05it/s]
                 Class     Images  Instances      Box(P          R      mAP50  mAP50-95): 100%|██████████| 1/1 [00:00<00:00,  6.86it/s]
                   all         12        118      0.644      0.533      0.559      0.176

      Epoch    GPU_mem   box_loss   cls_loss   dfl_loss  Instances       Size
     25/100      4.75G      1.626      1.135      1.062        257        640: 100%|██████████| 3/3 [00:00<00:00,  3.10it/s]
                 Class     Images  Instances      Box(P          R      mAP50  mAP50-95): 100%|██████████| 1/1 [00:00<00:00,  8.02it/s]
                   all         12        118      0.486       0.52      0.531       0.18

      Epoch    GPU_mem   box_loss   cls_loss   dfl_loss  Instances       Size
     26/100      4.88G      1.755      1.208      1.126        275        640: 100%|██████████| 3/3 [00:00<00:00,  3.10it/s]
                 Class     Images  Instances      Box(P          R      mAP50  mAP50-95): 100%|██████████| 1/1 [00:00<00:00,  8.20it/s]
                   all         12        118      0.607      0.486       0.55      0.188

      Epoch    GPU_mem   box_loss   cls_loss   dfl_loss  Instances       Size
     27/100      4.93G      1.541       1.07      1.059        237        640: 100%|██████████| 3/3 [00:00<00:00,  3.08it/s]
                 Class     Images  Instances      Box(P          R      mAP50  mAP50-95): 100%|██████████| 1/1 [00:00<00:00,  8.21it/s]
                   all         12        118      0.558      0.492      0.508       0.17

      Epoch    GPU_mem   box_loss   cls_loss   dfl_loss  Instances       Size
     28/100      4.76G      1.699      1.144      1.137        254        640: 100%|██████████| 3/3 [00:00<00:00,  3.08it/s]
                 Class     Images  Instances      Box(P          R      mAP50  mAP50-95): 100%|██████████| 1/1 [00:00<00:00,  8.10it/s]
                   all         12        118      0.551       0.41      0.479      0.178

      Epoch    GPU_mem   box_loss   cls_loss   dfl_loss  Instances       Size
     29/100      4.76G      1.667      1.096      1.059        257        640: 100%|██████████| 3/3 [00:00<00:00,  3.18it/s]
                 Class     Images  Instances      Box(P          R      mAP50  mAP50-95): 100%|██████████| 1/1 [00:00<00:00,  8.15it/s]
                   all         12        118      0.551       0.41      0.479      0.178

      Epoch    GPU_mem   box_loss   cls_loss   dfl_loss  Instances       Size
     30/100      4.85G      1.661      1.162       1.11        281        640: 100%|██████████| 3/3 [00:00<00:00,  3.08it/s]
                 Class     Images  Instances      Box(P          R      mAP50  mAP50-95): 100%|██████████| 1/1 [00:00<00:00,  8.46it/s]
                   all         12        118      0.521      0.538      0.515      0.186

      Epoch    GPU_mem   box_loss   cls_loss   dfl_loss  Instances       Size
     31/100      4.85G      1.589      1.105      1.042        259        640: 100%|██████████| 3/3 [00:00<00:00,  3.08it/s]
                 Class     Images  Instances      Box(P          R      mAP50  mAP50-95): 100%|██████████| 1/1 [00:00<00:00,  7.45it/s]
                   all         12        118      0.481      0.614       0.54      0.204

      Epoch    GPU_mem   box_loss   cls_loss   dfl_loss  Instances       Size
     32/100      4.89G       1.63      1.077      1.053        229        640: 100%|██████████| 3/3 [00:00<00:00,  3.08it/s]
                 Class     Images  Instances      Box(P          R      mAP50  mAP50-95): 100%|██████████| 1/1 [00:00<00:00,  8.36it/s]
                   all         12        118      0.611      0.555      0.536      0.197

      Epoch    GPU_mem   box_loss   cls_loss   dfl_loss  Instances       Size
     33/100       4.9G      1.552      1.017      1.038        257        640: 100%|██████████| 3/3 [00:00<00:00,  3.15it/s]
                 Class     Images  Instances      Box(P          R      mAP50  mAP50-95): 100%|██████████| 1/1 [00:00<00:00,  8.22it/s]
                   all         12        118      0.611      0.555      0.536      0.197

      Epoch    GPU_mem   box_loss   cls_loss   dfl_loss  Instances       Size
     34/100       4.8G      1.483      1.036       1.08        211        640: 100%|██████████| 3/3 [00:00<00:00,  3.08it/s]
                 Class     Images  Instances      Box(P          R      mAP50  mAP50-95): 100%|██████████| 1/1 [00:00<00:00,  7.59it/s]
                   all         12        118      0.409       0.56      0.491      0.181

      Epoch    GPU_mem   box_loss   cls_loss   dfl_loss  Instances       Size
     35/100      4.56G      1.483      1.017      1.046        238        640: 100%|██████████| 3/3 [00:00<00:00,  3.09it/s]
                 Class     Images  Instances      Box(P          R      mAP50  mAP50-95): 100%|██████████| 1/1 [00:00<00:00,  8.55it/s]
                   all         12        118      0.622      0.584      0.614      0.243

      Epoch    GPU_mem   box_loss   cls_loss   dfl_loss  Instances       Size
     36/100      4.58G      1.519      1.092       1.07        231        640: 100%|██████████| 3/3 [00:00<00:00,  3.06it/s]
                 Class     Images  Instances      Box(P          R      mAP50  mAP50-95): 100%|██████████| 1/1 [00:00<00:00,  8.07it/s]
                   all         12        118      0.685      0.607      0.654      0.263

      Epoch    GPU_mem   box_loss   cls_loss   dfl_loss  Instances       Size
     37/100      4.75G       1.47      1.008      1.038        207        640: 100%|██████████| 3/3 [00:00<00:00,  3.20it/s]
                 Class     Images  Instances      Box(P          R      mAP50  mAP50-95): 100%|██████████| 1/1 [00:00<00:00,  8.57it/s]
                   all         12        118      0.685      0.607      0.654      0.263

      Epoch    GPU_mem   box_loss   cls_loss   dfl_loss  Instances       Size
     38/100      4.82G       1.48      1.034      1.052        190        640: 100%|██████████| 3/3 [00:00<00:00,  3.06it/s]
                 Class     Images  Instances      Box(P          R      mAP50  mAP50-95): 100%|██████████| 1/1 [00:00<00:00,  7.54it/s]
                   all         12        118      0.743      0.598      0.724      0.291

      Epoch    GPU_mem   box_loss   cls_loss   dfl_loss  Instances       Size
     39/100      4.91G       1.51       1.03      1.032        260        640: 100%|██████████| 3/3 [00:00<00:00,  3.10it/s]
                 Class     Images  Instances      Box(P          R      mAP50  mAP50-95): 100%|██████████| 1/1 [00:00<00:00,  8.59it/s]
                   all         12        118      0.627      0.654      0.697      0.281

      Epoch    GPU_mem   box_loss   cls_loss   dfl_loss  Instances       Size
     40/100      4.78G      1.418     0.9578      1.013        298        640: 100%|██████████| 3/3 [00:00<00:00,  3.07it/s]
                 Class     Images  Instances      Box(P          R      mAP50  mAP50-95): 100%|██████████| 1/1 [00:00<00:00,  8.20it/s]
                   all         12        118      0.691      0.588      0.694      0.267

      Epoch    GPU_mem   box_loss   cls_loss   dfl_loss  Instances       Size
     41/100      4.76G      1.427     0.9669      1.039        264        640: 100%|██████████| 3/3 [00:00<00:00,  3.19it/s]
                 Class     Images  Instances      Box(P          R      mAP50  mAP50-95): 100%|██████████| 1/1 [00:00<00:00,  8.55it/s]
                   all         12        118      0.691      0.588      0.694      0.267

      Epoch    GPU_mem   box_loss   cls_loss   dfl_loss  Instances       Size
     42/100      4.83G      1.412     0.9223     0.9998        240        640: 100%|██████████| 3/3 [00:00<00:00,  3.08it/s]
                 Class     Images  Instances      Box(P          R      mAP50  mAP50-95): 100%|██████████| 1/1 [00:00<00:00,  8.70it/s]
                   all         12        118      0.655       0.69      0.701      0.286

      Epoch    GPU_mem   box_loss   cls_loss   dfl_loss  Instances       Size
     43/100      4.75G      1.448     0.9692      1.019        323        640: 100%|██████████| 3/3 [00:00<00:00,  3.09it/s]
                 Class     Images  Instances      Box(P          R      mAP50  mAP50-95): 100%|██████████| 1/1 [00:00<00:00,  8.65it/s]
                   all         12        118      0.719      0.624      0.703      0.276

      Epoch    GPU_mem   box_loss   cls_loss   dfl_loss  Instances       Size
     44/100      4.64G      1.376      0.936     0.9902        240        640: 100%|██████████| 3/3 [00:00<00:00,  3.08it/s]
                 Class     Images  Instances      Box(P          R      mAP50  mAP50-95): 100%|██████████| 1/1 [00:00<00:00,  8.82it/s]
                   all         12        118       0.65      0.577      0.664      0.275

      Epoch    GPU_mem   box_loss   cls_loss   dfl_loss  Instances       Size
     45/100      4.73G        1.4     0.9395      1.013        255        640: 100%|██████████| 3/3 [00:00<00:00,  3.14it/s]
                 Class     Images  Instances      Box(P          R      mAP50  mAP50-95): 100%|██████████| 1/1 [00:00<00:00,  8.51it/s]
                   all         12        118       0.65      0.577      0.664      0.275

      Epoch    GPU_mem   box_loss   cls_loss   dfl_loss  Instances       Size
     46/100      4.78G      1.311     0.8582      1.009        216        640: 100%|██████████| 3/3 [00:00<00:00,  3.06it/s]
                 Class     Images  Instances      Box(P          R      mAP50  mAP50-95): 100%|██████████| 1/1 [00:00<00:00,  8.92it/s]
                   all         12        118      0.687      0.614      0.687      0.288

      Epoch    GPU_mem   box_loss   cls_loss   dfl_loss  Instances       Size
     47/100      4.89G      1.422     0.8891     0.9677        238        640: 100%|██████████| 3/3 [00:00<00:00,  3.09it/s]
                 Class     Images  Instances      Box(P          R      mAP50  mAP50-95): 100%|██████████| 1/1 [00:00<00:00,  8.80it/s]
                   all         12        118      0.702      0.691      0.693      0.273

      Epoch    GPU_mem   box_loss   cls_loss   dfl_loss  Instances       Size
     48/100      4.81G      1.322       0.85     0.9702        208        640: 100%|██████████| 3/3 [00:00<00:00,  3.08it/s]
                 Class     Images  Instances      Box(P          R      mAP50  mAP50-95): 100%|██████████| 1/1 [00:00<00:00,  8.74it/s]
                   all         12        118      0.768      0.674      0.736      0.289

      Epoch    GPU_mem   box_loss   cls_loss   dfl_loss  Instances       Size
     49/100      4.73G      1.369      0.852      1.037        246        640: 100%|██████████| 3/3 [00:00<00:00,  3.21it/s]
                 Class     Images  Instances      Box(P          R      mAP50  mAP50-95): 100%|██████████| 1/1 [00:00<00:00,  8.70it/s]
                   all         12        118      0.768      0.674      0.736      0.289

      Epoch    GPU_mem   box_loss   cls_loss   dfl_loss  Instances       Size
     50/100      4.92G      1.377     0.8339     0.9557        300        640: 100%|██████████| 3/3 [00:00<00:00,  3.06it/s]
                 Class     Images  Instances      Box(P          R      mAP50  mAP50-95): 100%|██████████| 1/1 [00:00<00:00,  8.86it/s]
                   all         12        118      0.737        0.7      0.736      0.301

      Epoch    GPU_mem   box_loss   cls_loss   dfl_loss  Instances       Size
     51/100      4.79G      1.423     0.8789     0.9733        287        640: 100%|██████████| 3/3 [00:00<00:00,  3.08it/s]
                 Class     Images  Instances      Box(P          R      mAP50  mAP50-95): 100%|██████████| 1/1 [00:00<00:00,  9.03it/s]
                   all         12        118      0.674      0.698      0.706      0.283

      Epoch    GPU_mem   box_loss   cls_loss   dfl_loss  Instances       Size
     52/100      4.62G      1.283     0.8338     0.9559        259        640: 100%|██████████| 3/3 [00:00<00:00,  3.08it/s]
                 Class     Images  Instances      Box(P          R      mAP50  mAP50-95): 100%|██████████| 1/1 [00:00<00:00,  9.07it/s]
                   all         12        118       0.64      0.684      0.696      0.268

      Epoch    GPU_mem   box_loss   cls_loss   dfl_loss  Instances       Size
     53/100      4.78G       1.36     0.8969      1.014        174        640: 100%|██████████| 3/3 [00:00<00:00,  3.15it/s]
                 Class     Images  Instances      Box(P          R      mAP50  mAP50-95): 100%|██████████| 1/1 [00:00<00:00,  8.72it/s]
                   all         12        118       0.64      0.684      0.696      0.268

      Epoch    GPU_mem   box_loss   cls_loss   dfl_loss  Instances       Size
     54/100      4.77G      1.251     0.8176     0.9684        229        640: 100%|██████████| 3/3 [00:00<00:00,  3.09it/s]
                 Class     Images  Instances      Box(P          R      mAP50  mAP50-95): 100%|██████████| 1/1 [00:00<00:00,  9.02it/s]
                   all         12        118      0.667      0.659      0.671      0.255

      Epoch    GPU_mem   box_loss   cls_loss   dfl_loss  Instances       Size
     55/100       4.9G      1.281     0.8168     0.9505        273        640: 100%|██████████| 3/3 [00:00<00:00,  3.08it/s]
                 Class     Images  Instances      Box(P          R      mAP50  mAP50-95): 100%|██████████| 1/1 [00:00<00:00,  9.06it/s]
                   all         12        118      0.631      0.699      0.678      0.269

      Epoch    GPU_mem   box_loss   cls_loss   dfl_loss  Instances       Size
     56/100      4.78G       1.28     0.8379     0.9576        286        640: 100%|██████████| 3/3 [00:00<00:00,  3.08it/s]
                 Class     Images  Instances      Box(P          R      mAP50  mAP50-95): 100%|██████████| 1/1 [00:00<00:00,  8.56it/s]
                   all         12        118      0.669       0.75      0.715       0.27

      Epoch    GPU_mem   box_loss   cls_loss   dfl_loss  Instances       Size
     57/100      4.74G      1.215      0.787     0.9567        231        640: 100%|██████████| 3/3 [00:00<00:00,  3.19it/s]
                 Class     Images  Instances      Box(P          R      mAP50  mAP50-95): 100%|██████████| 1/1 [00:00<00:00,  8.98it/s]
                   all         12        118      0.669       0.75      0.715       0.27

      Epoch    GPU_mem   box_loss   cls_loss   dfl_loss  Instances       Size
     58/100      4.75G      1.255     0.8244     0.9844        203        640: 100%|██████████| 3/3 [00:00<00:00,  3.09it/s]
                 Class     Images  Instances      Box(P          R      mAP50  mAP50-95): 100%|██████████| 1/1 [00:00<00:00,  8.71it/s]
                   all         12        118      0.667      0.672      0.709      0.271

      Epoch    GPU_mem   box_loss   cls_loss   dfl_loss  Instances       Size
     59/100      4.87G      1.181     0.7568     0.9428        258        640: 100%|██████████| 3/3 [00:00<00:00,  3.10it/s]
                 Class     Images  Instances      Box(P          R      mAP50  mAP50-95): 100%|██████████| 1/1 [00:00<00:00,  8.97it/s]
                   all         12        118      0.631      0.688      0.711       0.27

      Epoch    GPU_mem   box_loss   cls_loss   dfl_loss  Instances       Size
     60/100      4.82G      1.259     0.7861     0.9535        283        640: 100%|██████████| 3/3 [00:00<00:00,  3.06it/s]
                 Class     Images  Instances      Box(P          R      mAP50  mAP50-95): 100%|██████████| 1/1 [00:00<00:00,  8.23it/s]
                   all         12        118      0.674       0.68      0.683      0.243

      Epoch    GPU_mem   box_loss   cls_loss   dfl_loss  Instances       Size
     61/100      4.72G      1.118     0.7409     0.9262        276        640: 100%|██████████| 3/3 [00:00<00:00,  3.17it/s]
                 Class     Images  Instances      Box(P          R      mAP50  mAP50-95): 100%|██████████| 1/1 [00:00<00:00,  8.83it/s]
                   all         12        118      0.674       0.68      0.683      0.243

      Epoch    GPU_mem   box_loss   cls_loss   dfl_loss  Instances       Size
     62/100       4.9G      1.181     0.7512     0.9729        211        640: 100%|██████████| 3/3 [00:00<00:00,  3.10it/s]
                 Class     Images  Instances      Box(P          R      mAP50  mAP50-95): 100%|██████████| 1/1 [00:00<00:00,  8.99it/s]
                   all         12        118      0.686      0.653      0.668      0.243

      Epoch    GPU_mem   box_loss   cls_loss   dfl_loss  Instances       Size
     63/100      4.91G       1.22     0.7602     0.9372        339        640: 100%|██████████| 3/3 [00:00<00:00,  3.09it/s]
                 Class     Images  Instances      Box(P          R      mAP50  mAP50-95): 100%|██████████| 1/1 [00:00<00:00,  8.70it/s]
                   all         12        118      0.666      0.722       0.73      0.266

      Epoch    GPU_mem   box_loss   cls_loss   dfl_loss  Instances       Size
     64/100      4.91G      1.212      0.733     0.9169        303        640: 100%|██████████| 3/3 [00:00<00:00,  3.01it/s]
                 Class     Images  Instances      Box(P          R      mAP50  mAP50-95): 100%|██████████| 1/1 [00:00<00:00,  8.51it/s]
                   all         12        118      0.681      0.765      0.753      0.281

      Epoch    GPU_mem   box_loss   cls_loss   dfl_loss  Instances       Size
     65/100      4.73G      1.162     0.7345     0.9088        284        640: 100%|██████████| 3/3 [00:00<00:00,  3.18it/s]
                 Class     Images  Instances      Box(P          R      mAP50  mAP50-95): 100%|██████████| 1/1 [00:00<00:00,  6.47it/s]
                   all         12        118      0.681      0.765      0.753      0.281

      Epoch    GPU_mem   box_loss   cls_loss   dfl_loss  Instances       Size
     66/100      4.74G      1.166     0.7189     0.9317        247        640: 100%|██████████| 3/3 [00:00<00:00,  3.10it/s]
                 Class     Images  Instances      Box(P          R      mAP50  mAP50-95): 100%|██████████| 1/1 [00:00<00:00,  9.00it/s]
                   all         12        118      0.679      0.748      0.756      0.286

      Epoch    GPU_mem   box_loss   cls_loss   dfl_loss  Instances       Size
     67/100      4.73G      1.158     0.7256     0.9071        268        640: 100%|██████████| 3/3 [00:00<00:00,  3.07it/s]
                 Class     Images  Instances      Box(P          R      mAP50  mAP50-95): 100%|██████████| 1/1 [00:00<00:00,  8.32it/s]
                   all         12        118      0.668       0.77      0.739      0.286

      Epoch    GPU_mem   box_loss   cls_loss   dfl_loss  Instances       Size
     68/100      4.93G      1.172     0.7364     0.9101        262        640: 100%|██████████| 3/3 [00:00<00:00,  3.05it/s]
                 Class     Images  Instances      Box(P          R      mAP50  mAP50-95): 100%|██████████| 1/1 [00:00<00:00,  8.00it/s]
                   all         12        118      0.659       0.76      0.728      0.266

      Epoch    GPU_mem   box_loss   cls_loss   dfl_loss  Instances       Size
     69/100       4.8G      1.176     0.7262     0.9461        222        640: 100%|██████████| 3/3 [00:00<00:00,  3.18it/s]
                 Class     Images  Instances      Box(P          R      mAP50  mAP50-95): 100%|██████████| 1/1 [00:00<00:00,  8.82it/s]
                   all         12        118      0.659       0.76      0.728      0.266

      Epoch    GPU_mem   box_loss   cls_loss   dfl_loss  Instances       Size
     70/100      4.79G      1.161     0.7223       0.94        184        640: 100%|██████████| 3/3 [00:00<00:00,  3.08it/s]
                 Class     Images  Instances      Box(P          R      mAP50  mAP50-95): 100%|██████████| 1/1 [00:00<00:00,  8.80it/s]
                   all         12        118       0.69      0.751      0.776      0.296

      Epoch    GPU_mem   box_loss   cls_loss   dfl_loss  Instances       Size
     71/100       4.8G      1.075     0.6846     0.8976        241        640: 100%|██████████| 3/3 [00:00<00:00,  3.07it/s]
                 Class     Images  Instances      Box(P          R      mAP50  mAP50-95): 100%|██████████| 1/1 [00:00<00:00,  8.80it/s]
                   all         12        118      0.818      0.698      0.791      0.328

      Epoch    GPU_mem   box_loss   cls_loss   dfl_loss  Instances       Size
     72/100      4.59G      1.129     0.6976     0.9254        298        640: 100%|██████████| 3/3 [00:00<00:00,  3.07it/s]
                 Class     Images  Instances      Box(P          R      mAP50  mAP50-95): 100%|██████████| 1/1 [00:00<00:00,  8.95it/s]
                   all         12        118      0.828      0.701      0.795       0.33

      Epoch    GPU_mem   box_loss   cls_loss   dfl_loss  Instances       Size
     73/100      4.91G      1.042     0.6627     0.8959        175        640: 100%|██████████| 3/3 [00:00<00:00,  3.15it/s]
                 Class     Images  Instances      Box(P          R      mAP50  mAP50-95): 100%|██████████| 1/1 [00:00<00:00,  8.88it/s]
                   all         12        118      0.828      0.701      0.795       0.33

      Epoch    GPU_mem   box_loss   cls_loss   dfl_loss  Instances       Size
     74/100      4.77G      1.038     0.6338     0.8958        220        640: 100%|██████████| 3/3 [00:00<00:00,  3.09it/s]
                 Class     Images  Instances      Box(P          R      mAP50  mAP50-95): 100%|██████████| 1/1 [00:00<00:00,  8.84it/s]
                   all         12        118      0.766      0.713      0.779      0.318

      Epoch    GPU_mem   box_loss   cls_loss   dfl_loss  Instances       Size
     75/100      4.75G      1.089     0.6707     0.9179        230        640: 100%|██████████| 3/3 [00:00<00:00,  3.09it/s]
                 Class     Images  Instances      Box(P          R      mAP50  mAP50-95): 100%|██████████| 1/1 [00:00<00:00,  8.25it/s]
                   all         12        118      0.793      0.689      0.768      0.305

      Epoch    GPU_mem   box_loss   cls_loss   dfl_loss  Instances       Size
     76/100      4.94G       1.09     0.6511     0.8995        289        640: 100%|██████████| 3/3 [00:00<00:00,  3.05it/s]
                 Class     Images  Instances      Box(P          R      mAP50  mAP50-95): 100%|██████████| 1/1 [00:00<00:00,  8.46it/s]
                   all         12        118      0.769      0.695      0.776      0.309

      Epoch    GPU_mem   box_loss   cls_loss   dfl_loss  Instances       Size
     77/100      4.74G      1.062     0.6467      0.896        270        640: 100%|██████████| 3/3 [00:00<00:00,  3.17it/s]
                 Class     Images  Instances      Box(P          R      mAP50  mAP50-95): 100%|██████████| 1/1 [00:00<00:00,  8.78it/s]
                   all         12        118      0.769      0.695      0.776      0.309

      Epoch    GPU_mem   box_loss   cls_loss   dfl_loss  Instances       Size
     78/100      4.78G      1.102      0.662     0.8925        341        640: 100%|██████████| 3/3 [00:00<00:00,  3.06it/s]
                 Class     Images  Instances      Box(P          R      mAP50  mAP50-95): 100%|██████████| 1/1 [00:00<00:00,  9.07it/s]
                   all         12        118      0.822      0.667      0.791      0.316

      Epoch    GPU_mem   box_loss   cls_loss   dfl_loss  Instances       Size
     79/100      4.86G      1.091     0.6802      0.907        272        640: 100%|██████████| 3/3 [00:00<00:00,  3.09it/s]
                 Class     Images  Instances      Box(P          R      mAP50  mAP50-95): 100%|██████████| 1/1 [00:00<00:00,  8.46it/s]
                   all         12        118      0.854      0.652      0.789      0.323

      Epoch    GPU_mem   box_loss   cls_loss   dfl_loss  Instances       Size
     80/100      4.89G      1.037      0.616     0.9122        169        640: 100%|██████████| 3/3 [00:00<00:00,  3.10it/s]
                 Class     Images  Instances      Box(P          R      mAP50  mAP50-95): 100%|██████████| 1/1 [00:00<00:00,  8.10it/s]
                   all         12        118       0.76      0.711      0.791      0.326

      Epoch    GPU_mem   box_loss   cls_loss   dfl_loss  Instances       Size
     81/100      4.73G       1.01     0.6447     0.9049        207        640: 100%|██████████| 3/3 [00:00<00:00,  3.19it/s]
                 Class     Images  Instances      Box(P          R      mAP50  mAP50-95): 100%|██████████| 1/1 [00:00<00:00,  9.00it/s]
                   all         12        118       0.76      0.711      0.791      0.326

      Epoch    GPU_mem   box_loss   cls_loss   dfl_loss  Instances       Size
     82/100      4.77G      1.057     0.6345     0.8903        291        640: 100%|██████████| 3/3 [00:00<00:00,  3.07it/s]
                 Class     Images  Instances      Box(P          R      mAP50  mAP50-95): 100%|██████████| 1/1 [00:00<00:00,  9.09it/s]
                   all         12        118       0.75       0.76        0.8      0.328

      Epoch    GPU_mem   box_loss   cls_loss   dfl_loss  Instances       Size
     83/100      4.91G      1.072     0.6374     0.8931        261        640: 100%|██████████| 3/3 [00:00<00:00,  3.02it/s]
                 Class     Images  Instances      Box(P          R      mAP50  mAP50-95): 100%|██████████| 1/1 [00:00<00:00,  8.80it/s]
                   all         12        118      0.762       0.74      0.794      0.329

      Epoch    GPU_mem   box_loss   cls_loss   dfl_loss  Instances       Size
     84/100      4.76G      1.086     0.6443     0.9002        286        640: 100%|██████████| 3/3 [00:00<00:00,  3.07it/s]
                 Class     Images  Instances      Box(P          R      mAP50  mAP50-95): 100%|██████████| 1/1 [00:00<00:00,  8.82it/s]
                   all         12        118      0.748      0.714      0.777      0.326

      Epoch    GPU_mem   box_loss   cls_loss   dfl_loss  Instances       Size
     85/100      4.77G       1.02     0.6347     0.8815        233        640: 100%|██████████| 3/3 [00:00<00:00,  3.19it/s]
                 Class     Images  Instances      Box(P          R      mAP50  mAP50-95): 100%|██████████| 1/1 [00:00<00:00,  8.95it/s]
                   all         12        118      0.748      0.714      0.777      0.326

      Epoch    GPU_mem   box_loss   cls_loss   dfl_loss  Instances       Size
     86/100      4.78G      1.019     0.6248     0.8834        287        640: 100%|██████████| 3/3 [00:00<00:00,  3.09it/s]
                 Class     Images  Instances      Box(P          R      mAP50  mAP50-95): 100%|██████████| 1/1 [00:00<00:00,  8.91it/s]
                   all         12        118      0.717      0.721      0.769      0.324

      Epoch    GPU_mem   box_loss   cls_loss   dfl_loss  Instances       Size
     87/100      4.85G      1.034     0.6341     0.8949        278        640: 100%|██████████| 3/3 [00:00<00:00,  3.08it/s]
                 Class     Images  Instances      Box(P          R      mAP50  mAP50-95): 100%|██████████| 1/1 [00:00<00:00,  8.01it/s]
                   all         12        118      0.746      0.711      0.776      0.328

      Epoch    GPU_mem   box_loss   cls_loss   dfl_loss  Instances       Size
     88/100      4.94G      1.044     0.6199     0.8936        257        640: 100%|██████████| 3/3 [00:00<00:00,  3.08it/s]
                 Class     Images  Instances      Box(P          R      mAP50  mAP50-95): 100%|██████████| 1/1 [00:00<00:00,  8.68it/s]
                   all         12        118      0.772      0.724      0.799      0.339

      Epoch    GPU_mem   box_loss   cls_loss   dfl_loss  Instances       Size
     89/100      4.75G     0.9861     0.6027     0.8776        344        640: 100%|██████████| 3/3 [00:00<00:00,  3.19it/s]
                 Class     Images  Instances      Box(P          R      mAP50  mAP50-95): 100%|██████████| 1/1 [00:00<00:00,  9.01it/s]
                   all         12        118      0.772      0.724      0.799      0.339

      Epoch    GPU_mem   box_loss   cls_loss   dfl_loss  Instances       Size
     90/100      4.75G     0.9083     0.5867     0.8776        255        640: 100%|██████████| 3/3 [00:00<00:00,  3.07it/s]
                 Class     Images  Instances      Box(P          R      mAP50  mAP50-95): 100%|██████████| 1/1 [00:00<00:00,  8.74it/s]
                   all         12        118      0.835       0.68      0.803      0.348
Closing dataloader mosaic
[34m[1malbumentations: [0mBlur(p=0.01, blur_limit=(3, 7)), MedianBlur(p=0.01, blur_limit=(3, 7)), ToGray(p=0.01, num_output_channels=3, method='weighted_average'), CLAHE(p=0.01, clip_limit=(1, 4.0), tile_grid_size=(8, 8))
/opt/conda/lib/python3.10/multiprocessing/popen_fork.py:66: RuntimeWarning: os.fork() was called. os.fork() is incompatible with multithreaded code, and JAX is multithreaded, so this will likely lead to a deadlock.
  self.pid = os.fork()

      Epoch    GPU_mem   box_loss   cls_loss   dfl_loss  Instances       Size
     91/100      4.69G      1.064     0.6846     0.8978        129        640: 100%|██████████| 3/3 [00:01<00:00,  1.59it/s]
                 Class     Images  Instances      Box(P          R      mAP50  mAP50-95): 100%|██████████| 1/1 [00:00<00:00,  5.27it/s]
                   all         12        118      0.845      0.689      0.804      0.346

      Epoch    GPU_mem   box_loss   cls_loss   dfl_loss  Instances       Size
     92/100      4.81G      1.036      0.672      0.893        129        640: 100%|██████████| 3/3 [00:00<00:00,  3.09it/s]
                 Class     Images  Instances      Box(P          R      mAP50  mAP50-95): 100%|██████████| 1/1 [00:00<00:00,  8.83it/s]
                   all         12        118      0.827      0.703      0.804       0.34

      Epoch    GPU_mem   box_loss   cls_loss   dfl_loss  Instances       Size
     93/100      4.68G     0.9774     0.6233     0.8842        121        640: 100%|██████████| 3/3 [00:00<00:00,  3.16it/s]
                 Class     Images  Instances      Box(P          R      mAP50  mAP50-95): 100%|██████████| 1/1 [00:00<00:00,  8.93it/s]
                   all         12        118      0.827      0.703      0.804       0.34

      Epoch    GPU_mem   box_loss   cls_loss   dfl_loss  Instances       Size
     94/100      4.73G      1.006     0.5972     0.8839        145        640: 100%|██████████| 3/3 [00:00<00:00,  3.11it/s]
                 Class     Images  Instances      Box(P          R      mAP50  mAP50-95): 100%|██████████| 1/1 [00:00<00:00,  8.78it/s]
                   all         12        118       0.84      0.738      0.806      0.336

      Epoch    GPU_mem   box_loss   cls_loss   dfl_loss  Instances       Size
     95/100       4.8G     0.9413     0.5811     0.8798        144        640: 100%|██████████| 3/3 [00:00<00:00,  3.11it/s]
                 Class     Images  Instances      Box(P          R      mAP50  mAP50-95): 100%|██████████| 1/1 [00:00<00:00,  8.94it/s]
                   all         12        118      0.809       0.74      0.799      0.334

      Epoch    GPU_mem   box_loss   cls_loss   dfl_loss  Instances       Size
     96/100      4.54G     0.9674     0.5823     0.8508        152        640: 100%|██████████| 3/3 [00:00<00:00,  3.11it/s]
                 Class     Images  Instances      Box(P          R      mAP50  mAP50-95): 100%|██████████| 1/1 [00:00<00:00,  8.79it/s]
                   all         12        118      0.774       0.71      0.783      0.331

      Epoch    GPU_mem   box_loss   cls_loss   dfl_loss  Instances       Size
     97/100      4.67G      0.944     0.5947     0.8661        111        640: 100%|██████████| 3/3 [00:00<00:00,  3.17it/s]
                 Class     Images  Instances      Box(P          R      mAP50  mAP50-95): 100%|██████████| 1/1 [00:00<00:00,  7.67it/s]
                   all         12        118      0.774       0.71      0.783      0.331

      Epoch    GPU_mem   box_loss   cls_loss   dfl_loss  Instances       Size
     98/100      4.81G     0.9521      0.585     0.8617        149        640: 100%|██████████| 3/3 [00:00<00:00,  3.11it/s]
                 Class     Images  Instances      Box(P          R      mAP50  mAP50-95): 100%|██████████| 1/1 [00:00<00:00,  8.82it/s]
                   all         12        118      0.747      0.747       0.78      0.329

      Epoch    GPU_mem   box_loss   cls_loss   dfl_loss  Instances       Size
     99/100      4.81G     0.9599     0.5834      0.856        149        640: 100%|██████████| 3/3 [00:00<00:00,  3.13it/s]
                 Class     Images  Instances      Box(P          R      mAP50  mAP50-95): 100%|██████████| 1/1 [00:00<00:00,  8.69it/s]
                   all         12        118       0.75      0.762      0.778      0.322

      Epoch    GPU_mem   box_loss   cls_loss   dfl_loss  Instances       Size
    100/100      4.81G     0.9925     0.5836      0.895        104        640: 100%|██████████| 3/3 [00:00<00:00,  3.12it/s]
                 Class     Images  Instances      Box(P          R      mAP50  mAP50-95): 100%|██████████| 1/1 [00:00<00:00,  8.36it/s]
                   all         12        118      0.754      0.756      0.776      0.323

100 epochs completed in 0.064 hours.
Optimizer stripped from runs/detect/train13/weights/last.pt, 19.2MB
Optimizer stripped from runs/detect/train13/weights/best.pt, 19.2MB

Validating runs/detect/train13/weights/best.pt...
Ultralytics 8.3.13 🚀 Python-3.10.14 torch-2.4.0 CUDA:0 (Tesla P100-PCIE-16GB, 16269MiB)
YOLO11s summary (fused): 238 layers, 9,413,574 parameters, 0 gradients, 21.3 GFLOPs
                 Class     Images  Instances      Box(P          R      mAP50  mAP50-95): 100%|██████████| 1/1 [00:00<00:00,  7.33it/s]
                   all         12        118      0.834      0.681      0.804      0.347
    not_wearing_idcard         11         50      0.786        0.7      0.736       0.25
        wearing_idcard         12         68      0.882      0.661      0.872      0.445
Speed: 0.2ms preprocess, 5.2ms inference, 0.0ms loss, 0.7ms postprocess per image
Results saved to [1mruns/detect/train13[0m
