✅ W&B run initialised

✅ Found existing model: ./saved_models/DepthWiseMamba-Pico3_best.pth
   Loaded! Best Val Acc: 93.33% (Epoch 43)
======================================================================
  TEST EVALUATION: DepthWiseMamba-Pico3 | Test Acc: 93.94%
======================================================================
                 precision    recall  f1-score   support

   Bengin cases       1.00      0.78      0.88        18
Malignant cases       0.90      1.00      0.95        85
   Normal cases       0.98      0.90      0.94        62

       accuracy                           0.94       165
      macro avg       0.96      0.89      0.92       165
   weighted avg       0.94      0.94      0.94       165

✅ CONFIG loaded
   Model : DepthWiseMamba-Pico
   Epochs: 50
   Optim : Adam  lr=0.0001
   Sched : None
   W&B   : ON
✅ DSMaT architecture defined
🏗️  DepthWiseMamba-Pico | Params: 837,116 (0.84M)

============================================================
📐 GFLOPs ANALYSIS
============================================================
  Forward  (inference):  0.0694 GFLOPs
  Backward (≈2× fwd):    0.1388 GFLOPs
  Fwd+Bwd  (1 step):     0.2082 GFLOPs
  Per epoch (0 batches): 0.00 GFLOPs
  Total training (50 ep):  0.00 GFLOPs
  Parameters:             0.84M
============================================================
✅ Training utilities defined
[34m[1mwandb[0m: [33mWARNING[0m Calling wandb.login() after wandb.init() has no effect.
