Freezing layer 'model.23.dfl.conv.weight'
[34m[1mAMP: [0mrunning Automatic Mixed Precision (AMP) checks with YOLO11n...
[34m[1mAMP: [0mchecks passed ✅
[34m[1mtrain: [0mScanning /kaggle/input/iiuc-idcard-data/train/labels... 46 images, 0 backgrounds, 0 corrupt: 100%|██████████| 46/46 [00:00<00:00, 153.08it/s]
[34m[1mtrain: [0mWARNING ⚠️ Cache directory /kaggle/input/iiuc-idcard-data/train is not writeable, cache not saved.
[34m[1malbumentations: [0mBlur(p=0.01, blur_limit=(3, 7)), MedianBlur(p=0.01, blur_limit=(3, 7)), ToGray(p=0.01, num_output_channels=3, method='weighted_average'), CLAHE(p=0.01, clip_limit=(1, 4.0), tile_grid_size=(8, 8))
/opt/conda/lib/python3.10/multiprocessing/popen_fork.py:66: RuntimeWarning: os.fork() was called. os.fork() is incompatible with multithreaded code, and JAX is multithreaded, so this will likely lead to a deadlock.
  self.pid = os.fork()
[34m[1mval: [0mScanning /kaggle/input/iiuc-idcard-data/valid/labels... 12 images, 0 backgrounds, 0 corrupt: 100%|██████████| 12/12 [00:00<00:00, 152.13it/s]
[34m[1mval: [0mWARNING ⚠️ Cache directory /kaggle/input/iiuc-idcard-data/valid is not writeable, cache not saved.
Plotting labels to runs/detect/train3/labels.jpg...
[34m[1moptimizer:[0m 'optimizer=auto' found, ignoring 'lr0=5e-06' and 'momentum=0.937' and determining best 'optimizer', 'lr0' and 'momentum' automatically...
[34m[1moptimizer:[0m AdamW(lr=0.001667, momentum=0.9) with parameter groups 106 weight(decay=0.0), 113 weight(decay=0.0005), 112 bias(decay=0.0)
[34m[1mTensorBoard: [0mmodel graph visualization added ✅
Image sizes 640 train, 640 val
Using 4 dataloader workers
Logging results to [1mruns/detect/train3[0m
Starting training for 300 epochs...

      Epoch    GPU_mem   box_loss   cls_loss   dfl_loss  Instances       Size
      1/300      7.59G     0.6819     0.4049      0.843        222        640: 100%|██████████| 2/2 [00:03<00:00,  1.60s/it]
                 Class     Images  Instances      Box(P          R      mAP50  mAP50-95): 100%|██████████| 1/1 [00:01<00:00,  1.36s/it]
                   all         12        118      0.772      0.787      0.796      0.368

      Epoch    GPU_mem   box_loss   cls_loss   dfl_loss  Instances       Size
      2/300      16.6G      0.659     0.4043     0.8263        313        640: 100%|██████████| 2/2 [00:02<00:00,  1.08s/it]
                 Class     Images  Instances      Box(P          R      mAP50  mAP50-95): 100%|██████████| 1/1 [00:00<00:00,  4.60it/s]
                   all         12        118       0.77      0.787        0.8      0.371

      Epoch    GPU_mem   box_loss   cls_loss   dfl_loss  Instances       Size
      3/300      7.43G     0.7199      0.427     0.8532        228        640: 100%|██████████| 2/2 [00:02<00:00,  1.23s/it]
                 Class     Images  Instances      Box(P          R      mAP50  mAP50-95): 100%|██████████| 1/1 [00:00<00:00,  4.91it/s]
                   all         12        118      0.788      0.784      0.818      0.377

      Epoch    GPU_mem   box_loss   cls_loss   dfl_loss  Instances       Size
      4/300      7.23G       0.64     0.3995     0.8381        228        640: 100%|██████████| 2/2 [00:02<00:00,  1.21s/it]
                 Class     Images  Instances      Box(P          R      mAP50  mAP50-95): 100%|██████████| 1/1 [00:00<00:00,  4.76it/s]
                   all         12        118      0.775      0.823      0.826      0.381

      Epoch    GPU_mem   box_loss   cls_loss   dfl_loss  Instances       Size
      5/300      7.55G      0.584     0.3562     0.7946        252        640: 100%|██████████| 2/2 [00:02<00:00,  1.19s/it]
                 Class     Images  Instances      Box(P          R      mAP50  mAP50-95): 100%|██████████| 1/1 [00:00<00:00,  4.56it/s]
                   all         12        118      0.812        0.8      0.823      0.365

      Epoch    GPU_mem   box_loss   cls_loss   dfl_loss  Instances       Size
      6/300       7.3G     0.5651     0.3638     0.8261        220        640: 100%|██████████| 2/2 [00:02<00:00,  1.19s/it]
                 Class     Images  Instances      Box(P          R      mAP50  mAP50-95): 100%|██████████| 1/1 [00:00<00:00,  4.51it/s]
                   all         12        118      0.794      0.787      0.795      0.365

      Epoch    GPU_mem   box_loss   cls_loss   dfl_loss  Instances       Size
      7/300      7.54G     0.6016     0.3629     0.8216        210        640: 100%|██████████| 2/2 [00:02<00:00,  1.19s/it]
                 Class     Images  Instances      Box(P          R      mAP50  mAP50-95): 100%|██████████| 1/1 [00:00<00:00,  4.68it/s]
                   all         12        118      0.825      0.762      0.786       0.35

      Epoch    GPU_mem   box_loss   cls_loss   dfl_loss  Instances       Size
      8/300      7.25G     0.6278     0.4012     0.8203        231        640: 100%|██████████| 2/2 [00:02<00:00,  1.18s/it]
                 Class     Images  Instances      Box(P          R      mAP50  mAP50-95): 100%|██████████| 1/1 [00:00<00:00,  4.73it/s]
                   all         12        118      0.781      0.751      0.776       0.34

      Epoch    GPU_mem   box_loss   cls_loss   dfl_loss  Instances       Size
      9/300      7.27G     0.6708      0.399      0.833        289        640: 100%|██████████| 2/2 [00:02<00:00,  1.18s/it]
                 Class     Images  Instances      Box(P          R      mAP50  mAP50-95): 100%|██████████| 1/1 [00:00<00:00,  4.49it/s]
                   all         12        118      0.711      0.754      0.733      0.327

      Epoch    GPU_mem   box_loss   cls_loss   dfl_loss  Instances       Size
     10/300      7.22G     0.6795      0.417     0.8281        244        640: 100%|██████████| 2/2 [00:02<00:00,  1.19s/it]
                 Class     Images  Instances      Box(P          R      mAP50  mAP50-95): 100%|██████████| 1/1 [00:00<00:00,  4.66it/s]
                   all         12        118      0.781      0.678      0.735      0.337

      Epoch    GPU_mem   box_loss   cls_loss   dfl_loss  Instances       Size
     11/300      7.27G     0.6902     0.4132     0.8106        282        640: 100%|██████████| 2/2 [00:02<00:00,  1.18s/it]
                 Class     Images  Instances      Box(P          R      mAP50  mAP50-95): 100%|██████████| 1/1 [00:00<00:00,  4.56it/s]
                   all         12        118      0.721      0.687      0.702      0.319

      Epoch    GPU_mem   box_loss   cls_loss   dfl_loss  Instances       Size
     12/300      7.25G     0.6303     0.3677     0.8168        224        640: 100%|██████████| 2/2 [00:02<00:00,  1.19s/it]
                 Class     Images  Instances      Box(P          R      mAP50  mAP50-95): 100%|██████████| 1/1 [00:00<00:00,  4.81it/s]
                   all         12        118      0.726      0.668      0.703      0.316

      Epoch    GPU_mem   box_loss   cls_loss   dfl_loss  Instances       Size
     13/300      7.57G     0.6361     0.3849     0.8269        284        640: 100%|██████████| 2/2 [00:02<00:00,  1.19s/it]
                 Class     Images  Instances      Box(P          R      mAP50  mAP50-95): 100%|██████████| 1/1 [00:00<00:00,  4.89it/s]
                   all         12        118      0.766      0.725      0.731      0.323

      Epoch    GPU_mem   box_loss   cls_loss   dfl_loss  Instances       Size
     14/300      7.28G       0.66     0.3811     0.8261        310        640: 100%|██████████| 2/2 [00:02<00:00,  1.19s/it]
                 Class     Images  Instances      Box(P          R      mAP50  mAP50-95): 100%|██████████| 1/1 [00:00<00:00,  4.54it/s]
                   all         12        118      0.741      0.708      0.715       0.33

      Epoch    GPU_mem   box_loss   cls_loss   dfl_loss  Instances       Size
     15/300      7.24G     0.6762       0.43     0.8292        231        640: 100%|██████████| 2/2 [00:02<00:00,  1.18s/it]
                 Class     Images  Instances      Box(P          R      mAP50  mAP50-95): 100%|██████████| 1/1 [00:00<00:00,  4.94it/s]
                   all         12        118      0.716      0.719      0.709      0.317

      Epoch    GPU_mem   box_loss   cls_loss   dfl_loss  Instances       Size
     16/300      7.28G     0.6648     0.4073     0.8432        306        640: 100%|██████████| 2/2 [00:02<00:00,  1.18s/it]
                 Class     Images  Instances      Box(P          R      mAP50  mAP50-95): 100%|██████████| 1/1 [00:00<00:00,  4.88it/s]
                   all         12        118      0.716      0.635      0.666      0.301

      Epoch    GPU_mem   box_loss   cls_loss   dfl_loss  Instances       Size
     17/300      7.26G     0.6938     0.4081     0.8469        290        640: 100%|██████████| 2/2 [00:02<00:00,  1.18s/it]
                 Class     Images  Instances      Box(P          R      mAP50  mAP50-95): 100%|██████████| 1/1 [00:00<00:00,  4.58it/s]
                   all         12        118      0.747      0.617      0.649      0.295

      Epoch    GPU_mem   box_loss   cls_loss   dfl_loss  Instances       Size
     18/300      7.25G     0.6568     0.3979     0.8335        190        640: 100%|██████████| 2/2 [00:02<00:00,  1.19s/it]
                 Class     Images  Instances      Box(P          R      mAP50  mAP50-95): 100%|██████████| 1/1 [00:00<00:00,  4.83it/s]
                   all         12        118       0.72      0.656      0.642      0.287

      Epoch    GPU_mem   box_loss   cls_loss   dfl_loss  Instances       Size
     19/300      7.57G     0.6889     0.4143      0.835        242        640: 100%|██████████| 2/2 [00:02<00:00,  1.18s/it]
                 Class     Images  Instances      Box(P          R      mAP50  mAP50-95): 100%|██████████| 1/1 [00:00<00:00,  4.52it/s]
                   all         12        118      0.706      0.727      0.686      0.305

      Epoch    GPU_mem   box_loss   cls_loss   dfl_loss  Instances       Size
     20/300      7.25G     0.7385     0.4441     0.8364        261        640: 100%|██████████| 2/2 [00:02<00:00,  1.19s/it]
                 Class     Images  Instances      Box(P          R      mAP50  mAP50-95): 100%|██████████| 1/1 [00:00<00:00,  4.78it/s]
                   all         12        118      0.808      0.657      0.713      0.292

      Epoch    GPU_mem   box_loss   cls_loss   dfl_loss  Instances       Size
     21/300      7.55G     0.7583     0.4499     0.8413        278        640: 100%|██████████| 2/2 [00:02<00:00,  1.20s/it]
                 Class     Images  Instances      Box(P          R      mAP50  mAP50-95): 100%|██████████| 1/1 [00:00<00:00,  4.81it/s]
                   all         12        118      0.762      0.685      0.711      0.297

      Epoch    GPU_mem   box_loss   cls_loss   dfl_loss  Instances       Size
     22/300      7.23G     0.7467     0.4674     0.8636        183        640: 100%|██████████| 2/2 [00:02<00:00,  1.19s/it]
                 Class     Images  Instances      Box(P          R      mAP50  mAP50-95): 100%|██████████| 1/1 [00:00<00:00,  4.65it/s]
                   all         12        118      0.704      0.759      0.708      0.307

      Epoch    GPU_mem   box_loss   cls_loss   dfl_loss  Instances       Size
     23/300      7.24G     0.7643     0.4803     0.8803        187        640: 100%|██████████| 2/2 [00:02<00:00,  1.18s/it]
                 Class     Images  Instances      Box(P          R      mAP50  mAP50-95): 100%|██████████| 1/1 [00:00<00:00,  4.72it/s]
                   all         12        118      0.716      0.771      0.691      0.304

      Epoch    GPU_mem   box_loss   cls_loss   dfl_loss  Instances       Size
     24/300      7.24G      0.773     0.4827     0.8502        204        640: 100%|██████████| 2/2 [00:02<00:00,  1.18s/it]
                 Class     Images  Instances      Box(P          R      mAP50  mAP50-95): 100%|██████████| 1/1 [00:00<00:00,  4.80it/s]
                   all         12        118      0.744      0.768      0.734      0.308

      Epoch    GPU_mem   box_loss   cls_loss   dfl_loss  Instances       Size
     25/300      7.28G     0.7917      0.484     0.8462        310        640: 100%|██████████| 2/2 [00:02<00:00,  1.19s/it]
                 Class     Images  Instances      Box(P          R      mAP50  mAP50-95): 100%|██████████| 1/1 [00:00<00:00,  4.81it/s]
                   all         12        118      0.759       0.77      0.717      0.317

      Epoch    GPU_mem   box_loss   cls_loss   dfl_loss  Instances       Size
     26/300       7.3G     0.8594     0.5017     0.8646        220        640: 100%|██████████| 2/2 [00:02<00:00,  1.17s/it]
                 Class     Images  Instances      Box(P          R      mAP50  mAP50-95): 100%|██████████| 1/1 [00:00<00:00,  4.61it/s]
                   all         12        118      0.743       0.72      0.708      0.319

      Epoch    GPU_mem   box_loss   cls_loss   dfl_loss  Instances       Size
     27/300      7.36G     0.8451     0.4928      0.835        359        640: 100%|██████████| 2/2 [00:02<00:00,  1.18s/it]
                 Class     Images  Instances      Box(P          R      mAP50  mAP50-95): 100%|██████████| 1/1 [00:00<00:00,  4.58it/s]
                   all         12        118      0.729      0.697      0.664      0.302

      Epoch    GPU_mem   box_loss   cls_loss   dfl_loss  Instances       Size
     28/300      7.35G     0.8627     0.5415     0.8656        280        640: 100%|██████████| 2/2 [00:02<00:00,  1.16s/it]
                 Class     Images  Instances      Box(P          R      mAP50  mAP50-95): 100%|██████████| 1/1 [00:00<00:00,  4.23it/s]
                   all         12        118      0.701      0.682      0.673      0.289

      Epoch    GPU_mem   box_loss   cls_loss   dfl_loss  Instances       Size
     29/300      7.59G     0.7503     0.4637      0.846        283        640: 100%|██████████| 2/2 [00:02<00:00,  1.17s/it]
                 Class     Images  Instances      Box(P          R      mAP50  mAP50-95): 100%|██████████| 1/1 [00:00<00:00,  4.76it/s]
                   all         12        118      0.716      0.728      0.715      0.296

      Epoch    GPU_mem   box_loss   cls_loss   dfl_loss  Instances       Size
     30/300      7.31G     0.8094     0.5135      0.861        213        640: 100%|██████████| 2/2 [00:02<00:00,  1.18s/it]
                 Class     Images  Instances      Box(P          R      mAP50  mAP50-95): 100%|██████████| 1/1 [00:00<00:00,  4.80it/s]
                   all         12        118      0.671      0.718      0.661      0.267

      Epoch    GPU_mem   box_loss   cls_loss   dfl_loss  Instances       Size
     31/300       7.3G     0.7823     0.5129     0.8507        297        640: 100%|██████████| 2/2 [00:02<00:00,  1.17s/it]
                 Class     Images  Instances      Box(P          R      mAP50  mAP50-95): 100%|██████████| 1/1 [00:00<00:00,  4.70it/s]
                   all         12        118      0.741      0.658      0.662       0.27

      Epoch    GPU_mem   box_loss   cls_loss   dfl_loss  Instances       Size
     32/300       7.3G     0.8024     0.4747     0.8487        254        640: 100%|██████████| 2/2 [00:02<00:00,  1.16s/it]
                 Class     Images  Instances      Box(P          R      mAP50  mAP50-95): 100%|██████████| 1/1 [00:00<00:00,  4.53it/s]
                   all         12        118      0.652      0.627      0.605      0.255

      Epoch    GPU_mem   box_loss   cls_loss   dfl_loss  Instances       Size
     33/300      7.29G     0.8067     0.5123     0.8579        221        640: 100%|██████████| 2/2 [00:02<00:00,  1.16s/it]
                 Class     Images  Instances      Box(P          R      mAP50  mAP50-95): 100%|██████████| 1/1 [00:00<00:00,  4.56it/s]
                   all         12        118      0.619      0.563      0.578      0.235

      Epoch    GPU_mem   box_loss   cls_loss   dfl_loss  Instances       Size
     34/300      7.28G      0.797     0.4715     0.8492        220        640: 100%|██████████| 2/2 [00:02<00:00,  1.16s/it]
                 Class     Images  Instances      Box(P          R      mAP50  mAP50-95): 100%|██████████| 1/1 [00:00<00:00,  4.61it/s]
                   all         12        118      0.553      0.647      0.598      0.236

      Epoch    GPU_mem   box_loss   cls_loss   dfl_loss  Instances       Size
     35/300      7.29G     0.7733     0.4832     0.8527        205        640: 100%|██████████| 2/2 [00:02<00:00,  1.17s/it]
                 Class     Images  Instances      Box(P          R      mAP50  mAP50-95): 100%|██████████| 1/1 [00:00<00:00,  4.62it/s]
                   all         12        118      0.646      0.645      0.616      0.255

      Epoch    GPU_mem   box_loss   cls_loss   dfl_loss  Instances       Size
     36/300      7.33G     0.7612     0.4773     0.8261        262        640: 100%|██████████| 2/2 [00:02<00:00,  1.17s/it]
                 Class     Images  Instances      Box(P          R      mAP50  mAP50-95): 100%|██████████| 1/1 [00:00<00:00,  4.71it/s]
                   all         12        118      0.618      0.628       0.61      0.249

      Epoch    GPU_mem   box_loss   cls_loss   dfl_loss  Instances       Size
     37/300      7.31G     0.7951     0.4993     0.8492        311        640: 100%|██████████| 2/2 [00:02<00:00,  1.17s/it]
                 Class     Images  Instances      Box(P          R      mAP50  mAP50-95): 100%|██████████| 1/1 [00:00<00:00,  4.38it/s]
                   all         12        118      0.672      0.573      0.608      0.248

      Epoch    GPU_mem   box_loss   cls_loss   dfl_loss  Instances       Size
     38/300      7.37G     0.8598     0.5255     0.8532        228        640: 100%|██████████| 2/2 [00:02<00:00,  1.19s/it]
                 Class     Images  Instances      Box(P          R      mAP50  mAP50-95): 100%|██████████| 1/1 [00:00<00:00,  4.47it/s]
                   all         12        118      0.653      0.663       0.63      0.265

      Epoch    GPU_mem   box_loss   cls_loss   dfl_loss  Instances       Size
     39/300      7.36G     0.8181     0.5036     0.8507        286        640: 100%|██████████| 2/2 [00:02<00:00,  1.17s/it]
                 Class     Images  Instances      Box(P          R      mAP50  mAP50-95): 100%|██████████| 1/1 [00:00<00:00,  4.72it/s]
                   all         12        118      0.702      0.663      0.652      0.279

      Epoch    GPU_mem   box_loss   cls_loss   dfl_loss  Instances       Size
     40/300      7.34G     0.8334     0.5185     0.8795        241        640: 100%|██████████| 2/2 [00:02<00:00,  1.18s/it]
                 Class     Images  Instances      Box(P          R      mAP50  mAP50-95): 100%|██████████| 1/1 [00:00<00:00,  4.46it/s]
                   all         12        118      0.767      0.624       0.69      0.297

      Epoch    GPU_mem   box_loss   cls_loss   dfl_loss  Instances       Size
     41/300      7.31G     0.7944     0.5004     0.8515        239        640: 100%|██████████| 2/2 [00:02<00:00,  1.18s/it]
                 Class     Images  Instances      Box(P          R      mAP50  mAP50-95): 100%|██████████| 1/1 [00:00<00:00,  4.55it/s]
                   all         12        118       0.75        0.6      0.697      0.294

      Epoch    GPU_mem   box_loss   cls_loss   dfl_loss  Instances       Size
     42/300      7.29G      0.841     0.5202     0.8596        219        640: 100%|██████████| 2/2 [00:02<00:00,  1.17s/it]
                 Class     Images  Instances      Box(P          R      mAP50  mAP50-95): 100%|██████████| 1/1 [00:00<00:00,  4.48it/s]
                   all         12        118      0.658      0.601      0.635      0.274

      Epoch    GPU_mem   box_loss   cls_loss   dfl_loss  Instances       Size
     43/300      7.29G     0.7638     0.4736     0.8539        247        640: 100%|██████████| 2/2 [00:02<00:00,  1.17s/it]
                 Class     Images  Instances      Box(P          R      mAP50  mAP50-95): 100%|██████████| 1/1 [00:00<00:00,  4.67it/s]
                   all         12        118      0.678      0.627      0.661       0.29

      Epoch    GPU_mem   box_loss   cls_loss   dfl_loss  Instances       Size
     44/300      7.31G     0.8143     0.4894     0.8326        255        640: 100%|██████████| 2/2 [00:02<00:00,  1.18s/it]
                 Class     Images  Instances      Box(P          R      mAP50  mAP50-95): 100%|██████████| 1/1 [00:00<00:00,  4.61it/s]
                   all         12        118      0.734      0.612      0.671      0.295

      Epoch    GPU_mem   box_loss   cls_loss   dfl_loss  Instances       Size
     45/300      7.37G     0.8301     0.4967     0.8446        255        640: 100%|██████████| 2/2 [00:02<00:00,  1.16s/it]
                 Class     Images  Instances      Box(P          R      mAP50  mAP50-95): 100%|██████████| 1/1 [00:00<00:00,  4.41it/s]
                   all         12        118      0.714      0.611      0.646      0.275

      Epoch    GPU_mem   box_loss   cls_loss   dfl_loss  Instances       Size
     46/300       7.3G     0.7697     0.5024     0.8376        245        640: 100%|██████████| 2/2 [00:02<00:00,  1.17s/it]
                 Class     Images  Instances      Box(P          R      mAP50  mAP50-95): 100%|██████████| 1/1 [00:00<00:00,  4.82it/s]
                   all         12        118      0.683      0.635      0.677      0.294

      Epoch    GPU_mem   box_loss   cls_loss   dfl_loss  Instances       Size
     47/300      7.33G     0.9012     0.5105     0.8598        280        640: 100%|██████████| 2/2 [00:02<00:00,  1.18s/it]
                 Class     Images  Instances      Box(P          R      mAP50  mAP50-95): 100%|██████████| 1/1 [00:00<00:00,  4.45it/s]
                   all         12        118      0.663      0.629      0.676      0.301

      Epoch    GPU_mem   box_loss   cls_loss   dfl_loss  Instances       Size
     48/300       7.3G     0.8423     0.5037     0.8693        164        640: 100%|██████████| 2/2 [00:02<00:00,  1.16s/it]
                 Class     Images  Instances      Box(P          R      mAP50  mAP50-95): 100%|██████████| 1/1 [00:00<00:00,  4.77it/s]
                   all         12        118      0.657      0.653      0.653      0.308

      Epoch    GPU_mem   box_loss   cls_loss   dfl_loss  Instances       Size
     49/300      7.28G     0.7641     0.4841     0.8533        288        640: 100%|██████████| 2/2 [00:02<00:00,  1.17s/it]
                 Class     Images  Instances      Box(P          R      mAP50  mAP50-95): 100%|██████████| 1/1 [00:00<00:00,  4.40it/s]
                   all         12        118      0.708      0.558      0.621      0.297

      Epoch    GPU_mem   box_loss   cls_loss   dfl_loss  Instances       Size
     50/300      7.37G     0.8296     0.5078     0.8648        342        640: 100%|██████████| 2/2 [00:02<00:00,  1.16s/it]
                 Class     Images  Instances      Box(P          R      mAP50  mAP50-95): 100%|██████████| 1/1 [00:00<00:00,  4.57it/s]
                   all         12        118      0.655      0.608      0.633      0.302

      Epoch    GPU_mem   box_loss   cls_loss   dfl_loss  Instances       Size
     51/300      7.34G     0.8275     0.5039     0.8565        280        640: 100%|██████████| 2/2 [00:02<00:00,  1.18s/it]
                 Class     Images  Instances      Box(P          R      mAP50  mAP50-95): 100%|██████████| 1/1 [00:00<00:00,  4.79it/s]
                   all         12        118      0.665      0.614      0.634      0.291

      Epoch    GPU_mem   box_loss   cls_loss   dfl_loss  Instances       Size
     52/300       7.3G     0.7816      0.511      0.852        220        640: 100%|██████████| 2/2 [00:02<00:00,  1.18s/it]
                 Class     Images  Instances      Box(P          R      mAP50  mAP50-95): 100%|██████████| 1/1 [00:00<00:00,  4.82it/s]
                   all         12        118      0.587      0.608      0.602      0.278

      Epoch    GPU_mem   box_loss   cls_loss   dfl_loss  Instances       Size
     53/300      7.33G     0.8421     0.4862     0.8511        298        640: 100%|██████████| 2/2 [00:02<00:00,  1.18s/it]
                 Class     Images  Instances      Box(P          R      mAP50  mAP50-95): 100%|██████████| 1/1 [00:00<00:00,  4.55it/s]
                   all         12        118      0.651      0.627      0.615      0.278

      Epoch    GPU_mem   box_loss   cls_loss   dfl_loss  Instances       Size
     54/300      7.31G      0.809     0.4907     0.8653        193        640: 100%|██████████| 2/2 [00:02<00:00,  1.19s/it]
                 Class     Images  Instances      Box(P          R      mAP50  mAP50-95): 100%|██████████| 1/1 [00:00<00:00,  4.53it/s]
                   all         12        118      0.682      0.716      0.654      0.287

      Epoch    GPU_mem   box_loss   cls_loss   dfl_loss  Instances       Size
     55/300      7.34G     0.8185     0.4993     0.8549        277        640: 100%|██████████| 2/2 [00:02<00:00,  1.16s/it]
                 Class     Images  Instances      Box(P          R      mAP50  mAP50-95): 100%|██████████| 1/1 [00:00<00:00,  4.69it/s]
                   all         12        118      0.738      0.628       0.68      0.288

      Epoch    GPU_mem   box_loss   cls_loss   dfl_loss  Instances       Size
     56/300      7.29G     0.8061     0.4935     0.8527        206        640: 100%|██████████| 2/2 [00:02<00:00,  1.16s/it]
                 Class     Images  Instances      Box(P          R      mAP50  mAP50-95): 100%|██████████| 1/1 [00:00<00:00,  4.52it/s]
                   all         12        118      0.757      0.678      0.708      0.303

      Epoch    GPU_mem   box_loss   cls_loss   dfl_loss  Instances       Size
     57/300       7.3G     0.8409     0.5339     0.8762        238        640: 100%|██████████| 2/2 [00:02<00:00,  1.19s/it]
                 Class     Images  Instances      Box(P          R      mAP50  mAP50-95): 100%|██████████| 1/1 [00:00<00:00,  4.65it/s]
                   all         12        118      0.728      0.655      0.664      0.279

      Epoch    GPU_mem   box_loss   cls_loss   dfl_loss  Instances       Size
     58/300       7.3G     0.8014     0.5067     0.8696        222        640: 100%|██████████| 2/2 [00:02<00:00,  1.17s/it]
                 Class     Images  Instances      Box(P          R      mAP50  mAP50-95): 100%|██████████| 1/1 [00:00<00:00,  4.86it/s]
                   all         12        118      0.726      0.668      0.672      0.288

      Epoch    GPU_mem   box_loss   cls_loss   dfl_loss  Instances       Size
     59/300       7.3G     0.8012     0.5329     0.8797        223        640: 100%|██████████| 2/2 [00:02<00:00,  1.19s/it]
                 Class     Images  Instances      Box(P          R      mAP50  mAP50-95): 100%|██████████| 1/1 [00:00<00:00,  4.63it/s]
                   all         12        118      0.671      0.656      0.613      0.274

      Epoch    GPU_mem   box_loss   cls_loss   dfl_loss  Instances       Size
     60/300      7.31G     0.8467     0.4995     0.8625        251        640: 100%|██████████| 2/2 [00:02<00:00,  1.16s/it]
                 Class     Images  Instances      Box(P          R      mAP50  mAP50-95): 100%|██████████| 1/1 [00:00<00:00,  4.68it/s]
                   all         12        118      0.674      0.587      0.612      0.285

      Epoch    GPU_mem   box_loss   cls_loss   dfl_loss  Instances       Size
     61/300      7.33G     0.8625     0.5174     0.8635        273        640: 100%|██████████| 2/2 [00:02<00:00,  1.18s/it]
                 Class     Images  Instances      Box(P          R      mAP50  mAP50-95): 100%|██████████| 1/1 [00:00<00:00,  4.70it/s]
                   all         12        118      0.724      0.717      0.714      0.298

      Epoch    GPU_mem   box_loss   cls_loss   dfl_loss  Instances       Size
     62/300      7.36G     0.9068     0.5351     0.8673        275        640: 100%|██████████| 2/2 [00:02<00:00,  1.18s/it]
                 Class     Images  Instances      Box(P          R      mAP50  mAP50-95): 100%|██████████| 1/1 [00:00<00:00,  4.86it/s]
                   all         12        118      0.699      0.741      0.756      0.331

      Epoch    GPU_mem   box_loss   cls_loss   dfl_loss  Instances       Size
     63/300      7.33G     0.8415     0.5209     0.8512        268        640: 100%|██████████| 2/2 [00:02<00:00,  1.17s/it]
                 Class     Images  Instances      Box(P          R      mAP50  mAP50-95): 100%|██████████| 1/1 [00:00<00:00,  4.19it/s]
                   all         12        118       0.77      0.614      0.748      0.327

      Epoch    GPU_mem   box_loss   cls_loss   dfl_loss  Instances       Size
     64/300      7.33G     0.8975     0.5569     0.8872        251        640: 100%|██████████| 2/2 [00:02<00:00,  1.17s/it]
                 Class     Images  Instances      Box(P          R      mAP50  mAP50-95): 100%|██████████| 1/1 [00:00<00:00,  4.53it/s]
                   all         12        118      0.634      0.675      0.696      0.322

      Epoch    GPU_mem   box_loss   cls_loss   dfl_loss  Instances       Size
     65/300       7.3G     0.7402     0.4846     0.8682        177        640: 100%|██████████| 2/2 [00:02<00:00,  1.16s/it]
                 Class     Images  Instances      Box(P          R      mAP50  mAP50-95): 100%|██████████| 1/1 [00:00<00:00,  4.49it/s]
                   all         12        118      0.691      0.713       0.72      0.315

      Epoch    GPU_mem   box_loss   cls_loss   dfl_loss  Instances       Size
     66/300      7.28G     0.8544     0.4998     0.8703        329        640: 100%|██████████| 2/2 [00:02<00:00,  1.16s/it]
                 Class     Images  Instances      Box(P          R      mAP50  mAP50-95): 100%|██████████| 1/1 [00:00<00:00,  4.59it/s]
                   all         12        118      0.727      0.629      0.709      0.316

      Epoch    GPU_mem   box_loss   cls_loss   dfl_loss  Instances       Size
     67/300      7.28G     0.8565     0.4992     0.8712        213        640: 100%|██████████| 2/2 [00:02<00:00,  1.17s/it]
                 Class     Images  Instances      Box(P          R      mAP50  mAP50-95): 100%|██████████| 1/1 [00:00<00:00,  4.75it/s]
                   all         12        118      0.714       0.66      0.705      0.287

      Epoch    GPU_mem   box_loss   cls_loss   dfl_loss  Instances       Size
     68/300      7.32G      0.977       0.54     0.8814        268        640: 100%|██████████| 2/2 [00:02<00:00,  1.16s/it]
                 Class     Images  Instances      Box(P          R      mAP50  mAP50-95): 100%|██████████| 1/1 [00:00<00:00,  4.62it/s]
                   all         12        118       0.72      0.657      0.704      0.287

      Epoch    GPU_mem   box_loss   cls_loss   dfl_loss  Instances       Size
     69/300      7.33G      1.016     0.5538     0.8826        271        640: 100%|██████████| 2/2 [00:02<00:00,  1.17s/it]
                 Class     Images  Instances      Box(P          R      mAP50  mAP50-95): 100%|██████████| 1/1 [00:00<00:00,  4.54it/s]
                   all         12        118      0.703      0.723      0.715      0.302

      Epoch    GPU_mem   box_loss   cls_loss   dfl_loss  Instances       Size
     70/300      7.28G     0.9587     0.5069     0.8827        227        640: 100%|██████████| 2/2 [00:02<00:00,  1.19s/it]
                 Class     Images  Instances      Box(P          R      mAP50  mAP50-95): 100%|██████████| 1/1 [00:00<00:00,  4.43it/s]
                   all         12        118      0.682      0.722      0.722      0.313

      Epoch    GPU_mem   box_loss   cls_loss   dfl_loss  Instances       Size
     71/300       7.6G     0.9162     0.5246     0.8798        257        640: 100%|██████████| 2/2 [00:02<00:00,  1.16s/it]
                 Class     Images  Instances      Box(P          R      mAP50  mAP50-95): 100%|██████████| 1/1 [00:00<00:00,  4.63it/s]
                   all         12        118      0.723       0.66      0.723      0.312

      Epoch    GPU_mem   box_loss   cls_loss   dfl_loss  Instances       Size
     72/300      7.29G     0.9464      0.542     0.9025        195        640: 100%|██████████| 2/2 [00:02<00:00,  1.17s/it]
                 Class     Images  Instances      Box(P          R      mAP50  mAP50-95): 100%|██████████| 1/1 [00:00<00:00,  4.63it/s]
                   all         12        118      0.751       0.61      0.677      0.302

      Epoch    GPU_mem   box_loss   cls_loss   dfl_loss  Instances       Size
     73/300      7.34G     0.8602     0.5266     0.8713        242        640: 100%|██████████| 2/2 [00:02<00:00,  1.18s/it]
                 Class     Images  Instances      Box(P          R      mAP50  mAP50-95): 100%|██████████| 1/1 [00:00<00:00,  4.65it/s]
                   all         12        118      0.733      0.658      0.682      0.296

      Epoch    GPU_mem   box_loss   cls_loss   dfl_loss  Instances       Size
     74/300      7.29G     0.8762     0.5382     0.8756        220        640: 100%|██████████| 2/2 [00:02<00:00,  1.19s/it]
                 Class     Images  Instances      Box(P          R      mAP50  mAP50-95): 100%|██████████| 1/1 [00:00<00:00,  4.75it/s]
                   all         12        118      0.775      0.616        0.7      0.296

      Epoch    GPU_mem   box_loss   cls_loss   dfl_loss  Instances       Size
     75/300      7.33G     0.8915     0.5516     0.8656        273        640: 100%|██████████| 2/2 [00:02<00:00,  1.17s/it]
                 Class     Images  Instances      Box(P          R      mAP50  mAP50-95): 100%|██████████| 1/1 [00:00<00:00,  4.72it/s]
                   all         12        118       0.78      0.608      0.705      0.298

      Epoch    GPU_mem   box_loss   cls_loss   dfl_loss  Instances       Size
     76/300      7.31G     0.8511     0.4882     0.8699        259        640: 100%|██████████| 2/2 [00:02<00:00,  1.19s/it]
                 Class     Images  Instances      Box(P          R      mAP50  mAP50-95): 100%|██████████| 1/1 [00:00<00:00,  4.66it/s]
                   all         12        118      0.733      0.643      0.676      0.264

      Epoch    GPU_mem   box_loss   cls_loss   dfl_loss  Instances       Size
     77/300      7.34G     0.8748     0.4906     0.8572        268        640: 100%|██████████| 2/2 [00:02<00:00,  1.16s/it]
                 Class     Images  Instances      Box(P          R      mAP50  mAP50-95): 100%|██████████| 1/1 [00:00<00:00,  4.72it/s]
                   all         12        118      0.691      0.654      0.649      0.267

      Epoch    GPU_mem   box_loss   cls_loss   dfl_loss  Instances       Size
     78/300      7.39G      0.852     0.5088     0.8447        275        640: 100%|██████████| 2/2 [00:02<00:00,  1.16s/it]
                 Class     Images  Instances      Box(P          R      mAP50  mAP50-95): 100%|██████████| 1/1 [00:00<00:00,  4.90it/s]
                   all         12        118      0.752      0.617      0.674      0.276

      Epoch    GPU_mem   box_loss   cls_loss   dfl_loss  Instances       Size
     79/300      7.35G     0.8784     0.5061     0.8516        273        640: 100%|██████████| 2/2 [00:02<00:00,  1.17s/it]
                 Class     Images  Instances      Box(P          R      mAP50  mAP50-95): 100%|██████████| 1/1 [00:00<00:00,  4.81it/s]
                   all         12        118      0.684      0.638      0.677      0.293

      Epoch    GPU_mem   box_loss   cls_loss   dfl_loss  Instances       Size
     80/300      7.33G     0.8615      0.482     0.8564        252        640: 100%|██████████| 2/2 [00:02<00:00,  1.17s/it]
                 Class     Images  Instances      Box(P          R      mAP50  mAP50-95): 100%|██████████| 1/1 [00:00<00:00,  4.85it/s]
                   all         12        118      0.671      0.648      0.684      0.287

      Epoch    GPU_mem   box_loss   cls_loss   dfl_loss  Instances       Size
     81/300      7.31G     0.8761     0.5044     0.8673        195        640: 100%|██████████| 2/2 [00:02<00:00,  1.18s/it]
                 Class     Images  Instances      Box(P          R      mAP50  mAP50-95): 100%|██████████| 1/1 [00:00<00:00,  4.66it/s]
                   all         12        118      0.651      0.693      0.702      0.305

      Epoch    GPU_mem   box_loss   cls_loss   dfl_loss  Instances       Size
     82/300      7.34G     0.8234     0.5175     0.8779        225        640: 100%|██████████| 2/2 [00:02<00:00,  1.18s/it]
                 Class     Images  Instances      Box(P          R      mAP50  mAP50-95): 100%|██████████| 1/1 [00:00<00:00,  4.63it/s]
                   all         12        118      0.744       0.65      0.689      0.316

      Epoch    GPU_mem   box_loss   cls_loss   dfl_loss  Instances       Size
     83/300      7.31G     0.8275     0.4782     0.8467        256        640: 100%|██████████| 2/2 [00:02<00:00,  1.19s/it]
                 Class     Images  Instances      Box(P          R      mAP50  mAP50-95): 100%|██████████| 1/1 [00:00<00:00,  4.69it/s]
                   all         12        118       0.79      0.624      0.672      0.311

      Epoch    GPU_mem   box_loss   cls_loss   dfl_loss  Instances       Size
     84/300      7.29G     0.7545     0.4587     0.8504        217        640: 100%|██████████| 2/2 [00:02<00:00,  1.19s/it]
                 Class     Images  Instances      Box(P          R      mAP50  mAP50-95): 100%|██████████| 1/1 [00:00<00:00,  4.59it/s]
                   all         12        118      0.745      0.628      0.687      0.305

      Epoch    GPU_mem   box_loss   cls_loss   dfl_loss  Instances       Size
     85/300      7.37G     0.7326     0.4601     0.8475        296        640: 100%|██████████| 2/2 [00:02<00:00,  1.16s/it]
                 Class     Images  Instances      Box(P          R      mAP50  mAP50-95): 100%|██████████| 1/1 [00:00<00:00,  4.66it/s]
                   all         12        118      0.742      0.693      0.717      0.311

      Epoch    GPU_mem   box_loss   cls_loss   dfl_loss  Instances       Size
     86/300      7.31G     0.7738     0.4694     0.8788        252        640: 100%|██████████| 2/2 [00:02<00:00,  1.16s/it]
                 Class     Images  Instances      Box(P          R      mAP50  mAP50-95): 100%|██████████| 1/1 [00:00<00:00,  4.91it/s]
                   all         12        118      0.728      0.682      0.714      0.314

      Epoch    GPU_mem   box_loss   cls_loss   dfl_loss  Instances       Size
     87/300      7.33G     0.8309      0.486     0.8377        251        640: 100%|██████████| 2/2 [00:02<00:00,  1.17s/it]
                 Class     Images  Instances      Box(P          R      mAP50  mAP50-95): 100%|██████████| 1/1 [00:00<00:00,  4.59it/s]
                   all         12        118      0.615      0.693      0.688      0.308

      Epoch    GPU_mem   box_loss   cls_loss   dfl_loss  Instances       Size
     88/300      7.31G     0.7638     0.4334     0.8472        250        640: 100%|██████████| 2/2 [00:02<00:00,  1.17s/it]
                 Class     Images  Instances      Box(P          R      mAP50  mAP50-95): 100%|██████████| 1/1 [00:00<00:00,  4.83it/s]
                   all         12        118      0.634      0.688      0.651      0.275

      Epoch    GPU_mem   box_loss   cls_loss   dfl_loss  Instances       Size
     89/300      7.31G     0.7789     0.4802     0.8567        239        640: 100%|██████████| 2/2 [00:02<00:00,  1.16s/it]
                 Class     Images  Instances      Box(P          R      mAP50  mAP50-95): 100%|██████████| 1/1 [00:00<00:00,  4.84it/s]
                   all         12        118      0.719      0.664      0.656      0.266

      Epoch    GPU_mem   box_loss   cls_loss   dfl_loss  Instances       Size
     90/300      7.31G     0.7282      0.437     0.8503        277        640: 100%|██████████| 2/2 [00:02<00:00,  1.17s/it]
                 Class     Images  Instances      Box(P          R      mAP50  mAP50-95): 100%|██████████| 1/1 [00:00<00:00,  4.67it/s]
                   all         12        118      0.683      0.702      0.664      0.292

      Epoch    GPU_mem   box_loss   cls_loss   dfl_loss  Instances       Size
     91/300      7.33G     0.7182      0.428     0.8397        238        640: 100%|██████████| 2/2 [00:02<00:00,  1.16s/it]
                 Class     Images  Instances      Box(P          R      mAP50  mAP50-95): 100%|██████████| 1/1 [00:00<00:00,  4.73it/s]
                   all         12        118      0.708      0.638      0.664      0.308

      Epoch    GPU_mem   box_loss   cls_loss   dfl_loss  Instances       Size
     92/300       7.3G      0.791     0.4702     0.8463        295        640: 100%|██████████| 2/2 [00:02<00:00,  1.17s/it]
                 Class     Images  Instances      Box(P          R      mAP50  mAP50-95): 100%|██████████| 1/1 [00:00<00:00,  4.82it/s]
                   all         12        118       0.66      0.616       0.63      0.289

      Epoch    GPU_mem   box_loss   cls_loss   dfl_loss  Instances       Size
     93/300      7.34G     0.8099     0.4639     0.8436        299        640: 100%|██████████| 2/2 [00:02<00:00,  1.16s/it]
                 Class     Images  Instances      Box(P          R      mAP50  mAP50-95): 100%|██████████| 1/1 [00:00<00:00,  4.87it/s]
                   all         12        118      0.604      0.636      0.584      0.269

      Epoch    GPU_mem   box_loss   cls_loss   dfl_loss  Instances       Size
     94/300      7.31G     0.8016     0.4733     0.8584        210        640: 100%|██████████| 2/2 [00:02<00:00,  1.17s/it]
                 Class     Images  Instances      Box(P          R      mAP50  mAP50-95): 100%|██████████| 1/1 [00:00<00:00,  4.52it/s]
                   all         12        118      0.582       0.62      0.609      0.279

      Epoch    GPU_mem   box_loss   cls_loss   dfl_loss  Instances       Size
     95/300      7.29G     0.8208     0.4835     0.8662        219        640: 100%|██████████| 2/2 [00:02<00:00,  1.17s/it]
                 Class     Images  Instances      Box(P          R      mAP50  mAP50-95): 100%|██████████| 1/1 [00:00<00:00,  4.90it/s]
                   all         12        118      0.609      0.549      0.563       0.26

      Epoch    GPU_mem   box_loss   cls_loss   dfl_loss  Instances       Size
     96/300      7.33G     0.7393     0.4787     0.8463        243        640: 100%|██████████| 2/2 [00:02<00:00,  1.17s/it]
                 Class     Images  Instances      Box(P          R      mAP50  mAP50-95): 100%|██████████| 1/1 [00:00<00:00,  4.53it/s]
                   all         12        118      0.694      0.492      0.582       0.28

      Epoch    GPU_mem   box_loss   cls_loss   dfl_loss  Instances       Size
     97/300      7.29G     0.7932      0.481     0.8555        189        640: 100%|██████████| 2/2 [00:02<00:00,  1.17s/it]
                 Class     Images  Instances      Box(P          R      mAP50  mAP50-95): 100%|██████████| 1/1 [00:00<00:00,  4.60it/s]
                   all         12        118      0.715      0.586      0.643      0.301

      Epoch    GPU_mem   box_loss   cls_loss   dfl_loss  Instances       Size
     98/300      7.29G     0.7563     0.4546     0.8409        296        640: 100%|██████████| 2/2 [00:02<00:00,  1.16s/it]
                 Class     Images  Instances      Box(P          R      mAP50  mAP50-95): 100%|██████████| 1/1 [00:00<00:00,  4.82it/s]
                   all         12        118      0.656      0.662       0.64      0.295

      Epoch    GPU_mem   box_loss   cls_loss   dfl_loss  Instances       Size
     99/300      7.29G     0.7428      0.462     0.8522        247        640: 100%|██████████| 2/2 [00:02<00:00,  1.16s/it]
                 Class     Images  Instances      Box(P          R      mAP50  mAP50-95): 100%|██████████| 1/1 [00:00<00:00,  4.83it/s]
                   all         12        118      0.781      0.596      0.625      0.279

      Epoch    GPU_mem   box_loss   cls_loss   dfl_loss  Instances       Size
    100/300      7.28G     0.7461     0.4505       0.85        250        640: 100%|██████████| 2/2 [00:02<00:00,  1.18s/it]
                 Class     Images  Instances      Box(P          R      mAP50  mAP50-95): 100%|██████████| 1/1 [00:00<00:00,  4.42it/s]
                   all         12        118       0.71      0.606      0.611      0.285

      Epoch    GPU_mem   box_loss   cls_loss   dfl_loss  Instances       Size
    101/300      7.31G     0.7195     0.4226     0.8545        219        640: 100%|██████████| 2/2 [00:02<00:00,  1.17s/it]
                 Class     Images  Instances      Box(P          R      mAP50  mAP50-95): 100%|██████████| 1/1 [00:00<00:00,  4.70it/s]
                   all         12        118      0.613       0.66      0.623      0.291

      Epoch    GPU_mem   box_loss   cls_loss   dfl_loss  Instances       Size
    102/300      7.29G     0.7699     0.4496     0.8342        235        640: 100%|██████████| 2/2 [00:02<00:00,  1.16s/it]
                 Class     Images  Instances      Box(P          R      mAP50  mAP50-95): 100%|██████████| 1/1 [00:00<00:00,  4.74it/s]
                   all         12        118        0.7      0.642      0.669      0.304

      Epoch    GPU_mem   box_loss   cls_loss   dfl_loss  Instances       Size
    103/300      7.31G     0.8011     0.4643     0.8619        237        640: 100%|██████████| 2/2 [00:02<00:00,  1.18s/it]
                 Class     Images  Instances      Box(P          R      mAP50  mAP50-95): 100%|██████████| 1/1 [00:00<00:00,  4.62it/s]
                   all         12        118      0.705       0.72      0.698      0.317

      Epoch    GPU_mem   box_loss   cls_loss   dfl_loss  Instances       Size
    104/300      7.29G     0.7631     0.4458     0.8513        303        640: 100%|██████████| 2/2 [00:02<00:00,  1.16s/it]
                 Class     Images  Instances      Box(P          R      mAP50  mAP50-95): 100%|██████████| 1/1 [00:00<00:00,  4.77it/s]
                   all         12        118      0.731      0.702      0.709      0.321
[34m[1mEarlyStopping: [0mTraining stopped early as no improvement observed in last 100 epochs. Best results observed at epoch 4, best model saved as best.pt.
To update EarlyStopping(patience=100) pass a new patience value, i.e. `patience=300` or use `patience=0` to disable EarlyStopping.

104 epochs completed in 0.118 hours.
Optimizer stripped from runs/detect/train3/weights/last.pt, 40.5MB
Optimizer stripped from runs/detect/train3/weights/best.pt, 40.5MB

Validating runs/detect/train3/weights/best.pt...
Ultralytics 8.3.13 🚀 Python-3.10.14 torch-2.4.0 CUDA:0 (Tesla P100-PCIE-16GB, 16269MiB)
YOLO11m summary (fused): 303 layers, 20,031,574 parameters, 0 gradients, 67.7 GFLOPs
                 Class     Images  Instances      Box(P          R      mAP50  mAP50-95): 100%|██████████| 1/1 [00:00<00:00,  4.34it/s]
                   all         12        118      0.778      0.822      0.826      0.379
    not_wearing_idcard         11         50      0.719       0.82      0.767      0.294
        wearing_idcard         12         68      0.836      0.825      0.886      0.464
Speed: 0.2ms preprocess, 12.9ms inference, 0.0ms loss, 0.7ms postprocess per image
Results saved to [1mruns/detect/train3[0m
