Total images found: 1097

Split mode = sorted | ratio = (0.7, 0.2, 0.1) | seed = 123
  Train: 767
  Val:   219
  Test:  111
    Bengin cases: train=84, val=24, test=12
    Malignant cases: train=392, val=112, test=57
    Normal cases: train=291, val=83, test=42
  Train after augmentation: 9999
  Caching 9999 images in RAM...
  Cached 767 unique images.
  Caching 219 images in RAM...
  Cached 219 unique images.
  Caching 111 images in RAM...
  Cached 111 unique images.

Creating CCAL model...
Total Parameters: 666,403
Trainable Parameters: 666,403
  ✓ New best model! Val Acc: 79.45%
Epoch  1/50: TrL=0.6116 TrA=74.48% | VL=0.5291 VA=79.45% | LR=0.001000 | 33.7s ✓
Epoch  2/50: TrL=0.3788 TrA=84.92% | VL=2.8207 VA=52.05% | LR=0.001000 | 32.2s
Epoch  3/50: TrL=0.3039 TrA=87.66% | VL=2.8940 VA=53.88% | LR=0.001000 | 31.5s
  ✓ New best model! Val Acc: 80.37%
Epoch  4/50: TrL=0.2604 TrA=89.82% | VL=0.5570 VA=80.37% | LR=0.001000 | 32.5s ✓
  ↓ LR reduced: 0.001000 → 0.000500
Epoch  5/50: TrL=0.2184 TrA=91.50% | VL=0.9476 VA=77.17% | LR=0.000500 | 31.9s
  ✓ New best model! Val Acc: 82.65%
Epoch  6/50: TrL=0.1612 TrA=93.64% | VL=0.5167 VA=82.65% | LR=0.000500 | 31.4s ✓
  ✓ New best model! Val Acc: 87.21%
Epoch  7/50: TrL=0.1294 TrA=95.15% | VL=0.5332 VA=87.21% | LR=0.000500 | 32.2s ✓
Epoch  8/50: TrL=0.1127 TrA=95.92% | VL=1.1588 VA=74.89% | LR=0.000500 | 32.0s
Epoch  9/50: TrL=0.0992 TrA=96.49% | VL=1.1700 VA=71.23% | LR=0.000500 | 32.0s
  ↓ LR reduced: 0.000500 → 0.000250
Epoch 10/50: TrL=0.0981 TrA=96.82% | VL=1.3620 VA=73.97% | LR=0.000250 | 31.8s
Epoch 11/50: TrL=0.0554 TrA=98.11% | VL=0.8779 VA=85.39% | LR=0.000250 | 32.4s
Epoch 12/50: TrL=0.0481 TrA=98.31% | VL=0.4486 VA=86.30% | LR=0.000250 | 32.0s
  ✓ New best model! Val Acc: 87.67%
Epoch 13/50: TrL=0.0465 TrA=98.62% | VL=0.5748 VA=87.67% | LR=0.000250 | 32.3s ✓
Epoch 14/50: TrL=0.0403 TrA=98.65% | VL=1.0750 VA=86.76% | LR=0.000250 | 31.6s
Epoch 15/50: TrL=0.0346 TrA=98.85% | VL=0.8803 VA=86.76% | LR=0.000250 | 31.6s
  ↓ LR reduced: 0.000250 → 0.000125
Epoch 16/50: TrL=0.0313 TrA=98.96% | VL=0.6874 VA=84.93% | LR=0.000125 | 32.2s
Epoch 17/50: TrL=0.0180 TrA=99.29% | VL=0.7632 VA=85.39% | LR=0.000125 | 31.7s
Epoch 18/50: TrL=0.0155 TrA=99.46% | VL=0.6461 VA=87.21% | LR=0.000125 | 32.4s
Epoch 19/50: TrL=0.0172 TrA=99.39% | VL=0.8496 VA=84.02% | LR=0.000125 | 32.2s
  ↓ LR reduced: 0.000125 → 0.000063
Epoch 20/50: TrL=0.0198 TrA=99.41% | VL=0.6357 VA=87.67% | LR=0.000063 | 32.4s
  ✓ New best model! Val Acc: 88.13%
Epoch 21/50: TrL=0.0173 TrA=99.49% | VL=0.6887 VA=88.13% | LR=0.000063 | 31.8s ✓
  ✓ New best model! Val Acc: 90.87%
Epoch 22/50: TrL=0.0124 TrA=99.62% | VL=0.3842 VA=90.87% | LR=0.000063 | 32.1s ✓
Epoch 23/50: TrL=0.0113 TrA=99.58% | VL=0.8244 VA=88.58% | LR=0.000063 | 31.5s
Epoch 24/50: TrL=0.0109 TrA=99.64% | VL=0.7956 VA=86.30% | LR=0.000063 | 32.3s
Epoch 25/50: TrL=0.0126 TrA=99.64% | VL=0.7419 VA=88.58% | LR=0.000063 | 32.1s
  ↓ LR reduced: 0.000063 → 0.000031
Epoch 26/50: TrL=0.0116 TrA=99.66% | VL=0.9790 VA=87.67% | LR=0.000031 | 31.8s
Epoch 27/50: TrL=0.0121 TrA=99.64% | VL=0.6570 VA=88.58% | LR=0.000031 | 31.8s
Epoch 28/50: TrL=0.0103 TrA=99.66% | VL=0.6959 VA=88.13% | LR=0.000031 | 31.9s
Epoch 29/50: TrL=0.0081 TrA=99.70% | VL=0.8520 VA=87.67% | LR=0.000031 | 31.6s
  ↓ LR reduced: 0.000031 → 0.000016
Epoch 30/50: TrL=0.0085 TrA=99.70% | VL=0.6037 VA=89.95% | LR=0.000016 | 31.4s
Epoch 31/50: TrL=0.0074 TrA=99.81% | VL=0.6953 VA=88.58% | LR=0.000016 | 31.6s
Epoch 32/50: TrL=0.0037 TrA=99.90% | VL=0.7215 VA=88.13% | LR=0.000016 | 32.0s
Epoch 33/50: TrL=0.0100 TrA=99.74% | VL=0.7065 VA=88.58% | LR=0.000016 | 31.8s
  ↓ LR reduced: 0.000016 → 0.000008
Epoch 34/50: TrL=0.0074 TrA=99.77% | VL=0.6934 VA=89.50% | LR=0.000008 | 31.8s
Epoch 35/50: TrL=0.0048 TrA=99.84% | VL=0.6491 VA=89.04% | LR=0.000008 | 31.9s
Epoch 36/50: TrL=0.0065 TrA=99.73% | VL=0.5208 VA=89.50% | LR=0.000008 | 31.7s
Epoch 37/50: TrL=0.0062 TrA=99.77% | VL=0.6280 VA=88.58% | LR=0.000008 | 31.9s
  ↓ LR reduced: 0.000008 → 0.000004
Epoch 38/50: TrL=0.0072 TrA=99.78% | VL=0.6501 VA=89.04% | LR=0.000004 | 31.6s
Epoch 39/50: TrL=0.0051 TrA=99.80% | VL=0.6636 VA=89.04% | LR=0.000004 | 31.9s
Epoch 40/50: TrL=0.0089 TrA=99.77% | VL=0.5958 VA=89.50% | LR=0.000004 | 32.3s
Epoch 41/50: TrL=0.0046 TrA=99.87% | VL=0.6507 VA=89.04% | LR=0.000004 | 31.6s
  ↓ LR reduced: 0.000004 → 0.000002
Epoch 42/50: TrL=0.0067 TrA=99.80% | VL=0.7720 VA=87.21% | LR=0.000002 | 31.8s
Epoch 43/50: TrL=0.0066 TrA=99.81% | VL=0.7611 VA=87.67% | LR=0.000002 | 31.4s
Epoch 44/50: TrL=0.0061 TrA=99.84% | VL=0.6797 VA=88.13% | LR=0.000002 | 32.1s
Epoch 45/50: TrL=0.0065 TrA=99.80% | VL=0.8101 VA=87.67% | LR=0.000002 | 31.6s
  ↓ LR reduced: 0.000002 → 0.000001
Epoch 46/50: TrL=0.0037 TrA=99.88% | VL=0.6961 VA=88.13% | LR=0.000001 | 31.7s
Epoch 47/50: TrL=0.0044 TrA=99.83% | VL=0.6532 VA=88.13% | LR=0.000001 | 32.4s
Epoch 48/50: TrL=0.0052 TrA=99.88% | VL=0.6321 VA=88.13% | LR=0.000001 | 31.5s
Epoch 49/50: TrL=0.0062 TrA=99.79% | VL=0.7029 VA=88.13% | LR=0.000001 | 32.6s
  ↓ LR reduced: 0.000001 → 0.000000
Epoch 50/50: TrL=0.0082 TrA=99.78% | VL=0.6267 VA=88.13% | LR=0.000000 | 32.2s

Training complete! Best: epoch 22, val acc 90.87%

Loading best model for evaluation...
Loaded best model from epoch 22, val acc: 90.87%

==================================================
TEST RESULTS
==================================================
Accuracy:  87.39%
Precision: 90.72%
Recall:    87.39%
F1-Score:  88.30%
AUC:       96.45%
              precision    recall  f1-score   support

      Benign       0.45      0.75      0.56        12
   Malignant       1.00      1.00      1.00        57
      Normal       0.91      0.74      0.82        42

    accuracy                           0.87       111
   macro avg       0.79      0.83      0.79       111
weighted avg       0.91      0.87      0.88       111


Generating XAI visualizations...

✅ XAI visualizations generated.
