Creating CCAL model...
Model Parameters: 703,331
Trainable Parameters: 703,331
Starting training...
Epoch 1/50 [Train]: 100%|██████████| 28/28 [00:03<00:00,  9.27it/s]
Epoch 2/50 [Train]: 100%|██████████| 28/28 [00:02<00:00,  9.39it/s]
Epoch 3/50 [Train]: 100%|██████████| 28/28 [00:03<00:00,  9.32it/s]
Epoch 4/50 [Train]: 100%|██████████| 28/28 [00:03<00:00,  9.26it/s]
Epoch 5/50 [Train]: 100%|██████████| 28/28 [00:02<00:00,  9.39it/s]
Epoch 6/50 [Train]: 100%|██████████| 28/28 [00:03<00:00,  9.13it/s]
Epoch 7/50 [Train]: 100%|██████████| 28/28 [00:02<00:00,  9.41it/s]
Epoch 8/50 [Train]: 100%|██████████| 28/28 [00:03<00:00,  9.23it/s]
Epoch 9/50 [Train]: 100%|██████████| 28/28 [00:03<00:00,  9.26it/s]
Epoch 10/50 [Train]: 100%|██████████| 28/28 [00:03<00:00,  8.45it/s]
Epoch 11/50 [Train]: 100%|██████████| 28/28 [00:03<00:00,  8.58it/s]
Epoch 12/50 [Train]: 100%|██████████| 28/28 [00:03<00:00,  8.43it/s]
Epoch 13/50 [Train]: 100%|██████████| 28/28 [00:03<00:00,  9.05it/s]
Epoch 14/50 [Train]: 100%|██████████| 28/28 [00:03<00:00,  9.30it/s]
Epoch 15/50 [Train]: 100%|██████████| 28/28 [00:03<00:00,  8.60it/s]
Epoch 16/50 [Train]: 100%|██████████| 28/28 [00:03<00:00,  8.83it/s]
Epoch 17/50 [Train]: 100%|██████████| 28/28 [00:03<00:00,  8.81it/s]
Epoch 18/50 [Train]: 100%|██████████| 28/28 [00:03<00:00,  8.73it/s]
Epoch 19/50 [Train]: 100%|██████████| 28/28 [00:03<00:00,  9.32it/s]
Epoch 20/50 [Train]: 100%|██████████| 28/28 [00:03<00:00,  8.46it/s]
Epoch 21/50 [Train]: 100%|██████████| 28/28 [00:03<00:00,  9.01it/s]
Epoch 22/50 [Train]: 100%|██████████| 28/28 [00:03<00:00,  8.90it/s]
Epoch 23/50 [Train]: 100%|██████████| 28/28 [00:03<00:00,  8.33it/s]
Epoch 24/50 [Train]: 100%|██████████| 28/28 [00:03<00:00,  8.43it/s]
Epoch 25/50 [Train]: 100%|██████████| 28/28 [00:03<00:00,  8.80it/s]
Epoch 26/50 [Train]: 100%|██████████| 28/28 [00:03<00:00,  9.22it/s]
Epoch 27/50 [Train]: 100%|██████████| 28/28 [00:03<00:00,  9.25it/s]
Epoch 28/50 [Train]: 100%|██████████| 28/28 [00:03<00:00,  9.29it/s]
Epoch 29/50 [Train]: 100%|██████████| 28/28 [00:03<00:00,  9.12it/s]
Epoch 30/50 [Train]: 100%|██████████| 28/28 [00:02<00:00,  9.39it/s]
Epoch 31/50 [Train]: 100%|██████████| 28/28 [00:03<00:00,  9.25it/s]
Epoch 32/50 [Train]: 100%|██████████| 28/28 [00:03<00:00,  9.20it/s]
Epoch 33/50 [Train]: 100%|██████████| 28/28 [00:03<00:00,  9.27it/s]
Epoch 34/50 [Train]: 100%|██████████| 28/28 [00:03<00:00,  9.23it/s]
Epoch 35/50 [Train]: 100%|██████████| 28/28 [00:02<00:00,  9.46it/s]
Epoch 36/50 [Train]: 100%|██████████| 28/28 [00:02<00:00,  9.36it/s]
Epoch 37/50 [Train]: 100%|██████████| 28/28 [00:03<00:00,  9.29it/s]
Epoch 38/50 [Train]: 100%|██████████| 28/28 [00:03<00:00,  9.14it/s]
Epoch 39/50 [Train]: 100%|██████████| 28/28 [00:03<00:00,  9.18it/s]
Epoch 40/50 [Train]: 100%|██████████| 28/28 [00:03<00:00,  9.29it/s]
Epoch 41/50 [Train]: 100%|██████████| 28/28 [00:02<00:00,  9.35it/s]
Epoch 42/50 [Train]: 100%|██████████| 28/28 [00:02<00:00,  9.41it/s]
Epoch 43/50 [Train]: 100%|██████████| 28/28 [00:03<00:00,  9.15it/s]
Epoch 44/50 [Train]: 100%|██████████| 28/28 [00:03<00:00,  9.27it/s]
Epoch 45/50 [Train]: 100%|██████████| 28/28 [00:02<00:00,  9.35it/s]
Epoch 46/50 [Train]: 100%|██████████| 28/28 [00:03<00:00,  9.19it/s]
Epoch 47/50 [Train]: 100%|██████████| 28/28 [00:02<00:00,  9.41it/s]
Epoch 48/50 [Train]: 100%|██████████| 28/28 [00:03<00:00,  9.18it/s]
Epoch 49/50 [Train]: 100%|██████████| 28/28 [00:03<00:00,  9.16it/s]
Epoch 50/50 [Train]: 100%|██████████| 28/28 [00:03<00:00,  9.10it/s]
Evaluating model...
Testing: 100%|██████████| 7/7 [00:00<00:00,  7.90it/s]
Model saved as 'base_ccal.pth'
