Model Parameters: 699,043
01/50 train 0.4464|0.824  val 1.7838|0.373
02/50 train 0.1746|0.937  val 2.8096|0.309
03/50 train 0.0907|0.965  val 5.3846|0.582
04/50 train 0.1079|0.968  val 10.3291|0.500
05/50 train 0.0367|0.987  val 0.3334|0.900
06/50 train 0.0714|0.981  val 20.0764|0.500
07/50 train 0.0325|0.989  val 0.6773|0.809
08/50 train 0.0247|0.990  val 0.5215|0.855
09/50 train 0.0297|0.987  val 2.4233|0.600
10/50 train 0.0151|0.995  val 0.8204|0.864
11/50 train 0.0104|0.998  val 1.1640|0.655
12/50 train 0.0103|0.992  val 5.2321|0.400
13/50 train 0.0272|0.990  val 22.0418|0.373
14/50 train 0.1585|0.949  val 18.5845|0.500
15/50 train 0.1159|0.960  val 12.0770|0.373
16/50 train 0.0901|0.982  val 10.6789|0.209
17/50 train 0.0630|0.984  val 5.9234|0.400
18/50 train 0.0623|0.983  val 9.2638|0.500
19/50 train 0.0259|0.986  val 0.1268|0.936
20/50 train 0.0147|0.994  val 3.2430|0.573
21/50 train 0.0417|0.986  val 6.1671|0.491
22/50 train 0.0428|0.981  val 0.5466|0.773
23/50 train 0.0359|0.990  val 6.7112|0.555
24/50 train 0.0439|0.987  val 2.1361|0.609
25/50 train 0.0595|0.979  val 24.1644|0.145
26/50 train 0.0588|0.981  val 0.8957|0.782
27/50 train 0.0118|0.997  val 0.0018|1.000
28/50 train 0.0091|0.994  val 5.3462|0.536
29/50 train 0.0152|0.995  val 1.2614|0.755
30/50 train 0.0174|0.993  val 0.0930|0.982
31/50 train 0.0127|0.994  val 0.4433|0.873
32/50 train 0.0073|0.998  val 0.0184|0.991
33/50 train 0.0045|0.999  val 0.0024|1.000
34/50 train 0.0078|0.995  val 0.8309|0.836
35/50 train 0.0163|0.995  val 0.0452|0.991
36/50 train 0.0079|0.997  val 0.0293|0.982
37/50 train 0.0088|0.994  val 0.0082|0.991
38/50 train 0.0058|0.997  val 0.0005|1.000
39/50 train 0.0042|0.999  val 0.0058|1.000
40/50 train 0.0060|0.999  val 0.0015|1.000
41/50 train 0.0049|0.998  val 0.0132|0.991
42/50 train 0.0035|0.999  val 0.0002|1.000
43/50 train 0.0038|0.998  val 0.3334|0.873
44/50 train 0.0040|0.998  val 0.0401|0.991
45/50 train 0.0133|0.997  val 2.6016|0.691
46/50 train 0.0157|0.994  val 19.6967|0.373
47/50 train 0.0323|0.991  val 1.5049|0.873
48/50 train 0.0381|0.989  val 1.7644|0.691
49/50 train 0.0474|0.989  val 5.1921|0.500
50/50 train 0.0715|0.979  val 3.0698|0.491

TEST METRICS
accuracy  : 0.445
precision : 0.707
recall    : 0.445
F1-score  : 0.338
AUC-OVO   : 0.915
