Creating CCAL model...
Model Parameters: 647,843
Trainable Parameters: 647,843
[34m[1mwandb[0m: [33mWARNING[0m Calling wandb.login() after wandb.init() has no effect.
Starting training...
Training Epoch 1: 100%|██████████| 28/28 [00:03<00:00,  7.38it/s]
✓ New best model saved! Val Acc: 10.91%
Epoch  1: Train Loss: 1.2558, Train Acc: 32.84% | Val Loss: 1.1089, Val Acc: 10.91%
Training Epoch 2: 100%|██████████| 28/28 [00:03<00:00,  7.31it/s]
✓ New best model saved! Val Acc: 16.36%
Epoch  2: Train Loss: 1.1556, Train Acc: 36.72% | Val Loss: 1.1129, Val Acc: 16.36%
Training Epoch 3: 100%|██████████| 28/28 [00:03<00:00,  7.35it/s]
✓ New best model saved! Val Acc: 44.55%
Epoch  3: Train Loss: 1.0712, Train Acc: 42.30% | Val Loss: 1.0737, Val Acc: 44.55%
Training Epoch 4: 100%|██████████| 28/28 [00:03<00:00,  7.22it/s]
Epoch  4: Train Loss: 1.0554, Train Acc: 44.24% | Val Loss: 0.9927, Val Acc: 40.00%
Training Epoch 5: 100%|██████████| 28/28 [00:03<00:00,  7.44it/s]
✓ New best model saved! Val Acc: 53.64%
Epoch  5: Train Loss: 0.9744, Train Acc: 50.29% | Val Loss: 0.9638, Val Acc: 53.64%
Training Epoch 6: 100%|██████████| 28/28 [00:03<00:00,  7.23it/s]
✓ New best model saved! Val Acc: 60.91%
Epoch  6: Train Loss: 0.9542, Train Acc: 54.73% | Val Loss: 0.8215, Val Acc: 60.91%
Training Epoch 7: 100%|██████████| 28/28 [00:03<00:00,  7.39it/s]
Epoch  7: Train Loss: 0.9416, Train Acc: 52.00% | Val Loss: 1.1710, Val Acc: 43.64%
Training Epoch 8: 100%|██████████| 28/28 [00:03<00:00,  7.30it/s]
✓ New best model saved! Val Acc: 65.00%
Epoch  8: Train Loss: 0.8695, Train Acc: 60.21% | Val Loss: 0.7811, Val Acc: 65.00%
Training Epoch 9: 100%|██████████| 28/28 [00:03<00:00,  7.30it/s]
✓ New best model saved! Val Acc: 75.45%
Epoch  9: Train Loss: 0.8482, Train Acc: 60.66% | Val Loss: 0.7585, Val Acc: 75.45%
Training Epoch 10: 100%|██████████| 28/28 [00:03<00:00,  7.38it/s]
✓ New best model saved! Val Acc: 80.45%
Epoch 10: Train Loss: 0.7761, Train Acc: 67.16% | Val Loss: 0.6384, Val Acc: 80.45%
Training Epoch 11: 100%|██████████| 28/28 [00:03<00:00,  7.26it/s]
Epoch 11: Train Loss: 0.7976, Train Acc: 65.34% | Val Loss: 1.0343, Val Acc: 60.00%
Training Epoch 12: 100%|██████████| 28/28 [00:03<00:00,  7.20it/s]
Epoch 12: Train Loss: 0.7440, Train Acc: 67.62% | Val Loss: 0.7828, Val Acc: 62.27%
Training Epoch 13: 100%|██████████| 28/28 [00:03<00:00,  7.37it/s]
Epoch 13: Train Loss: 0.7197, Train Acc: 68.99% | Val Loss: 0.6294, Val Acc: 73.64%
Training Epoch 14: 100%|██████████| 28/28 [00:03<00:00,  7.37it/s]
Epoch 14: Train Loss: 0.7096, Train Acc: 70.81% | Val Loss: 0.8037, Val Acc: 73.18%
Training Epoch 15: 100%|██████████| 28/28 [00:03<00:00,  7.13it/s]
Epoch 15: Train Loss: 0.6704, Train Acc: 72.29% | Val Loss: 0.8307, Val Acc: 62.73%
Training Epoch 16: 100%|██████████| 28/28 [00:03<00:00,  7.39it/s]
Epoch 16: Train Loss: 0.6565, Train Acc: 73.55% | Val Loss: 0.6279, Val Acc: 73.64%
Training Epoch 17: 100%|██████████| 28/28 [00:03<00:00,  7.41it/s]
✓ New best model saved! Val Acc: 82.73%
Epoch 17: Train Loss: 0.6276, Train Acc: 75.14% | Val Loss: 0.5469, Val Acc: 82.73%
Training Epoch 18: 100%|██████████| 28/28 [00:03<00:00,  7.18it/s]
Epoch 18: Train Loss: 0.6179, Train Acc: 74.23% | Val Loss: 0.9502, Val Acc: 61.82%
Training Epoch 19: 100%|██████████| 28/28 [00:03<00:00,  7.45it/s]
Epoch 19: Train Loss: 0.5989, Train Acc: 74.57% | Val Loss: 0.6013, Val Acc: 77.27%
Training Epoch 20: 100%|██████████| 28/28 [00:03<00:00,  7.41it/s]
Epoch 20: Train Loss: 0.5741, Train Acc: 78.22% | Val Loss: 1.0599, Val Acc: 52.73%
Training Epoch 21: 100%|██████████| 28/28 [00:03<00:00,  7.45it/s]
✓ New best model saved! Val Acc: 83.18%
Epoch 21: Train Loss: 0.5641, Train Acc: 77.19% | Val Loss: 0.5174, Val Acc: 83.18%
Training Epoch 22: 100%|██████████| 28/28 [00:03<00:00,  7.30it/s]
Epoch 22: Train Loss: 0.5343, Train Acc: 78.45% | Val Loss: 0.6151, Val Acc: 77.73%
Training Epoch 23: 100%|██████████| 28/28 [00:03<00:00,  7.35it/s]
Epoch 23: Train Loss: 0.5297, Train Acc: 78.22% | Val Loss: 1.0847, Val Acc: 60.91%
Training Epoch 24: 100%|██████████| 28/28 [00:03<00:00,  7.41it/s]
✓ New best model saved! Val Acc: 85.00%
Epoch 24: Train Loss: 0.5337, Train Acc: 79.25% | Val Loss: 0.4696, Val Acc: 85.00%
Training Epoch 25: 100%|██████████| 28/28 [00:03<00:00,  7.26it/s]
Epoch 25: Train Loss: 0.4920, Train Acc: 79.70% | Val Loss: 0.7544, Val Acc: 72.27%
Training Epoch 26: 100%|██████████| 28/28 [00:03<00:00,  7.24it/s]
Epoch 26: Train Loss: 0.4996, Train Acc: 81.07% | Val Loss: 0.4920, Val Acc: 85.00%
Training Epoch 27: 100%|██████████| 28/28 [00:03<00:00,  7.34it/s]
Epoch 27: Train Loss: 0.4979, Train Acc: 80.16% | Val Loss: 0.5449, Val Acc: 82.27%
Training Epoch 28: 100%|██████████| 28/28 [00:03<00:00,  7.36it/s]
Epoch 28: Train Loss: 0.4778, Train Acc: 81.87% | Val Loss: 0.4968, Val Acc: 84.09%
Training Epoch 29: 100%|██████████| 28/28 [00:03<00:00,  7.15it/s]
Epoch 29: Train Loss: 0.4602, Train Acc: 82.78% | Val Loss: 1.8725, Val Acc: 38.64%
Training Epoch 30: 100%|██████████| 28/28 [00:03<00:00,  7.41it/s]
Epoch 30: Train Loss: 0.4697, Train Acc: 81.64% | Val Loss: 1.4528, Val Acc: 46.36%
Training Epoch 31: 100%|██████████| 28/28 [00:03<00:00,  7.41it/s]
Epoch 31: Train Loss: 0.4579, Train Acc: 80.84% | Val Loss: 0.6640, Val Acc: 75.00%
Training Epoch 32: 100%|██████████| 28/28 [00:03<00:00,  7.33it/s]
Epoch 32: Train Loss: 0.4525, Train Acc: 81.53% | Val Loss: 0.4298, Val Acc: 83.64%
Training Epoch 33: 100%|██████████| 28/28 [00:03<00:00,  7.29it/s]
Epoch 33: Train Loss: 0.4527, Train Acc: 82.10% | Val Loss: 1.7336, Val Acc: 43.64%
Training Epoch 34: 100%|██████████| 28/28 [00:03<00:00,  7.35it/s]
Epoch 34: Train Loss: 0.4570, Train Acc: 82.67% | Val Loss: 2.4114, Val Acc: 58.64%
Training Epoch 35: 100%|██████████| 28/28 [00:03<00:00,  7.29it/s]
✓ New best model saved! Val Acc: 87.27%
Epoch 35: Train Loss: 0.4473, Train Acc: 81.76% | Val Loss: 0.4780, Val Acc: 87.27%
Training Epoch 36: 100%|██████████| 28/28 [00:03<00:00,  7.34it/s]
Epoch 36: Train Loss: 0.4817, Train Acc: 81.19% | Val Loss: 1.7969, Val Acc: 48.64%
Training Epoch 37: 100%|██████████| 28/28 [00:03<00:00,  7.43it/s]
Epoch 37: Train Loss: 0.4055, Train Acc: 83.92% | Val Loss: 2.0332, Val Acc: 39.09%
Training Epoch 38: 100%|██████████| 28/28 [00:03<00:00,  7.29it/s]
Epoch 38: Train Loss: 0.4322, Train Acc: 82.67% | Val Loss: 1.2032, Val Acc: 53.18%
Training Epoch 39: 100%|██████████| 28/28 [00:03<00:00,  7.42it/s]
Epoch 39: Train Loss: 0.4009, Train Acc: 84.15% | Val Loss: 0.6532, Val Acc: 76.36%
Training Epoch 40: 100%|██████████| 28/28 [00:03<00:00,  7.25it/s]
Epoch 40: Train Loss: 0.4562, Train Acc: 81.64% | Val Loss: 0.8957, Val Acc: 68.64%
Training Epoch 41: 100%|██████████| 28/28 [00:03<00:00,  7.39it/s]
Epoch 41: Train Loss: 0.3970, Train Acc: 84.83% | Val Loss: 1.1652, Val Acc: 57.73%
Training Epoch 42: 100%|██████████| 28/28 [00:03<00:00,  7.32it/s]
Epoch 42: Train Loss: 0.4070, Train Acc: 84.61% | Val Loss: 0.7619, Val Acc: 72.27%
Training Epoch 43: 100%|██████████| 28/28 [00:03<00:00,  7.34it/s]
Epoch 43: Train Loss: 0.3964, Train Acc: 83.47% | Val Loss: 0.6080, Val Acc: 81.82%
Training Epoch 44: 100%|██████████| 28/28 [00:03<00:00,  7.36it/s]
Epoch 44: Train Loss: 0.4260, Train Acc: 82.44% | Val Loss: 1.9917, Val Acc: 39.09%
Training Epoch 45: 100%|██████████| 28/28 [00:03<00:00,  7.40it/s]
Epoch 45: Train Loss: 0.4015, Train Acc: 83.81% | Val Loss: 0.3802, Val Acc: 86.82%
Training Epoch 46: 100%|██████████| 28/28 [00:03<00:00,  7.33it/s]
Epoch 46: Train Loss: 0.4295, Train Acc: 83.92% | Val Loss: 1.0014, Val Acc: 62.27%
Training Epoch 47: 100%|██████████| 28/28 [00:03<00:00,  7.29it/s]
Epoch 47: Train Loss: 0.4074, Train Acc: 85.18% | Val Loss: 0.8731, Val Acc: 66.82%
Training Epoch 48: 100%|██████████| 28/28 [00:03<00:00,  7.39it/s]
Epoch 48: Train Loss: 0.3888, Train Acc: 85.75% | Val Loss: 1.2711, Val Acc: 57.27%
Training Epoch 49: 100%|██████████| 28/28 [00:03<00:00,  7.25it/s]
Epoch 49: Train Loss: 0.3632, Train Acc: 84.83% | Val Loss: 1.3782, Val Acc: 60.00%
Training Epoch 50: 100%|██████████| 28/28 [00:03<00:00,  7.27it/s]
Epoch 50: Train Loss: 0.3895, Train Acc: 84.95% | Val Loss: 1.2019, Val Acc: 55.00%

Training completed!
Best model saved at epoch 35 with validation accuracy: 87.27%
Evaluating model...
Testing: 100%|██████████| 7/7 [00:00<00:00,  8.01it/s]

Test Results:
Accuracy:  55.00%
Precision: 68.76%
Recall:    55.00%
F1-Score:  49.66%
AUC:       89.45%
Model saved as 'base_ccal.pth'
