Creating CCAL model...
Model Parameters: 703,331
Trainable Parameters: 703,331
[34m[1mwandb[0m: [33mWARNING[0m Calling wandb.login() after wandb.init() has no effect.
Starting training...
Training Epoch 1: 100%|██████████| 28/28 [00:06<00:00,  4.54it/s]
✓ New best model saved! Val Acc: 10.91%
Epoch  1: Train Loss: 1.2574, Train Acc: 36.15% | Val Loss: 1.1468, Val Acc: 10.91%
Training Epoch 2: 100%|██████████| 28/28 [00:05<00:00,  5.17it/s]
Epoch  2: Train Loss: 1.2685, Train Acc: 34.78% | Val Loss: 1.1668, Val Acc: 10.91%
Training Epoch 3: 100%|██████████| 28/28 [00:05<00:00,  4.97it/s]
Epoch  3: Train Loss: 1.2766, Train Acc: 32.04% | Val Loss: 1.1598, Val Acc: 10.91%
Training Epoch 4: 100%|██████████| 28/28 [00:05<00:00,  5.02it/s]
✓ New best model saved! Val Acc: 21.82%
Epoch  4: Train Loss: 1.2348, Train Acc: 36.83% | Val Loss: 1.1131, Val Acc: 21.82%
Training Epoch 5: 100%|██████████| 28/28 [00:05<00:00,  5.08it/s]
✓ New best model saved! Val Acc: 35.91%
Epoch  5: Train Loss: 1.2488, Train Acc: 34.09% | Val Loss: 1.0963, Val Acc: 35.91%
Training Epoch 6: 100%|██████████| 28/28 [00:05<00:00,  5.02it/s]
Epoch  6: Train Loss: 1.2435, Train Acc: 35.46% | Val Loss: 1.1067, Val Acc: 31.36%
Training Epoch 7: 100%|██████████| 28/28 [00:05<00:00,  5.05it/s]
✓ New best model saved! Val Acc: 37.27%
Epoch  7: Train Loss: 1.1821, Train Acc: 37.86% | Val Loss: 1.0933, Val Acc: 37.27%
Training Epoch 8: 100%|██████████| 28/28 [00:05<00:00,  4.98it/s]
✓ New best model saved! Val Acc: 39.09%
Epoch  8: Train Loss: 1.1723, Train Acc: 38.31% | Val Loss: 1.0811, Val Acc: 39.09%
Training Epoch 9: 100%|██████████| 28/28 [00:05<00:00,  5.08it/s]
Epoch  9: Train Loss: 1.2011, Train Acc: 36.37% | Val Loss: 1.0794, Val Acc: 37.27%
Training Epoch 10: 100%|██████████| 28/28 [00:05<00:00,  5.15it/s]
✓ New best model saved! Val Acc: 44.55%
Epoch 10: Train Loss: 1.1770, Train Acc: 37.51% | Val Loss: 1.0515, Val Acc: 44.55%
Training Epoch 11: 100%|██████████| 28/28 [00:05<00:00,  5.14it/s]
✓ New best model saved! Val Acc: 49.09%
Epoch 11: Train Loss: 1.1693, Train Acc: 37.40% | Val Loss: 1.0249, Val Acc: 49.09%
Training Epoch 12: 100%|██████████| 28/28 [00:05<00:00,  4.95it/s]
Epoch 12: Train Loss: 1.1106, Train Acc: 40.94% | Val Loss: 1.0204, Val Acc: 48.18%
Training Epoch 13: 100%|██████████| 28/28 [00:05<00:00,  5.07it/s]
✓ New best model saved! Val Acc: 50.45%
Epoch 13: Train Loss: 1.1302, Train Acc: 40.59% | Val Loss: 0.9869, Val Acc: 50.45%
Training Epoch 14: 100%|██████████| 28/28 [00:05<00:00,  5.06it/s]
✓ New best model saved! Val Acc: 53.18%
Epoch 14: Train Loss: 1.0934, Train Acc: 44.70% | Val Loss: 0.9691, Val Acc: 53.18%
Training Epoch 15: 100%|██████████| 28/28 [00:05<00:00,  5.03it/s]
✓ New best model saved! Val Acc: 58.18%
Epoch 15: Train Loss: 1.0743, Train Acc: 46.18% | Val Loss: 0.9405, Val Acc: 58.18%
Training Epoch 16: 100%|██████████| 28/28 [00:05<00:00,  5.14it/s]
✓ New best model saved! Val Acc: 63.18%
Epoch 16: Train Loss: 1.0186, Train Acc: 49.94% | Val Loss: 0.8918, Val Acc: 63.18%
Training Epoch 17: 100%|██████████| 28/28 [00:05<00:00,  5.11it/s]
✓ New best model saved! Val Acc: 65.91%
Epoch 17: Train Loss: 1.0263, Train Acc: 50.40% | Val Loss: 0.8581, Val Acc: 65.91%
Training Epoch 18: 100%|██████████| 28/28 [00:05<00:00,  5.12it/s]
Epoch 18: Train Loss: 1.0035, Train Acc: 52.22% | Val Loss: 0.8511, Val Acc: 61.36%
Training Epoch 19: 100%|██████████| 28/28 [00:05<00:00,  5.10it/s]
✓ New best model saved! Val Acc: 70.91%
Epoch 19: Train Loss: 1.0025, Train Acc: 50.97% | Val Loss: 0.7890, Val Acc: 70.91%
Training Epoch 20: 100%|██████████| 28/28 [00:05<00:00,  5.16it/s]
✓ New best model saved! Val Acc: 75.91%
Epoch 20: Train Loss: 0.9033, Train Acc: 58.72% | Val Loss: 0.7462, Val Acc: 75.91%
Training Epoch 21: 100%|██████████| 28/28 [00:05<00:00,  5.12it/s]
Epoch 21: Train Loss: 0.8445, Train Acc: 62.83% | Val Loss: 0.7542, Val Acc: 71.82%
Training Epoch 22: 100%|██████████| 28/28 [00:05<00:00,  5.06it/s]
✓ New best model saved! Val Acc: 77.73%
Epoch 22: Train Loss: 0.8444, Train Acc: 61.80% | Val Loss: 0.6854, Val Acc: 77.73%
Training Epoch 23: 100%|██████████| 28/28 [00:05<00:00,  5.15it/s]
✓ New best model saved! Val Acc: 78.64%
Epoch 23: Train Loss: 0.8438, Train Acc: 62.26% | Val Loss: 0.6454, Val Acc: 78.64%
Training Epoch 24: 100%|██████████| 28/28 [00:05<00:00,  5.24it/s]
Epoch 24: Train Loss: 0.7911, Train Acc: 66.36% | Val Loss: 0.6233, Val Acc: 78.64%
Training Epoch 25: 100%|██████████| 28/28 [00:05<00:00,  5.08it/s]
✓ New best model saved! Val Acc: 81.36%
Epoch 25: Train Loss: 0.7669, Train Acc: 67.27% | Val Loss: 0.6118, Val Acc: 81.36%
Training Epoch 26: 100%|██████████| 28/28 [00:05<00:00,  5.13it/s]
Epoch 26: Train Loss: 0.7494, Train Acc: 70.47% | Val Loss: 0.7258, Val Acc: 72.73%
Training Epoch 27: 100%|██████████| 28/28 [00:05<00:00,  5.11it/s]
Epoch 27: Train Loss: 0.6943, Train Acc: 71.84% | Val Loss: 0.6906, Val Acc: 75.00%
Training Epoch 28: 100%|██████████| 28/28 [00:05<00:00,  5.08it/s]
✓ New best model saved! Val Acc: 83.18%
Epoch 28: Train Loss: 0.6708, Train Acc: 74.12% | Val Loss: 0.5032, Val Acc: 83.18%
Training Epoch 29: 100%|██████████| 28/28 [00:05<00:00,  5.06it/s]
Epoch 29: Train Loss: 0.6277, Train Acc: 75.03% | Val Loss: 0.5565, Val Acc: 81.82%
Training Epoch 30: 100%|██████████| 28/28 [00:05<00:00,  5.16it/s]
Epoch 30: Train Loss: 0.6449, Train Acc: 74.46% | Val Loss: 0.5378, Val Acc: 82.27%
Training Epoch 31: 100%|██████████| 28/28 [00:05<00:00,  5.03it/s]
Epoch 31: Train Loss: 0.6314, Train Acc: 75.03% | Val Loss: 0.5777, Val Acc: 80.45%
Training Epoch 32: 100%|██████████| 28/28 [00:05<00:00,  5.20it/s]
✓ New best model saved! Val Acc: 83.64%
Epoch 32: Train Loss: 0.5745, Train Acc: 77.19% | Val Loss: 0.4594, Val Acc: 83.64%
Training Epoch 33: 100%|██████████| 28/28 [00:05<00:00,  5.03it/s]
Epoch 33: Train Loss: 0.5829, Train Acc: 78.34% | Val Loss: 0.4629, Val Acc: 83.18%
Training Epoch 34: 100%|██████████| 28/28 [00:05<00:00,  5.14it/s]
✓ New best model saved! Val Acc: 85.00%
Epoch 34: Train Loss: 0.5558, Train Acc: 79.02% | Val Loss: 0.4631, Val Acc: 85.00%
Training Epoch 35: 100%|██████████| 28/28 [00:05<00:00,  5.19it/s]
Epoch 35: Train Loss: 0.5448, Train Acc: 79.13% | Val Loss: 0.4367, Val Acc: 85.00%
Training Epoch 36: 100%|██████████| 28/28 [00:05<00:00,  5.18it/s]
Epoch 36: Train Loss: 0.5221, Train Acc: 79.36% | Val Loss: 0.4285, Val Acc: 84.09%
Training Epoch 37: 100%|██████████| 28/28 [00:05<00:00,  5.08it/s]
Epoch 37: Train Loss: 0.5050, Train Acc: 80.50% | Val Loss: 0.4393, Val Acc: 84.09%
Training Epoch 38: 100%|██████████| 28/28 [00:05<00:00,  5.10it/s]
Epoch 38: Train Loss: 0.4898, Train Acc: 81.64% | Val Loss: 0.4188, Val Acc: 84.55%
Training Epoch 39: 100%|██████████| 28/28 [00:05<00:00,  5.18it/s]
Epoch 39: Train Loss: 0.5177, Train Acc: 80.05% | Val Loss: 0.6246, Val Acc: 78.64%
Training Epoch 40: 100%|██████████| 28/28 [00:05<00:00,  5.01it/s]
Epoch 40: Train Loss: 0.5184, Train Acc: 79.59% | Val Loss: 0.5244, Val Acc: 82.73%
Training Epoch 41: 100%|██████████| 28/28 [00:05<00:00,  5.15it/s]
Epoch 41: Train Loss: 0.4786, Train Acc: 81.07% | Val Loss: 0.4261, Val Acc: 85.00%
Training Epoch 42: 100%|██████████| 28/28 [00:05<00:00,  5.08it/s]
Epoch 42: Train Loss: 0.4472, Train Acc: 84.04% | Val Loss: 0.4736, Val Acc: 84.55%
Training Epoch 43: 100%|██████████| 28/28 [00:05<00:00,  5.22it/s]
Epoch 43: Train Loss: 0.4530, Train Acc: 83.24% | Val Loss: 0.4842, Val Acc: 85.00%
Training Epoch 44: 100%|██████████| 28/28 [00:05<00:00,  5.12it/s]
Epoch 44: Train Loss: 0.4470, Train Acc: 83.47% | Val Loss: 0.3926, Val Acc: 84.09%
Training Epoch 45: 100%|██████████| 28/28 [00:05<00:00,  5.12it/s]
Epoch 45: Train Loss: 0.4444, Train Acc: 84.04% | Val Loss: 0.4318, Val Acc: 84.09%
Training Epoch 46: 100%|██████████| 28/28 [00:05<00:00,  5.02it/s]
✓ New best model saved! Val Acc: 86.36%
Epoch 46: Train Loss: 0.4419, Train Acc: 83.92% | Val Loss: 0.3795, Val Acc: 86.36%
Training Epoch 47: 100%|██████████| 28/28 [00:05<00:00,  4.98it/s]
Epoch 47: Train Loss: 0.4324, Train Acc: 84.38% | Val Loss: 0.3892, Val Acc: 85.45%
Training Epoch 48: 100%|██████████| 28/28 [00:05<00:00,  5.18it/s]
Epoch 48: Train Loss: 0.4244, Train Acc: 84.49% | Val Loss: 0.3770, Val Acc: 85.91%
Training Epoch 49: 100%|██████████| 28/28 [00:05<00:00,  4.97it/s]
Epoch 49: Train Loss: 0.3922, Train Acc: 85.86% | Val Loss: 0.3742, Val Acc: 85.45%
Training Epoch 50: 100%|██████████| 28/28 [00:05<00:00,  4.98it/s]
Epoch 50: Train Loss: 0.3922, Train Acc: 85.40% | Val Loss: 0.4515, Val Acc: 85.00%
Training Epoch 51: 100%|██████████| 28/28 [00:05<00:00,  5.05it/s]
✓ New best model saved! Val Acc: 86.82%
Epoch 51: Train Loss: 0.3861, Train Acc: 84.95% | Val Loss: 0.3810, Val Acc: 86.82%
Training Epoch 52: 100%|██████████| 28/28 [00:05<00:00,  5.17it/s]
Epoch 52: Train Loss: 0.4186, Train Acc: 84.26% | Val Loss: 0.4213, Val Acc: 83.18%
Training Epoch 53: 100%|██████████| 28/28 [00:05<00:00,  5.12it/s]
Epoch 53: Train Loss: 0.3800, Train Acc: 84.26% | Val Loss: 0.3627, Val Acc: 86.82%
Training Epoch 54: 100%|██████████| 28/28 [00:05<00:00,  5.03it/s]
Epoch 54: Train Loss: 0.3858, Train Acc: 84.83% | Val Loss: 0.3588, Val Acc: 85.91%
Training Epoch 55: 100%|██████████| 28/28 [00:05<00:00,  5.06it/s]
Epoch 55: Train Loss: 0.3681, Train Acc: 85.06% | Val Loss: 0.3545, Val Acc: 86.36%
Training Epoch 56: 100%|██████████| 28/28 [00:05<00:00,  5.09it/s]
Epoch 56: Train Loss: 0.3901, Train Acc: 84.26% | Val Loss: 0.4590, Val Acc: 82.27%
Training Epoch 57: 100%|██████████| 28/28 [00:05<00:00,  5.10it/s]
✓ New best model saved! Val Acc: 87.27%
Epoch 57: Train Loss: 0.3960, Train Acc: 84.61% | Val Loss: 0.3637, Val Acc: 87.27%
Training Epoch 58: 100%|██████████| 28/28 [00:05<00:00,  5.01it/s]
Epoch 58: Train Loss: 0.4062, Train Acc: 85.29% | Val Loss: 0.3434, Val Acc: 87.27%
Training Epoch 59: 100%|██████████| 28/28 [00:05<00:00,  5.12it/s]
Epoch 59: Train Loss: 0.3764, Train Acc: 85.52% | Val Loss: 0.3885, Val Acc: 85.00%
Training Epoch 60: 100%|██████████| 28/28 [00:05<00:00,  5.10it/s]
Epoch 60: Train Loss: 0.3644, Train Acc: 86.32% | Val Loss: 0.4483, Val Acc: 82.73%
Training Epoch 61: 100%|██████████| 28/28 [00:05<00:00,  5.14it/s]
Epoch 61: Train Loss: 0.3683, Train Acc: 85.86% | Val Loss: 0.5232, Val Acc: 79.09%
Training Epoch 62: 100%|██████████| 28/28 [00:05<00:00,  5.13it/s]
✓ New best model saved! Val Acc: 88.18%
Epoch 62: Train Loss: 0.3508, Train Acc: 87.57% | Val Loss: 0.3326, Val Acc: 88.18%
Training Epoch 63: 100%|██████████| 28/28 [00:05<00:00,  5.09it/s]
Epoch 63: Train Loss: 0.3239, Train Acc: 87.00% | Val Loss: 0.3718, Val Acc: 84.55%
Training Epoch 64: 100%|██████████| 28/28 [00:05<00:00,  5.06it/s]
✓ New best model saved! Val Acc: 88.64%
Epoch 64: Train Loss: 0.3552, Train Acc: 85.75% | Val Loss: 0.3271, Val Acc: 88.64%
Training Epoch 65: 100%|██████████| 28/28 [00:05<00:00,  5.00it/s]
Epoch 65: Train Loss: 0.3525, Train Acc: 87.00% | Val Loss: 0.3512, Val Acc: 88.64%
Training Epoch 66: 100%|██████████| 28/28 [00:05<00:00,  5.07it/s]
Epoch 66: Train Loss: 0.3509, Train Acc: 87.12% | Val Loss: 0.3534, Val Acc: 88.18%
Training Epoch 67: 100%|██████████| 28/28 [00:05<00:00,  5.14it/s]
Epoch 67: Train Loss: 0.3268, Train Acc: 87.12% | Val Loss: 0.4486, Val Acc: 82.73%
Training Epoch 68: 100%|██████████| 28/28 [00:05<00:00,  5.08it/s]
Epoch 68: Train Loss: 0.3294, Train Acc: 86.43% | Val Loss: 0.3171, Val Acc: 88.18%
Training Epoch 69: 100%|██████████| 28/28 [00:05<00:00,  5.13it/s]
Epoch 69: Train Loss: 0.3255, Train Acc: 87.23% | Val Loss: 0.3160, Val Acc: 87.73%
Training Epoch 70: 100%|██████████| 28/28 [00:05<00:00,  5.25it/s]
Epoch 70: Train Loss: 0.3107, Train Acc: 87.80% | Val Loss: 0.3294, Val Acc: 85.91%
Training Epoch 71: 100%|██████████| 28/28 [00:05<00:00,  5.04it/s]
Epoch 71: Train Loss: 0.3155, Train Acc: 88.83% | Val Loss: 0.3125, Val Acc: 88.64%
Training Epoch 72: 100%|██████████| 28/28 [00:05<00:00,  5.02it/s]
Epoch 72: Train Loss: 0.3023, Train Acc: 87.91% | Val Loss: 0.5329, Val Acc: 80.91%
Training Epoch 73: 100%|██████████| 28/28 [00:05<00:00,  5.02it/s]
Epoch 73: Train Loss: 0.3069, Train Acc: 87.46% | Val Loss: 0.3401, Val Acc: 88.18%
Training Epoch 74: 100%|██████████| 28/28 [00:05<00:00,  5.12it/s]
Epoch 74: Train Loss: 0.3260, Train Acc: 87.00% | Val Loss: 0.4936, Val Acc: 83.64%
Training Epoch 75: 100%|██████████| 28/28 [00:05<00:00,  5.08it/s]
Epoch 75: Train Loss: 0.3272, Train Acc: 87.91% | Val Loss: 0.3299, Val Acc: 87.27%
Training Epoch 76: 100%|██████████| 28/28 [00:05<00:00,  5.04it/s]
Epoch 76: Train Loss: 0.3142, Train Acc: 87.46% | Val Loss: 0.3219, Val Acc: 87.27%
Training Epoch 77: 100%|██████████| 28/28 [00:05<00:00,  5.04it/s]
Epoch 77: Train Loss: 0.2845, Train Acc: 88.71% | Val Loss: 0.2983, Val Acc: 88.64%
Training Epoch 78: 100%|██████████| 28/28 [00:05<00:00,  5.07it/s]
Epoch 78: Train Loss: 0.2977, Train Acc: 88.37% | Val Loss: 0.3062, Val Acc: 87.27%
Training Epoch 79: 100%|██████████| 28/28 [00:05<00:00,  5.08it/s]
Epoch 79: Train Loss: 0.3057, Train Acc: 88.26% | Val Loss: 0.3636, Val Acc: 88.18%
Training Epoch 80: 100%|██████████| 28/28 [00:05<00:00,  5.13it/s]
Epoch 80: Train Loss: 0.2991, Train Acc: 88.48% | Val Loss: 0.3159, Val Acc: 88.18%
Training Epoch 81: 100%|██████████| 28/28 [00:05<00:00,  4.89it/s]
Epoch 81: Train Loss: 0.2998, Train Acc: 88.14% | Val Loss: 0.4896, Val Acc: 81.36%
Training Epoch 82: 100%|██████████| 28/28 [00:05<00:00,  5.03it/s]
Epoch 82: Train Loss: 0.3040, Train Acc: 89.51% | Val Loss: 0.3406, Val Acc: 86.82%
Training Epoch 83: 100%|██████████| 28/28 [00:05<00:00,  4.88it/s]
✓ New best model saved! Val Acc: 90.00%
Epoch 83: Train Loss: 0.2900, Train Acc: 89.17% | Val Loss: 0.2917, Val Acc: 90.00%
Training Epoch 84: 100%|██████████| 28/28 [00:05<00:00,  5.09it/s]
Epoch 84: Train Loss: 0.2923, Train Acc: 88.94% | Val Loss: 0.3431, Val Acc: 88.18%
Training Epoch 85: 100%|██████████| 28/28 [00:05<00:00,  4.97it/s]
Epoch 85: Train Loss: 0.3001, Train Acc: 88.14% | Val Loss: 0.3076, Val Acc: 89.55%
Training Epoch 86: 100%|██████████| 28/28 [00:05<00:00,  5.08it/s]
Epoch 86: Train Loss: 0.2894, Train Acc: 88.94% | Val Loss: 0.3070, Val Acc: 88.64%
Training Epoch 87: 100%|██████████| 28/28 [00:05<00:00,  4.97it/s]
Epoch 87: Train Loss: 0.2864, Train Acc: 89.40% | Val Loss: 0.3436, Val Acc: 87.27%
Training Epoch 88: 100%|██████████| 28/28 [00:05<00:00,  5.12it/s]
Epoch 88: Train Loss: 0.2867, Train Acc: 88.14% | Val Loss: 0.4121, Val Acc: 84.09%
Training Epoch 89: 100%|██████████| 28/28 [00:05<00:00,  4.86it/s]
Epoch 89: Train Loss: 0.2783, Train Acc: 88.14% | Val Loss: 0.3133, Val Acc: 87.73%
Training Epoch 90: 100%|██████████| 28/28 [00:05<00:00,  4.87it/s]
Epoch 90: Train Loss: 0.2570, Train Acc: 89.85% | Val Loss: 0.4796, Val Acc: 83.64%
Training Epoch 91: 100%|██████████| 28/28 [00:05<00:00,  4.91it/s]
Epoch 91: Train Loss: 0.2644, Train Acc: 89.05% | Val Loss: 0.3260, Val Acc: 89.09%
Training Epoch 92: 100%|██████████| 28/28 [00:05<00:00,  4.86it/s]
Epoch 92: Train Loss: 0.2752, Train Acc: 88.94% | Val Loss: 0.2851, Val Acc: 89.55%
Training Epoch 93: 100%|██████████| 28/28 [00:05<00:00,  5.07it/s]
✓ New best model saved! Val Acc: 90.91%
Epoch 93: Train Loss: 0.2380, Train Acc: 90.65% | Val Loss: 0.2815, Val Acc: 90.91%
Training Epoch 94: 100%|██████████| 28/28 [00:05<00:00,  4.95it/s]
Epoch 94: Train Loss: 0.2337, Train Acc: 90.99% | Val Loss: 0.3422, Val Acc: 84.09%
Training Epoch 95: 100%|██████████| 28/28 [00:05<00:00,  5.04it/s]
Epoch 95: Train Loss: 0.2610, Train Acc: 88.94% | Val Loss: 0.3113, Val Acc: 89.09%
Training Epoch 96: 100%|██████████| 28/28 [00:05<00:00,  5.09it/s]
Epoch 96: Train Loss: 0.2376, Train Acc: 90.54% | Val Loss: 0.4449, Val Acc: 82.73%
Training Epoch 97: 100%|██████████| 28/28 [00:05<00:00,  5.10it/s]
Epoch 97: Train Loss: 0.2426, Train Acc: 90.31% | Val Loss: 0.2925, Val Acc: 89.09%
Training Epoch 98: 100%|██████████| 28/28 [00:05<00:00,  5.14it/s]
Epoch 98: Train Loss: 0.2392, Train Acc: 91.56% | Val Loss: 0.3277, Val Acc: 86.82%
Training Epoch 99: 100%|██████████| 28/28 [00:05<00:00,  5.23it/s]
Epoch 99: Train Loss: 0.2639, Train Acc: 90.31% | Val Loss: 0.4321, Val Acc: 85.00%
Training Epoch 100: 100%|██████████| 28/28 [00:05<00:00,  5.18it/s]
Epoch 100: Train Loss: 0.2383, Train Acc: 91.56% | Val Loss: 0.4305, Val Acc: 79.09%

Training completed!
Best model saved at epoch 93 with validation accuracy: 90.91%
Evaluating model...
Testing: 100%|██████████| 7/7 [00:02<00:00,  3.09it/s]

Test Results:
Accuracy:  79.09%
Precision: 85.55%
Recall:    79.09%
F1-Score:  79.77%
AUC:       96.88%
Model saved as 'base_ccal.pth'
