Loading dataset...
Creating CCAL model...
Model Parameters: 631,203
Trainable Parameters: 631,203
Starting training...
Epoch 1/50 [Train]:  68%|██████▊   | 15/22 [00:05<00:02,  3.16it/s, Loss=1.0499, Acc=53.12%]
torch.Size([32, 256])
torch.Size([32, 32])
torch.Size([32, 256])
torch.Size([32, 32])
torch.Size([32, 256])
torch.Size([32, 32])
torch.Size([32, 256])
torch.Size([32, 32])
torch.Size([32, 256])
torch.Size([32, 32])
torch.Size([32, 256])
torch.Size([32, 32])
torch.Size([32, 256])
torch.Size([32, 32])
torch.Size([32, 256])
torch.Size([32, 32])
torch.Size([32, 256])
torch.Size([32, 32])
torch.Size([32, 256])
torch.Size([32, 32])
torch.Size([32, 256])
torch.Size([32, 32])
torch.Size([32, 256])
torch.Size([32, 32])
torch.Size([32, 256])
torch.Size([32, 32])
torch.Size([32, 256])
torch.Size([32, 32])
torch.Size([32, 256])
torch.Size([32, 32])
torch.Size([32, 256])
torch.Size([32, 32])
torch.Size([32, 256])
torch.Size([32, 32])
torch.Size([32, 256])
torch.Size([32, 32])
torch.Size([32, 256])
torch.Size([32, 32])
torch.Size([32, 256])
torch.Size([32, 32])
torch.Size([32, 256])
torch.Size([32, 32])
torch.Size([30, 256])
torch.Size([30, 32])
torch.Size([32, 256])
torch.Size([32, 32])
torch.Size([32, 256])
torch.Size([32, 32])
torch.Size([32, 256])
torch.Size([32, 32])
torch.Size([32, 256])
torch.Size([32, 32])
torch.Size([32, 256])
torch.Size([32, 32])
torch.Size([15, 256])
torch.Size([15, 32])
Epoch [1/50] - Train Loss: 0.9749, Train Acc: 57.26%, Val Loss: 1.0195, Val Acc: 80.57%
Epoch 2/50 [Train]:  68%|██████▊   | 15/22 [00:04<00:01,  4.28it/s, Loss=0.5417, Acc=80.62%]
torch.Size([32, 256])
torch.Size([32, 32])
torch.Size([32, 256])
torch.Size([32, 32])
torch.Size([32, 256])
torch.Size([32, 32])
torch.Size([32, 256])
torch.Size([32, 32])
torch.Size([32, 256])
torch.Size([32, 32])
torch.Size([32, 256])
torch.Size([32, 32])
torch.Size([32, 256])
torch.Size([32, 32])
torch.Size([32, 256])
torch.Size([32, 32])
torch.Size([32, 256])
torch.Size([32, 32])
torch.Size([32, 256])
torch.Size([32, 32])
torch.Size([32, 256])
torch.Size([32, 32])
torch.Size([32, 256])
torch.Size([32, 32])
torch.Size([32, 256])
torch.Size([32, 32])
torch.Size([32, 256])
torch.Size([32, 32])
torch.Size([32, 256])
torch.Size([32, 32])
torch.Size([32, 256])
torch.Size([32, 32])
torch.Size([32, 256])
torch.Size([32, 32])
torch.Size([32, 256])
torch.Size([32, 32])
torch.Size([32, 256])
torch.Size([32, 32])
torch.Size([32, 256])
torch.Size([32, 32])
torch.Size([32, 256])
torch.Size([32, 32])
torch.Size([30, 256])
torch.Size([30, 32])
torch.Size([32, 256])
torch.Size([32, 32])
torch.Size([32, 256])
torch.Size([32, 32])
torch.Size([32, 256])
torch.Size([32, 32])
torch.Size([32, 256])
torch.Size([32, 32])
torch.Size([32, 256])
torch.Size([32, 32])
torch.Size([15, 256])
torch.Size([15, 32])
Epoch [2/50] - Train Loss: 0.4909, Train Acc: 82.76%, Val Loss: 0.8196, Val Acc: 56.57%
Epoch 3/50 [Train]:  68%|██████▊   | 15/22 [00:04<00:01,  4.15it/s, Loss=0.2917, Acc=90.00%]
torch.Size([32, 256])
torch.Size([32, 32])
torch.Size([32, 256])
torch.Size([32, 32])
torch.Size([32, 256])
torch.Size([32, 32])
torch.Size([32, 256])
torch.Size([32, 32])
torch.Size([32, 256])
torch.Size([32, 32])
torch.Size([32, 256])
torch.Size([32, 32])
torch.Size([32, 256])
torch.Size([32, 32])
torch.Size([32, 256])
torch.Size([32, 32])
torch.Size([32, 256])
torch.Size([32, 32])
torch.Size([32, 256])
torch.Size([32, 32])
torch.Size([32, 256])
torch.Size([32, 32])
torch.Size([32, 256])
torch.Size([32, 32])
torch.Size([32, 256])
torch.Size([32, 32])
torch.Size([32, 256])
torch.Size([32, 32])
torch.Size([32, 256])
torch.Size([32, 32])
torch.Size([32, 256])
torch.Size([32, 32])
torch.Size([32, 256])
torch.Size([32, 32])
torch.Size([32, 256])
torch.Size([32, 32])
torch.Size([32, 256])
torch.Size([32, 32])
torch.Size([32, 256])
torch.Size([32, 32])
torch.Size([32, 256])
torch.Size([32, 32])
torch.Size([30, 256])
torch.Size([30, 32])
torch.Size([32, 256])
torch.Size([32, 32])
torch.Size([32, 256])
torch.Size([32, 32])
torch.Size([32, 256])
torch.Size([32, 32])
torch.Size([32, 256])
torch.Size([32, 32])
torch.Size([32, 256])
torch.Size([32, 32])
torch.Size([15, 256])
torch.Size([15, 32])
Epoch [3/50] - Train Loss: 0.2653, Train Acc: 91.31%, Val Loss: 1.0105, Val Acc: 57.14%
Epoch 4/50 [Train]:  68%|██████▊   | 15/22 [00:04<00:01,  4.44it/s, Loss=0.4345, Acc=86.04%]
torch.Size([32, 256])
torch.Size([32, 32])
torch.Size([32, 256])
torch.Size([32, 32])
torch.Size([32, 256])
torch.Size([32, 32])
torch.Size([32, 256])
torch.Size([32, 32])
torch.Size([32, 256])
torch.Size([32, 32])
torch.Size([32, 256])
torch.Size([32, 32])
torch.Size([32, 256])
torch.Size([32, 32])
torch.Size([32, 256])
torch.Size([32, 32])
torch.Size([32, 256])
torch.Size([32, 32])
torch.Size([32, 256])
torch.Size([32, 32])
torch.Size([32, 256])
torch.Size([32, 32])
torch.Size([32, 256])
torch.Size([32, 32])
torch.Size([32, 256])
torch.Size([32, 32])
torch.Size([32, 256])
torch.Size([32, 32])
torch.Size([32, 256])
torch.Size([32, 32])
torch.Size([32, 256])
torch.Size([32, 32])
torch.Size([32, 256])
torch.Size([32, 32])
torch.Size([32, 256])
torch.Size([32, 32])
torch.Size([32, 256])
torch.Size([32, 32])
torch.Size([32, 256])
torch.Size([32, 32])
torch.Size([32, 256])
torch.Size([32, 32])
torch.Size([30, 256])
torch.Size([30, 32])
torch.Size([32, 256])
torch.Size([32, 32])
torch.Size([32, 256])
torch.Size([32, 32])
torch.Size([32, 256])
torch.Size([32, 32])
torch.Size([32, 256])
torch.Size([32, 32])
torch.Size([32, 256])
torch.Size([32, 32])
torch.Size([15, 256])
torch.Size([15, 32])
Epoch [4/50] - Train Loss: 0.3869, Train Acc: 87.32%, Val Loss: 1.2861, Val Acc: 57.14%
Epoch 5/50 [Train]:  68%|██████▊   | 15/22 [00:04<00:01,  4.38it/s, Loss=0.1986, Acc=93.96%]
torch.Size([32, 256])
torch.Size([32, 32])
torch.Size([32, 256])
torch.Size([32, 32])
torch.Size([32, 256])
torch.Size([32, 32])
torch.Size([32, 256])
torch.Size([32, 32])
torch.Size([32, 256])
torch.Size([32, 32])
torch.Size([32, 256])
torch.Size([32, 32])
torch.Size([32, 256])
torch.Size([32, 32])
torch.Size([32, 256])
torch.Size([32, 32])
torch.Size([32, 256])
torch.Size([32, 32])
torch.Size([32, 256])
torch.Size([32, 32])
torch.Size([32, 256])
torch.Size([32, 32])
torch.Size([32, 256])
torch.Size([32, 32])
torch.Size([32, 256])
torch.Size([32, 32])
torch.Size([32, 256])
torch.Size([32, 32])
torch.Size([32, 256])
torch.Size([32, 32])
torch.Size([32, 256])
torch.Size([32, 32])
torch.Size([32, 256])
torch.Size([32, 32])
torch.Size([32, 256])
torch.Size([32, 32])
torch.Size([32, 256])
torch.Size([32, 32])
torch.Size([32, 256])
torch.Size([32, 32])
torch.Size([32, 256])
torch.Size([32, 32])
torch.Size([30, 256])
torch.Size([30, 32])
torch.Size([32, 256])
torch.Size([32, 32])
torch.Size([32, 256])
torch.Size([32, 32])
torch.Size([32, 256])
torch.Size([32, 32])
torch.Size([32, 256])
torch.Size([32, 32])
torch.Size([32, 256])
torch.Size([32, 32])
torch.Size([15, 256])
torch.Size([15, 32])
Epoch [5/50] - Train Loss: 0.1979, Train Acc: 93.45%, Val Loss: 0.5816, Val Acc: 73.71%
Epoch 6/50 [Train]:  64%|██████▎   | 14/22 [00:04<00:02,  3.58it/s, Loss=0.1334, Acc=96.04%]
torch.Size([32, 256])
torch.Size([32, 32])
torch.Size([32, 256])
torch.Size([32, 32])
torch.Size([32, 256])
torch.Size([32, 32])
torch.Size([32, 256])
torch.Size([32, 32])
torch.Size([32, 256])
torch.Size([32, 32])
torch.Size([32, 256])
torch.Size([32, 32])
torch.Size([32, 256])
torch.Size([32, 32])
torch.Size([32, 256])
torch.Size([32, 32])
torch.Size([32, 256])
torch.Size([32, 32])
torch.Size([32, 256])
torch.Size([32, 32])
torch.Size([32, 256])
torch.Size([32, 32])
torch.Size([32, 256])
torch.Size([32, 32])
torch.Size([32, 256])
torch.Size([32, 32])
torch.Size([32, 256])
torch.Size([32, 32])
torch.Size([32, 256])
torch.Size([32, 32])
torch.Size([32, 256])
torch.Size([32, 32])
torch.Size([32, 256])
torch.Size([32, 32])
torch.Size([32, 256])
torch.Size([32, 32])
torch.Size([32, 256])
torch.Size([32, 32])
torch.Size([32, 256])
torch.Size([32, 32])
torch.Size([32, 256])
torch.Size([32, 32])
torch.Size([30, 256])
torch.Size([30, 32])
torch.Size([32, 256])
torch.Size([32, 32])
torch.Size([32, 256])
torch.Size([32, 32])
torch.Size([32, 256])
torch.Size([32, 32])
torch.Size([32, 256])
torch.Size([32, 32])
torch.Size([32, 256])
torch.Size([32, 32])
torch.Size([15, 256])
torch.Size([15, 32])
Epoch [6/50] - Train Loss: 0.1386, Train Acc: 95.73%, Val Loss: 0.1909, Val Acc: 92.57%
Epoch 7/50 [Train]:  68%|██████▊   | 15/22 [00:04<00:01,  4.29it/s, Loss=0.1009, Acc=96.46%]
torch.Size([32, 256])
torch.Size([32, 32])
torch.Size([32, 256])
torch.Size([32, 32])
torch.Size([32, 256])
torch.Size([32, 32])
torch.Size([32, 256])
torch.Size([32, 32])
torch.Size([32, 256])
torch.Size([32, 32])
torch.Size([32, 256])
torch.Size([32, 32])
torch.Size([32, 256])
torch.Size([32, 32])
torch.Size([32, 256])
torch.Size([32, 32])
torch.Size([32, 256])
torch.Size([32, 32])
torch.Size([32, 256])
torch.Size([32, 32])
torch.Size([32, 256])
torch.Size([32, 32])
torch.Size([32, 256])
torch.Size([32, 32])
torch.Size([32, 256])
torch.Size([32, 32])
torch.Size([32, 256])
torch.Size([32, 32])
torch.Size([32, 256])
torch.Size([32, 32])
torch.Size([32, 256])
torch.Size([32, 32])
torch.Size([32, 256])
torch.Size([32, 32])
torch.Size([32, 256])
torch.Size([32, 32])
torch.Size([32, 256])
torch.Size([32, 32])
torch.Size([32, 256])
torch.Size([32, 32])
torch.Size([32, 256])
torch.Size([32, 32])
torch.Size([30, 256])
torch.Size([30, 32])
torch.Size([32, 256])
torch.Size([32, 32])
torch.Size([32, 256])
torch.Size([32, 32])
torch.Size([32, 256])
torch.Size([32, 32])
torch.Size([32, 256])
torch.Size([32, 32])
torch.Size([32, 256])
torch.Size([32, 32])
torch.Size([15, 256])
torch.Size([15, 32])
Epoch [7/50] - Train Loss: 0.0929, Train Acc: 97.15%, Val Loss: 0.0764, Val Acc: 97.14%
Epoch 8/50 [Train]:  68%|██████▊   | 15/22 [00:04<00:01,  4.21it/s, Loss=0.1029, Acc=96.46%]
torch.Size([32, 256])
torch.Size([32, 32])
torch.Size([32, 256])
torch.Size([32, 32])
torch.Size([32, 256])
torch.Size([32, 32])
torch.Size([32, 256])
torch.Size([32, 32])
torch.Size([32, 256])
torch.Size([32, 32])
torch.Size([32, 256])
torch.Size([32, 32])
torch.Size([32, 256])
torch.Size([32, 32])
torch.Size([32, 256])
torch.Size([32, 32])
torch.Size([32, 256])
torch.Size([32, 32])
torch.Size([32, 256])
torch.Size([32, 32])
torch.Size([32, 256])
torch.Size([32, 32])
torch.Size([32, 256])
torch.Size([32, 32])
torch.Size([32, 256])
torch.Size([32, 32])
torch.Size([32, 256])
torch.Size([32, 32])
torch.Size([32, 256])
torch.Size([32, 32])
torch.Size([32, 256])
torch.Size([32, 32])
torch.Size([32, 256])
torch.Size([32, 32])
torch.Size([32, 256])
torch.Size([32, 32])
torch.Size([32, 256])
torch.Size([32, 32])
torch.Size([32, 256])
torch.Size([32, 32])
torch.Size([32, 256])
torch.Size([32, 32])
torch.Size([30, 256])
torch.Size([30, 32])
torch.Size([32, 256])
torch.Size([32, 32])
torch.Size([32, 256])
torch.Size([32, 32])
torch.Size([32, 256])
torch.Size([32, 32])
torch.Size([32, 256])
torch.Size([32, 32])
torch.Size([32, 256])
torch.Size([32, 32])
torch.Size([15, 256])
torch.Size([15, 32])
Epoch [8/50] - Train Loss: 0.1041, Train Acc: 96.58%, Val Loss: 0.4928, Val Acc: 84.57%
Epoch 9/50 [Train]:  68%|██████▊   | 15/22 [00:04<00:01,  4.36it/s, Loss=0.0590, Acc=97.71%]
torch.Size([32, 256])
torch.Size([32, 32])
torch.Size([32, 256])
torch.Size([32, 32])
torch.Size([32, 256])
torch.Size([32, 32])
torch.Size([32, 256])
torch.Size([32, 32])
torch.Size([32, 256])
torch.Size([32, 32])
torch.Size([32, 256])
torch.Size([32, 32])
torch.Size([32, 256])
torch.Size([32, 32])
torch.Size([32, 256])
torch.Size([32, 32])
torch.Size([32, 256])
torch.Size([32, 32])
torch.Size([32, 256])
torch.Size([32, 32])
torch.Size([32, 256])
torch.Size([32, 32])
torch.Size([32, 256])
torch.Size([32, 32])
torch.Size([32, 256])
torch.Size([32, 32])
torch.Size([32, 256])
torch.Size([32, 32])
torch.Size([32, 256])
torch.Size([32, 32])
torch.Size([32, 256])
torch.Size([32, 32])
torch.Size([32, 256])
torch.Size([32, 32])
torch.Size([32, 256])
torch.Size([32, 32])
torch.Size([32, 256])
torch.Size([32, 32])
torch.Size([32, 256])
torch.Size([32, 32])
torch.Size([32, 256])
torch.Size([32, 32])
torch.Size([30, 256])
torch.Size([30, 32])
torch.Size([32, 256])
torch.Size([32, 32])
torch.Size([32, 256])
torch.Size([32, 32])
torch.Size([32, 256])
torch.Size([32, 32])
torch.Size([32, 256])
torch.Size([32, 32])
torch.Size([32, 256])
torch.Size([32, 32])
torch.Size([15, 256])
torch.Size([15, 32])
Epoch [9/50] - Train Loss: 0.0509, Train Acc: 98.15%, Val Loss: 0.2755, Val Acc: 90.86%
Epoch 10/50 [Train]:  68%|██████▊   | 15/22 [00:04<00:01,  4.27it/s, Loss=0.0644, Acc=98.54%]
torch.Size([32, 256])
torch.Size([32, 32])
torch.Size([32, 256])
torch.Size([32, 32])
torch.Size([32, 256])
torch.Size([32, 32])
torch.Size([32, 256])
torch.Size([32, 32])
torch.Size([32, 256])
torch.Size([32, 32])
torch.Size([32, 256])
torch.Size([32, 32])
torch.Size([32, 256])
torch.Size([32, 32])
torch.Size([32, 256])
torch.Size([32, 32])
torch.Size([32, 256])
torch.Size([32, 32])
torch.Size([32, 256])
torch.Size([32, 32])
torch.Size([32, 256])
torch.Size([32, 32])
torch.Size([32, 256])
torch.Size([32, 32])
torch.Size([32, 256])
torch.Size([32, 32])
torch.Size([32, 256])
torch.Size([32, 32])
torch.Size([32, 256])
torch.Size([32, 32])
torch.Size([32, 256])
torch.Size([32, 32])
torch.Size([32, 256])
torch.Size([32, 32])
torch.Size([32, 256])
torch.Size([32, 32])
torch.Size([32, 256])
torch.Size([32, 32])
torch.Size([32, 256])
torch.Size([32, 32])
torch.Size([32, 256])
torch.Size([32, 32])
torch.Size([30, 256])
torch.Size([30, 32])
torch.Size([32, 256])
torch.Size([32, 32])
torch.Size([32, 256])
torch.Size([32, 32])
torch.Size([32, 256])
torch.Size([32, 32])
torch.Size([32, 256])
torch.Size([32, 32])
torch.Size([32, 256])
torch.Size([32, 32])
torch.Size([15, 256])
torch.Size([15, 32])
Epoch [10/50] - Train Loss: 0.0625, Train Acc: 98.58%, Val Loss: 1.7280, Val Acc: 57.14%
Epoch 11/50 [Train]:  68%|██████▊   | 15/22 [00:05<00:01,  4.25it/s, Loss=0.0631, Acc=97.71%]
torch.Size([32, 256])
torch.Size([32, 32])
torch.Size([32, 256])
torch.Size([32, 32])
torch.Size([32, 256])
torch.Size([32, 32])
torch.Size([32, 256])
torch.Size([32, 32])
torch.Size([32, 256])
torch.Size([32, 32])
torch.Size([32, 256])
torch.Size([32, 32])
torch.Size([32, 256])
torch.Size([32, 32])
torch.Size([32, 256])
torch.Size([32, 32])
torch.Size([32, 256])
torch.Size([32, 32])
torch.Size([32, 256])
torch.Size([32, 32])
torch.Size([32, 256])
torch.Size([32, 32])
torch.Size([32, 256])
torch.Size([32, 32])
torch.Size([32, 256])
torch.Size([32, 32])
torch.Size([32, 256])
torch.Size([32, 32])
torch.Size([32, 256])
torch.Size([32, 32])
torch.Size([32, 256])
torch.Size([32, 32])
torch.Size([32, 256])
torch.Size([32, 32])
torch.Size([32, 256])
torch.Size([32, 32])
torch.Size([32, 256])
torch.Size([32, 32])
torch.Size([32, 256])
torch.Size([32, 32])
torch.Size([32, 256])
torch.Size([32, 32])
torch.Size([30, 256])
torch.Size([30, 32])
torch.Size([32, 256])
torch.Size([32, 32])
torch.Size([32, 256])
torch.Size([32, 32])
torch.Size([32, 256])
torch.Size([32, 32])
torch.Size([32, 256])
torch.Size([32, 32])
torch.Size([32, 256])
torch.Size([32, 32])
torch.Size([15, 256])
torch.Size([15, 32])
Epoch [11/50] - Train Loss: 0.0685, Train Acc: 98.29%, Val Loss: 0.6408, Val Acc: 87.43%
Epoch 12/50 [Train]:  68%|██████▊   | 15/22 [00:04<00:01,  3.98it/s, Loss=0.0339, Acc=99.17%]
torch.Size([32, 256])
torch.Size([32, 32])
torch.Size([32, 256])
torch.Size([32, 32])
torch.Size([32, 256])
torch.Size([32, 32])
torch.Size([32, 256])
torch.Size([32, 32])
torch.Size([32, 256])
torch.Size([32, 32])
torch.Size([32, 256])
torch.Size([32, 32])
torch.Size([32, 256])
torch.Size([32, 32])
torch.Size([32, 256])
torch.Size([32, 32])
torch.Size([32, 256])
torch.Size([32, 32])
torch.Size([32, 256])
torch.Size([32, 32])
torch.Size([32, 256])
torch.Size([32, 32])
torch.Size([32, 256])
torch.Size([32, 32])
torch.Size([32, 256])
torch.Size([32, 32])
torch.Size([32, 256])
torch.Size([32, 32])
torch.Size([32, 256])
torch.Size([32, 32])
torch.Size([32, 256])
torch.Size([32, 32])
torch.Size([32, 256])
torch.Size([32, 32])
torch.Size([32, 256])
torch.Size([32, 32])
torch.Size([32, 256])
torch.Size([32, 32])
torch.Size([32, 256])
torch.Size([32, 32])
torch.Size([32, 256])
torch.Size([32, 32])
torch.Size([30, 256])
torch.Size([30, 32])
torch.Size([32, 256])
torch.Size([32, 32])
torch.Size([32, 256])
torch.Size([32, 32])
torch.Size([32, 256])
torch.Size([32, 32])
torch.Size([32, 256])
torch.Size([32, 32])
torch.Size([32, 256])
torch.Size([32, 32])
torch.Size([15, 256])
torch.Size([15, 32])
Epoch [12/50] - Train Loss: 0.0328, Train Acc: 99.29%, Val Loss: 0.0858, Val Acc: 97.71%
Epoch 13/50 [Train]:  68%|██████▊   | 15/22 [00:04<00:01,  4.36it/s, Loss=0.0157, Acc=99.79%] 
torch.Size([32, 256])
torch.Size([32, 32])
torch.Size([32, 256])
torch.Size([32, 32])
torch.Size([32, 256])
torch.Size([32, 32])
torch.Size([32, 256])
torch.Size([32, 32])
torch.Size([32, 256])
torch.Size([32, 32])
torch.Size([32, 256])
torch.Size([32, 32])
torch.Size([32, 256])
torch.Size([32, 32])
torch.Size([32, 256])
torch.Size([32, 32])
torch.Size([32, 256])
torch.Size([32, 32])
torch.Size([32, 256])
torch.Size([32, 32])
torch.Size([32, 256])
torch.Size([32, 32])
torch.Size([32, 256])
torch.Size([32, 32])
torch.Size([32, 256])
torch.Size([32, 32])
torch.Size([32, 256])
torch.Size([32, 32])
torch.Size([32, 256])
torch.Size([32, 32])
torch.Size([32, 256])
torch.Size([32, 32])
torch.Size([32, 256])
torch.Size([32, 32])
torch.Size([32, 256])
torch.Size([32, 32])
torch.Size([32, 256])
torch.Size([32, 32])
torch.Size([32, 256])
torch.Size([32, 32])
torch.Size([32, 256])
torch.Size([32, 32])
torch.Size([30, 256])
torch.Size([30, 32])
torch.Size([32, 256])
torch.Size([32, 32])
torch.Size([32, 256])
torch.Size([32, 32])
torch.Size([32, 256])
torch.Size([32, 32])
torch.Size([32, 256])
torch.Size([32, 32])
torch.Size([32, 256])
torch.Size([32, 32])
torch.Size([15, 256])
torch.Size([15, 32])
Epoch [13/50] - Train Loss: 0.0403, Train Acc: 99.00%, Val Loss: 0.5877, Val Acc: 71.43%
Epoch 14/50 [Train]:  64%|██████▎   | 14/22 [00:04<00:02,  3.06it/s, Loss=0.0308, Acc=99.17%]
torch.Size([32, 256])
torch.Size([32, 32])
torch.Size([32, 256])
torch.Size([32, 32])
torch.Size([32, 256])
torch.Size([32, 32])
torch.Size([32, 256])
torch.Size([32, 32])
torch.Size([32, 256])
torch.Size([32, 32])
torch.Size([32, 256])
torch.Size([32, 32])
torch.Size([32, 256])
torch.Size([32, 32])
torch.Size([32, 256])
torch.Size([32, 32])
torch.Size([32, 256])
torch.Size([32, 32])
torch.Size([32, 256])
torch.Size([32, 32])
torch.Size([32, 256])
torch.Size([32, 32])
torch.Size([32, 256])
torch.Size([32, 32])
torch.Size([32, 256])
torch.Size([32, 32])
torch.Size([32, 256])
torch.Size([32, 32])
torch.Size([32, 256])
torch.Size([32, 32])
torch.Size([32, 256])
torch.Size([32, 32])
torch.Size([32, 256])
torch.Size([32, 32])
torch.Size([32, 256])
torch.Size([32, 32])
torch.Size([32, 256])
torch.Size([32, 32])
torch.Size([32, 256])
torch.Size([32, 32])
torch.Size([32, 256])
torch.Size([32, 32])
torch.Size([30, 256])
torch.Size([30, 32])
torch.Size([32, 256])
torch.Size([32, 32])
torch.Size([32, 256])
torch.Size([32, 32])
torch.Size([32, 256])
torch.Size([32, 32])
torch.Size([32, 256])
torch.Size([32, 32])
torch.Size([32, 256])
torch.Size([32, 32])
torch.Size([15, 256])
torch.Size([15, 32])
Epoch [14/50] - Train Loss: 0.0306, Train Acc: 99.29%, Val Loss: 0.0617, Val Acc: 98.86%
Epoch 15/50 [Train]:  68%|██████▊   | 15/22 [00:04<00:01,  4.25it/s, Loss=0.0303, Acc=99.38%]
torch.Size([32, 256])
torch.Size([32, 32])
torch.Size([32, 256])
torch.Size([32, 32])
torch.Size([32, 256])
torch.Size([32, 32])
torch.Size([32, 256])
torch.Size([32, 32])
torch.Size([32, 256])
torch.Size([32, 32])
torch.Size([32, 256])
torch.Size([32, 32])
torch.Size([32, 256])
torch.Size([32, 32])
torch.Size([32, 256])
torch.Size([32, 32])
torch.Size([32, 256])
torch.Size([32, 32])
torch.Size([32, 256])
torch.Size([32, 32])
torch.Size([32, 256])
torch.Size([32, 32])
torch.Size([32, 256])
torch.Size([32, 32])
torch.Size([32, 256])
torch.Size([32, 32])
torch.Size([32, 256])
torch.Size([32, 32])
torch.Size([32, 256])
torch.Size([32, 32])
torch.Size([32, 256])
torch.Size([32, 32])
torch.Size([32, 256])
torch.Size([32, 32])
torch.Size([32, 256])
torch.Size([32, 32])
torch.Size([32, 256])
torch.Size([32, 32])
torch.Size([32, 256])
torch.Size([32, 32])
torch.Size([32, 256])
torch.Size([32, 32])
torch.Size([30, 256])
torch.Size([30, 32])
torch.Size([32, 256])
torch.Size([32, 32])
torch.Size([32, 256])
torch.Size([32, 32])
torch.Size([32, 256])
torch.Size([32, 32])
torch.Size([32, 256])
torch.Size([32, 32])
torch.Size([32, 256])
torch.Size([32, 32])
torch.Size([15, 256])
torch.Size([15, 32])
Epoch [15/50] - Train Loss: 0.0251, Train Acc: 99.57%, Val Loss: 0.0878, Val Acc: 98.29%
Epoch 16/50 [Train]:  68%|██████▊   | 15/22 [00:04<00:01,  4.13it/s, Loss=0.0095, Acc=99.79%] 
torch.Size([32, 256])
torch.Size([32, 32])
torch.Size([32, 256])
torch.Size([32, 32])
torch.Size([32, 256])
torch.Size([32, 32])
torch.Size([32, 256])
torch.Size([32, 32])
torch.Size([32, 256])
torch.Size([32, 32])
torch.Size([32, 256])
torch.Size([32, 32])
torch.Size([32, 256])
torch.Size([32, 32])
torch.Size([32, 256])
torch.Size([32, 32])
torch.Size([32, 256])
torch.Size([32, 32])
torch.Size([32, 256])
torch.Size([32, 32])
torch.Size([32, 256])
torch.Size([32, 32])
torch.Size([32, 256])
torch.Size([32, 32])
torch.Size([32, 256])
torch.Size([32, 32])
torch.Size([32, 256])
torch.Size([32, 32])
torch.Size([32, 256])
torch.Size([32, 32])
torch.Size([32, 256])
torch.Size([32, 32])
torch.Size([32, 256])
torch.Size([32, 32])
torch.Size([32, 256])
torch.Size([32, 32])
torch.Size([32, 256])
torch.Size([32, 32])
torch.Size([32, 256])
torch.Size([32, 32])
torch.Size([32, 256])
torch.Size([32, 32])
torch.Size([30, 256])
torch.Size([30, 32])
torch.Size([32, 256])
torch.Size([32, 32])
torch.Size([32, 256])
torch.Size([32, 32])
torch.Size([32, 256])
torch.Size([32, 32])
torch.Size([32, 256])
torch.Size([32, 32])
torch.Size([32, 256])
torch.Size([32, 32])
torch.Size([15, 256])
torch.Size([15, 32])
Epoch [16/50] - Train Loss: 0.0191, Train Acc: 99.43%, Val Loss: 7.0158, Val Acc: 45.71%
Epoch 17/50 [Train]:  68%|██████▊   | 15/22 [00:04<00:01,  4.00it/s, Loss=0.0738, Acc=97.50%]
torch.Size([32, 256])
torch.Size([32, 32])
torch.Size([32, 256])
torch.Size([32, 32])
torch.Size([32, 256])
torch.Size([32, 32])
torch.Size([32, 256])
torch.Size([32, 32])
torch.Size([32, 256])
torch.Size([32, 32])
torch.Size([32, 256])
torch.Size([32, 32])
torch.Size([32, 256])
torch.Size([32, 32])
torch.Size([32, 256])
torch.Size([32, 32])
torch.Size([32, 256])
torch.Size([32, 32])
torch.Size([32, 256])
torch.Size([32, 32])
torch.Size([32, 256])
torch.Size([32, 32])
torch.Size([32, 256])
torch.Size([32, 32])
torch.Size([32, 256])
torch.Size([32, 32])
torch.Size([32, 256])
torch.Size([32, 32])
torch.Size([32, 256])
torch.Size([32, 32])
torch.Size([32, 256])
torch.Size([32, 32])
torch.Size([32, 256])
torch.Size([32, 32])
torch.Size([32, 256])
torch.Size([32, 32])
torch.Size([32, 256])
torch.Size([32, 32])
torch.Size([32, 256])
torch.Size([32, 32])
torch.Size([32, 256])
torch.Size([32, 32])
torch.Size([30, 256])
torch.Size([30, 32])
torch.Size([32, 256])
torch.Size([32, 32])
torch.Size([32, 256])
torch.Size([32, 32])
torch.Size([32, 256])
torch.Size([32, 32])
torch.Size([32, 256])
torch.Size([32, 32])
torch.Size([32, 256])
torch.Size([32, 32])
torch.Size([15, 256])
torch.Size([15, 32])
Epoch [17/50] - Train Loss: 0.0622, Train Acc: 97.86%, Val Loss: 0.1773, Val Acc: 96.00%
Epoch 18/50 [Train]:  68%|██████▊   | 15/22 [00:04<00:01,  4.44it/s, Loss=0.0324, Acc=98.96%]
torch.Size([32, 256])
torch.Size([32, 32])
torch.Size([32, 256])
torch.Size([32, 32])
torch.Size([32, 256])
torch.Size([32, 32])
torch.Size([32, 256])
torch.Size([32, 32])
torch.Size([32, 256])
torch.Size([32, 32])
torch.Size([32, 256])
torch.Size([32, 32])
torch.Size([32, 256])
torch.Size([32, 32])
torch.Size([32, 256])
torch.Size([32, 32])
torch.Size([32, 256])
torch.Size([32, 32])
torch.Size([32, 256])
torch.Size([32, 32])
torch.Size([32, 256])
torch.Size([32, 32])
torch.Size([32, 256])
torch.Size([32, 32])
torch.Size([32, 256])
torch.Size([32, 32])
torch.Size([32, 256])
torch.Size([32, 32])
torch.Size([32, 256])
torch.Size([32, 32])
torch.Size([32, 256])
torch.Size([32, 32])
torch.Size([32, 256])
torch.Size([32, 32])
torch.Size([32, 256])
torch.Size([32, 32])
torch.Size([32, 256])
torch.Size([32, 32])
torch.Size([32, 256])
torch.Size([32, 32])
torch.Size([32, 256])
torch.Size([32, 32])
torch.Size([30, 256])
torch.Size([30, 32])
torch.Size([32, 256])
torch.Size([32, 32])
torch.Size([32, 256])
torch.Size([32, 32])
torch.Size([32, 256])
torch.Size([32, 32])
torch.Size([32, 256])
torch.Size([32, 32])
torch.Size([32, 256])
torch.Size([32, 32])
torch.Size([15, 256])
torch.Size([15, 32])
Epoch [18/50] - Train Loss: 0.0336, Train Acc: 98.86%, Val Loss: 0.4290, Val Acc: 89.14%
Epoch 19/50 [Train]:  68%|██████▊   | 15/22 [00:04<00:01,  4.44it/s, Loss=0.0218, Acc=99.58%]
torch.Size([32, 256])
torch.Size([32, 32])
torch.Size([32, 256])
torch.Size([32, 32])
torch.Size([32, 256])
torch.Size([32, 32])
torch.Size([32, 256])
torch.Size([32, 32])
torch.Size([32, 256])
torch.Size([32, 32])
torch.Size([32, 256])
torch.Size([32, 32])
torch.Size([32, 256])
torch.Size([32, 32])
torch.Size([32, 256])
torch.Size([32, 32])
torch.Size([32, 256])
torch.Size([32, 32])
torch.Size([32, 256])
torch.Size([32, 32])
torch.Size([32, 256])
torch.Size([32, 32])
torch.Size([32, 256])
torch.Size([32, 32])
torch.Size([32, 256])
torch.Size([32, 32])
torch.Size([32, 256])
torch.Size([32, 32])
torch.Size([32, 256])
torch.Size([32, 32])
torch.Size([32, 256])
torch.Size([32, 32])
torch.Size([32, 256])
torch.Size([32, 32])
torch.Size([32, 256])
torch.Size([32, 32])
torch.Size([32, 256])
torch.Size([32, 32])
torch.Size([32, 256])
torch.Size([32, 32])
torch.Size([32, 256])
torch.Size([32, 32])
torch.Size([30, 256])
torch.Size([30, 32])
torch.Size([32, 256])
torch.Size([32, 32])
torch.Size([32, 256])
torch.Size([32, 32])
torch.Size([32, 256])
torch.Size([32, 32])
torch.Size([32, 256])
torch.Size([32, 32])
torch.Size([32, 256])
torch.Size([32, 32])
torch.Size([15, 256])
torch.Size([15, 32])
Epoch [19/50] - Train Loss: 0.0290, Train Acc: 99.29%, Val Loss: 0.2816, Val Acc: 90.29%
Epoch 20/50 [Train]:  68%|██████▊   | 15/22 [00:04<00:01,  4.43it/s, Loss=0.0399, Acc=98.75%]
torch.Size([32, 256])
torch.Size([32, 32])
torch.Size([32, 256])
torch.Size([32, 32])
torch.Size([32, 256])
torch.Size([32, 32])
torch.Size([32, 256])
torch.Size([32, 32])
torch.Size([32, 256])
torch.Size([32, 32])
torch.Size([32, 256])
torch.Size([32, 32])
torch.Size([32, 256])
torch.Size([32, 32])
torch.Size([32, 256])
torch.Size([32, 32])
torch.Size([32, 256])
torch.Size([32, 32])
torch.Size([32, 256])
torch.Size([32, 32])
torch.Size([32, 256])
torch.Size([32, 32])
torch.Size([32, 256])
torch.Size([32, 32])
torch.Size([32, 256])
torch.Size([32, 32])
torch.Size([32, 256])
torch.Size([32, 32])
torch.Size([32, 256])
torch.Size([32, 32])
torch.Size([32, 256])
torch.Size([32, 32])
torch.Size([32, 256])
torch.Size([32, 32])
torch.Size([32, 256])
torch.Size([32, 32])
torch.Size([32, 256])
torch.Size([32, 32])
torch.Size([32, 256])
torch.Size([32, 32])
torch.Size([32, 256])
torch.Size([32, 32])
torch.Size([30, 256])
torch.Size([30, 32])
torch.Size([32, 256])
torch.Size([32, 32])
torch.Size([32, 256])
torch.Size([32, 32])
torch.Size([32, 256])
torch.Size([32, 32])
torch.Size([32, 256])
torch.Size([32, 32])
torch.Size([32, 256])
torch.Size([32, 32])
torch.Size([15, 256])
torch.Size([15, 32])
Epoch [20/50] - Train Loss: 0.0416, Train Acc: 98.72%, Val Loss: 0.9379, Val Acc: 70.86%
Epoch 21/50 [Train]:  64%|██████▎   | 14/22 [00:04<00:02,  3.70it/s, Loss=0.0366, Acc=98.54%]
torch.Size([32, 256])
torch.Size([32, 32])
torch.Size([32, 256])
torch.Size([32, 32])
torch.Size([32, 256])
torch.Size([32, 32])
torch.Size([32, 256])
torch.Size([32, 32])
torch.Size([32, 256])
torch.Size([32, 32])
torch.Size([32, 256])
torch.Size([32, 32])
torch.Size([32, 256])
torch.Size([32, 32])
torch.Size([32, 256])
torch.Size([32, 32])
torch.Size([32, 256])
torch.Size([32, 32])
torch.Size([32, 256])
torch.Size([32, 32])
torch.Size([32, 256])
torch.Size([32, 32])
torch.Size([32, 256])
torch.Size([32, 32])
torch.Size([32, 256])
torch.Size([32, 32])
torch.Size([32, 256])
torch.Size([32, 32])
torch.Size([32, 256])
torch.Size([32, 32])
torch.Size([32, 256])
torch.Size([32, 32])
torch.Size([32, 256])
torch.Size([32, 32])
torch.Size([32, 256])
torch.Size([32, 32])
torch.Size([32, 256])
torch.Size([32, 32])
torch.Size([32, 256])
torch.Size([32, 32])
torch.Size([32, 256])
torch.Size([32, 32])
torch.Size([30, 256])
torch.Size([30, 32])
torch.Size([32, 256])
torch.Size([32, 32])
torch.Size([32, 256])
torch.Size([32, 32])
torch.Size([32, 256])
torch.Size([32, 32])
torch.Size([32, 256])
torch.Size([32, 32])
torch.Size([32, 256])
torch.Size([32, 32])
torch.Size([15, 256])
torch.Size([15, 32])
Epoch [21/50] - Train Loss: 0.0413, Train Acc: 98.43%, Val Loss: 0.1233, Val Acc: 97.14%
Epoch 22/50 [Train]:  68%|██████▊   | 15/22 [00:04<00:01,  4.78it/s, Loss=0.0303, Acc=98.96%]
torch.Size([32, 256])
torch.Size([32, 32])
torch.Size([32, 256])
torch.Size([32, 32])
torch.Size([32, 256])
torch.Size([32, 32])
torch.Size([32, 256])
torch.Size([32, 32])
torch.Size([32, 256])
torch.Size([32, 32])
torch.Size([32, 256])
torch.Size([32, 32])
torch.Size([32, 256])
torch.Size([32, 32])
torch.Size([32, 256])
torch.Size([32, 32])
torch.Size([32, 256])
torch.Size([32, 32])
torch.Size([32, 256])
torch.Size([32, 32])
torch.Size([32, 256])
torch.Size([32, 32])
torch.Size([32, 256])
torch.Size([32, 32])
torch.Size([32, 256])
torch.Size([32, 32])
torch.Size([32, 256])
torch.Size([32, 32])
torch.Size([32, 256])
torch.Size([32, 32])
torch.Size([32, 256])
torch.Size([32, 32])
torch.Size([32, 256])
torch.Size([32, 32])
torch.Size([32, 256])
torch.Size([32, 32])
torch.Size([32, 256])
torch.Size([32, 32])
torch.Size([32, 256])
torch.Size([32, 32])
torch.Size([32, 256])
torch.Size([32, 32])
torch.Size([30, 256])
torch.Size([30, 32])
torch.Size([32, 256])
torch.Size([32, 32])
torch.Size([32, 256])
torch.Size([32, 32])
torch.Size([32, 256])
torch.Size([32, 32])
torch.Size([32, 256])
torch.Size([32, 32])
torch.Size([32, 256])
torch.Size([32, 32])
torch.Size([15, 256])
torch.Size([15, 32])
Epoch [22/50] - Train Loss: 0.0383, Train Acc: 98.43%, Val Loss: 3.7195, Val Acc: 33.14%
Epoch 23/50 [Train]:  68%|██████▊   | 15/22 [00:04<00:01,  4.10it/s, Loss=0.0247, Acc=99.17%]
torch.Size([32, 256])
torch.Size([32, 32])
torch.Size([32, 256])
torch.Size([32, 32])
torch.Size([32, 256])
torch.Size([32, 32])
torch.Size([32, 256])
torch.Size([32, 32])
torch.Size([32, 256])
torch.Size([32, 32])
torch.Size([32, 256])
torch.Size([32, 32])
torch.Size([32, 256])
torch.Size([32, 32])
torch.Size([32, 256])
torch.Size([32, 32])
torch.Size([32, 256])
torch.Size([32, 32])
torch.Size([32, 256])
torch.Size([32, 32])
torch.Size([32, 256])
torch.Size([32, 32])
torch.Size([32, 256])
torch.Size([32, 32])
torch.Size([32, 256])
torch.Size([32, 32])
torch.Size([32, 256])
torch.Size([32, 32])
torch.Size([32, 256])
torch.Size([32, 32])
torch.Size([32, 256])
torch.Size([32, 32])
torch.Size([32, 256])
torch.Size([32, 32])
torch.Size([32, 256])
torch.Size([32, 32])
torch.Size([32, 256])
torch.Size([32, 32])
torch.Size([32, 256])
torch.Size([32, 32])
torch.Size([32, 256])
torch.Size([32, 32])
torch.Size([30, 256])
torch.Size([30, 32])
torch.Size([32, 256])
torch.Size([32, 32])
torch.Size([32, 256])
torch.Size([32, 32])
torch.Size([32, 256])
torch.Size([32, 32])
torch.Size([32, 256])
torch.Size([32, 32])
torch.Size([32, 256])
torch.Size([32, 32])
torch.Size([15, 256])
torch.Size([15, 32])
Epoch [23/50] - Train Loss: 0.0244, Train Acc: 99.29%, Val Loss: 3.4540, Val Acc: 52.57%
Epoch 24/50 [Train]:  68%|██████▊   | 15/22 [00:04<00:01,  4.50it/s, Loss=0.0679, Acc=97.29%]
torch.Size([32, 256])
torch.Size([32, 32])
torch.Size([32, 256])
torch.Size([32, 32])
torch.Size([32, 256])
torch.Size([32, 32])
torch.Size([32, 256])
torch.Size([32, 32])
torch.Size([32, 256])
torch.Size([32, 32])
torch.Size([32, 256])
torch.Size([32, 32])
torch.Size([32, 256])
torch.Size([32, 32])
torch.Size([32, 256])
torch.Size([32, 32])
torch.Size([32, 256])
torch.Size([32, 32])
torch.Size([32, 256])
torch.Size([32, 32])
torch.Size([32, 256])
torch.Size([32, 32])
torch.Size([32, 256])
torch.Size([32, 32])
torch.Size([32, 256])
torch.Size([32, 32])
torch.Size([32, 256])
torch.Size([32, 32])
torch.Size([32, 256])
torch.Size([32, 32])
torch.Size([32, 256])
torch.Size([32, 32])
torch.Size([32, 256])
torch.Size([32, 32])
torch.Size([32, 256])
torch.Size([32, 32])
torch.Size([32, 256])
torch.Size([32, 32])
torch.Size([32, 256])
torch.Size([32, 32])
torch.Size([32, 256])
torch.Size([32, 32])
torch.Size([30, 256])
torch.Size([30, 32])
torch.Size([32, 256])
torch.Size([32, 32])
torch.Size([32, 256])
torch.Size([32, 32])
torch.Size([32, 256])
torch.Size([32, 32])
torch.Size([32, 256])
torch.Size([32, 32])
torch.Size([32, 256])
torch.Size([32, 32])
torch.Size([15, 256])
torch.Size([15, 32])
Epoch [24/50] - Train Loss: 0.0636, Train Acc: 97.29%, Val Loss: 0.0755, Val Acc: 98.86%
Epoch 25/50 [Train]:  68%|██████▊   | 15/22 [00:04<00:01,  4.24it/s, Loss=0.0767, Acc=96.88%]
torch.Size([32, 256])
torch.Size([32, 32])
torch.Size([32, 256])
torch.Size([32, 32])
torch.Size([32, 256])
torch.Size([32, 32])
torch.Size([32, 256])
torch.Size([32, 32])
torch.Size([32, 256])
torch.Size([32, 32])
torch.Size([32, 256])
torch.Size([32, 32])
torch.Size([32, 256])
torch.Size([32, 32])
torch.Size([32, 256])
torch.Size([32, 32])
torch.Size([32, 256])
torch.Size([32, 32])
torch.Size([32, 256])
torch.Size([32, 32])
torch.Size([32, 256])
torch.Size([32, 32])
torch.Size([32, 256])
torch.Size([32, 32])
torch.Size([32, 256])
torch.Size([32, 32])
torch.Size([32, 256])
torch.Size([32, 32])
torch.Size([32, 256])
torch.Size([32, 32])
torch.Size([32, 256])
torch.Size([32, 32])
torch.Size([32, 256])
torch.Size([32, 32])
torch.Size([32, 256])
torch.Size([32, 32])
torch.Size([32, 256])
torch.Size([32, 32])
torch.Size([32, 256])
torch.Size([32, 32])
torch.Size([32, 256])
torch.Size([32, 32])
torch.Size([30, 256])
torch.Size([30, 32])
torch.Size([32, 256])
torch.Size([32, 32])
torch.Size([32, 256])
torch.Size([32, 32])
torch.Size([32, 256])
torch.Size([32, 32])
torch.Size([32, 256])
torch.Size([32, 32])
torch.Size([32, 256])
torch.Size([32, 32])
torch.Size([15, 256])
torch.Size([15, 32])
Epoch [25/50] - Train Loss: 0.0580, Train Acc: 97.86%, Val Loss: 6.6758, Val Acc: 44.57%
Epoch 26/50 [Train]:  68%|██████▊   | 15/22 [00:04<00:01,  4.58it/s, Loss=0.0339, Acc=98.75%]
torch.Size([32, 256])
torch.Size([32, 32])
torch.Size([32, 256])
torch.Size([32, 32])
torch.Size([32, 256])
torch.Size([32, 32])
torch.Size([32, 256])
torch.Size([32, 32])
torch.Size([32, 256])
torch.Size([32, 32])
torch.Size([32, 256])
torch.Size([32, 32])
torch.Size([32, 256])
torch.Size([32, 32])
torch.Size([32, 256])
torch.Size([32, 32])
torch.Size([32, 256])
torch.Size([32, 32])
torch.Size([32, 256])
torch.Size([32, 32])
torch.Size([32, 256])
torch.Size([32, 32])
torch.Size([32, 256])
torch.Size([32, 32])
torch.Size([32, 256])
torch.Size([32, 32])
torch.Size([32, 256])
torch.Size([32, 32])
torch.Size([32, 256])
torch.Size([32, 32])
torch.Size([32, 256])
torch.Size([32, 32])
torch.Size([32, 256])
torch.Size([32, 32])
torch.Size([32, 256])
torch.Size([32, 32])
torch.Size([32, 256])
torch.Size([32, 32])
torch.Size([32, 256])
torch.Size([32, 32])
torch.Size([32, 256])
torch.Size([32, 32])
torch.Size([30, 256])
torch.Size([30, 32])
torch.Size([32, 256])
torch.Size([32, 32])
torch.Size([32, 256])
torch.Size([32, 32])
torch.Size([32, 256])
torch.Size([32, 32])
torch.Size([32, 256])
torch.Size([32, 32])
torch.Size([32, 256])
torch.Size([32, 32])
torch.Size([15, 256])
torch.Size([15, 32])
Epoch [26/50] - Train Loss: 0.0333, Train Acc: 98.72%, Val Loss: 2.5144, Val Acc: 54.86%
Epoch 27/50 [Train]:  68%|██████▊   | 15/22 [00:04<00:01,  3.93it/s, Loss=0.0443, Acc=98.33%]
torch.Size([32, 256])
torch.Size([32, 32])
torch.Size([32, 256])
torch.Size([32, 32])
torch.Size([32, 256])
torch.Size([32, 32])
torch.Size([32, 256])
torch.Size([32, 32])
torch.Size([32, 256])
torch.Size([32, 32])
torch.Size([32, 256])
torch.Size([32, 32])
torch.Size([32, 256])
torch.Size([32, 32])
torch.Size([32, 256])
torch.Size([32, 32])
torch.Size([32, 256])
torch.Size([32, 32])
torch.Size([32, 256])
torch.Size([32, 32])
torch.Size([32, 256])
torch.Size([32, 32])
torch.Size([32, 256])
torch.Size([32, 32])
torch.Size([32, 256])
torch.Size([32, 32])
torch.Size([32, 256])
torch.Size([32, 32])
torch.Size([32, 256])
torch.Size([32, 32])
torch.Size([32, 256])
torch.Size([32, 32])
torch.Size([32, 256])
torch.Size([32, 32])
torch.Size([32, 256])
torch.Size([32, 32])
torch.Size([32, 256])
torch.Size([32, 32])
torch.Size([32, 256])
torch.Size([32, 32])
torch.Size([32, 256])
torch.Size([32, 32])
torch.Size([30, 256])
torch.Size([30, 32])
torch.Size([32, 256])
torch.Size([32, 32])
torch.Size([32, 256])
torch.Size([32, 32])
torch.Size([32, 256])
torch.Size([32, 32])
torch.Size([32, 256])
torch.Size([32, 32])
torch.Size([32, 256])
torch.Size([32, 32])
torch.Size([15, 256])
torch.Size([15, 32])
Epoch [27/50] - Train Loss: 0.0543, Train Acc: 97.86%, Val Loss: 0.7678, Val Acc: 72.57%
Epoch 28/50 [Train]:  68%|██████▊   | 15/22 [00:04<00:01,  3.83it/s, Loss=0.0206, Acc=99.58%]
torch.Size([32, 256])
torch.Size([32, 32])
torch.Size([32, 256])
torch.Size([32, 32])
torch.Size([32, 256])
torch.Size([32, 32])
torch.Size([32, 256])
torch.Size([32, 32])
torch.Size([32, 256])
torch.Size([32, 32])
torch.Size([32, 256])
torch.Size([32, 32])
torch.Size([32, 256])
torch.Size([32, 32])
torch.Size([32, 256])
torch.Size([32, 32])
torch.Size([32, 256])
torch.Size([32, 32])
torch.Size([32, 256])
torch.Size([32, 32])
torch.Size([32, 256])
torch.Size([32, 32])
torch.Size([32, 256])
torch.Size([32, 32])
torch.Size([32, 256])
torch.Size([32, 32])
torch.Size([32, 256])
torch.Size([32, 32])
torch.Size([32, 256])
torch.Size([32, 32])
torch.Size([32, 256])
torch.Size([32, 32])
torch.Size([32, 256])
torch.Size([32, 32])
torch.Size([32, 256])
torch.Size([32, 32])
torch.Size([32, 256])
torch.Size([32, 32])
torch.Size([32, 256])
torch.Size([32, 32])
torch.Size([32, 256])
torch.Size([32, 32])
torch.Size([30, 256])
torch.Size([30, 32])
torch.Size([32, 256])
torch.Size([32, 32])
torch.Size([32, 256])
torch.Size([32, 32])
torch.Size([32, 256])
torch.Size([32, 32])
torch.Size([32, 256])
torch.Size([32, 32])
torch.Size([32, 256])
torch.Size([32, 32])
torch.Size([15, 256])
torch.Size([15, 32])
Epoch [28/50] - Train Loss: 0.0211, Train Acc: 99.43%, Val Loss: 0.1501, Val Acc: 95.43%
Epoch 29/50 [Train]:  68%|██████▊   | 15/22 [00:04<00:01,  4.53it/s, Loss=0.0199, Acc=99.38%]
torch.Size([32, 256])
torch.Size([32, 32])
torch.Size([32, 256])
torch.Size([32, 32])
torch.Size([32, 256])
torch.Size([32, 32])
torch.Size([32, 256])
torch.Size([32, 32])
torch.Size([32, 256])
torch.Size([32, 32])
torch.Size([32, 256])
torch.Size([32, 32])
torch.Size([32, 256])
torch.Size([32, 32])
torch.Size([32, 256])
torch.Size([32, 32])
torch.Size([32, 256])
torch.Size([32, 32])
torch.Size([32, 256])
torch.Size([32, 32])
torch.Size([32, 256])
torch.Size([32, 32])
torch.Size([32, 256])
torch.Size([32, 32])
torch.Size([32, 256])
torch.Size([32, 32])
torch.Size([32, 256])
torch.Size([32, 32])
torch.Size([32, 256])
torch.Size([32, 32])
torch.Size([32, 256])
torch.Size([32, 32])
torch.Size([32, 256])
torch.Size([32, 32])
torch.Size([32, 256])
torch.Size([32, 32])
torch.Size([32, 256])
torch.Size([32, 32])
torch.Size([32, 256])
torch.Size([32, 32])
torch.Size([32, 256])
torch.Size([32, 32])
torch.Size([30, 256])
torch.Size([30, 32])
torch.Size([32, 256])
torch.Size([32, 32])
torch.Size([32, 256])
torch.Size([32, 32])
torch.Size([32, 256])
torch.Size([32, 32])
torch.Size([32, 256])
torch.Size([32, 32])
torch.Size([32, 256])
torch.Size([32, 32])
torch.Size([15, 256])
torch.Size([15, 32])
Epoch [29/50] - Train Loss: 0.0177, Train Acc: 99.43%, Val Loss: 0.0896, Val Acc: 98.86%
Epoch 30/50 [Train]:  68%|██████▊   | 15/22 [00:04<00:01,  4.36it/s, Loss=0.0100, Acc=100.00%]
torch.Size([32, 256])
torch.Size([32, 32])
torch.Size([32, 256])
torch.Size([32, 32])
torch.Size([32, 256])
torch.Size([32, 32])
torch.Size([32, 256])
torch.Size([32, 32])
torch.Size([32, 256])
torch.Size([32, 32])
torch.Size([32, 256])
torch.Size([32, 32])
torch.Size([32, 256])
torch.Size([32, 32])
torch.Size([32, 256])
torch.Size([32, 32])
torch.Size([32, 256])
torch.Size([32, 32])
torch.Size([32, 256])
torch.Size([32, 32])
torch.Size([32, 256])
torch.Size([32, 32])
torch.Size([32, 256])
torch.Size([32, 32])
torch.Size([32, 256])
torch.Size([32, 32])
torch.Size([32, 256])
torch.Size([32, 32])
torch.Size([32, 256])
torch.Size([32, 32])
torch.Size([32, 256])
torch.Size([32, 32])
torch.Size([32, 256])
torch.Size([32, 32])
torch.Size([32, 256])
torch.Size([32, 32])
torch.Size([32, 256])
torch.Size([32, 32])
torch.Size([32, 256])
torch.Size([32, 32])
torch.Size([32, 256])
torch.Size([32, 32])
torch.Size([30, 256])
torch.Size([30, 32])
torch.Size([32, 256])
torch.Size([32, 32])
torch.Size([32, 256])
torch.Size([32, 32])
torch.Size([32, 256])
torch.Size([32, 32])
torch.Size([32, 256])
torch.Size([32, 32])
torch.Size([32, 256])
torch.Size([32, 32])
torch.Size([15, 256])
torch.Size([15, 32])
Epoch [30/50] - Train Loss: 0.0107, Train Acc: 99.86%, Val Loss: 0.0620, Val Acc: 99.43%
Epoch 31/50 [Train]:  68%|██████▊   | 15/22 [00:04<00:01,  4.22it/s, Loss=0.0108, Acc=99.79%]
torch.Size([32, 256])
torch.Size([32, 32])
torch.Size([32, 256])
torch.Size([32, 32])
torch.Size([32, 256])
torch.Size([32, 32])
torch.Size([32, 256])
torch.Size([32, 32])
torch.Size([32, 256])
torch.Size([32, 32])
torch.Size([32, 256])
torch.Size([32, 32])
torch.Size([32, 256])
torch.Size([32, 32])
torch.Size([32, 256])
torch.Size([32, 32])
torch.Size([32, 256])
torch.Size([32, 32])
torch.Size([32, 256])
torch.Size([32, 32])
torch.Size([32, 256])
torch.Size([32, 32])
torch.Size([32, 256])
torch.Size([32, 32])
torch.Size([32, 256])
torch.Size([32, 32])
torch.Size([32, 256])
torch.Size([32, 32])
torch.Size([32, 256])
torch.Size([32, 32])
torch.Size([32, 256])
torch.Size([32, 32])
torch.Size([32, 256])
torch.Size([32, 32])
torch.Size([32, 256])
torch.Size([32, 32])
torch.Size([32, 256])
torch.Size([32, 32])
torch.Size([32, 256])
torch.Size([32, 32])
torch.Size([32, 256])
torch.Size([32, 32])
torch.Size([30, 256])
torch.Size([30, 32])
torch.Size([32, 256])
torch.Size([32, 32])
torch.Size([32, 256])
torch.Size([32, 32])
torch.Size([32, 256])
torch.Size([32, 32])
torch.Size([32, 256])
torch.Size([32, 32])
torch.Size([32, 256])
torch.Size([32, 32])
torch.Size([15, 256])
torch.Size([15, 32])
Epoch [31/50] - Train Loss: 0.0084, Train Acc: 99.86%, Val Loss: 0.3119, Val Acc: 89.14%
Epoch 32/50 [Train]:  68%|██████▊   | 15/22 [00:04<00:01,  4.43it/s, Loss=0.0103, Acc=99.58%]
torch.Size([32, 256])
torch.Size([32, 32])
torch.Size([32, 256])
torch.Size([32, 32])
torch.Size([32, 256])
torch.Size([32, 32])
torch.Size([32, 256])
torch.Size([32, 32])
torch.Size([32, 256])
torch.Size([32, 32])
torch.Size([32, 256])
torch.Size([32, 32])
torch.Size([32, 256])
torch.Size([32, 32])
torch.Size([32, 256])
torch.Size([32, 32])
torch.Size([32, 256])
torch.Size([32, 32])
torch.Size([32, 256])
torch.Size([32, 32])
torch.Size([32, 256])
torch.Size([32, 32])
torch.Size([32, 256])
torch.Size([32, 32])
torch.Size([32, 256])
torch.Size([32, 32])
torch.Size([32, 256])
torch.Size([32, 32])
torch.Size([32, 256])
torch.Size([32, 32])
torch.Size([32, 256])
torch.Size([32, 32])
torch.Size([32, 256])
torch.Size([32, 32])
torch.Size([32, 256])
torch.Size([32, 32])
torch.Size([32, 256])
torch.Size([32, 32])
torch.Size([32, 256])
torch.Size([32, 32])
torch.Size([32, 256])
torch.Size([32, 32])
torch.Size([30, 256])
torch.Size([30, 32])
torch.Size([32, 256])
torch.Size([32, 32])
torch.Size([32, 256])
torch.Size([32, 32])
torch.Size([32, 256])
torch.Size([32, 32])
torch.Size([32, 256])
torch.Size([32, 32])
torch.Size([32, 256])
torch.Size([32, 32])
torch.Size([15, 256])
torch.Size([15, 32])
Epoch [32/50] - Train Loss: 0.0112, Train Acc: 99.43%, Val Loss: 0.0936, Val Acc: 98.29%
Epoch 33/50 [Train]:  68%|██████▊   | 15/22 [00:04<00:01,  4.03it/s, Loss=0.0111, Acc=100.00%]
torch.Size([32, 256])
torch.Size([32, 32])
torch.Size([32, 256])
torch.Size([32, 32])
torch.Size([32, 256])
torch.Size([32, 32])
torch.Size([32, 256])
torch.Size([32, 32])
torch.Size([32, 256])
torch.Size([32, 32])
torch.Size([32, 256])
torch.Size([32, 32])
torch.Size([32, 256])
torch.Size([32, 32])
torch.Size([32, 256])
torch.Size([32, 32])
torch.Size([32, 256])
torch.Size([32, 32])
torch.Size([32, 256])
torch.Size([32, 32])
torch.Size([32, 256])
torch.Size([32, 32])
torch.Size([32, 256])
torch.Size([32, 32])
torch.Size([32, 256])
torch.Size([32, 32])
torch.Size([32, 256])
torch.Size([32, 32])
torch.Size([32, 256])
torch.Size([32, 32])
torch.Size([32, 256])
torch.Size([32, 32])
torch.Size([32, 256])
torch.Size([32, 32])
torch.Size([32, 256])
torch.Size([32, 32])
torch.Size([32, 256])
torch.Size([32, 32])
torch.Size([32, 256])
torch.Size([32, 32])
torch.Size([32, 256])
torch.Size([32, 32])
torch.Size([30, 256])
torch.Size([30, 32])
torch.Size([32, 256])
torch.Size([32, 32])
torch.Size([32, 256])
torch.Size([32, 32])
torch.Size([32, 256])
torch.Size([32, 32])
torch.Size([32, 256])
torch.Size([32, 32])
torch.Size([32, 256])
torch.Size([32, 32])
torch.Size([15, 256])
torch.Size([15, 32])
Epoch [33/50] - Train Loss: 0.0097, Train Acc: 100.00%, Val Loss: 1.0821, Val Acc: 72.57%
Epoch 34/50 [Train]:  68%|██████▊   | 15/22 [00:04<00:01,  4.16it/s, Loss=0.0086, Acc=100.00%]
torch.Size([32, 256])
torch.Size([32, 32])
torch.Size([32, 256])
torch.Size([32, 32])
torch.Size([32, 256])
torch.Size([32, 32])
torch.Size([32, 256])
torch.Size([32, 32])
torch.Size([32, 256])
torch.Size([32, 32])
torch.Size([32, 256])
torch.Size([32, 32])
torch.Size([32, 256])
torch.Size([32, 32])
torch.Size([32, 256])
torch.Size([32, 32])
torch.Size([32, 256])
torch.Size([32, 32])
torch.Size([32, 256])
torch.Size([32, 32])
torch.Size([32, 256])
torch.Size([32, 32])
torch.Size([32, 256])
torch.Size([32, 32])
torch.Size([32, 256])
torch.Size([32, 32])
torch.Size([32, 256])
torch.Size([32, 32])
torch.Size([32, 256])
torch.Size([32, 32])
torch.Size([32, 256])
torch.Size([32, 32])
torch.Size([32, 256])
torch.Size([32, 32])
torch.Size([32, 256])
torch.Size([32, 32])
torch.Size([32, 256])
torch.Size([32, 32])
torch.Size([32, 256])
torch.Size([32, 32])
torch.Size([32, 256])
torch.Size([32, 32])
torch.Size([30, 256])
torch.Size([30, 32])
torch.Size([32, 256])
torch.Size([32, 32])
torch.Size([32, 256])
torch.Size([32, 32])
torch.Size([32, 256])
torch.Size([32, 32])
torch.Size([32, 256])
torch.Size([32, 32])
torch.Size([32, 256])
torch.Size([32, 32])
torch.Size([15, 256])
torch.Size([15, 32])
Epoch [34/50] - Train Loss: 0.0075, Train Acc: 100.00%, Val Loss: 0.1423, Val Acc: 97.14%
Epoch 35/50 [Train]:  64%|██████▎   | 14/22 [00:04<00:02,  3.68it/s, Loss=0.0043, Acc=100.00%]
torch.Size([32, 256])
torch.Size([32, 32])
torch.Size([32, 256])
torch.Size([32, 32])
torch.Size([32, 256])
torch.Size([32, 32])
torch.Size([32, 256])
torch.Size([32, 32])
torch.Size([32, 256])
torch.Size([32, 32])
torch.Size([32, 256])
torch.Size([32, 32])
torch.Size([32, 256])
torch.Size([32, 32])
torch.Size([32, 256])
torch.Size([32, 32])
torch.Size([32, 256])
torch.Size([32, 32])
torch.Size([32, 256])
torch.Size([32, 32])
torch.Size([32, 256])
torch.Size([32, 32])
torch.Size([32, 256])
torch.Size([32, 32])
torch.Size([32, 256])
torch.Size([32, 32])
torch.Size([32, 256])
torch.Size([32, 32])
torch.Size([32, 256])
torch.Size([32, 32])
torch.Size([32, 256])
torch.Size([32, 32])
torch.Size([32, 256])
torch.Size([32, 32])
torch.Size([32, 256])
torch.Size([32, 32])
torch.Size([32, 256])
torch.Size([32, 32])
torch.Size([32, 256])
torch.Size([32, 32])
torch.Size([32, 256])
torch.Size([32, 32])
torch.Size([30, 256])
torch.Size([30, 32])
torch.Size([32, 256])
torch.Size([32, 32])
torch.Size([32, 256])
torch.Size([32, 32])
torch.Size([32, 256])
torch.Size([32, 32])
torch.Size([32, 256])
torch.Size([32, 32])
torch.Size([32, 256])
torch.Size([32, 32])
torch.Size([15, 256])
torch.Size([15, 32])
Epoch [35/50] - Train Loss: 0.0037, Train Acc: 100.00%, Val Loss: 0.1620, Val Acc: 93.71%
Epoch 36/50 [Train]:  68%|██████▊   | 15/22 [00:04<00:01,  4.22it/s, Loss=0.0011, Acc=100.00%]
torch.Size([32, 256])
torch.Size([32, 32])
torch.Size([32, 256])
torch.Size([32, 32])
torch.Size([32, 256])
torch.Size([32, 32])
torch.Size([32, 256])
torch.Size([32, 32])
torch.Size([32, 256])
torch.Size([32, 32])
torch.Size([32, 256])
torch.Size([32, 32])
torch.Size([32, 256])
torch.Size([32, 32])
torch.Size([32, 256])
torch.Size([32, 32])
torch.Size([32, 256])
torch.Size([32, 32])
torch.Size([32, 256])
torch.Size([32, 32])
torch.Size([32, 256])
torch.Size([32, 32])
torch.Size([32, 256])
torch.Size([32, 32])
torch.Size([32, 256])
torch.Size([32, 32])
torch.Size([32, 256])
torch.Size([32, 32])
torch.Size([32, 256])
torch.Size([32, 32])
torch.Size([32, 256])
torch.Size([32, 32])
torch.Size([32, 256])
torch.Size([32, 32])
torch.Size([32, 256])
torch.Size([32, 32])
torch.Size([32, 256])
torch.Size([32, 32])
torch.Size([32, 256])
torch.Size([32, 32])
torch.Size([32, 256])
torch.Size([32, 32])
torch.Size([30, 256])
torch.Size([30, 32])
torch.Size([32, 256])
torch.Size([32, 32])
torch.Size([32, 256])
torch.Size([32, 32])
torch.Size([32, 256])
torch.Size([32, 32])
torch.Size([32, 256])
torch.Size([32, 32])
torch.Size([32, 256])
torch.Size([32, 32])
torch.Size([15, 256])
torch.Size([15, 32])
Epoch [36/50] - Train Loss: 0.0016, Train Acc: 100.00%, Val Loss: 0.0635, Val Acc: 98.86%
Epoch 37/50 [Train]:  68%|██████▊   | 15/22 [00:04<00:01,  4.38it/s, Loss=0.0017, Acc=100.00%]
torch.Size([32, 256])
torch.Size([32, 32])
torch.Size([32, 256])
torch.Size([32, 32])
torch.Size([32, 256])
torch.Size([32, 32])
torch.Size([32, 256])
torch.Size([32, 32])
torch.Size([32, 256])
torch.Size([32, 32])
torch.Size([32, 256])
torch.Size([32, 32])
torch.Size([32, 256])
torch.Size([32, 32])
torch.Size([32, 256])
torch.Size([32, 32])
torch.Size([32, 256])
torch.Size([32, 32])
torch.Size([32, 256])
torch.Size([32, 32])
torch.Size([32, 256])
torch.Size([32, 32])
torch.Size([32, 256])
torch.Size([32, 32])
torch.Size([32, 256])
torch.Size([32, 32])
torch.Size([32, 256])
torch.Size([32, 32])
torch.Size([32, 256])
torch.Size([32, 32])
torch.Size([32, 256])
torch.Size([32, 32])
torch.Size([32, 256])
torch.Size([32, 32])
torch.Size([32, 256])
torch.Size([32, 32])
torch.Size([32, 256])
torch.Size([32, 32])
torch.Size([32, 256])
torch.Size([32, 32])
torch.Size([32, 256])
torch.Size([32, 32])
torch.Size([30, 256])
torch.Size([30, 32])
torch.Size([32, 256])
torch.Size([32, 32])
torch.Size([32, 256])
torch.Size([32, 32])
torch.Size([32, 256])
torch.Size([32, 32])
torch.Size([32, 256])
torch.Size([32, 32])
torch.Size([32, 256])
torch.Size([32, 32])
torch.Size([15, 256])
torch.Size([15, 32])
Epoch [37/50] - Train Loss: 0.0017, Train Acc: 100.00%, Val Loss: 0.0583, Val Acc: 99.43%
Epoch 38/50 [Train]:  64%|██████▎   | 14/22 [00:04<00:02,  3.56it/s, Loss=0.0021, Acc=100.00%]
torch.Size([32, 256])
torch.Size([32, 32])
torch.Size([32, 256])
torch.Size([32, 32])
torch.Size([32, 256])
torch.Size([32, 32])
torch.Size([32, 256])
torch.Size([32, 32])
torch.Size([32, 256])
torch.Size([32, 32])
torch.Size([32, 256])
torch.Size([32, 32])
torch.Size([32, 256])
torch.Size([32, 32])
torch.Size([32, 256])
torch.Size([32, 32])
torch.Size([32, 256])
torch.Size([32, 32])
torch.Size([32, 256])
torch.Size([32, 32])
torch.Size([32, 256])
torch.Size([32, 32])
torch.Size([32, 256])
torch.Size([32, 32])
torch.Size([32, 256])
torch.Size([32, 32])
torch.Size([32, 256])
torch.Size([32, 32])
torch.Size([32, 256])
torch.Size([32, 32])
torch.Size([32, 256])
torch.Size([32, 32])
torch.Size([32, 256])
torch.Size([32, 32])
torch.Size([32, 256])
torch.Size([32, 32])
torch.Size([32, 256])
torch.Size([32, 32])
torch.Size([32, 256])
torch.Size([32, 32])
torch.Size([32, 256])
torch.Size([32, 32])
torch.Size([30, 256])
torch.Size([30, 32])
torch.Size([32, 256])
torch.Size([32, 32])
torch.Size([32, 256])
torch.Size([32, 32])
torch.Size([32, 256])
torch.Size([32, 32])
torch.Size([32, 256])
torch.Size([32, 32])
torch.Size([32, 256])
torch.Size([32, 32])
torch.Size([15, 256])
torch.Size([15, 32])
Epoch [38/50] - Train Loss: 0.0047, Train Acc: 99.86%, Val Loss: 0.0840, Val Acc: 99.43%
Epoch 39/50 [Train]:  64%|██████▎   | 14/22 [00:04<00:02,  3.68it/s, Loss=0.0102, Acc=99.79%]
torch.Size([32, 256])
torch.Size([32, 32])
torch.Size([32, 256])
torch.Size([32, 32])
torch.Size([32, 256])
torch.Size([32, 32])
torch.Size([32, 256])
torch.Size([32, 32])
torch.Size([32, 256])
torch.Size([32, 32])
torch.Size([32, 256])
torch.Size([32, 32])
torch.Size([32, 256])
torch.Size([32, 32])
torch.Size([32, 256])
torch.Size([32, 32])
torch.Size([32, 256])
torch.Size([32, 32])
torch.Size([32, 256])
torch.Size([32, 32])
torch.Size([32, 256])
torch.Size([32, 32])
torch.Size([32, 256])
torch.Size([32, 32])
torch.Size([32, 256])
torch.Size([32, 32])
torch.Size([32, 256])
torch.Size([32, 32])
torch.Size([32, 256])
torch.Size([32, 32])
torch.Size([32, 256])
torch.Size([32, 32])
torch.Size([32, 256])
torch.Size([32, 32])
torch.Size([32, 256])
torch.Size([32, 32])
torch.Size([32, 256])
torch.Size([32, 32])
torch.Size([32, 256])
torch.Size([32, 32])
torch.Size([32, 256])
torch.Size([32, 32])
torch.Size([30, 256])
torch.Size([30, 32])
torch.Size([32, 256])
torch.Size([32, 32])
torch.Size([32, 256])
torch.Size([32, 32])
torch.Size([32, 256])
torch.Size([32, 32])
torch.Size([32, 256])
torch.Size([32, 32])
torch.Size([32, 256])
torch.Size([32, 32])
torch.Size([15, 256])
torch.Size([15, 32])
Epoch [39/50] - Train Loss: 0.0102, Train Acc: 99.72%, Val Loss: 0.3439, Val Acc: 85.71%
Epoch 40/50 [Train]:  64%|██████▎   | 14/22 [00:04<00:02,  3.99it/s, Loss=0.0303, Acc=99.38%]
torch.Size([32, 256])
torch.Size([32, 32])
torch.Size([32, 256])
torch.Size([32, 32])
torch.Size([32, 256])
torch.Size([32, 32])
torch.Size([32, 256])
torch.Size([32, 32])
torch.Size([32, 256])
torch.Size([32, 32])
torch.Size([32, 256])
torch.Size([32, 32])
torch.Size([32, 256])
torch.Size([32, 32])
torch.Size([32, 256])
torch.Size([32, 32])
torch.Size([32, 256])
torch.Size([32, 32])
torch.Size([32, 256])
torch.Size([32, 32])
torch.Size([32, 256])
torch.Size([32, 32])
torch.Size([32, 256])
torch.Size([32, 32])
torch.Size([32, 256])
torch.Size([32, 32])
torch.Size([32, 256])
torch.Size([32, 32])
torch.Size([32, 256])
torch.Size([32, 32])
torch.Size([32, 256])
torch.Size([32, 32])
torch.Size([32, 256])
torch.Size([32, 32])
torch.Size([32, 256])
torch.Size([32, 32])
torch.Size([32, 256])
torch.Size([32, 32])
torch.Size([32, 256])
torch.Size([32, 32])
torch.Size([32, 256])
torch.Size([32, 32])
torch.Size([30, 256])
torch.Size([30, 32])
torch.Size([32, 256])
torch.Size([32, 32])
torch.Size([32, 256])
torch.Size([32, 32])
torch.Size([32, 256])
torch.Size([32, 32])
torch.Size([32, 256])
torch.Size([32, 32])
torch.Size([32, 256])
torch.Size([32, 32])
torch.Size([15, 256])
torch.Size([15, 32])
Epoch [40/50] - Train Loss: 0.0238, Train Acc: 99.43%, Val Loss: 0.1165, Val Acc: 98.29%
Epoch 41/50 [Train]:  68%|██████▊   | 15/22 [00:04<00:01,  4.02it/s, Loss=0.0097, Acc=99.58%]
torch.Size([32, 256])
torch.Size([32, 32])
torch.Size([32, 256])
torch.Size([32, 32])
torch.Size([32, 256])
torch.Size([32, 32])
torch.Size([32, 256])
torch.Size([32, 32])
torch.Size([32, 256])
torch.Size([32, 32])
torch.Size([32, 256])
torch.Size([32, 32])
torch.Size([32, 256])
torch.Size([32, 32])
torch.Size([32, 256])
torch.Size([32, 32])
torch.Size([32, 256])
torch.Size([32, 32])
torch.Size([32, 256])
torch.Size([32, 32])
torch.Size([32, 256])
torch.Size([32, 32])
torch.Size([32, 256])
torch.Size([32, 32])
torch.Size([32, 256])
torch.Size([32, 32])
torch.Size([32, 256])
torch.Size([32, 32])
torch.Size([32, 256])
torch.Size([32, 32])
torch.Size([32, 256])
torch.Size([32, 32])
torch.Size([32, 256])
torch.Size([32, 32])
torch.Size([32, 256])
torch.Size([32, 32])
torch.Size([32, 256])
torch.Size([32, 32])
torch.Size([32, 256])
torch.Size([32, 32])
torch.Size([32, 256])
torch.Size([32, 32])
torch.Size([30, 256])
torch.Size([30, 32])
torch.Size([32, 256])
torch.Size([32, 32])
torch.Size([32, 256])
torch.Size([32, 32])
torch.Size([32, 256])
torch.Size([32, 32])
torch.Size([32, 256])
torch.Size([32, 32])
torch.Size([32, 256])
torch.Size([32, 32])
torch.Size([15, 256])
torch.Size([15, 32])
Epoch [41/50] - Train Loss: 0.0165, Train Acc: 99.57%, Val Loss: 0.0736, Val Acc: 98.29%
Epoch 42/50 [Train]:  68%|██████▊   | 15/22 [00:04<00:01,  4.05it/s, Loss=0.0097, Acc=100.00%]
torch.Size([32, 256])
torch.Size([32, 32])
torch.Size([32, 256])
torch.Size([32, 32])
torch.Size([32, 256])
torch.Size([32, 32])
torch.Size([32, 256])
torch.Size([32, 32])
torch.Size([32, 256])
torch.Size([32, 32])
torch.Size([32, 256])
torch.Size([32, 32])
torch.Size([32, 256])
torch.Size([32, 32])
torch.Size([32, 256])
torch.Size([32, 32])
torch.Size([32, 256])
torch.Size([32, 32])
torch.Size([32, 256])
torch.Size([32, 32])
torch.Size([32, 256])
torch.Size([32, 32])
torch.Size([32, 256])
torch.Size([32, 32])
torch.Size([32, 256])
torch.Size([32, 32])
torch.Size([32, 256])
torch.Size([32, 32])
torch.Size([32, 256])
torch.Size([32, 32])
torch.Size([32, 256])
torch.Size([32, 32])
torch.Size([32, 256])
torch.Size([32, 32])
torch.Size([32, 256])
torch.Size([32, 32])
torch.Size([32, 256])
torch.Size([32, 32])
torch.Size([32, 256])
torch.Size([32, 32])
torch.Size([32, 256])
torch.Size([32, 32])
torch.Size([30, 256])
torch.Size([30, 32])
torch.Size([32, 256])
torch.Size([32, 32])
torch.Size([32, 256])
torch.Size([32, 32])
torch.Size([32, 256])
torch.Size([32, 32])
torch.Size([32, 256])
torch.Size([32, 32])
torch.Size([32, 256])
torch.Size([32, 32])
torch.Size([15, 256])
torch.Size([15, 32])
Epoch [42/50] - Train Loss: 0.0075, Train Acc: 100.00%, Val Loss: 0.1041, Val Acc: 96.57%
Epoch 43/50 [Train]:  68%|██████▊   | 15/22 [00:04<00:01,  4.23it/s, Loss=0.0015, Acc=100.00%]
torch.Size([32, 256])
torch.Size([32, 32])
torch.Size([32, 256])
torch.Size([32, 32])
torch.Size([32, 256])
torch.Size([32, 32])
torch.Size([32, 256])
torch.Size([32, 32])
torch.Size([32, 256])
torch.Size([32, 32])
torch.Size([32, 256])
torch.Size([32, 32])
torch.Size([32, 256])
torch.Size([32, 32])
torch.Size([32, 256])
torch.Size([32, 32])
torch.Size([32, 256])
torch.Size([32, 32])
torch.Size([32, 256])
torch.Size([32, 32])
torch.Size([32, 256])
torch.Size([32, 32])
torch.Size([32, 256])
torch.Size([32, 32])
torch.Size([32, 256])
torch.Size([32, 32])
torch.Size([32, 256])
torch.Size([32, 32])
torch.Size([32, 256])
torch.Size([32, 32])
torch.Size([32, 256])
torch.Size([32, 32])
torch.Size([32, 256])
torch.Size([32, 32])
torch.Size([32, 256])
torch.Size([32, 32])
torch.Size([32, 256])
torch.Size([32, 32])
torch.Size([32, 256])
torch.Size([32, 32])
torch.Size([32, 256])
torch.Size([32, 32])
torch.Size([30, 256])
torch.Size([30, 32])
torch.Size([32, 256])
torch.Size([32, 32])
torch.Size([32, 256])
torch.Size([32, 32])
torch.Size([32, 256])
torch.Size([32, 32])
torch.Size([32, 256])
torch.Size([32, 32])
torch.Size([32, 256])
torch.Size([32, 32])
torch.Size([15, 256])
torch.Size([15, 32])
Epoch [43/50] - Train Loss: 0.0017, Train Acc: 100.00%, Val Loss: 0.0564, Val Acc: 99.43%
Epoch 44/50 [Train]:  68%|██████▊   | 15/22 [00:04<00:01,  4.19it/s, Loss=0.0081, Acc=99.58%]
torch.Size([32, 256])
torch.Size([32, 32])
torch.Size([32, 256])
torch.Size([32, 32])
torch.Size([32, 256])
torch.Size([32, 32])
torch.Size([32, 256])
torch.Size([32, 32])
torch.Size([32, 256])
torch.Size([32, 32])
torch.Size([32, 256])
torch.Size([32, 32])
torch.Size([32, 256])
torch.Size([32, 32])
torch.Size([32, 256])
torch.Size([32, 32])
torch.Size([32, 256])
torch.Size([32, 32])
torch.Size([32, 256])
torch.Size([32, 32])
torch.Size([32, 256])
torch.Size([32, 32])
torch.Size([32, 256])
torch.Size([32, 32])
torch.Size([32, 256])
torch.Size([32, 32])
torch.Size([32, 256])
torch.Size([32, 32])
torch.Size([32, 256])
torch.Size([32, 32])
torch.Size([32, 256])
torch.Size([32, 32])
torch.Size([32, 256])
torch.Size([32, 32])
torch.Size([32, 256])
torch.Size([32, 32])
torch.Size([32, 256])
torch.Size([32, 32])
torch.Size([32, 256])
torch.Size([32, 32])
torch.Size([32, 256])
torch.Size([32, 32])
torch.Size([30, 256])
torch.Size([30, 32])
torch.Size([32, 256])
torch.Size([32, 32])
torch.Size([32, 256])
torch.Size([32, 32])
torch.Size([32, 256])
torch.Size([32, 32])
torch.Size([32, 256])
torch.Size([32, 32])
torch.Size([32, 256])
torch.Size([32, 32])
torch.Size([15, 256])
torch.Size([15, 32])
Epoch [44/50] - Train Loss: 0.0072, Train Acc: 99.72%, Val Loss: 0.0792, Val Acc: 99.43%
Epoch 45/50 [Train]:  68%|██████▊   | 15/22 [00:04<00:01,  3.95it/s, Loss=0.0019, Acc=100.00%]
torch.Size([32, 256])
torch.Size([32, 32])
torch.Size([32, 256])
torch.Size([32, 32])
torch.Size([32, 256])
torch.Size([32, 32])
torch.Size([32, 256])
torch.Size([32, 32])
torch.Size([32, 256])
torch.Size([32, 32])
torch.Size([32, 256])
torch.Size([32, 32])
torch.Size([32, 256])
torch.Size([32, 32])
torch.Size([32, 256])
torch.Size([32, 32])
torch.Size([32, 256])
torch.Size([32, 32])
torch.Size([32, 256])
torch.Size([32, 32])
torch.Size([32, 256])
torch.Size([32, 32])
torch.Size([32, 256])
torch.Size([32, 32])
torch.Size([32, 256])
torch.Size([32, 32])
torch.Size([32, 256])
torch.Size([32, 32])
torch.Size([32, 256])
torch.Size([32, 32])
torch.Size([32, 256])
torch.Size([32, 32])
torch.Size([32, 256])
torch.Size([32, 32])
torch.Size([32, 256])
torch.Size([32, 32])
torch.Size([32, 256])
torch.Size([32, 32])
torch.Size([32, 256])
torch.Size([32, 32])
torch.Size([32, 256])
torch.Size([32, 32])
torch.Size([30, 256])
torch.Size([30, 32])
torch.Size([32, 256])
torch.Size([32, 32])
torch.Size([32, 256])
torch.Size([32, 32])
torch.Size([32, 256])
torch.Size([32, 32])
torch.Size([32, 256])
torch.Size([32, 32])
torch.Size([32, 256])
torch.Size([32, 32])
torch.Size([15, 256])
torch.Size([15, 32])
Epoch [45/50] - Train Loss: 0.0028, Train Acc: 100.00%, Val Loss: 0.0938, Val Acc: 98.86%
Epoch 46/50 [Train]:  68%|██████▊   | 15/22 [00:04<00:01,  4.45it/s, Loss=0.0077, Acc=99.58%]
torch.Size([32, 256])
torch.Size([32, 32])
torch.Size([32, 256])
torch.Size([32, 32])
torch.Size([32, 256])
torch.Size([32, 32])
torch.Size([32, 256])
torch.Size([32, 32])
torch.Size([32, 256])
torch.Size([32, 32])
torch.Size([32, 256])
torch.Size([32, 32])
torch.Size([32, 256])
torch.Size([32, 32])
torch.Size([32, 256])
torch.Size([32, 32])
torch.Size([32, 256])
torch.Size([32, 32])
torch.Size([32, 256])
torch.Size([32, 32])
torch.Size([32, 256])
torch.Size([32, 32])
torch.Size([32, 256])
torch.Size([32, 32])
torch.Size([32, 256])
torch.Size([32, 32])
torch.Size([32, 256])
torch.Size([32, 32])
torch.Size([32, 256])
torch.Size([32, 32])
torch.Size([32, 256])
torch.Size([32, 32])
torch.Size([32, 256])
torch.Size([32, 32])
torch.Size([32, 256])
torch.Size([32, 32])
torch.Size([32, 256])
torch.Size([32, 32])
torch.Size([32, 256])
torch.Size([32, 32])
torch.Size([32, 256])
torch.Size([32, 32])
torch.Size([30, 256])
torch.Size([30, 32])
torch.Size([32, 256])
torch.Size([32, 32])
torch.Size([32, 256])
torch.Size([32, 32])
torch.Size([32, 256])
torch.Size([32, 32])
torch.Size([32, 256])
torch.Size([32, 32])
torch.Size([32, 256])
torch.Size([32, 32])
torch.Size([15, 256])
torch.Size([15, 32])
Epoch [46/50] - Train Loss: 0.0057, Train Acc: 99.72%, Val Loss: 0.0901, Val Acc: 97.71%
Epoch 47/50 [Train]:  64%|██████▎   | 14/22 [00:04<00:02,  3.74it/s, Loss=0.0057, Acc=100.00%]
torch.Size([32, 256])
torch.Size([32, 32])
torch.Size([32, 256])
torch.Size([32, 32])
torch.Size([32, 256])
torch.Size([32, 32])
torch.Size([32, 256])
torch.Size([32, 32])
torch.Size([32, 256])
torch.Size([32, 32])
torch.Size([32, 256])
torch.Size([32, 32])
torch.Size([32, 256])
torch.Size([32, 32])
torch.Size([32, 256])
torch.Size([32, 32])
torch.Size([32, 256])
torch.Size([32, 32])
torch.Size([32, 256])
torch.Size([32, 32])
torch.Size([32, 256])
torch.Size([32, 32])
torch.Size([32, 256])
torch.Size([32, 32])
torch.Size([32, 256])
torch.Size([32, 32])
torch.Size([32, 256])
torch.Size([32, 32])
torch.Size([32, 256])
torch.Size([32, 32])
torch.Size([32, 256])
torch.Size([32, 32])
torch.Size([32, 256])
torch.Size([32, 32])
torch.Size([32, 256])
torch.Size([32, 32])
torch.Size([32, 256])
torch.Size([32, 32])
torch.Size([32, 256])
torch.Size([32, 32])
torch.Size([32, 256])
torch.Size([32, 32])
torch.Size([30, 256])
torch.Size([30, 32])
torch.Size([32, 256])
torch.Size([32, 32])
torch.Size([32, 256])
torch.Size([32, 32])
torch.Size([32, 256])
torch.Size([32, 32])
torch.Size([32, 256])
torch.Size([32, 32])
torch.Size([32, 256])
torch.Size([32, 32])
torch.Size([15, 256])
torch.Size([15, 32])
Epoch [47/50] - Train Loss: 0.0094, Train Acc: 99.86%, Val Loss: 1.1365, Val Acc: 65.14%
Epoch 48/50 [Train]:  68%|██████▊   | 15/22 [00:04<00:01,  4.20it/s, Loss=0.0409, Acc=98.96%]
torch.Size([32, 256])
torch.Size([32, 32])
torch.Size([32, 256])
torch.Size([32, 32])
torch.Size([32, 256])
torch.Size([32, 32])
torch.Size([32, 256])
torch.Size([32, 32])
torch.Size([32, 256])
torch.Size([32, 32])
torch.Size([32, 256])
torch.Size([32, 32])
torch.Size([32, 256])
torch.Size([32, 32])
torch.Size([32, 256])
torch.Size([32, 32])
torch.Size([32, 256])
torch.Size([32, 32])
torch.Size([32, 256])
torch.Size([32, 32])
torch.Size([32, 256])
torch.Size([32, 32])
torch.Size([32, 256])
torch.Size([32, 32])
torch.Size([32, 256])
torch.Size([32, 32])
torch.Size([32, 256])
torch.Size([32, 32])
torch.Size([32, 256])
torch.Size([32, 32])
torch.Size([32, 256])
torch.Size([32, 32])
torch.Size([32, 256])
torch.Size([32, 32])
torch.Size([32, 256])
torch.Size([32, 32])
torch.Size([32, 256])
torch.Size([32, 32])
torch.Size([32, 256])
torch.Size([32, 32])
torch.Size([32, 256])
torch.Size([32, 32])
torch.Size([30, 256])
torch.Size([30, 32])
torch.Size([32, 256])
torch.Size([32, 32])
torch.Size([32, 256])
torch.Size([32, 32])
torch.Size([32, 256])
torch.Size([32, 32])
torch.Size([32, 256])
torch.Size([32, 32])
torch.Size([32, 256])
torch.Size([32, 32])
torch.Size([15, 256])
torch.Size([15, 32])
Epoch [48/50] - Train Loss: 0.0401, Train Acc: 98.58%, Val Loss: 0.8006, Val Acc: 76.00%
Epoch 49/50 [Train]:  68%|██████▊   | 15/22 [00:04<00:01,  4.34it/s, Loss=0.0418, Acc=99.17%]
torch.Size([32, 256])
torch.Size([32, 32])
torch.Size([32, 256])
torch.Size([32, 32])
torch.Size([32, 256])
torch.Size([32, 32])
torch.Size([32, 256])
torch.Size([32, 32])
torch.Size([32, 256])
torch.Size([32, 32])
torch.Size([32, 256])
torch.Size([32, 32])
torch.Size([32, 256])
torch.Size([32, 32])
torch.Size([32, 256])
torch.Size([32, 32])
torch.Size([32, 256])
torch.Size([32, 32])
torch.Size([32, 256])
torch.Size([32, 32])
torch.Size([32, 256])
torch.Size([32, 32])
torch.Size([32, 256])
torch.Size([32, 32])
torch.Size([32, 256])
torch.Size([32, 32])
torch.Size([32, 256])
torch.Size([32, 32])
torch.Size([32, 256])
torch.Size([32, 32])
torch.Size([32, 256])
torch.Size([32, 32])
torch.Size([32, 256])
torch.Size([32, 32])
torch.Size([32, 256])
torch.Size([32, 32])
torch.Size([32, 256])
torch.Size([32, 32])
torch.Size([32, 256])
torch.Size([32, 32])
torch.Size([32, 256])
torch.Size([32, 32])
torch.Size([30, 256])
torch.Size([30, 32])
torch.Size([32, 256])
torch.Size([32, 32])
torch.Size([32, 256])
torch.Size([32, 32])
torch.Size([32, 256])
torch.Size([32, 32])
torch.Size([32, 256])
torch.Size([32, 32])
torch.Size([32, 256])
torch.Size([32, 32])
torch.Size([15, 256])
torch.Size([15, 32])
Epoch [49/50] - Train Loss: 0.0381, Train Acc: 99.00%, Val Loss: 0.5163, Val Acc: 81.14%
Epoch 50/50 [Train]:  68%|██████▊   | 15/22 [00:04<00:01,  4.19it/s, Loss=0.0220, Acc=99.17%] 
torch.Size([32, 256])
torch.Size([32, 32])
torch.Size([32, 256])
torch.Size([32, 32])
torch.Size([32, 256])
torch.Size([32, 32])
torch.Size([32, 256])
torch.Size([32, 32])
torch.Size([32, 256])
torch.Size([32, 32])
torch.Size([32, 256])
torch.Size([32, 32])
torch.Size([32, 256])
torch.Size([32, 32])
torch.Size([32, 256])
torch.Size([32, 32])
torch.Size([32, 256])
torch.Size([32, 32])
torch.Size([32, 256])
torch.Size([32, 32])
torch.Size([32, 256])
torch.Size([32, 32])
torch.Size([32, 256])
torch.Size([32, 32])
torch.Size([32, 256])
torch.Size([32, 32])
torch.Size([32, 256])
torch.Size([32, 32])
torch.Size([32, 256])
torch.Size([32, 32])
torch.Size([32, 256])
torch.Size([32, 32])
torch.Size([32, 256])
torch.Size([32, 32])
torch.Size([32, 256])
torch.Size([32, 32])
torch.Size([32, 256])
torch.Size([32, 32])
torch.Size([32, 256])
torch.Size([32, 32])
torch.Size([32, 256])
torch.Size([32, 32])
torch.Size([30, 256])
torch.Size([30, 32])
torch.Size([32, 256])
torch.Size([32, 32])
torch.Size([32, 256])
torch.Size([32, 32])
torch.Size([32, 256])
torch.Size([32, 32])
torch.Size([32, 256])
torch.Size([32, 32])
torch.Size([32, 256])
torch.Size([32, 32])
torch.Size([15, 256])
torch.Size([15, 32])
Epoch [50/50] - Train Loss: 0.0260, Train Acc: 99.15%, Val Loss: 3.0858, Val Acc: 60.57%
Evaluating model...
Evaluating: 100%|██████████| 7/7 [00:02<00:00,  3.04it/s]
torch.Size([32, 256])
torch.Size([32, 32])
torch.Size([32, 256])
torch.Size([32, 32])
torch.Size([32, 256])
torch.Size([32, 32])
torch.Size([32, 256])
torch.Size([32, 32])
torch.Size([32, 256])
torch.Size([32, 32])
torch.Size([32, 256])
torch.Size([32, 32])
torch.Size([28, 256])
torch.Size([28, 32])
Test Results:
Accuracy: 0.5227 (52.27%)
Precision: 0.8150 (81.50%)
Recall: 0.5227 (52.27%)
F1-Score: 0.4407 (44.07%)
AUC-ROC: 0.9874 (98.74%)
Model saved as 'base_ccal.pth'
