============================================================
Lung-EffNet — Sequential 70/20/10 Split (No Shuffle)
============================================================
Total images: 1097
  Bengin cases: 120
  Malignant cases: 561
  Normal cases: 416
  [v2.1] val split empty — using test as val for monitoring.

After sequential 70/20/10 split:
  Train: 876 (first 70%)
  Val:   221 (next 20%)
  Test:  221 (last 10%)
    Bengin cases: train=96, val=24, test=24
    Malignant cases: train=448, val=113, test=113
    Normal cases: train=332, val=84, test=84
Train after augmentation: 3140

############################################################
 EfficientNet-B0 | SEQUENTIAL SPLIT
############################################################
Downloading: "https://download.pytorch.org/models/efficientnet_b0_rwightman-7f5810bc.pth" to /root/.cache/torch/hub/checkpoints/efficientnet_b0_rwightman-7f5810bc.pth
100%|██████████| 20.5M/20.5M [00:00<00:00, 136MB/s] 
  EfficientNet-B0: 4.01M params

============================================================
 Training: EffNet-B0 | 30 epochs | LR=0.001
============================================================
  [  1/30] loss=0.3648/0.4499 acc=0.8466/0.8643 f1=0.7692 lr=1.0e-03 (24.4s) ★
  [  2/30] loss=0.1448/0.5365 acc=0.9461/0.9186 f1=0.8439 lr=1.0e-03 (21.9s) ★
  [  3/30] loss=0.1162/0.5488 acc=0.9576/0.8733 f1=0.7810 lr=1.0e-03 (21.5s)
  [  4/30] loss=0.0777/0.6005 acc=0.9751/0.8462 f1=0.7701 lr=1.0e-03 (22.3s)
  [  5/30] loss=0.0718/0.6231 acc=0.9774/0.8959 f1=0.8083 lr=1.0e-03 (22.7s)
  [  6/30] loss=0.0535/0.5924 acc=0.9815/0.8824 f1=0.8100 lr=1.0e-03 (22.6s)
  [  7/30] loss=0.0376/0.6376 acc=0.9869/0.8597 f1=0.7677 lr=1.0e-03 (22.5s)
  [  8/30] loss=0.0362/1.0823 acc=0.9885/0.8733 f1=0.7846 lr=3.0e-04 (22.4s)
  [  9/30] loss=0.0079/0.8151 acc=0.9974/0.8959 f1=0.8173 lr=3.0e-04 (22.9s)
  ⏹ Early stop at epoch 9 (no improvement for 7 epochs)

============================================================
 TEST RESULTS — EffNet-B0
============================================================
Accuracy:  91.86%
Parameters: 4.01M

              precision    recall  f1-score   support

      Benign       0.62      0.67      0.64        24
   Malignant       1.00      1.00      1.00       113
      Normal       0.90      0.88      0.89        84

    accuracy                           0.92       221
   macro avg       0.84      0.85      0.84       221
weighted avg       0.92      0.92      0.92       221


############################################################
 EfficientNet-B1 | SEQUENTIAL SPLIT
############################################################
Downloading: "https://download.pytorch.org/models/efficientnet_b1_rwightman-bac287d4.pth" to /root/.cache/torch/hub/checkpoints/efficientnet_b1_rwightman-bac287d4.pth
100%|██████████| 30.1M/30.1M [00:00<00:00, 155MB/s] 
  EfficientNet-B1: 6.52M params

============================================================
 Training: EffNet-B1 | 30 epochs | LR=0.001
============================================================
  [  1/30] loss=0.3716/0.2180 acc=0.8498/0.9186 f1=0.8262 lr=1.0e-03 (29.3s) ★
  [  2/30] loss=0.1054/0.3631 acc=0.9621/0.9186 f1=0.8377 lr=1.0e-03 (28.4s)
  [  3/30] loss=0.1022/0.5259 acc=0.9665/0.8643 f1=0.7679 lr=1.0e-03 (28.4s)
  [  4/30] loss=0.0623/0.4953 acc=0.9770/0.9050 f1=0.8368 lr=1.0e-03 (28.6s)
  [  5/30] loss=0.0429/0.4371 acc=0.9866/0.9005 f1=0.7942 lr=1.0e-03 (28.5s)
  [  6/30] loss=0.0304/0.6055 acc=0.9898/0.9140 f1=0.8416 lr=1.0e-03 (28.5s)
  [  7/30] loss=0.0388/1.0938 acc=0.9853/0.8145 f1=0.7353 lr=3.0e-04 (28.8s)
  [  8/30] loss=0.0140/0.9658 acc=0.9952/0.8688 f1=0.7824 lr=3.0e-04 (28.6s)
  ⏹ Early stop at epoch 8 (no improvement for 7 epochs)

============================================================
 TEST RESULTS — EffNet-B1
============================================================
Accuracy:  91.86%
Parameters: 6.52M

              precision    recall  f1-score   support

      Benign       0.71      0.50      0.59        24
   Malignant       1.00      0.99      1.00       113
      Normal       0.86      0.94      0.90        84

    accuracy                           0.92       221
   macro avg       0.85      0.81      0.83       221
weighted avg       0.91      0.92      0.91       221


############################################################
 EfficientNet-B2 | SEQUENTIAL SPLIT
############################################################
Downloading: "https://download.pytorch.org/models/efficientnet_b2_rwightman-c35c1473.pth" to /root/.cache/torch/hub/checkpoints/efficientnet_b2_rwightman-c35c1473.pth
100%|██████████| 35.2M/35.2M [00:00<00:00, 146MB/s] 
  EfficientNet-B2: 7.71M params

============================================================
 Training: EffNet-B2 | 30 epochs | LR=0.001
============================================================
  [  1/30] loss=0.3712/0.3777 acc=0.8447/0.8824 f1=0.8140 lr=1.0e-03 (30.9s) ★
  [  2/30] loss=0.1362/0.6635 acc=0.9570/0.8416 f1=0.7646 lr=1.0e-03 (30.5s)
  [  3/30] loss=0.0880/0.6605 acc=0.9710/0.8643 f1=0.7487 lr=1.0e-03 (30.8s)
  [  4/30] loss=0.0865/0.6053 acc=0.9748/0.8643 f1=0.7801 lr=1.0e-03 (30.6s)
  [  5/30] loss=0.0612/0.6959 acc=0.9821/0.8778 f1=0.7758 lr=1.0e-03 (30.6s)
  [  6/30] loss=0.0418/0.6411 acc=0.9828/0.9050 f1=0.8269 lr=1.0e-03 (30.7s) ★
  [  7/30] loss=0.0167/0.6320 acc=0.9949/0.8733 f1=0.7948 lr=1.0e-03 (30.6s)
  [  8/30] loss=0.0181/1.2968 acc=0.9946/0.8597 f1=0.7428 lr=1.0e-03 (30.6s)
  [  9/30] loss=0.0634/0.8177 acc=0.9780/0.9050 f1=0.8420 lr=1.0e-03 (30.7s)
  [ 10/30] loss=0.0282/0.6625 acc=0.9914/0.8959 f1=0.8063 lr=1.0e-03 (30.5s)
  [ 11/30] loss=0.0231/0.7653 acc=0.9933/0.8959 f1=0.8308 lr=1.0e-03 (30.5s)
  [ 12/30] loss=0.0316/0.8147 acc=0.9904/0.8507 f1=0.7713 lr=3.0e-04 (30.7s)
  [ 13/30] loss=0.0099/0.8716 acc=0.9978/0.8733 f1=0.7987 lr=3.0e-04 (30.7s)
  ⏹ Early stop at epoch 13 (no improvement for 7 epochs)

============================================================
 TEST RESULTS — EffNet-B2
============================================================
Accuracy:  90.50%
Parameters: 7.71M

              precision    recall  f1-score   support

      Benign       0.60      0.62      0.61        24
   Malignant       0.97      0.99      0.98       113
      Normal       0.91      0.87      0.89        84

    accuracy                           0.90       221
   macro avg       0.83      0.83      0.83       221
weighted avg       0.91      0.90      0.91       221


############################################################
 EfficientNet-B3 | SEQUENTIAL SPLIT
############################################################
Downloading: "https://download.pytorch.org/models/efficientnet_b3_rwightman-b3899882.pth" to /root/.cache/torch/hub/checkpoints/efficientnet_b3_rwightman-b3899882.pth
100%|██████████| 47.2M/47.2M [00:00<00:00, 166MB/s] 
  EfficientNet-B3: 10.70M params

============================================================
 Training: EffNet-B3 | 30 epochs | LR=0.001
============================================================
  [  1/30] loss=0.3522/0.7258 acc=0.8492/0.8326 f1=0.7585 lr=1.0e-03 (40.8s) ★
  [  2/30] loss=0.1479/0.6211 acc=0.9455/0.8914 f1=0.8235 lr=1.0e-03 (40.1s) ★
  [  3/30] loss=0.0593/0.9720 acc=0.9793/0.8416 f1=0.7617 lr=1.0e-03 (40.2s)
  [  4/30] loss=0.0756/0.8827 acc=0.9761/0.8733 f1=0.7787 lr=1.0e-03 (40.1s)
  [  5/30] loss=0.0458/0.4833 acc=0.9837/0.8959 f1=0.8258 lr=1.0e-03 (40.2s) ★
  [  6/30] loss=0.0307/0.3286 acc=0.9892/0.9231 f1=0.8355 lr=1.0e-03 (40.7s) ★
  [  7/30] loss=0.0254/0.8483 acc=0.9917/0.8824 f1=0.7745 lr=1.0e-03 (40.5s)
  [  8/30] loss=0.0433/1.4602 acc=0.9888/0.7873 f1=0.7042 lr=1.0e-03 (40.4s)
  [  9/30] loss=0.0402/0.7222 acc=0.9923/0.8281 f1=0.7368 lr=1.0e-03 (40.7s)
  [ 10/30] loss=0.0644/0.9198 acc=0.9799/0.9231 f1=0.8679 lr=1.0e-03 (40.6s)
  [ 11/30] loss=0.0309/0.6904 acc=0.9904/0.8959 f1=0.8194 lr=1.0e-03 (40.3s)
  [ 12/30] loss=0.0148/0.8943 acc=0.9955/0.8959 f1=0.8313 lr=3.0e-04 (40.9s)
  [ 13/30] loss=0.0060/0.7571 acc=0.9984/0.9005 f1=0.8036 lr=3.0e-04 (40.2s)
  ⏹ Early stop at epoch 13 (no improvement for 7 epochs)

============================================================
 TEST RESULTS — EffNet-B3
============================================================
Accuracy:  92.31%
Parameters: 10.70M

              precision    recall  f1-score   support

      Benign       0.68      0.54      0.60        24
   Malignant       1.00      1.00      1.00       113
      Normal       0.88      0.93      0.90        84

    accuracy                           0.92       221
   macro avg       0.85      0.82      0.84       221
weighted avg       0.92      0.92      0.92       221


############################################################
 EfficientNet-B4 | SEQUENTIAL SPLIT
############################################################
Downloading: "https://download.pytorch.org/models/efficientnet_b4_rwightman-23ab8bcd.pth" to /root/.cache/torch/hub/checkpoints/efficientnet_b4_rwightman-23ab8bcd.pth
100%|██████████| 74.5M/74.5M [00:00<00:00, 175MB/s] 
  EfficientNet-B4: 17.55M params

============================================================
 Training: EffNet-B4 | 30 epochs | LR=0.001
============================================================
  [  1/30] loss=0.3780/0.4410 acc=0.8367/0.8959 f1=0.8083 lr=1.0e-03 (55.6s) ★
  [  2/30] loss=0.0948/0.9709 acc=0.9659/0.8688 f1=0.7834 lr=1.0e-03 (55.4s)
  [  3/30] loss=0.0677/0.7307 acc=0.9793/0.8643 f1=0.7692 lr=1.0e-03 (56.0s)
  [  4/30] loss=0.0359/1.0493 acc=0.9882/0.8778 f1=0.7901 lr=1.0e-03 (56.0s)
  [  5/30] loss=0.0582/0.7341 acc=0.9815/0.8869 f1=0.7863 lr=1.0e-03 (55.7s)
  [  6/30] loss=0.0270/0.9257 acc=0.9930/0.9140 f1=0.8328 lr=1.0e-03 (55.5s) ★
  [  7/30] loss=0.0371/0.8324 acc=0.9888/0.8914 f1=0.8154 lr=1.0e-03 (55.9s)
  [  8/30] loss=0.0130/1.3115 acc=0.9962/0.8869 f1=0.8014 lr=1.0e-03 (55.6s)
  [  9/30] loss=0.0197/0.6919 acc=0.9949/0.9050 f1=0.8250 lr=1.0e-03 (55.5s)
  [ 10/30] loss=0.0147/1.0364 acc=0.9946/0.8778 f1=0.8099 lr=1.0e-03 (55.6s)
  [ 11/30] loss=0.0097/1.1411 acc=0.9978/0.8914 f1=0.8283 lr=1.0e-03 (55.3s)
  [ 12/30] loss=0.0035/1.3024 acc=0.9984/0.9050 f1=0.8152 lr=3.0e-04 (55.7s)
  [ 13/30] loss=0.0054/1.1291 acc=0.9990/0.9186 f1=0.8554 lr=3.0e-04 (55.5s) ★
  [ 14/30] loss=0.0035/1.3502 acc=0.9987/0.9276 f1=0.8743 lr=3.0e-04 (56.1s) ★
  [ 15/30] loss=0.0024/1.2283 acc=0.9984/0.9140 f1=0.8455 lr=3.0e-04 (55.5s)
  [ 16/30] loss=0.0006/1.3005 acc=0.9997/0.9186 f1=0.8519 lr=3.0e-04 (55.8s)
  [ 17/30] loss=0.0007/1.2594 acc=1.0000/0.9186 f1=0.8480 lr=3.0e-04 (55.4s)
  [ 18/30] loss=0.0044/1.3764 acc=0.9984/0.8959 f1=0.8249 lr=3.0e-04 (55.5s)
  [ 19/30] loss=0.0019/0.6813 acc=0.9994/0.9186 f1=0.8393 lr=3.0e-04 (55.5s)
  [ 20/30] loss=0.0049/0.8482 acc=0.9984/0.9367 f1=0.8848 lr=3.0e-04 (55.3s) ★
  [ 21/30] loss=0.0017/0.9989 acc=0.9997/0.9321 f1=0.8780 lr=3.0e-04 (55.7s)
  [ 22/30] loss=0.0003/0.9189 acc=1.0000/0.9321 f1=0.8750 lr=3.0e-04 (55.4s)
  [ 23/30] loss=0.0009/0.9549 acc=0.9997/0.9321 f1=0.8780 lr=3.0e-04 (55.6s)
  [ 24/30] loss=0.0002/1.0496 acc=1.0000/0.9276 f1=0.8714 lr=3.0e-04 (55.9s)
  [ 25/30] loss=0.0001/1.0525 acc=1.0000/0.9276 f1=0.8714 lr=3.0e-04 (55.6s)
  [ 26/30] loss=0.0007/1.1302 acc=0.9997/0.9095 f1=0.8462 lr=9.0e-05 (55.7s)
  [ 27/30] loss=0.0007/1.1066 acc=1.0000/0.9186 f1=0.8586 lr=9.0e-05 (55.5s)
  ⏹ Early stop at epoch 27 (no improvement for 7 epochs)

============================================================
 TEST RESULTS — EffNet-B4
============================================================
Accuracy:  93.67%
Parameters: 17.55M

              precision    recall  f1-score   support

      Benign       0.67      0.83      0.74        24
   Malignant       1.00      1.00      1.00       113
      Normal       0.95      0.88      0.91        84

    accuracy                           0.94       221
   macro avg       0.87      0.90      0.88       221
weighted avg       0.94      0.94      0.94       221


===========================================================================
 COMPARISON: Paper (Leaky) vs Sequential (Honest)
===========================================================================
Model         Paper Acc    Seq Acc    Δ Acc
---------------------------------------------
EffNet-B0        93.67%     91.86%   -1.81%
EffNet-B1        99.10%     91.86%   -7.24%
EffNet-B2        99.10%     90.50%   -8.60%
EffNet-B3        98.19%     92.31%   -5.88%
EffNet-B4        97.29%     93.67%   -3.62%

Generating XAI on best model...

✅ XAI visualizations generated.
