torch.Size([64, 3, 64, 64])
torch.Size([64, 3, 64, 64])
torch.Size([42, 3, 64, 64])
Archive:  53BM-faces.zip
  inflating: 53BM-faces/ahnab/Screenshot from 2024-10-22 12-53-58.png
  inflating: 53BM-faces/ahnab/Screenshot from 2024-10-22 13-10-06.png
  inflating: 53BM-faces/ahnab/Screenshot from 2024-10-29 18-53-31.png
  inflating: 53BM-faces/amir/Screenshot from 2024-10-22 13-26-26.png
  inflating: 53BM-faces/amir/Screenshot from 2024-10-22 13-26-37.png
  inflating: 53BM-faces/amir/Screenshot from 2024-10-22 13-26-45.png
  inflating: 53BM-faces/anas/Screenshot from 2024-10-22 09-45-29.png
  inflating: 53BM-faces/anas/Screenshot from 2024-10-22 09-46-36.png
  inflating: 53BM-faces/anas/Screenshot from 2024-10-22 12-49-14.png
  inflating: 53BM-faces/anas/Screenshot from 2024-10-22 12-52-13.png
  inflating: 53BM-faces/anas/Screenshot from 2024-10-22 12-52-56.png
  inflating: 53BM-faces/anas/Screenshot from 2024-10-22 12-59-47.png
  inflating: 53BM-faces/anas/Screenshot from 2024-10-22 13-01-05.png
  inflating: 53BM-faces/anas/Screenshot from 2024-10-29 18-49-09.png
  inflating: 53BM-faces/arman/Screenshot from 2024-10-22 12-52-44.png
  inflating: 53BM-faces/arman/Screenshot from 2024-10-22 13-23-26.png
  inflating: 53BM-faces/atik/Screenshot from 2024-10-22 13-12-09.png
  inflating: 53BM-faces/atik/Screenshot from 2024-10-22 13-15-38.png
  inflating: 53BM-faces/atik/Screenshot from 2024-10-22 13-21-49.png
  inflating: 53BM-faces/atik/Screenshot from 2024-10-29 19-01-01.png
  inflating: 53BM-faces/chahodul/Screenshot from 2024-10-22 12-47-18.png
  inflating: 53BM-faces/chahodul/Screenshot from 2024-10-22 13-07-51.png
  inflating: 53BM-faces/chahodul/Screenshot from 2024-10-22 13-09-10.png
  inflating: 53BM-faces/chahodul/Screenshot from 2024-10-22 13-16-29.png
  inflating: 53BM-faces/chahodul/Screenshot from 2024-10-22 13-21-06.png
  inflating: 53BM-faces/durjoy/Screenshot from 2024-10-22 13-45-47.png
  inflating: 53BM-faces/durjoy/Screenshot from 2024-10-22 13-44-08.png
  inflating: 53BM-faces/durjoy/Screenshot from 2024-10-22 13-44-18.png
  inflating: 53BM-faces/durjoy/Screenshot from 2024-10-22 13-44-24.png
  inflating: 53BM-faces/durjoy/Screenshot from 2024-10-22 13-06-35.png
  inflating: 53BM-faces/durjoy/Screenshot from 2024-10-22 13-08-10.png
  inflating: 53BM-faces/durjoy/Screenshot from 2024-10-22 13-45-03.png
  inflating: 53BM-faces/faisal/Screenshot from 2024-10-22 12-49-23.png
  inflating: 53BM-faces/faisal/Screenshot from 2024-10-22 12-49-46.png
  inflating: 53BM-faces/faisal/Screenshot from 2024-10-22 12-50-10.png
  inflating: 53BM-faces/faisal/Screenshot from 2024-10-22 12-51-04.png
  inflating: 53BM-faces/faisal/Screenshot from 2024-10-22 12-56-32.png
  inflating: 53BM-faces/faisal/Screenshot from 2024-10-22 12-56-56.png
  inflating: 53BM-faces/faisal/Screenshot from 2024-10-22 12-57-19.png
  inflating: 53BM-faces/faisal/Screenshot from 2024-10-22 12-58-10.png
  inflating: 53BM-faces/faisal/Screenshot from 2024-10-22 13-05-48.png
  inflating: 53BM-faces/faisal/Screenshot from 2024-10-22 13-09-48.png
  inflating: 53BM-faces/fardin/Screenshot from 2024-10-22 09-45-32.png
  inflating: 53BM-faces/fardin/Screenshot from 2024-10-22 12-48-19.png
  inflating: 53BM-faces/fardin/Screenshot from 2024-10-22 12-51-58.png
  inflating: 53BM-faces/fardin/Screenshot from 2024-10-22 12-54-04.png
  inflating: 53BM-faces/fardin/Screenshot from 2024-10-22 12-59-22.png
  inflating: 53BM-faces/fardin/Screenshot from 2024-10-22 12-59-39.png
  inflating: 53BM-faces/fardin/Screenshot from 2024-10-22 13-11-22.png
  inflating: 53BM-faces/fardin/Screenshot from 2024-10-29 19-04-17.png
  inflating: 53BM-faces/jobayer/Screenshot from 2024-10-22 12-52-01.png
  inflating: 53BM-faces/jobayer/Screenshot from 2024-10-22 12-57-10.png
  inflating: 53BM-faces/jobayer/Screenshot from 2024-10-29 19-07-29.png
  inflating: 53BM-faces/kashfi/Screenshot from 2024-10-22 09-45-51.png
  inflating: 53BM-faces/kashfi/Screenshot from 2024-10-22 12-52-31.png
  inflating: 53BM-faces/kashfi/Screenshot from 2024-10-22 13-11-13.png
  inflating: 53BM-faces/kashfi/Screenshot from 2024-10-22 19-20-58.png
  inflating: 53BM-faces/kashfi/Screenshot from 2024-10-22 19-21-14.png
  inflating: 53BM-faces/kashfi/Screenshot from 2024-10-22 19-22-37.png
  inflating: 53BM-faces/kashfi/Kashfi.png
  inflating: 53BM-faces/mahi/Screenshot from 2024-10-22 09-45-26.png
  inflating: 53BM-faces/mahi/Screenshot from 2024-10-22 13-03-59.png
  inflating: 53BM-faces/mahi/Screenshot from 2024-10-22 13-15-50.png
  inflating: 53BM-faces/mahi/Screenshot from 2024-10-22 18-52-01.png
  inflating: 53BM-faces/mahi/Screenshot from 2024-10-22 18-56-01.png
  inflating: 53BM-faces/mahi/Screenshot from 2024-10-22 18-56-20.png
  inflating: 53BM-faces/mamun/Screenshot from 2024-10-22 09-42-21.png
  inflating: 53BM-faces/mamun/Screenshot from 2024-10-22 09-42-39.png
  inflating: 53BM-faces/mamun/Screenshot from 2024-10-22 09-45-56.png
  inflating: 53BM-faces/mamun/Screenshot from 2024-10-22 12-50-01.png
  inflating: 53BM-faces/mamun/Screenshot from 2024-10-22 12-52-37.png
  inflating: 53BM-faces/mamun/Screenshot from 2024-10-22 12-55-02.png
  inflating: 53BM-faces/mamun/Screenshot from 2024-10-22 13-02-50.png
  inflating: 53BM-faces/mamun/Screenshot from 2024-10-22 13-03-29.png
  inflating: 53BM-faces/mamun/Screenshot from 2024-10-22 13-05-40.png
  inflating: 53BM-faces/mamun/Screenshot from 2024-10-22 13-16-11.png
  inflating: 53BM-faces/mamun/Screenshot from 2024-10-29 19-15-26.png
  inflating: 53BM-faces/mayeen/Screenshot from 2024-10-22 09-45-23.png
  inflating: 53BM-faces/mayeen/Screenshot from 2024-10-22 12-53-04.png
  inflating: 53BM-faces/mayeen/Screenshot from 2024-10-22 12-54-59.png
  inflating: 53BM-faces/mayeen/Screenshot from 2024-10-22 12-58-42.png
  inflating: 53BM-faces/mayeen/Screenshot from 2024-10-22 13-01-48.png
  inflating: 53BM-faces/mayeen/Screenshot from 2024-10-22 13-13-07.png
  inflating: 53BM-faces/mayeen/Screenshot from 2024-10-22 13-14-28.png
  inflating: 53BM-faces/miftah/Screenshot from 2024-10-22 12-53-25.png
  inflating: 53BM-faces/miftah/Screenshot from 2024-10-22 12-53-32.png
  inflating: 53BM-faces/miftah/Screenshot from 2024-10-22 13-03-36.png
  inflating: 53BM-faces/miftah/Screenshot from 2024-10-22 13-07-09.png
  inflating: 53BM-faces/nahian/Screenshot from 2024-10-22 13-27-10.png
  inflating: 53BM-faces/nahian/Screenshot from 2024-10-22 13-12-13.png
  inflating: 53BM-faces/nahian/Screenshot from 2024-10-22 13-12-54.png
  inflating: 53BM-faces/nahian/Screenshot from 2024-10-22 13-22-03.png
  inflating: 53BM-faces/nahid/Screenshot from 2024-10-22 09-46-17.png
  inflating: 53BM-faces/nahid/Screenshot from 2024-10-22 12-47-02.png
  inflating: 53BM-faces/nahid/Screenshot from 2024-10-22 12-47-20.png
  inflating: 53BM-faces/nahid/Screenshot from 2024-10-22 13-00-34.png
  inflating: 53BM-faces/nahid/Screenshot from 2024-10-22 12-53-47.png
  inflating: 53BM-faces/nahid/Screenshot from 2024-10-22 13-09-00.png
  inflating: 53BM-faces/niloy/Screenshot from 2024-10-22 13-43-38.png
  inflating: 53BM-faces/niloy/Screenshot from 2024-10-22 13-24-37.png
  inflating: 53BM-faces/niloy/Screenshot from 2024-10-22 13-44-55.png
  inflating: 53BM-faces/niloy/Screenshot from 2024-10-22 13-43-02.png
  inflating: 53BM-faces/niloy/Screenshot from 2024-10-22 13-43-08.png
  inflating: 53BM-faces/niloy/Screenshot from 2024-10-22 13-43-14.png
  inflating: 53BM-faces/parba/Screenshot from 2024-10-22 09-46-50.png
  inflating: 53BM-faces/parba/Screenshot from 2024-10-22 12-56-39.png
  inflating: 53BM-faces/parba/Screenshot from 2024-10-22 13-16-03.png
  inflating: 53BM-faces/parba/Screenshot from 2024-10-22 13-23-00.png
  inflating: 53BM-faces/rafi/Screenshot from 2024-10-22 12-48-51.png
  inflating: 53BM-faces/rafi/Screenshot from 2024-10-22 12-49-00.png
  inflating: 53BM-faces/rafi/Screenshot from 2024-10-22 12-50-43.png
  inflating: 53BM-faces/rafi/Screenshot from 2024-10-24 17-24-35.png
  inflating: 53BM-faces/rafi/Screenshot from 2024-10-24 17-25-24.png
  inflating: 53BM-faces/raihan/Screenshot from 2024-10-22 12-55-38.png
  inflating: 53BM-faces/raihan/Screenshot from 2024-10-22 12-55-53.png
  inflating: 53BM-faces/raihan/Screenshot from 2024-10-22 13-15-06.png
  inflating: 53BM-faces/rakib/Screenshot from 2024-10-22 12-46-03.png
  inflating: 53BM-faces/rakib/Screenshot from 2024-10-22 12-57-51.png
  inflating: 53BM-faces/rakib/Screenshot from 2024-10-22 13-01-18.png
  inflating: 53BM-faces/rakib/Screenshot from 2024-10-22 13-19-41.png
  inflating: 53BM-faces/rakib/Screenshot from 2024-10-22 19-25-56.png
  inflating: 53BM-faces/rakib/Screenshot from 2024-10-22 19-25-49.png
  inflating: 53BM-faces/rayhan/Screenshot from 2024-10-22 12-47-48.png
  inflating: 53BM-faces/rayhan/Screenshot from 2024-10-22 12-55-43.png
  inflating: 53BM-faces/rayhan/Screenshot from 2024-10-22 12-57-04.png
  inflating: 53BM-faces/rayhan/Screenshot from 2024-10-22 12-57-58.png
  inflating: 53BM-faces/rayhan/Screenshot from 2024-10-22 12-59-06.png
  inflating: 53BM-faces/rayhan/Screenshot from 2024-10-22 13-07-59.png
  inflating: 53BM-faces/rayhan/Screenshot from 2024-10-22 13-13-40.png
  inflating: 53BM-faces/rayhan/Screenshot from 2024-10-22 13-22-37.png
  inflating: 53BM-faces/saim/Screenshot from 2024-10-22 12-47-08.png
  inflating: 53BM-faces/saim/Screenshot from 2024-10-22 12-49-29.png
  inflating: 53BM-faces/saim/Screenshot from 2024-10-22 13-02-23.png
  inflating: 53BM-faces/sajib/Screenshot from 2024-10-22 12-53-39.png
  inflating: 53BM-faces/sajib/Screenshot from 2024-10-22 12-48-01.png
  inflating: 53BM-faces/sajib/Screenshot from 2024-10-22 12-49-43.png
  inflating: 53BM-faces/sajib/Screenshot from 2024-10-22 12-50-07.png
  inflating: 53BM-faces/sajib/Screenshot from 2024-10-22 12-51-01.png
  inflating: 53BM-faces/sajib/Screenshot from 2024-10-22 12-56-04.png
  inflating: 53BM-faces/sajib/Screenshot from 2024-10-22 12-57-38.png
  inflating: 53BM-faces/sajib/Screenshot from 2024-10-22 13-04-16.png
  inflating: 53BM-faces/sajib/Screenshot from 2024-10-22 13-18-13.png
  inflating: 53BM-faces/sayem/Screenshot from 2024-10-22 18-42-58.png
  inflating: 53BM-faces/sayem/Screenshot from 2024-10-22 18-44-03.png
  inflating: 53BM-faces/sayem/Screenshot from 2024-10-22 09-45-42.png
  inflating: 53BM-faces/sayem/Screenshot from 2024-10-22 12-52-06.png
  inflating: 53BM-faces/sayem/Screenshot from 2024-10-22 12-54-45.png
  inflating: 53BM-faces/sayem/Screenshot from 2024-10-22 12-55-40.png
  inflating: 53BM-faces/sayem/Screenshot from 2024-10-22 12-59-16.png
  inflating: 53BM-faces/sayem/Screenshot from 2024-10-22 13-00-50.png
  inflating: 53BM-faces/sayem/Screenshot from 2024-10-22 18-42-34.png
  inflating: 53BM-faces/tamim/Screenshot from 2024-10-22 09-45-48.png
  inflating: 53BM-faces/tamim/Screenshot from 2024-10-22 12-55-05.png
  inflating: 53BM-faces/tamim/Screenshot from 2024-10-22 13-12-41.png
  inflating: 53BM-faces/tamim/Screenshot from 2024-10-22 13-20-30.png
  inflating: 53BM-faces/tamim/Screenshot from 2024-10-22 13-20-58.png
  inflating: 53BM-faces/tanvir/Screenshot from 2024-10-22 13-07-40.png
  inflating: 53BM-faces/tanvir/Screenshot from 2024-10-22 19-49-34.png
  inflating: 53BM-faces/tasin/Screenshot from 2024-10-22 09-42-48.png
  inflating: 53BM-faces/tasin/Screenshot from 2024-10-22 09-44-39.png
  inflating: 53BM-faces/tasin/Screenshot from 2024-10-22 09-45-53.png
  inflating: 53BM-faces/tasin/Screenshot from 2024-10-22 12-56-17.png
  inflating: 53BM-faces/tasin/Screenshot from 2024-10-22 13-06-06.png
  inflating: 53BM-faces/tasin/Screenshot from 2024-10-22 13-06-22.png
  inflating: 53BM-faces/tasin/Screenshot from 2024-10-22 13-25-11.png
  inflating: 53BM-faces/tawheed/Screenshot from 2024-10-22 12-50-35.png
  inflating: 53BM-faces/tawheed/Screenshot from 2024-10-22 12-51-24.png
  inflating: 53BM-faces/tawheed/Screenshot from 2024-10-22 13-08-42.png
  inflating: 53BM-faces/tawheed/Screenshot from 2024-10-22 13-10-54.png
  inflating: 53BM-faces/tawheed/Screenshot from 2024-10-22 13-11-31.png
Moved /content/53BM-faces/sayem/Screenshot from 2024-10-22 18-42-34.png to /content/53BM-faces/all/Screenshot from 2024-10-22 18-42-34.png
Moved /content/53BM-faces/sayem/Screenshot from 2024-10-22 09-45-42.png to /content/53BM-faces/all/Screenshot from 2024-10-22 09-45-42.png
Moved /content/53BM-faces/sayem/Screenshot from 2024-10-22 18-42-58.png to /content/53BM-faces/all/Screenshot from 2024-10-22 18-42-58.png
Moved /content/53BM-faces/sayem/Screenshot from 2024-10-22 12-59-16.png to /content/53BM-faces/all/Screenshot from 2024-10-22 12-59-16.png
Moved /content/53BM-faces/sayem/Screenshot from 2024-10-22 12-54-45.png to /content/53BM-faces/all/Screenshot from 2024-10-22 12-54-45.png
Moved /content/53BM-faces/sayem/Screenshot from 2024-10-22 12-52-06.png to /content/53BM-faces/all/Screenshot from 2024-10-22 12-52-06.png
Moved /content/53BM-faces/sayem/Screenshot from 2024-10-22 12-55-40.png to /content/53BM-faces/all/Screenshot from 2024-10-22 12-55-40.png
Moved /content/53BM-faces/sayem/Screenshot from 2024-10-22 13-00-50.png to /content/53BM-faces/all/Screenshot from 2024-10-22 13-00-50.png
Moved /content/53BM-faces/sayem/Screenshot from 2024-10-22 18-44-03.png to /content/53BM-faces/all/Screenshot from 2024-10-22 18-44-03.png
Moved /content/53BM-faces/atik/Screenshot from 2024-10-22 13-15-38.png to /content/53BM-faces/all/Screenshot from 2024-10-22 13-15-38.png
Moved /content/53BM-faces/atik/Screenshot from 2024-10-22 13-21-49.png to /content/53BM-faces/all/Screenshot from 2024-10-22 13-21-49.png
Moved /content/53BM-faces/atik/Screenshot from 2024-10-22 13-12-09.png to /content/53BM-faces/all/Screenshot from 2024-10-22 13-12-09.png
Moved /content/53BM-faces/atik/Screenshot from 2024-10-29 19-01-01.png to /content/53BM-faces/all/Screenshot from 2024-10-29 19-01-01.png
Moved /content/53BM-faces/tamim/Screenshot from 2024-10-22 12-55-05.png to /content/53BM-faces/all/Screenshot from 2024-10-22 12-55-05.png
Moved /content/53BM-faces/tamim/Screenshot from 2024-10-22 09-45-48.png to /content/53BM-faces/all/Screenshot from 2024-10-22 09-45-48.png
Moved /content/53BM-faces/tamim/Screenshot from 2024-10-22 13-12-41.png to /content/53BM-faces/all/Screenshot from 2024-10-22 13-12-41.png
Moved /content/53BM-faces/tamim/Screenshot from 2024-10-22 13-20-58.png to /content/53BM-faces/all/Screenshot from 2024-10-22 13-20-58.png
Moved /content/53BM-faces/tamim/Screenshot from 2024-10-22 13-20-30.png to /content/53BM-faces/all/Screenshot from 2024-10-22 13-20-30.png
Moved /content/53BM-faces/all/Screenshot from 2024-10-22 12-49-14.png to /content/53BM-faces/all/Screenshot from 2024-10-22 12-49-14.png
Moved /content/53BM-faces/all/Screenshot from 2024-10-22 13-01-05.png to /content/53BM-faces/all/Screenshot from 2024-10-22 13-01-05.png
Moved /content/53BM-faces/all/Screenshot from 2024-10-22 12-47-08.png to /content/53BM-faces/all/Screenshot from 2024-10-22 12-47-08.png
Moved /content/53BM-faces/all/Screenshot from 2024-10-22 13-05-40.png to /content/53BM-faces/all/Screenshot from 2024-10-22 13-05-40.png
Moved /content/53BM-faces/all/Screenshot from 2024-10-22 12-59-47.png to /content/53BM-faces/all/Screenshot from 2024-10-22 12-59-47.png
Moved /content/53BM-faces/all/Screenshot from 2024-10-22 12-59-06.png to /content/53BM-faces/all/Screenshot from 2024-10-22 12-59-06.png
Moved /content/53BM-faces/all/Screenshot from 2024-10-22 13-26-26.png to /content/53BM-faces/all/Screenshot from 2024-10-22 13-26-26.png
Moved /content/53BM-faces/all/Screenshot from 2024-10-22 13-15-38.png to /content/53BM-faces/all/Screenshot from 2024-10-22 13-15-38.png
Moved /content/53BM-faces/all/Screenshot from 2024-10-22 12-58-10.png to /content/53BM-faces/all/Screenshot from 2024-10-22 12-58-10.png
Moved /content/53BM-faces/all/Screenshot from 2024-10-22 13-02-23.png to /content/53BM-faces/all/Screenshot from 2024-10-22 13-02-23.png
Moved /content/53BM-faces/all/Screenshot from 2024-10-22 12-47-18.png to /content/53BM-faces/all/Screenshot from 2024-10-22 12-47-18.png
Moved /content/53BM-faces/all/Screenshot from 2024-10-22 13-21-49.png to /content/53BM-faces/all/Screenshot from 2024-10-22 13-21-49.png
Moved /content/53BM-faces/all/Screenshot from 2024-10-22 13-23-00.png to /content/53BM-faces/all/Screenshot from 2024-10-22 13-23-00.png
Moved /content/53BM-faces/all/Screenshot from 2024-10-22 13-44-08.png to /content/53BM-faces/all/Screenshot from 2024-10-22 13-44-08.png
Moved /content/53BM-faces/all/Screenshot from 2024-10-22 12-47-48.png to /content/53BM-faces/all/Screenshot from 2024-10-22 12-47-48.png
Moved /content/53BM-faces/all/Screenshot from 2024-10-22 13-44-18.png to /content/53BM-faces/all/Screenshot from 2024-10-22 13-44-18.png
Moved /content/53BM-faces/all/Screenshot from 2024-10-22 12-52-31.png to /content/53BM-faces/all/Screenshot from 2024-10-22 12-52-31.png
Moved /content/53BM-faces/all/Screenshot from 2024-10-22 13-03-59.png to /content/53BM-faces/all/Screenshot from 2024-10-22 13-03-59.png
Moved /content/53BM-faces/all/Screenshot from 2024-10-22 12-56-17.png to /content/53BM-faces/all/Screenshot from 2024-10-22 12-56-17.png
Moved /content/53BM-faces/all/Screenshot from 2024-10-22 12-55-05.png to /content/53BM-faces/all/Screenshot from 2024-10-22 12-55-05.png
Moved /content/53BM-faces/all/Screenshot from 2024-10-22 13-11-13.png to /content/53BM-faces/all/Screenshot from 2024-10-22 13-11-13.png
Moved /content/53BM-faces/all/Screenshot from 2024-10-22 12-54-59.png to /content/53BM-faces/all/Screenshot from 2024-10-22 12-54-59.png
Moved /content/53BM-faces/all/Screenshot from 2024-10-22 12-50-10.png to /content/53BM-faces/all/Screenshot from 2024-10-22 12-50-10.png
Moved /content/53BM-faces/all/Screenshot from 2024-10-22 12-55-38.png to /content/53BM-faces/all/Screenshot from 2024-10-22 12-55-38.png
Moved /content/53BM-faces/all/Screenshot from 2024-10-22 12-52-44.png to /content/53BM-faces/all/Screenshot from 2024-10-22 12-52-44.png
Moved /content/53BM-faces/all/Screenshot from 2024-10-22 13-11-31.png to /content/53BM-faces/all/Screenshot from 2024-10-22 13-11-31.png
Moved /content/53BM-faces/all/Screenshot from 2024-10-22 12-54-04.png to /content/53BM-faces/all/Screenshot from 2024-10-22 12-54-04.png
Moved /content/53BM-faces/all/Screenshot from 2024-10-22 12-57-51.png to /content/53BM-faces/all/Screenshot from 2024-10-22 12-57-51.png
Moved /content/53BM-faces/all/Screenshot from 2024-10-22 13-10-06.png to /content/53BM-faces/all/Screenshot from 2024-10-22 13-10-06.png
Moved /content/53BM-faces/all/Screenshot from 2024-10-22 09-45-32.png to /content/53BM-faces/all/Screenshot from 2024-10-22 09-45-32.png
Moved /content/53BM-faces/all/Screenshot from 2024-10-22 09-46-50.png to /content/53BM-faces/all/Screenshot from 2024-10-22 09-46-50.png
Moved /content/53BM-faces/all/Screenshot from 2024-10-22 12-51-58.png to /content/53BM-faces/all/Screenshot from 2024-10-22 12-51-58.png
Moved /content/53BM-faces/all/Screenshot from 2024-10-22 12-58-42.png to /content/53BM-faces/all/Screenshot from 2024-10-22 12-58-42.png
Moved /content/53BM-faces/all/Screenshot from 2024-10-22 13-27-10.png to /content/53BM-faces/all/Screenshot from 2024-10-22 13-27-10.png
Moved /content/53BM-faces/all/Screenshot from 2024-10-22 13-26-45.png to /content/53BM-faces/all/Screenshot from 2024-10-22 13-26-45.png
Moved /content/53BM-faces/all/Screenshot from 2024-10-22 13-23-26.png to /content/53BM-faces/all/Screenshot from 2024-10-22 13-23-26.png
Moved /content/53BM-faces/all/Screenshot from 2024-10-22 12-51-04.png to /content/53BM-faces/all/Screenshot from 2024-10-22 12-51-04.png
Moved /content/53BM-faces/all/Screenshot from 2024-10-22 18-42-34.png to /content/53BM-faces/all/Screenshot from 2024-10-22 18-42-34.png
Moved /content/53BM-faces/all/Screenshot from 2024-10-22 09-45-48.png to /content/53BM-faces/all/Screenshot from 2024-10-22 09-45-48.png
Moved /content/53BM-faces/all/Screenshot from 2024-10-22 09-44-39.png to /content/53BM-faces/all/Screenshot from 2024-10-22 09-44-39.png
Moved /content/53BM-faces/all/Screenshot from 2024-10-22 12-50-01.png to /content/53BM-faces/all/Screenshot from 2024-10-22 12-50-01.png
Moved /content/53BM-faces/all/Screenshot from 2024-10-22 13-12-54.png to /content/53BM-faces/all/Screenshot from 2024-10-22 13-12-54.png
Moved /content/53BM-faces/all/Screenshot from 2024-10-22 13-06-35.png to /content/53BM-faces/all/Screenshot from 2024-10-22 13-06-35.png
Moved /content/53BM-faces/all/Screenshot from 2024-10-22 09-45-42.png to /content/53BM-faces/all/Screenshot from 2024-10-22 09-45-42.png
Moved /content/53BM-faces/all/Screenshot from 2024-10-22 12-52-56.png to /content/53BM-faces/all/Screenshot from 2024-10-22 12-52-56.png
Moved /content/53BM-faces/all/Screenshot from 2024-10-22 13-07-59.png to /content/53BM-faces/all/Screenshot from 2024-10-22 13-07-59.png
Moved /content/53BM-faces/all/Screenshot from 2024-10-22 12-52-37.png to /content/53BM-faces/all/Screenshot from 2024-10-22 12-52-37.png
Moved /content/53BM-faces/all/Screenshot from 2024-10-22 19-49-34.png to /content/53BM-faces/all/Screenshot from 2024-10-22 19-49-34.png
Moved /content/53BM-faces/all/Screenshot from 2024-10-22 13-04-16.png to /content/53BM-faces/all/Screenshot from 2024-10-22 13-04-16.png
Moved /content/53BM-faces/all/Screenshot from 2024-10-22 12-59-22.png to /content/53BM-faces/all/Screenshot from 2024-10-22 12-59-22.png
Moved /content/53BM-faces/all/Screenshot from 2024-10-22 13-08-10.png to /content/53BM-faces/all/Screenshot from 2024-10-22 13-08-10.png
Moved /content/53BM-faces/all/Screenshot from 2024-10-22 13-12-41.png to /content/53BM-faces/all/Screenshot from 2024-10-22 13-12-41.png
Moved /content/53BM-faces/all/Screenshot from 2024-10-29 19-15-26.png to /content/53BM-faces/all/Screenshot from 2024-10-29 19-15-26.png
Moved /content/53BM-faces/all/Screenshot from 2024-10-22 13-06-06.png to /content/53BM-faces/all/Screenshot from 2024-10-22 13-06-06.png
Moved /content/53BM-faces/all/Screenshot from 2024-10-29 19-07-29.png to /content/53BM-faces/all/Screenshot from 2024-10-29 19-07-29.png
Moved /content/53BM-faces/all/Screenshot from 2024-10-22 13-20-58.png to /content/53BM-faces/all/Screenshot from 2024-10-22 13-20-58.png
Moved /content/53BM-faces/all/Screenshot from 2024-10-22 13-07-40.png to /content/53BM-faces/all/Screenshot from 2024-10-22 13-07-40.png
Moved /content/53BM-faces/all/Screenshot from 2024-10-22 13-19-41.png to /content/53BM-faces/all/Screenshot from 2024-10-22 13-19-41.png
Moved /content/53BM-faces/all/Screenshot from 2024-10-22 12-57-19.png to /content/53BM-faces/all/Screenshot from 2024-10-22 12-57-19.png
Moved /content/53BM-faces/all/Screenshot from 2024-10-22 13-43-08.png to /content/53BM-faces/all/Screenshot from 2024-10-22 13-43-08.png
Moved /content/53BM-faces/all/Screenshot from 2024-10-22 12-56-04.png to /content/53BM-faces/all/Screenshot from 2024-10-22 12-56-04.png
Moved /content/53BM-faces/all/Screenshot from 2024-10-22 09-45-29.png to /content/53BM-faces/all/Screenshot from 2024-10-22 09-45-29.png
Moved /content/53BM-faces/all/Screenshot from 2024-10-22 09-42-39.png to /content/53BM-faces/all/Screenshot from 2024-10-22 09-42-39.png
Moved /content/53BM-faces/all/Screenshot from 2024-10-22 12-53-47.png to /content/53BM-faces/all/Screenshot from 2024-10-22 12-53-47.png
Moved /content/53BM-faces/all/Screenshot from 2024-10-22 13-07-09.png to /content/53BM-faces/all/Screenshot from 2024-10-22 13-07-09.png
Moved /content/53BM-faces/all/Screenshot from 2024-10-22 13-06-22.png to /content/53BM-faces/all/Screenshot from 2024-10-22 13-06-22.png
Moved /content/53BM-faces/all/Screenshot from 2024-10-22 13-22-03.png to /content/53BM-faces/all/Screenshot from 2024-10-22 13-22-03.png
Moved /content/53BM-faces/all/Screenshot from 2024-10-22 12-53-32.png to /content/53BM-faces/all/Screenshot from 2024-10-22 12-53-32.png
Moved /content/53BM-faces/all/Screenshot from 2024-10-22 12-57-04.png to /content/53BM-faces/all/Screenshot from 2024-10-22 12-57-04.png
Moved /content/53BM-faces/all/Screenshot from 2024-10-22 18-42-58.png to /content/53BM-faces/all/Screenshot from 2024-10-22 18-42-58.png
Moved /content/53BM-faces/all/Screenshot from 2024-10-22 13-16-11.png to /content/53BM-faces/all/Screenshot from 2024-10-22 13-16-11.png
Moved /content/53BM-faces/all/Screenshot from 2024-10-22 12-47-02.png to /content/53BM-faces/all/Screenshot from 2024-10-22 12-47-02.png
Moved /content/53BM-faces/all/Screenshot from 2024-10-22 09-45-56.png to /content/53BM-faces/all/Screenshot from 2024-10-22 09-45-56.png
Moved /content/53BM-faces/all/Screenshot from 2024-10-22 12-53-25.png to /content/53BM-faces/all/Screenshot from 2024-10-22 12-53-25.png
Moved /content/53BM-faces/all/Screenshot from 2024-10-22 12-56-32.png to /content/53BM-faces/all/Screenshot from 2024-10-22 12-56-32.png
Moved /content/53BM-faces/all/Screenshot from 2024-10-22 13-01-18.png to /content/53BM-faces/all/Screenshot from 2024-10-22 13-01-18.png
Moved /content/53BM-faces/all/Screenshot from 2024-10-22 19-22-37.png to /content/53BM-faces/all/Screenshot from 2024-10-22 19-22-37.png
Moved /content/53BM-faces/all/Screenshot from 2024-10-22 12-59-16.png to /content/53BM-faces/all/Screenshot from 2024-10-22 12-59-16.png
Moved /content/53BM-faces/all/Screenshot from 2024-10-22 13-44-55.png to /content/53BM-faces/all/Screenshot from 2024-10-22 13-44-55.png
Moved /content/53BM-faces/all/Screenshot from 2024-10-22 13-43-14.png to /content/53BM-faces/all/Screenshot from 2024-10-22 13-43-14.png
Moved /content/53BM-faces/all/Screenshot from 2024-10-22 13-15-50.png to /content/53BM-faces/all/Screenshot from 2024-10-22 13-15-50.png
Moved /content/53BM-faces/all/Screenshot from 2024-10-22 13-43-02.png to /content/53BM-faces/all/Screenshot from 2024-10-22 13-43-02.png
Moved /content/53BM-faces/all/Screenshot from 2024-10-22 19-21-14.png to /content/53BM-faces/all/Screenshot from 2024-10-22 19-21-14.png
Moved /content/53BM-faces/all/Screenshot from 2024-10-22 13-45-03.png to /content/53BM-faces/all/Screenshot from 2024-10-22 13-45-03.png
Moved /content/53BM-faces/all/Screenshot from 2024-10-22 09-46-17.png to /content/53BM-faces/all/Screenshot from 2024-10-22 09-46-17.png
Moved /content/53BM-faces/all/Screenshot from 2024-10-22 09-45-53.png to /content/53BM-faces/all/Screenshot from 2024-10-22 09-45-53.png
Moved /content/53BM-faces/all/Screenshot from 2024-10-22 13-15-06.png to /content/53BM-faces/all/Screenshot from 2024-10-22 13-15-06.png
Moved /content/53BM-faces/all/Screenshot from 2024-10-22 13-09-48.png to /content/53BM-faces/all/Screenshot from 2024-10-22 13-09-48.png
Moved /content/53BM-faces/all/Screenshot from 2024-10-22 13-11-22.png to /content/53BM-faces/all/Screenshot from 2024-10-22 13-11-22.png
Moved /content/53BM-faces/all/Screenshot from 2024-10-22 09-45-26.png to /content/53BM-faces/all/Screenshot from 2024-10-22 09-45-26.png
Moved /content/53BM-faces/all/Screenshot from 2024-10-22 13-08-42.png to /content/53BM-faces/all/Screenshot from 2024-10-22 13-08-42.png
Moved /content/53BM-faces/all/Screenshot from 2024-10-22 09-42-21.png to /content/53BM-faces/all/Screenshot from 2024-10-22 09-42-21.png
Moved /content/53BM-faces/all/Screenshot from 2024-10-24 17-25-24.png to /content/53BM-faces/all/Screenshot from 2024-10-24 17-25-24.png
Moved /content/53BM-faces/all/Screenshot from 2024-10-22 09-45-23.png to /content/53BM-faces/all/Screenshot from 2024-10-22 09-45-23.png
Moved /content/53BM-faces/all/Screenshot from 2024-10-22 12-54-45.png to /content/53BM-faces/all/Screenshot from 2024-10-22 12-54-45.png
Moved /content/53BM-faces/all/Screenshot from 2024-10-22 12-51-01.png to /content/53BM-faces/all/Screenshot from 2024-10-22 12-51-01.png
Moved /content/53BM-faces/all/Screenshot from 2024-10-22 18-56-01.png to /content/53BM-faces/all/Screenshot from 2024-10-22 18-56-01.png
Moved /content/53BM-faces/all/Screenshot from 2024-10-22 12-52-13.png to /content/53BM-faces/all/Screenshot from 2024-10-22 12-52-13.png
Moved /content/53BM-faces/all/Screenshot from 2024-10-22 12-57-58.png to /content/53BM-faces/all/Screenshot from 2024-10-22 12-57-58.png
Moved /content/53BM-faces/all/Screenshot from 2024-10-22 19-20-58.png to /content/53BM-faces/all/Screenshot from 2024-10-22 19-20-58.png
Moved /content/53BM-faces/all/Screenshot from 2024-10-22 13-26-37.png to /content/53BM-faces/all/Screenshot from 2024-10-22 13-26-37.png
Moved /content/53BM-faces/all/Screenshot from 2024-10-22 12-52-06.png to /content/53BM-faces/all/Screenshot from 2024-10-22 12-52-06.png
Moved /content/53BM-faces/all/Screenshot from 2024-10-22 12-49-43.png to /content/53BM-faces/all/Screenshot from 2024-10-22 12-49-43.png
Moved /content/53BM-faces/all/Screenshot from 2024-10-22 13-16-29.png to /content/53BM-faces/all/Screenshot from 2024-10-22 13-16-29.png
Moved /content/53BM-faces/all/Screenshot from 2024-10-22 12-47-20.png to /content/53BM-faces/all/Screenshot from 2024-10-22 12-47-20.png
Moved /content/53BM-faces/all/Screenshot from 2024-10-22 12-49-29.png to /content/53BM-faces/all/Screenshot from 2024-10-22 12-49-29.png
Moved /content/53BM-faces/all/Screenshot from 2024-10-22 12-53-39.png to /content/53BM-faces/all/Screenshot from 2024-10-22 12-53-39.png
Moved /content/53BM-faces/all/Screenshot from 2024-10-22 13-07-51.png to /content/53BM-faces/all/Screenshot from 2024-10-22 13-07-51.png
Moved /content/53BM-faces/all/Screenshot from 2024-10-22 13-02-50.png to /content/53BM-faces/all/Screenshot from 2024-10-22 13-02-50.png
Moved /content/53BM-faces/all/Screenshot from 2024-10-22 12-46-03.png to /content/53BM-faces/all/Screenshot from 2024-10-22 12-46-03.png
Moved /content/53BM-faces/all/Screenshot from 2024-10-22 12-55-40.png to /content/53BM-faces/all/Screenshot from 2024-10-22 12-55-40.png
Moved /content/53BM-faces/all/Screenshot from 2024-10-22 19-25-49.png to /content/53BM-faces/all/Screenshot from 2024-10-22 19-25-49.png
Moved /content/53BM-faces/all/Screenshot from 2024-10-22 13-13-07.png to /content/53BM-faces/all/Screenshot from 2024-10-22 13-13-07.png
Moved /content/53BM-faces/all/Screenshot from 2024-10-22 12-55-43.png to /content/53BM-faces/all/Screenshot from 2024-10-22 12-55-43.png
Moved /content/53BM-faces/all/Screenshot from 2024-10-22 12-55-02.png to /content/53BM-faces/all/Screenshot from 2024-10-22 12-55-02.png
Moved /content/53BM-faces/all/Screenshot from 2024-10-22 12-59-39.png to /content/53BM-faces/all/Screenshot from 2024-10-22 12-59-39.png
Moved /content/53BM-faces/all/Screenshot from 2024-10-22 09-42-48.png to /content/53BM-faces/all/Screenshot from 2024-10-22 09-42-48.png
Moved /content/53BM-faces/all/Screenshot from 2024-10-22 19-25-56.png to /content/53BM-faces/all/Screenshot from 2024-10-22 19-25-56.png
Moved /content/53BM-faces/all/Screenshot from 2024-10-22 13-01-48.png to /content/53BM-faces/all/Screenshot from 2024-10-22 13-01-48.png
Moved /content/53BM-faces/all/Screenshot from 2024-10-22 13-18-13.png to /content/53BM-faces/all/Screenshot from 2024-10-22 13-18-13.png
Moved /content/53BM-faces/all/Screenshot from 2024-10-22 13-25-11.png to /content/53BM-faces/all/Screenshot from 2024-10-22 13-25-11.png
Moved /content/53BM-faces/all/Screenshot from 2024-10-22 13-43-38.png to /content/53BM-faces/all/Screenshot from 2024-10-22 13-43-38.png
Moved /content/53BM-faces/all/Screenshot from 2024-10-22 13-44-24.png to /content/53BM-faces/all/Screenshot from 2024-10-22 13-44-24.png
Moved /content/53BM-faces/all/Screenshot from 2024-10-22 18-52-01.png to /content/53BM-faces/all/Screenshot from 2024-10-22 18-52-01.png
Moved /content/53BM-faces/all/Screenshot from 2024-10-29 18-53-31.png to /content/53BM-faces/all/Screenshot from 2024-10-29 18-53-31.png
Moved /content/53BM-faces/all/Screenshot from 2024-10-22 12-49-46.png to /content/53BM-faces/all/Screenshot from 2024-10-22 12-49-46.png
Moved /content/53BM-faces/all/Screenshot from 2024-10-29 19-04-17.png to /content/53BM-faces/all/Screenshot from 2024-10-29 19-04-17.png
Moved /content/53BM-faces/all/Screenshot from 2024-10-22 12-50-07.png to /content/53BM-faces/all/Screenshot from 2024-10-22 12-50-07.png
Moved /content/53BM-faces/all/Screenshot from 2024-10-22 12-55-53.png to /content/53BM-faces/all/Screenshot from 2024-10-22 12-55-53.png
Moved /content/53BM-faces/all/Screenshot from 2024-10-22 13-12-09.png to /content/53BM-faces/all/Screenshot from 2024-10-22 13-12-09.png
Moved /content/53BM-faces/all/Screenshot from 2024-10-22 13-00-50.png to /content/53BM-faces/all/Screenshot from 2024-10-22 13-00-50.png
Moved /content/53BM-faces/all/Screenshot from 2024-10-22 13-10-54.png to /content/53BM-faces/all/Screenshot from 2024-10-22 13-10-54.png
Moved /content/53BM-faces/all/Screenshot from 2024-10-22 18-44-03.png to /content/53BM-faces/all/Screenshot from 2024-10-22 18-44-03.png
Moved /content/53BM-faces/all/Screenshot from 2024-10-22 12-51-24.png to /content/53BM-faces/all/Screenshot from 2024-10-22 12-51-24.png
Moved /content/53BM-faces/all/Screenshot from 2024-10-22 13-12-13.png to /content/53BM-faces/all/Screenshot from 2024-10-22 13-12-13.png
Moved /content/53BM-faces/all/Screenshot from 2024-10-22 13-16-03.png to /content/53BM-faces/all/Screenshot from 2024-10-22 13-16-03.png
Moved /content/53BM-faces/all/Screenshot from 2024-10-29 19-01-01.png to /content/53BM-faces/all/Screenshot from 2024-10-29 19-01-01.png
Moved /content/53BM-faces/all/Screenshot from 2024-10-22 12-49-00.png to /content/53BM-faces/all/Screenshot from 2024-10-22 12-49-00.png
Moved /content/53BM-faces/all/Screenshot from 2024-10-22 12-57-10.png to /content/53BM-faces/all/Screenshot from 2024-10-22 12-57-10.png
Moved /content/53BM-faces/all/Screenshot from 2024-10-22 12-48-51.png to /content/53BM-faces/all/Screenshot from 2024-10-22 12-48-51.png
Moved /content/53BM-faces/all/Screenshot from 2024-10-22 13-05-48.png to /content/53BM-faces/all/Screenshot from 2024-10-22 13-05-48.png
Moved /content/53BM-faces/all/Screenshot from 2024-10-22 13-03-36.png to /content/53BM-faces/all/Screenshot from 2024-10-22 13-03-36.png
Moved /content/53BM-faces/all/Screenshot from 2024-10-22 18-56-20.png to /content/53BM-faces/all/Screenshot from 2024-10-22 18-56-20.png
Moved /content/53BM-faces/all/Screenshot from 2024-10-22 13-03-29.png to /content/53BM-faces/all/Screenshot from 2024-10-22 13-03-29.png
Moved /content/53BM-faces/all/Kashfi.png to /content/53BM-faces/all/Kashfi.png
Moved /content/53BM-faces/all/Screenshot from 2024-10-22 12-56-56.png to /content/53BM-faces/all/Screenshot from 2024-10-22 12-56-56.png
Moved /content/53BM-faces/all/Screenshot from 2024-10-22 13-09-10.png to /content/53BM-faces/all/Screenshot from 2024-10-22 13-09-10.png
Moved /content/53BM-faces/all/Screenshot from 2024-10-22 13-13-40.png to /content/53BM-faces/all/Screenshot from 2024-10-22 13-13-40.png
Moved /content/53BM-faces/all/Screenshot from 2024-10-22 09-45-51.png to /content/53BM-faces/all/Screenshot from 2024-10-22 09-45-51.png
Moved /content/53BM-faces/all/Screenshot from 2024-10-22 13-14-28.png to /content/53BM-faces/all/Screenshot from 2024-10-22 13-14-28.png
Moved /content/53BM-faces/all/Screenshot from 2024-10-22 13-20-30.png to /content/53BM-faces/all/Screenshot from 2024-10-22 13-20-30.png
Moved /content/53BM-faces/all/Screenshot from 2024-10-22 12-48-01.png to /content/53BM-faces/all/Screenshot from 2024-10-22 12-48-01.png
Moved /content/53BM-faces/all/Screenshot from 2024-10-22 13-22-37.png to /content/53BM-faces/all/Screenshot from 2024-10-22 13-22-37.png
Moved /content/53BM-faces/all/Screenshot from 2024-10-22 13-21-06.png to /content/53BM-faces/all/Screenshot from 2024-10-22 13-21-06.png
Moved /content/53BM-faces/all/Screenshot from 2024-10-22 12-56-39.png to /content/53BM-faces/all/Screenshot from 2024-10-22 12-56-39.png
Moved /content/53BM-faces/all/Screenshot from 2024-10-22 12-57-38.png to /content/53BM-faces/all/Screenshot from 2024-10-22 12-57-38.png
Moved /content/53BM-faces/all/Screenshot from 2024-10-22 12-49-23.png to /content/53BM-faces/all/Screenshot from 2024-10-22 12-49-23.png
Moved /content/53BM-faces/all/Screenshot from 2024-10-24 17-24-35.png to /content/53BM-faces/all/Screenshot from 2024-10-24 17-24-35.png
Moved /content/53BM-faces/all/Screenshot from 2024-10-22 13-09-00.png to /content/53BM-faces/all/Screenshot from 2024-10-22 13-09-00.png
Moved /content/53BM-faces/all/Screenshot from 2024-10-22 13-00-34.png to /content/53BM-faces/all/Screenshot from 2024-10-22 13-00-34.png
Moved /content/53BM-faces/all/Screenshot from 2024-10-29 18-49-09.png to /content/53BM-faces/all/Screenshot from 2024-10-29 18-49-09.png
Moved /content/53BM-faces/all/Screenshot from 2024-10-22 09-46-36.png to /content/53BM-faces/all/Screenshot from 2024-10-22 09-46-36.png
Moved /content/53BM-faces/all/Screenshot from 2024-10-22 12-48-19.png to /content/53BM-faces/all/Screenshot from 2024-10-22 12-48-19.png
Moved /content/53BM-faces/all/Screenshot from 2024-10-22 12-53-04.png to /content/53BM-faces/all/Screenshot from 2024-10-22 12-53-04.png
Moved /content/53BM-faces/all/Screenshot from 2024-10-22 13-45-47.png to /content/53BM-faces/all/Screenshot from 2024-10-22 13-45-47.png
Moved /content/53BM-faces/all/Screenshot from 2024-10-22 12-50-35.png to /content/53BM-faces/all/Screenshot from 2024-10-22 12-50-35.png
Moved /content/53BM-faces/all/Screenshot from 2024-10-22 12-50-43.png to /content/53BM-faces/all/Screenshot from 2024-10-22 12-50-43.png
Moved /content/53BM-faces/all/Screenshot from 2024-10-22 12-53-58.png to /content/53BM-faces/all/Screenshot from 2024-10-22 12-53-58.png
Moved /content/53BM-faces/all/Screenshot from 2024-10-22 12-52-01.png to /content/53BM-faces/all/Screenshot from 2024-10-22 12-52-01.png
Moved /content/53BM-faces/all/Screenshot from 2024-10-22 13-24-37.png to /content/53BM-faces/all/Screenshot from 2024-10-22 13-24-37.png
Moved /content/53BM-faces/rafi/Screenshot from 2024-10-24 17-25-24.png to /content/53BM-faces/all/Screenshot from 2024-10-24 17-25-24.png
Moved /content/53BM-faces/rafi/Screenshot from 2024-10-22 12-49-00.png to /content/53BM-faces/all/Screenshot from 2024-10-22 12-49-00.png
Moved /content/53BM-faces/rafi/Screenshot from 2024-10-22 12-48-51.png to /content/53BM-faces/all/Screenshot from 2024-10-22 12-48-51.png
Moved /content/53BM-faces/rafi/Screenshot from 2024-10-24 17-24-35.png to /content/53BM-faces/all/Screenshot from 2024-10-24 17-24-35.png
Moved /content/53BM-faces/rafi/Screenshot from 2024-10-22 12-50-43.png to /content/53BM-faces/all/Screenshot from 2024-10-22 12-50-43.png
Moved /content/53BM-faces/anas/Screenshot from 2024-10-22 12-49-14.png to /content/53BM-faces/all/Screenshot from 2024-10-22 12-49-14.png
Moved /content/53BM-faces/anas/Screenshot from 2024-10-22 13-01-05.png to /content/53BM-faces/all/Screenshot from 2024-10-22 13-01-05.png
Moved /content/53BM-faces/anas/Screenshot from 2024-10-22 12-59-47.png to /content/53BM-faces/all/Screenshot from 2024-10-22 12-59-47.png
Moved /content/53BM-faces/anas/Screenshot from 2024-10-22 12-52-56.png to /content/53BM-faces/all/Screenshot from 2024-10-22 12-52-56.png
Moved /content/53BM-faces/anas/Screenshot from 2024-10-22 09-45-29.png to /content/53BM-faces/all/Screenshot from 2024-10-22 09-45-29.png
Moved /content/53BM-faces/anas/Screenshot from 2024-10-22 12-52-13.png to /content/53BM-faces/all/Screenshot from 2024-10-22 12-52-13.png
Moved /content/53BM-faces/anas/Screenshot from 2024-10-29 18-49-09.png to /content/53BM-faces/all/Screenshot from 2024-10-29 18-49-09.png
Moved /content/53BM-faces/anas/Screenshot from 2024-10-22 09-46-36.png to /content/53BM-faces/all/Screenshot from 2024-10-22 09-46-36.png
Moved /content/53BM-faces/niloy/Screenshot from 2024-10-22 13-43-08.png to /content/53BM-faces/all/Screenshot from 2024-10-22 13-43-08.png
Moved /content/53BM-faces/niloy/Screenshot from 2024-10-22 13-44-55.png to /content/53BM-faces/all/Screenshot from 2024-10-22 13-44-55.png
Moved /content/53BM-faces/niloy/Screenshot from 2024-10-22 13-43-14.png to /content/53BM-faces/all/Screenshot from 2024-10-22 13-43-14.png
Moved /content/53BM-faces/niloy/Screenshot from 2024-10-22 13-43-02.png to /content/53BM-faces/all/Screenshot from 2024-10-22 13-43-02.png
Moved /content/53BM-faces/niloy/Screenshot from 2024-10-22 13-43-38.png to /content/53BM-faces/all/Screenshot from 2024-10-22 13-43-38.png
Moved /content/53BM-faces/niloy/Screenshot from 2024-10-22 13-24-37.png to /content/53BM-faces/all/Screenshot from 2024-10-22 13-24-37.png
Moved /content/53BM-faces/saim/Screenshot from 2024-10-22 12-47-08.png to /content/53BM-faces/all/Screenshot from 2024-10-22 12-47-08.png
Moved /content/53BM-faces/saim/Screenshot from 2024-10-22 13-02-23.png to /content/53BM-faces/all/Screenshot from 2024-10-22 13-02-23.png
Moved /content/53BM-faces/saim/Screenshot from 2024-10-22 12-49-29.png to /content/53BM-faces/all/Screenshot from 2024-10-22 12-49-29.png
Moved /content/53BM-faces/rayhan/Screenshot from 2024-10-22 12-59-06.png to /content/53BM-faces/all/Screenshot from 2024-10-22 12-59-06.png
Moved /content/53BM-faces/rayhan/Screenshot from 2024-10-22 12-47-48.png to /content/53BM-faces/all/Screenshot from 2024-10-22 12-47-48.png
Moved /content/53BM-faces/rayhan/Screenshot from 2024-10-22 13-07-59.png to /content/53BM-faces/all/Screenshot from 2024-10-22 13-07-59.png
Moved /content/53BM-faces/rayhan/Screenshot from 2024-10-22 12-57-04.png to /content/53BM-faces/all/Screenshot from 2024-10-22 12-57-04.png
Moved /content/53BM-faces/rayhan/Screenshot from 2024-10-22 12-57-58.png to /content/53BM-faces/all/Screenshot from 2024-10-22 12-57-58.png
Moved /content/53BM-faces/rayhan/Screenshot from 2024-10-22 12-55-43.png to /content/53BM-faces/all/Screenshot from 2024-10-22 12-55-43.png
Moved /content/53BM-faces/rayhan/Screenshot from 2024-10-22 13-13-40.png to /content/53BM-faces/all/Screenshot from 2024-10-22 13-13-40.png
Moved /content/53BM-faces/rayhan/Screenshot from 2024-10-22 13-22-37.png to /content/53BM-faces/all/Screenshot from 2024-10-22 13-22-37.png
Moved /content/53BM-faces/nahian/Screenshot from 2024-10-22 13-27-10.png to /content/53BM-faces/all/Screenshot from 2024-10-22 13-27-10.png
Moved /content/53BM-faces/nahian/Screenshot from 2024-10-22 13-12-54.png to /content/53BM-faces/all/Screenshot from 2024-10-22 13-12-54.png
Moved /content/53BM-faces/nahian/Screenshot from 2024-10-22 13-22-03.png to /content/53BM-faces/all/Screenshot from 2024-10-22 13-22-03.png
Moved /content/53BM-faces/nahian/Screenshot from 2024-10-22 13-12-13.png to /content/53BM-faces/all/Screenshot from 2024-10-22 13-12-13.png
Moved /content/53BM-faces/rakib/Screenshot from 2024-10-22 12-57-51.png to /content/53BM-faces/all/Screenshot from 2024-10-22 12-57-51.png
Moved /content/53BM-faces/rakib/Screenshot from 2024-10-22 13-19-41.png to /content/53BM-faces/all/Screenshot from 2024-10-22 13-19-41.png
Moved /content/53BM-faces/rakib/Screenshot from 2024-10-22 13-01-18.png to /content/53BM-faces/all/Screenshot from 2024-10-22 13-01-18.png
Moved /content/53BM-faces/rakib/Screenshot from 2024-10-22 12-46-03.png to /content/53BM-faces/all/Screenshot from 2024-10-22 12-46-03.png
Moved /content/53BM-faces/rakib/Screenshot from 2024-10-22 19-25-49.png to /content/53BM-faces/all/Screenshot from 2024-10-22 19-25-49.png
Moved /content/53BM-faces/rakib/Screenshot from 2024-10-22 19-25-56.png to /content/53BM-faces/all/Screenshot from 2024-10-22 19-25-56.png
Moved /content/53BM-faces/raihan/Screenshot from 2024-10-22 12-55-38.png to /content/53BM-faces/all/Screenshot from 2024-10-22 12-55-38.png
Moved /content/53BM-faces/raihan/Screenshot from 2024-10-22 13-15-06.png to /content/53BM-faces/all/Screenshot from 2024-10-22 13-15-06.png
Moved /content/53BM-faces/raihan/Screenshot from 2024-10-22 12-55-53.png to /content/53BM-faces/all/Screenshot from 2024-10-22 12-55-53.png
Moved /content/53BM-faces/fardin/Screenshot from 2024-10-22 12-54-04.png to /content/53BM-faces/all/Screenshot from 2024-10-22 12-54-04.png
Moved /content/53BM-faces/fardin/Screenshot from 2024-10-22 09-45-32.png to /content/53BM-faces/all/Screenshot from 2024-10-22 09-45-32.png
Moved /content/53BM-faces/fardin/Screenshot from 2024-10-22 12-51-58.png to /content/53BM-faces/all/Screenshot from 2024-10-22 12-51-58.png
Moved /content/53BM-faces/fardin/Screenshot from 2024-10-22 12-59-22.png to /content/53BM-faces/all/Screenshot from 2024-10-22 12-59-22.png
Moved /content/53BM-faces/fardin/Screenshot from 2024-10-22 13-11-22.png to /content/53BM-faces/all/Screenshot from 2024-10-22 13-11-22.png
Moved /content/53BM-faces/fardin/Screenshot from 2024-10-22 12-59-39.png to /content/53BM-faces/all/Screenshot from 2024-10-22 12-59-39.png
Moved /content/53BM-faces/fardin/Screenshot from 2024-10-29 19-04-17.png to /content/53BM-faces/all/Screenshot from 2024-10-29 19-04-17.png
Moved /content/53BM-faces/fardin/Screenshot from 2024-10-22 12-48-19.png to /content/53BM-faces/all/Screenshot from 2024-10-22 12-48-19.png
Moved /content/53BM-faces/mayeen/Screenshot from 2024-10-22 12-54-59.png to /content/53BM-faces/all/Screenshot from 2024-10-22 12-54-59.png
Moved /content/53BM-faces/mayeen/Screenshot from 2024-10-22 12-58-42.png to /content/53BM-faces/all/Screenshot from 2024-10-22 12-58-42.png
Moved /content/53BM-faces/mayeen/Screenshot from 2024-10-22 09-45-23.png to /content/53BM-faces/all/Screenshot from 2024-10-22 09-45-23.png
Moved /content/53BM-faces/mayeen/Screenshot from 2024-10-22 13-13-07.png to /content/53BM-faces/all/Screenshot from 2024-10-22 13-13-07.png
Moved /content/53BM-faces/mayeen/Screenshot from 2024-10-22 13-01-48.png to /content/53BM-faces/all/Screenshot from 2024-10-22 13-01-48.png
Moved /content/53BM-faces/mayeen/Screenshot from 2024-10-22 13-14-28.png to /content/53BM-faces/all/Screenshot from 2024-10-22 13-14-28.png
Moved /content/53BM-faces/mayeen/Screenshot from 2024-10-22 12-53-04.png to /content/53BM-faces/all/Screenshot from 2024-10-22 12-53-04.png
Moved /content/53BM-faces/nahid/Screenshot from 2024-10-22 12-53-47.png to /content/53BM-faces/all/Screenshot from 2024-10-22 12-53-47.png
Moved /content/53BM-faces/nahid/Screenshot from 2024-10-22 12-47-02.png to /content/53BM-faces/all/Screenshot from 2024-10-22 12-47-02.png
Moved /content/53BM-faces/nahid/Screenshot from 2024-10-22 09-46-17.png to /content/53BM-faces/all/Screenshot from 2024-10-22 09-46-17.png
Moved /content/53BM-faces/nahid/Screenshot from 2024-10-22 12-47-20.png to /content/53BM-faces/all/Screenshot from 2024-10-22 12-47-20.png
Moved /content/53BM-faces/nahid/Screenshot from 2024-10-22 13-09-00.png to /content/53BM-faces/all/Screenshot from 2024-10-22 13-09-00.png
Moved /content/53BM-faces/nahid/Screenshot from 2024-10-22 13-00-34.png to /content/53BM-faces/all/Screenshot from 2024-10-22 13-00-34.png
Moved /content/53BM-faces/mamun/Screenshot from 2024-10-22 13-05-40.png to /content/53BM-faces/all/Screenshot from 2024-10-22 13-05-40.png
Moved /content/53BM-faces/mamun/Screenshot from 2024-10-22 12-50-01.png to /content/53BM-faces/all/Screenshot from 2024-10-22 12-50-01.png
Moved /content/53BM-faces/mamun/Screenshot from 2024-10-22 12-52-37.png to /content/53BM-faces/all/Screenshot from 2024-10-22 12-52-37.png
Moved /content/53BM-faces/mamun/Screenshot from 2024-10-29 19-15-26.png to /content/53BM-faces/all/Screenshot from 2024-10-29 19-15-26.png
Moved /content/53BM-faces/mamun/Screenshot from 2024-10-22 09-42-39.png to /content/53BM-faces/all/Screenshot from 2024-10-22 09-42-39.png
Moved /content/53BM-faces/mamun/Screenshot from 2024-10-22 13-16-11.png to /content/53BM-faces/all/Screenshot from 2024-10-22 13-16-11.png
Moved /content/53BM-faces/mamun/Screenshot from 2024-10-22 09-45-56.png to /content/53BM-faces/all/Screenshot from 2024-10-22 09-45-56.png
Moved /content/53BM-faces/mamun/Screenshot from 2024-10-22 09-42-21.png to /content/53BM-faces/all/Screenshot from 2024-10-22 09-42-21.png
Moved /content/53BM-faces/mamun/Screenshot from 2024-10-22 13-02-50.png to /content/53BM-faces/all/Screenshot from 2024-10-22 13-02-50.png
Moved /content/53BM-faces/mamun/Screenshot from 2024-10-22 12-55-02.png to /content/53BM-faces/all/Screenshot from 2024-10-22 12-55-02.png
Moved /content/53BM-faces/mamun/Screenshot from 2024-10-22 13-03-29.png to /content/53BM-faces/all/Screenshot from 2024-10-22 13-03-29.png
Moved /content/53BM-faces/tawheed/Screenshot from 2024-10-22 13-11-31.png to /content/53BM-faces/all/Screenshot from 2024-10-22 13-11-31.png
Moved /content/53BM-faces/tawheed/Screenshot from 2024-10-22 13-08-42.png to /content/53BM-faces/all/Screenshot from 2024-10-22 13-08-42.png
Moved /content/53BM-faces/tawheed/Screenshot from 2024-10-22 13-10-54.png to /content/53BM-faces/all/Screenshot from 2024-10-22 13-10-54.png
Moved /content/53BM-faces/tawheed/Screenshot from 2024-10-22 12-51-24.png to /content/53BM-faces/all/Screenshot from 2024-10-22 12-51-24.png
Moved /content/53BM-faces/tawheed/Screenshot from 2024-10-22 12-50-35.png to /content/53BM-faces/all/Screenshot from 2024-10-22 12-50-35.png
Moved /content/53BM-faces/miftah/Screenshot from 2024-10-22 13-07-09.png to /content/53BM-faces/all/Screenshot from 2024-10-22 13-07-09.png
Moved /content/53BM-faces/miftah/Screenshot from 2024-10-22 12-53-32.png to /content/53BM-faces/all/Screenshot from 2024-10-22 12-53-32.png
Moved /content/53BM-faces/miftah/Screenshot from 2024-10-22 12-53-25.png to /content/53BM-faces/all/Screenshot from 2024-10-22 12-53-25.png
Moved /content/53BM-faces/miftah/Screenshot from 2024-10-22 13-03-36.png to /content/53BM-faces/all/Screenshot from 2024-10-22 13-03-36.png
Moved /content/53BM-faces/tasin/Screenshot from 2024-10-22 12-56-17.png to /content/53BM-faces/all/Screenshot from 2024-10-22 12-56-17.png
Moved /content/53BM-faces/tasin/Screenshot from 2024-10-22 09-44-39.png to /content/53BM-faces/all/Screenshot from 2024-10-22 09-44-39.png
Moved /content/53BM-faces/tasin/Screenshot from 2024-10-22 13-06-06.png to /content/53BM-faces/all/Screenshot from 2024-10-22 13-06-06.png
Moved /content/53BM-faces/tasin/Screenshot from 2024-10-22 13-06-22.png to /content/53BM-faces/all/Screenshot from 2024-10-22 13-06-22.png
Moved /content/53BM-faces/tasin/Screenshot from 2024-10-22 09-45-53.png to /content/53BM-faces/all/Screenshot from 2024-10-22 09-45-53.png
Moved /content/53BM-faces/tasin/Screenshot from 2024-10-22 09-42-48.png to /content/53BM-faces/all/Screenshot from 2024-10-22 09-42-48.png
Moved /content/53BM-faces/tasin/Screenshot from 2024-10-22 13-25-11.png to /content/53BM-faces/all/Screenshot from 2024-10-22 13-25-11.png
Moved /content/53BM-faces/durjoy/Screenshot from 2024-10-22 13-44-08.png to /content/53BM-faces/all/Screenshot from 2024-10-22 13-44-08.png
Moved /content/53BM-faces/durjoy/Screenshot from 2024-10-22 13-44-18.png to /content/53BM-faces/all/Screenshot from 2024-10-22 13-44-18.png
Moved /content/53BM-faces/durjoy/Screenshot from 2024-10-22 13-06-35.png to /content/53BM-faces/all/Screenshot from 2024-10-22 13-06-35.png
Moved /content/53BM-faces/durjoy/Screenshot from 2024-10-22 13-08-10.png to /content/53BM-faces/all/Screenshot from 2024-10-22 13-08-10.png
Moved /content/53BM-faces/durjoy/Screenshot from 2024-10-22 13-45-03.png to /content/53BM-faces/all/Screenshot from 2024-10-22 13-45-03.png
Moved /content/53BM-faces/durjoy/Screenshot from 2024-10-22 13-44-24.png to /content/53BM-faces/all/Screenshot from 2024-10-22 13-44-24.png
Moved /content/53BM-faces/durjoy/Screenshot from 2024-10-22 13-45-47.png to /content/53BM-faces/all/Screenshot from 2024-10-22 13-45-47.png
Moved /content/53BM-faces/faisal/Screenshot from 2024-10-22 12-58-10.png to /content/53BM-faces/all/Screenshot from 2024-10-22 12-58-10.png
Moved /content/53BM-faces/faisal/Screenshot from 2024-10-22 12-50-10.png to /content/53BM-faces/all/Screenshot from 2024-10-22 12-50-10.png
Moved /content/53BM-faces/faisal/Screenshot from 2024-10-22 12-51-04.png to /content/53BM-faces/all/Screenshot from 2024-10-22 12-51-04.png
Moved /content/53BM-faces/faisal/Screenshot from 2024-10-22 12-57-19.png to /content/53BM-faces/all/Screenshot from 2024-10-22 12-57-19.png
Moved /content/53BM-faces/faisal/Screenshot from 2024-10-22 12-56-32.png to /content/53BM-faces/all/Screenshot from 2024-10-22 12-56-32.png
Moved /content/53BM-faces/faisal/Screenshot from 2024-10-22 13-09-48.png to /content/53BM-faces/all/Screenshot from 2024-10-22 13-09-48.png
Moved /content/53BM-faces/faisal/Screenshot from 2024-10-22 12-49-46.png to /content/53BM-faces/all/Screenshot from 2024-10-22 12-49-46.png
Moved /content/53BM-faces/faisal/Screenshot from 2024-10-22 13-05-48.png to /content/53BM-faces/all/Screenshot from 2024-10-22 13-05-48.png
Moved /content/53BM-faces/faisal/Screenshot from 2024-10-22 12-56-56.png to /content/53BM-faces/all/Screenshot from 2024-10-22 12-56-56.png
Moved /content/53BM-faces/faisal/Screenshot from 2024-10-22 12-49-23.png to /content/53BM-faces/all/Screenshot from 2024-10-22 12-49-23.png
Moved /content/53BM-faces/amir/Screenshot from 2024-10-22 13-26-26.png to /content/53BM-faces/all/Screenshot from 2024-10-22 13-26-26.png
Moved /content/53BM-faces/amir/Screenshot from 2024-10-22 13-26-45.png to /content/53BM-faces/all/Screenshot from 2024-10-22 13-26-45.png
Moved /content/53BM-faces/amir/Screenshot from 2024-10-22 13-26-37.png to /content/53BM-faces/all/Screenshot from 2024-10-22 13-26-37.png
Moved /content/53BM-faces/jobayer/Screenshot from 2024-10-29 19-07-29.png to /content/53BM-faces/all/Screenshot from 2024-10-29 19-07-29.png
Moved /content/53BM-faces/jobayer/Screenshot from 2024-10-22 12-57-10.png to /content/53BM-faces/all/Screenshot from 2024-10-22 12-57-10.png
Moved /content/53BM-faces/jobayer/Screenshot from 2024-10-22 12-52-01.png to /content/53BM-faces/all/Screenshot from 2024-10-22 12-52-01.png
Moved /content/53BM-faces/parba/Screenshot from 2024-10-22 13-23-00.png to /content/53BM-faces/all/Screenshot from 2024-10-22 13-23-00.png
Moved /content/53BM-faces/parba/Screenshot from 2024-10-22 09-46-50.png to /content/53BM-faces/all/Screenshot from 2024-10-22 09-46-50.png
Moved /content/53BM-faces/parba/Screenshot from 2024-10-22 13-16-03.png to /content/53BM-faces/all/Screenshot from 2024-10-22 13-16-03.png
Moved /content/53BM-faces/parba/Screenshot from 2024-10-22 12-56-39.png to /content/53BM-faces/all/Screenshot from 2024-10-22 12-56-39.png
Moved /content/53BM-faces/kashfi/Screenshot from 2024-10-22 12-52-31.png to /content/53BM-faces/all/Screenshot from 2024-10-22 12-52-31.png
Moved /content/53BM-faces/kashfi/Screenshot from 2024-10-22 13-11-13.png to /content/53BM-faces/all/Screenshot from 2024-10-22 13-11-13.png
Moved /content/53BM-faces/kashfi/Screenshot from 2024-10-22 19-22-37.png to /content/53BM-faces/all/Screenshot from 2024-10-22 19-22-37.png
Moved /content/53BM-faces/kashfi/Screenshot from 2024-10-22 19-21-14.png to /content/53BM-faces/all/Screenshot from 2024-10-22 19-21-14.png
Moved /content/53BM-faces/kashfi/Screenshot from 2024-10-22 19-20-58.png to /content/53BM-faces/all/Screenshot from 2024-10-22 19-20-58.png
Moved /content/53BM-faces/kashfi/Kashfi.png to /content/53BM-faces/all/Kashfi.png
Moved /content/53BM-faces/kashfi/Screenshot from 2024-10-22 09-45-51.png to /content/53BM-faces/all/Screenshot from 2024-10-22 09-45-51.png
Moved /content/53BM-faces/arman/Screenshot from 2024-10-22 12-52-44.png to /content/53BM-faces/all/Screenshot from 2024-10-22 12-52-44.png
Moved /content/53BM-faces/arman/Screenshot from 2024-10-22 13-23-26.png to /content/53BM-faces/all/Screenshot from 2024-10-22 13-23-26.png
Moved /content/53BM-faces/sajib/Screenshot from 2024-10-22 13-04-16.png to /content/53BM-faces/all/Screenshot from 2024-10-22 13-04-16.png
Moved /content/53BM-faces/sajib/Screenshot from 2024-10-22 12-56-04.png to /content/53BM-faces/all/Screenshot from 2024-10-22 12-56-04.png
Moved /content/53BM-faces/sajib/Screenshot from 2024-10-22 12-51-01.png to /content/53BM-faces/all/Screenshot from 2024-10-22 12-51-01.png
Moved /content/53BM-faces/sajib/Screenshot from 2024-10-22 12-49-43.png to /content/53BM-faces/all/Screenshot from 2024-10-22 12-49-43.png
Moved /content/53BM-faces/sajib/Screenshot from 2024-10-22 12-53-39.png to /content/53BM-faces/all/Screenshot from 2024-10-22 12-53-39.png
Moved /content/53BM-faces/sajib/Screenshot from 2024-10-22 13-18-13.png to /content/53BM-faces/all/Screenshot from 2024-10-22 13-18-13.png
Moved /content/53BM-faces/sajib/Screenshot from 2024-10-22 12-50-07.png to /content/53BM-faces/all/Screenshot from 2024-10-22 12-50-07.png
Moved /content/53BM-faces/sajib/Screenshot from 2024-10-22 12-48-01.png to /content/53BM-faces/all/Screenshot from 2024-10-22 12-48-01.png
Moved /content/53BM-faces/sajib/Screenshot from 2024-10-22 12-57-38.png to /content/53BM-faces/all/Screenshot from 2024-10-22 12-57-38.png
Moved /content/53BM-faces/tanvir/Screenshot from 2024-10-22 19-49-34.png to /content/53BM-faces/all/Screenshot from 2024-10-22 19-49-34.png
Moved /content/53BM-faces/tanvir/Screenshot from 2024-10-22 13-07-40.png to /content/53BM-faces/all/Screenshot from 2024-10-22 13-07-40.png
Moved /content/53BM-faces/ahnab/Screenshot from 2024-10-22 13-10-06.png to /content/53BM-faces/all/Screenshot from 2024-10-22 13-10-06.png
Moved /content/53BM-faces/ahnab/Screenshot from 2024-10-29 18-53-31.png to /content/53BM-faces/all/Screenshot from 2024-10-29 18-53-31.png
Moved /content/53BM-faces/ahnab/Screenshot from 2024-10-22 12-53-58.png to /content/53BM-faces/all/Screenshot from 2024-10-22 12-53-58.png
Moved /content/53BM-faces/chahodul/Screenshot from 2024-10-22 12-47-18.png to /content/53BM-faces/all/Screenshot from 2024-10-22 12-47-18.png
Moved /content/53BM-faces/chahodul/Screenshot from 2024-10-22 13-16-29.png to /content/53BM-faces/all/Screenshot from 2024-10-22 13-16-29.png
Moved /content/53BM-faces/chahodul/Screenshot from 2024-10-22 13-07-51.png to /content/53BM-faces/all/Screenshot from 2024-10-22 13-07-51.png
Moved /content/53BM-faces/chahodul/Screenshot from 2024-10-22 13-09-10.png to /content/53BM-faces/all/Screenshot from 2024-10-22 13-09-10.png
Moved /content/53BM-faces/chahodul/Screenshot from 2024-10-22 13-21-06.png to /content/53BM-faces/all/Screenshot from 2024-10-22 13-21-06.png
Moved /content/53BM-faces/mahi/Screenshot from 2024-10-22 13-03-59.png to /content/53BM-faces/all/Screenshot from 2024-10-22 13-03-59.png
Moved /content/53BM-faces/mahi/Screenshot from 2024-10-22 13-15-50.png to /content/53BM-faces/all/Screenshot from 2024-10-22 13-15-50.png
Moved /content/53BM-faces/mahi/Screenshot from 2024-10-22 09-45-26.png to /content/53BM-faces/all/Screenshot from 2024-10-22 09-45-26.png
Moved /content/53BM-faces/mahi/Screenshot from 2024-10-22 18-56-01.png to /content/53BM-faces/all/Screenshot from 2024-10-22 18-56-01.png
Moved /content/53BM-faces/mahi/Screenshot from 2024-10-22 18-52-01.png to /content/53BM-faces/all/Screenshot from 2024-10-22 18-52-01.png
Moved /content/53BM-faces/mahi/Screenshot from 2024-10-22 18-56-20.png to /content/53BM-faces/all/Screenshot from 2024-10-22 18-56-20.png
torch.Size([64, 3, 64, 64])
