Creating CCAL model...
Model Parameters: 703,331
Trainable Parameters: 703,331
Starting training...
Epoch 1/50 [Train]:  68%|██████▊   | 15/22 [00:05<00:01,  4.08it/s, Loss=1.1656, Acc=40.42%]
torch.Size([32, 256])
torch.Size([32, 32])
torch.Size([32, 256])
torch.Size([32, 32])
torch.Size([32, 256])
torch.Size([32, 32])
torch.Size([32, 256])
torch.Size([32, 32])
torch.Size([32, 256])
torch.Size([32, 32])
torch.Size([32, 256])
torch.Size([32, 32])
torch.Size([32, 256])
torch.Size([32, 32])
torch.Size([32, 256])
torch.Size([32, 32])
torch.Size([32, 256])
torch.Size([32, 32])
torch.Size([32, 256])
torch.Size([32, 32])
torch.Size([32, 256])
torch.Size([32, 32])
torch.Size([32, 256])
torch.Size([32, 32])
torch.Size([32, 256])
torch.Size([32, 32])
torch.Size([32, 256])
torch.Size([32, 32])
torch.Size([32, 256])
torch.Size([32, 32])
torch.Size([32, 256])
torch.Size([32, 32])
torch.Size([32, 256])
torch.Size([32, 32])
torch.Size([32, 256])
torch.Size([32, 32])
torch.Size([32, 256])
torch.Size([32, 32])
torch.Size([32, 256])
torch.Size([32, 32])
torch.Size([32, 256])
torch.Size([32, 32])
torch.Size([30, 256])
torch.Size([30, 32])
torch.Size([32, 256])
torch.Size([32, 32])
torch.Size([32, 256])
torch.Size([32, 32])
torch.Size([32, 256])
torch.Size([32, 32])
torch.Size([32, 256])
torch.Size([32, 32])
torch.Size([32, 256])
torch.Size([32, 32])
torch.Size([15, 256])
torch.Size([15, 32])
Epoch [1/50] - Train Loss: 1.1571, Train Acc: 40.88%, Val Loss: 1.1156, Val Acc: 24.57%
Epoch 2/50 [Train]:  68%|██████▊   | 15/22 [00:05<00:01,  3.60it/s, Loss=1.0309, Acc=45.42%]
torch.Size([32, 256])
torch.Size([32, 32])
torch.Size([32, 256])
torch.Size([32, 32])
torch.Size([32, 256])
torch.Size([32, 32])
torch.Size([32, 256])
torch.Size([32, 32])
torch.Size([32, 256])
torch.Size([32, 32])
torch.Size([32, 256])
torch.Size([32, 32])
torch.Size([32, 256])
torch.Size([32, 32])
torch.Size([32, 256])
torch.Size([32, 32])
torch.Size([32, 256])
torch.Size([32, 32])
torch.Size([32, 256])
torch.Size([32, 32])
torch.Size([32, 256])
torch.Size([32, 32])
torch.Size([32, 256])
torch.Size([32, 32])
torch.Size([32, 256])
torch.Size([32, 32])
torch.Size([32, 256])
torch.Size([32, 32])
torch.Size([32, 256])
torch.Size([32, 32])
torch.Size([32, 256])
torch.Size([32, 32])
torch.Size([32, 256])
torch.Size([32, 32])
torch.Size([32, 256])
torch.Size([32, 32])
torch.Size([32, 256])
torch.Size([32, 32])
torch.Size([32, 256])
torch.Size([32, 32])
torch.Size([32, 256])
torch.Size([32, 32])
torch.Size([30, 256])
torch.Size([30, 32])
torch.Size([32, 256])
torch.Size([32, 32])
torch.Size([32, 256])
torch.Size([32, 32])
torch.Size([32, 256])
torch.Size([32, 32])
torch.Size([32, 256])
torch.Size([32, 32])
torch.Size([32, 256])
torch.Size([32, 32])
torch.Size([15, 256])
torch.Size([15, 32])
Epoch [2/50] - Train Loss: 0.9744, Train Acc: 50.43%, Val Loss: 0.8642, Val Acc: 61.71%
Epoch 3/50 [Train]:  68%|██████▊   | 15/22 [00:05<00:01,  4.02it/s, Loss=0.7087, Acc=69.79%]
torch.Size([32, 256])
torch.Size([32, 32])
torch.Size([32, 256])
torch.Size([32, 32])
torch.Size([32, 256])
torch.Size([32, 32])
torch.Size([32, 256])
torch.Size([32, 32])
torch.Size([32, 256])
torch.Size([32, 32])
torch.Size([32, 256])
torch.Size([32, 32])
torch.Size([32, 256])
torch.Size([32, 32])
torch.Size([32, 256])
torch.Size([32, 32])
torch.Size([32, 256])
torch.Size([32, 32])
torch.Size([32, 256])
torch.Size([32, 32])
torch.Size([32, 256])
torch.Size([32, 32])
torch.Size([32, 256])
torch.Size([32, 32])
torch.Size([32, 256])
torch.Size([32, 32])
torch.Size([32, 256])
torch.Size([32, 32])
torch.Size([32, 256])
torch.Size([32, 32])
torch.Size([32, 256])
torch.Size([32, 32])
torch.Size([32, 256])
torch.Size([32, 32])
torch.Size([32, 256])
torch.Size([32, 32])
torch.Size([32, 256])
torch.Size([32, 32])
torch.Size([32, 256])
torch.Size([32, 32])
torch.Size([32, 256])
torch.Size([32, 32])
torch.Size([30, 256])
torch.Size([30, 32])
torch.Size([32, 256])
torch.Size([32, 32])
torch.Size([32, 256])
torch.Size([32, 32])
torch.Size([32, 256])
torch.Size([32, 32])
torch.Size([32, 256])
torch.Size([32, 32])
torch.Size([32, 256])
torch.Size([32, 32])
torch.Size([15, 256])
torch.Size([15, 32])
Epoch [3/50] - Train Loss: 0.6861, Train Acc: 71.94%, Val Loss: 0.9565, Val Acc: 60.00%
Epoch 4/50 [Train]:  68%|██████▊   | 15/22 [00:05<00:01,  3.96it/s, Loss=0.5438, Acc=78.54%]
torch.Size([32, 256])
torch.Size([32, 32])
torch.Size([32, 256])
torch.Size([32, 32])
torch.Size([32, 256])
torch.Size([32, 32])
torch.Size([32, 256])
torch.Size([32, 32])
torch.Size([32, 256])
torch.Size([32, 32])
torch.Size([32, 256])
torch.Size([32, 32])
torch.Size([32, 256])
torch.Size([32, 32])
torch.Size([32, 256])
torch.Size([32, 32])
torch.Size([32, 256])
torch.Size([32, 32])
torch.Size([32, 256])
torch.Size([32, 32])
torch.Size([32, 256])
torch.Size([32, 32])
torch.Size([32, 256])
torch.Size([32, 32])
torch.Size([32, 256])
torch.Size([32, 32])
torch.Size([32, 256])
torch.Size([32, 32])
torch.Size([32, 256])
torch.Size([32, 32])
torch.Size([32, 256])
torch.Size([32, 32])
torch.Size([32, 256])
torch.Size([32, 32])
torch.Size([32, 256])
torch.Size([32, 32])
torch.Size([32, 256])
torch.Size([32, 32])
torch.Size([32, 256])
torch.Size([32, 32])
torch.Size([32, 256])
torch.Size([32, 32])
torch.Size([30, 256])
torch.Size([30, 32])
torch.Size([32, 256])
torch.Size([32, 32])
torch.Size([32, 256])
torch.Size([32, 32])
torch.Size([32, 256])
torch.Size([32, 32])
torch.Size([32, 256])
torch.Size([32, 32])
torch.Size([32, 256])
torch.Size([32, 32])
torch.Size([15, 256])
torch.Size([15, 32])
Epoch [4/50] - Train Loss: 0.5178, Train Acc: 79.63%, Val Loss: 0.5149, Val Acc: 69.14%
Epoch 5/50 [Train]:  68%|██████▊   | 15/22 [00:05<00:01,  4.02it/s, Loss=0.4101, Acc=84.38%]
torch.Size([32, 256])
torch.Size([32, 32])
torch.Size([32, 256])
torch.Size([32, 32])
torch.Size([32, 256])
torch.Size([32, 32])
torch.Size([32, 256])
torch.Size([32, 32])
torch.Size([32, 256])
torch.Size([32, 32])
torch.Size([32, 256])
torch.Size([32, 32])
torch.Size([32, 256])
torch.Size([32, 32])
torch.Size([32, 256])
torch.Size([32, 32])
torch.Size([32, 256])
torch.Size([32, 32])
torch.Size([32, 256])
torch.Size([32, 32])
torch.Size([32, 256])
torch.Size([32, 32])
torch.Size([32, 256])
torch.Size([32, 32])
torch.Size([32, 256])
torch.Size([32, 32])
torch.Size([32, 256])
torch.Size([32, 32])
torch.Size([32, 256])
torch.Size([32, 32])
torch.Size([32, 256])
torch.Size([32, 32])
torch.Size([32, 256])
torch.Size([32, 32])
torch.Size([32, 256])
torch.Size([32, 32])
torch.Size([32, 256])
torch.Size([32, 32])
torch.Size([32, 256])
torch.Size([32, 32])
torch.Size([32, 256])
torch.Size([32, 32])
torch.Size([30, 256])
torch.Size([30, 32])
torch.Size([32, 256])
torch.Size([32, 32])
torch.Size([32, 256])
torch.Size([32, 32])
torch.Size([32, 256])
torch.Size([32, 32])
torch.Size([32, 256])
torch.Size([32, 32])
torch.Size([32, 256])
torch.Size([32, 32])
torch.Size([15, 256])
torch.Size([15, 32])
Epoch [5/50] - Train Loss: 0.4889, Train Acc: 82.05%, Val Loss: 1.8393, Val Acc: 58.86%
Epoch 6/50 [Train]:  68%|██████▊   | 15/22 [00:05<00:02,  3.49it/s, Loss=1.0611, Acc=59.17%]
torch.Size([32, 256])
torch.Size([32, 32])
torch.Size([32, 256])
torch.Size([32, 32])
torch.Size([32, 256])
torch.Size([32, 32])
torch.Size([32, 256])
torch.Size([32, 32])
torch.Size([32, 256])
torch.Size([32, 32])
torch.Size([32, 256])
torch.Size([32, 32])
torch.Size([32, 256])
torch.Size([32, 32])
torch.Size([32, 256])
torch.Size([32, 32])
torch.Size([32, 256])
torch.Size([32, 32])
torch.Size([32, 256])
torch.Size([32, 32])
torch.Size([32, 256])
torch.Size([32, 32])
torch.Size([32, 256])
torch.Size([32, 32])
torch.Size([32, 256])
torch.Size([32, 32])
torch.Size([32, 256])
torch.Size([32, 32])
torch.Size([32, 256])
torch.Size([32, 32])
torch.Size([32, 256])
torch.Size([32, 32])
torch.Size([32, 256])
torch.Size([32, 32])
torch.Size([32, 256])
torch.Size([32, 32])
torch.Size([32, 256])
torch.Size([32, 32])
torch.Size([32, 256])
torch.Size([32, 32])
torch.Size([32, 256])
torch.Size([32, 32])
torch.Size([30, 256])
torch.Size([30, 32])
torch.Size([32, 256])
torch.Size([32, 32])
torch.Size([32, 256])
torch.Size([32, 32])
torch.Size([32, 256])
torch.Size([32, 32])
torch.Size([32, 256])
torch.Size([32, 32])
torch.Size([32, 256])
torch.Size([32, 32])
torch.Size([15, 256])
torch.Size([15, 32])
Epoch [6/50] - Train Loss: 0.9923, Train Acc: 60.83%, Val Loss: 0.9626, Val Acc: 60.00%
Epoch 7/50 [Train]:  68%|██████▊   | 15/22 [00:05<00:01,  4.02it/s, Loss=0.7989, Acc=65.21%]
torch.Size([32, 256])
torch.Size([32, 32])
torch.Size([32, 256])
torch.Size([32, 32])
torch.Size([32, 256])
torch.Size([32, 32])
torch.Size([32, 256])
torch.Size([32, 32])
torch.Size([32, 256])
torch.Size([32, 32])
torch.Size([32, 256])
torch.Size([32, 32])
torch.Size([32, 256])
torch.Size([32, 32])
torch.Size([32, 256])
torch.Size([32, 32])
torch.Size([32, 256])
torch.Size([32, 32])
torch.Size([32, 256])
torch.Size([32, 32])
torch.Size([32, 256])
torch.Size([32, 32])
torch.Size([32, 256])
torch.Size([32, 32])
torch.Size([32, 256])
torch.Size([32, 32])
torch.Size([32, 256])
torch.Size([32, 32])
torch.Size([32, 256])
torch.Size([32, 32])
torch.Size([32, 256])
torch.Size([32, 32])
torch.Size([32, 256])
torch.Size([32, 32])
torch.Size([32, 256])
torch.Size([32, 32])
torch.Size([32, 256])
torch.Size([32, 32])
torch.Size([32, 256])
torch.Size([32, 32])
torch.Size([32, 256])
torch.Size([32, 32])
torch.Size([30, 256])
torch.Size([30, 32])
torch.Size([32, 256])
torch.Size([32, 32])
torch.Size([32, 256])
torch.Size([32, 32])
torch.Size([32, 256])
torch.Size([32, 32])
torch.Size([32, 256])
torch.Size([32, 32])
torch.Size([32, 256])
torch.Size([32, 32])
torch.Size([15, 256])
torch.Size([15, 32])
Epoch [7/50] - Train Loss: 0.7847, Train Acc: 67.09%, Val Loss: 6.6277, Val Acc: 24.57%
Epoch 8/50 [Train]:  68%|██████▊   | 15/22 [00:05<00:01,  4.00it/s, Loss=0.7151, Acc=72.50%]
torch.Size([32, 256])
torch.Size([32, 32])
torch.Size([32, 256])
torch.Size([32, 32])
torch.Size([32, 256])
torch.Size([32, 32])
torch.Size([32, 256])
torch.Size([32, 32])
torch.Size([32, 256])
torch.Size([32, 32])
torch.Size([32, 256])
torch.Size([32, 32])
torch.Size([32, 256])
torch.Size([32, 32])
torch.Size([32, 256])
torch.Size([32, 32])
torch.Size([32, 256])
torch.Size([32, 32])
torch.Size([32, 256])
torch.Size([32, 32])
torch.Size([32, 256])
torch.Size([32, 32])
torch.Size([32, 256])
torch.Size([32, 32])
torch.Size([32, 256])
torch.Size([32, 32])
torch.Size([32, 256])
torch.Size([32, 32])
torch.Size([32, 256])
torch.Size([32, 32])
torch.Size([32, 256])
torch.Size([32, 32])
torch.Size([32, 256])
torch.Size([32, 32])
torch.Size([32, 256])
torch.Size([32, 32])
torch.Size([32, 256])
torch.Size([32, 32])
torch.Size([32, 256])
torch.Size([32, 32])
torch.Size([32, 256])
torch.Size([32, 32])
torch.Size([30, 256])
torch.Size([30, 32])
torch.Size([32, 256])
torch.Size([32, 32])
torch.Size([32, 256])
torch.Size([32, 32])
torch.Size([32, 256])
torch.Size([32, 32])
torch.Size([32, 256])
torch.Size([32, 32])
torch.Size([32, 256])
torch.Size([32, 32])
torch.Size([15, 256])
torch.Size([15, 32])
Epoch [8/50] - Train Loss: 0.7233, Train Acc: 70.94%, Val Loss: 3.6232, Val Acc: 32.00%
Epoch 9/50 [Train]:  68%|██████▊   | 15/22 [00:05<00:01,  4.17it/s, Loss=0.7309, Acc=69.17%]
torch.Size([32, 256])
torch.Size([32, 32])
torch.Size([32, 256])
torch.Size([32, 32])
torch.Size([32, 256])
torch.Size([32, 32])
torch.Size([32, 256])
torch.Size([32, 32])
torch.Size([32, 256])
torch.Size([32, 32])
torch.Size([32, 256])
torch.Size([32, 32])
torch.Size([32, 256])
torch.Size([32, 32])
torch.Size([32, 256])
torch.Size([32, 32])
torch.Size([32, 256])
torch.Size([32, 32])
torch.Size([32, 256])
torch.Size([32, 32])
torch.Size([32, 256])
torch.Size([32, 32])
torch.Size([32, 256])
torch.Size([32, 32])
torch.Size([32, 256])
torch.Size([32, 32])
torch.Size([32, 256])
torch.Size([32, 32])
torch.Size([32, 256])
torch.Size([32, 32])
torch.Size([32, 256])
torch.Size([32, 32])
torch.Size([32, 256])
torch.Size([32, 32])
torch.Size([32, 256])
torch.Size([32, 32])
torch.Size([32, 256])
torch.Size([32, 32])
torch.Size([32, 256])
torch.Size([32, 32])
torch.Size([32, 256])
torch.Size([32, 32])
torch.Size([30, 256])
torch.Size([30, 32])
torch.Size([32, 256])
torch.Size([32, 32])
torch.Size([32, 256])
torch.Size([32, 32])
torch.Size([32, 256])
torch.Size([32, 32])
torch.Size([32, 256])
torch.Size([32, 32])
torch.Size([32, 256])
torch.Size([32, 32])
torch.Size([15, 256])
torch.Size([15, 32])
Epoch [9/50] - Train Loss: 0.6932, Train Acc: 72.08%, Val Loss: 1.1218, Val Acc: 51.43%
Epoch 10/50 [Train]:  68%|██████▊   | 15/22 [00:05<00:01,  4.25it/s, Loss=0.6558, Acc=70.83%]
torch.Size([32, 256])
torch.Size([32, 32])
torch.Size([32, 256])
torch.Size([32, 32])
torch.Size([32, 256])
torch.Size([32, 32])
torch.Size([32, 256])
torch.Size([32, 32])
torch.Size([32, 256])
torch.Size([32, 32])
torch.Size([32, 256])
torch.Size([32, 32])
torch.Size([32, 256])
torch.Size([32, 32])
torch.Size([32, 256])
torch.Size([32, 32])
torch.Size([32, 256])
torch.Size([32, 32])
torch.Size([32, 256])
torch.Size([32, 32])
torch.Size([32, 256])
torch.Size([32, 32])
torch.Size([32, 256])
torch.Size([32, 32])
torch.Size([32, 256])
torch.Size([32, 32])
torch.Size([32, 256])
torch.Size([32, 32])
torch.Size([32, 256])
torch.Size([32, 32])
torch.Size([32, 256])
torch.Size([32, 32])
torch.Size([32, 256])
torch.Size([32, 32])
torch.Size([32, 256])
torch.Size([32, 32])
torch.Size([32, 256])
torch.Size([32, 32])
torch.Size([32, 256])
torch.Size([32, 32])
torch.Size([32, 256])
torch.Size([32, 32])
torch.Size([30, 256])
torch.Size([30, 32])
torch.Size([32, 256])
torch.Size([32, 32])
torch.Size([32, 256])
torch.Size([32, 32])
torch.Size([32, 256])
torch.Size([32, 32])
torch.Size([32, 256])
torch.Size([32, 32])
torch.Size([32, 256])
torch.Size([32, 32])
torch.Size([15, 256])
torch.Size([15, 32])
Epoch [10/50] - Train Loss: 0.6655, Train Acc: 70.80%, Val Loss: 0.6748, Val Acc: 71.43%
Epoch 11/50 [Train]:  68%|██████▊   | 15/22 [00:05<00:01,  3.91it/s, Loss=0.6025, Acc=75.00%]
torch.Size([32, 256])
torch.Size([32, 32])
torch.Size([32, 256])
torch.Size([32, 32])
torch.Size([32, 256])
torch.Size([32, 32])
torch.Size([32, 256])
torch.Size([32, 32])
torch.Size([32, 256])
torch.Size([32, 32])
torch.Size([32, 256])
torch.Size([32, 32])
torch.Size([32, 256])
torch.Size([32, 32])
torch.Size([32, 256])
torch.Size([32, 32])
torch.Size([32, 256])
torch.Size([32, 32])
torch.Size([32, 256])
torch.Size([32, 32])
torch.Size([32, 256])
torch.Size([32, 32])
torch.Size([32, 256])
torch.Size([32, 32])
torch.Size([32, 256])
torch.Size([32, 32])
torch.Size([32, 256])
torch.Size([32, 32])
torch.Size([32, 256])
torch.Size([32, 32])
torch.Size([32, 256])
torch.Size([32, 32])
torch.Size([32, 256])
torch.Size([32, 32])
torch.Size([32, 256])
torch.Size([32, 32])
torch.Size([32, 256])
torch.Size([32, 32])
torch.Size([32, 256])
torch.Size([32, 32])
torch.Size([32, 256])
torch.Size([32, 32])
torch.Size([30, 256])
torch.Size([30, 32])
torch.Size([32, 256])
torch.Size([32, 32])
torch.Size([32, 256])
torch.Size([32, 32])
torch.Size([32, 256])
torch.Size([32, 32])
torch.Size([32, 256])
torch.Size([32, 32])
torch.Size([32, 256])
torch.Size([32, 32])
torch.Size([15, 256])
torch.Size([15, 32])
Epoch [11/50] - Train Loss: 0.6094, Train Acc: 75.36%, Val Loss: 1.1345, Val Acc: 61.71%
Epoch 12/50 [Train]:  68%|██████▊   | 15/22 [00:05<00:01,  4.32it/s, Loss=0.5521, Acc=76.04%]
torch.Size([32, 256])
torch.Size([32, 32])
torch.Size([32, 256])
torch.Size([32, 32])
torch.Size([32, 256])
torch.Size([32, 32])
torch.Size([32, 256])
torch.Size([32, 32])
torch.Size([32, 256])
torch.Size([32, 32])
torch.Size([32, 256])
torch.Size([32, 32])
torch.Size([32, 256])
torch.Size([32, 32])
torch.Size([32, 256])
torch.Size([32, 32])
torch.Size([32, 256])
torch.Size([32, 32])
torch.Size([32, 256])
torch.Size([32, 32])
torch.Size([32, 256])
torch.Size([32, 32])
torch.Size([32, 256])
torch.Size([32, 32])
torch.Size([32, 256])
torch.Size([32, 32])
torch.Size([32, 256])
torch.Size([32, 32])
torch.Size([32, 256])
torch.Size([32, 32])
torch.Size([32, 256])
torch.Size([32, 32])
torch.Size([32, 256])
torch.Size([32, 32])
torch.Size([32, 256])
torch.Size([32, 32])
torch.Size([32, 256])
torch.Size([32, 32])
torch.Size([32, 256])
torch.Size([32, 32])
torch.Size([32, 256])
torch.Size([32, 32])
torch.Size([30, 256])
torch.Size([30, 32])
torch.Size([32, 256])
torch.Size([32, 32])
torch.Size([32, 256])
torch.Size([32, 32])
torch.Size([32, 256])
torch.Size([32, 32])
torch.Size([32, 256])
torch.Size([32, 32])
torch.Size([32, 256])
torch.Size([32, 32])
torch.Size([15, 256])
torch.Size([15, 32])
Epoch [12/50] - Train Loss: 0.5527, Train Acc: 76.07%, Val Loss: 0.5928, Val Acc: 65.71%
Epoch 13/50 [Train]:  68%|██████▊   | 15/22 [00:05<00:01,  3.97it/s, Loss=0.5320, Acc=77.29%]
torch.Size([32, 256])
torch.Size([32, 32])
torch.Size([32, 256])
torch.Size([32, 32])
torch.Size([32, 256])
torch.Size([32, 32])
torch.Size([32, 256])
torch.Size([32, 32])
torch.Size([32, 256])
torch.Size([32, 32])
torch.Size([32, 256])
torch.Size([32, 32])
torch.Size([32, 256])
torch.Size([32, 32])
torch.Size([32, 256])
torch.Size([32, 32])
torch.Size([32, 256])
torch.Size([32, 32])
torch.Size([32, 256])
torch.Size([32, 32])
torch.Size([32, 256])
torch.Size([32, 32])
torch.Size([32, 256])
torch.Size([32, 32])
torch.Size([32, 256])
torch.Size([32, 32])
torch.Size([32, 256])
torch.Size([32, 32])
torch.Size([32, 256])
torch.Size([32, 32])
torch.Size([32, 256])
torch.Size([32, 32])
torch.Size([32, 256])
torch.Size([32, 32])
torch.Size([32, 256])
torch.Size([32, 32])
torch.Size([32, 256])
torch.Size([32, 32])
torch.Size([32, 256])
torch.Size([32, 32])
torch.Size([32, 256])
torch.Size([32, 32])
torch.Size([30, 256])
torch.Size([30, 32])
torch.Size([32, 256])
torch.Size([32, 32])
torch.Size([32, 256])
torch.Size([32, 32])
torch.Size([32, 256])
torch.Size([32, 32])
torch.Size([32, 256])
torch.Size([32, 32])
torch.Size([32, 256])
torch.Size([32, 32])
torch.Size([15, 256])
torch.Size([15, 32])
Epoch [13/50] - Train Loss: 0.5206, Train Acc: 77.35%, Val Loss: 1.6473, Val Acc: 59.43%
Epoch 14/50 [Train]:  68%|██████▊   | 15/22 [00:05<00:02,  3.50it/s, Loss=0.4665, Acc=77.08%]
torch.Size([32, 256])
torch.Size([32, 32])
torch.Size([32, 256])
torch.Size([32, 32])
torch.Size([32, 256])
torch.Size([32, 32])
torch.Size([32, 256])
torch.Size([32, 32])
torch.Size([32, 256])
torch.Size([32, 32])
torch.Size([32, 256])
torch.Size([32, 32])
torch.Size([32, 256])
torch.Size([32, 32])
torch.Size([32, 256])
torch.Size([32, 32])
torch.Size([32, 256])
torch.Size([32, 32])
torch.Size([32, 256])
torch.Size([32, 32])
torch.Size([32, 256])
torch.Size([32, 32])
torch.Size([32, 256])
torch.Size([32, 32])
torch.Size([32, 256])
torch.Size([32, 32])
torch.Size([32, 256])
torch.Size([32, 32])
torch.Size([32, 256])
torch.Size([32, 32])
torch.Size([32, 256])
torch.Size([32, 32])
torch.Size([32, 256])
torch.Size([32, 32])
torch.Size([32, 256])
torch.Size([32, 32])
torch.Size([32, 256])
torch.Size([32, 32])
torch.Size([32, 256])
torch.Size([32, 32])
torch.Size([32, 256])
torch.Size([32, 32])
torch.Size([30, 256])
torch.Size([30, 32])
torch.Size([32, 256])
torch.Size([32, 32])
torch.Size([32, 256])
torch.Size([32, 32])
torch.Size([32, 256])
torch.Size([32, 32])
torch.Size([32, 256])
torch.Size([32, 32])
torch.Size([32, 256])
torch.Size([32, 32])
torch.Size([15, 256])
torch.Size([15, 32])
Epoch [14/50] - Train Loss: 0.5003, Train Acc: 76.64%, Val Loss: 2.3611, Val Acc: 37.14%
Epoch 15/50 [Train]:  68%|██████▊   | 15/22 [00:05<00:01,  4.04it/s, Loss=0.4250, Acc=82.92%]
torch.Size([32, 256])
torch.Size([32, 32])
torch.Size([32, 256])
torch.Size([32, 32])
torch.Size([32, 256])
torch.Size([32, 32])
torch.Size([32, 256])
torch.Size([32, 32])
torch.Size([32, 256])
torch.Size([32, 32])
torch.Size([32, 256])
torch.Size([32, 32])
torch.Size([32, 256])
torch.Size([32, 32])
torch.Size([32, 256])
torch.Size([32, 32])
torch.Size([32, 256])
torch.Size([32, 32])
torch.Size([32, 256])
torch.Size([32, 32])
torch.Size([32, 256])
torch.Size([32, 32])
torch.Size([32, 256])
torch.Size([32, 32])
torch.Size([32, 256])
torch.Size([32, 32])
torch.Size([32, 256])
torch.Size([32, 32])
torch.Size([32, 256])
torch.Size([32, 32])
torch.Size([32, 256])
torch.Size([32, 32])
torch.Size([32, 256])
torch.Size([32, 32])
torch.Size([32, 256])
torch.Size([32, 32])
torch.Size([32, 256])
torch.Size([32, 32])
torch.Size([32, 256])
torch.Size([32, 32])
torch.Size([32, 256])
torch.Size([32, 32])
torch.Size([30, 256])
torch.Size([30, 32])
torch.Size([32, 256])
torch.Size([32, 32])
torch.Size([32, 256])
torch.Size([32, 32])
torch.Size([32, 256])
torch.Size([32, 32])
torch.Size([32, 256])
torch.Size([32, 32])
torch.Size([32, 256])
torch.Size([32, 32])
torch.Size([15, 256])
torch.Size([15, 32])
Epoch [15/50] - Train Loss: 0.4349, Train Acc: 81.91%, Val Loss: 1.3176, Val Acc: 61.14%
Epoch 16/50 [Train]:  68%|██████▊   | 15/22 [00:05<00:01,  4.06it/s, Loss=0.4105, Acc=81.88%]
torch.Size([32, 256])
torch.Size([32, 32])
torch.Size([32, 256])
torch.Size([32, 32])
torch.Size([32, 256])
torch.Size([32, 32])
torch.Size([32, 256])
torch.Size([32, 32])
torch.Size([32, 256])
torch.Size([32, 32])
torch.Size([32, 256])
torch.Size([32, 32])
torch.Size([32, 256])
torch.Size([32, 32])
torch.Size([32, 256])
torch.Size([32, 32])
torch.Size([32, 256])
torch.Size([32, 32])
torch.Size([32, 256])
torch.Size([32, 32])
torch.Size([32, 256])
torch.Size([32, 32])
torch.Size([32, 256])
torch.Size([32, 32])
torch.Size([32, 256])
torch.Size([32, 32])
torch.Size([32, 256])
torch.Size([32, 32])
torch.Size([32, 256])
torch.Size([32, 32])
torch.Size([32, 256])
torch.Size([32, 32])
torch.Size([32, 256])
torch.Size([32, 32])
torch.Size([32, 256])
torch.Size([32, 32])
torch.Size([32, 256])
torch.Size([32, 32])
torch.Size([32, 256])
torch.Size([32, 32])
torch.Size([32, 256])
torch.Size([32, 32])
torch.Size([30, 256])
torch.Size([30, 32])
torch.Size([32, 256])
torch.Size([32, 32])
torch.Size([32, 256])
torch.Size([32, 32])
torch.Size([32, 256])
torch.Size([32, 32])
torch.Size([32, 256])
torch.Size([32, 32])
torch.Size([32, 256])
torch.Size([32, 32])
torch.Size([15, 256])
torch.Size([15, 32])
Epoch [16/50] - Train Loss: 0.4063, Train Acc: 81.77%, Val Loss: 2.4046, Val Acc: 60.57%
Epoch 17/50 [Train]:  68%|██████▊   | 15/22 [00:05<00:01,  3.96it/s, Loss=0.4194, Acc=80.00%]
torch.Size([32, 256])
torch.Size([32, 32])
torch.Size([32, 256])
torch.Size([32, 32])
torch.Size([32, 256])
torch.Size([32, 32])
torch.Size([32, 256])
torch.Size([32, 32])
torch.Size([32, 256])
torch.Size([32, 32])
torch.Size([32, 256])
torch.Size([32, 32])
torch.Size([32, 256])
torch.Size([32, 32])
torch.Size([32, 256])
torch.Size([32, 32])
torch.Size([32, 256])
torch.Size([32, 32])
torch.Size([32, 256])
torch.Size([32, 32])
torch.Size([32, 256])
torch.Size([32, 32])
torch.Size([32, 256])
torch.Size([32, 32])
torch.Size([32, 256])
torch.Size([32, 32])
torch.Size([32, 256])
torch.Size([32, 32])
torch.Size([32, 256])
torch.Size([32, 32])
torch.Size([32, 256])
torch.Size([32, 32])
torch.Size([32, 256])
torch.Size([32, 32])
torch.Size([32, 256])
torch.Size([32, 32])
torch.Size([32, 256])
torch.Size([32, 32])
torch.Size([32, 256])
torch.Size([32, 32])
torch.Size([32, 256])
torch.Size([32, 32])
torch.Size([30, 256])
torch.Size([30, 32])
torch.Size([32, 256])
torch.Size([32, 32])
torch.Size([32, 256])
torch.Size([32, 32])
torch.Size([32, 256])
torch.Size([32, 32])
torch.Size([32, 256])
torch.Size([32, 32])
torch.Size([32, 256])
torch.Size([32, 32])
torch.Size([15, 256])
torch.Size([15, 32])
Epoch [17/50] - Train Loss: 0.4041, Train Acc: 81.34%, Val Loss: 2.0103, Val Acc: 61.14%
Epoch 18/50 [Train]:  68%|██████▊   | 15/22 [00:05<00:01,  4.17it/s, Loss=0.3686, Acc=84.38%]
torch.Size([32, 256])
torch.Size([32, 32])
torch.Size([32, 256])
torch.Size([32, 32])
torch.Size([32, 256])
torch.Size([32, 32])
torch.Size([32, 256])
torch.Size([32, 32])
torch.Size([32, 256])
torch.Size([32, 32])
torch.Size([32, 256])
torch.Size([32, 32])
torch.Size([32, 256])
torch.Size([32, 32])
torch.Size([32, 256])
torch.Size([32, 32])
torch.Size([32, 256])
torch.Size([32, 32])
torch.Size([32, 256])
torch.Size([32, 32])
torch.Size([32, 256])
torch.Size([32, 32])
torch.Size([32, 256])
torch.Size([32, 32])
torch.Size([32, 256])
torch.Size([32, 32])
torch.Size([32, 256])
torch.Size([32, 32])
torch.Size([32, 256])
torch.Size([32, 32])
torch.Size([32, 256])
torch.Size([32, 32])
torch.Size([32, 256])
torch.Size([32, 32])
torch.Size([32, 256])
torch.Size([32, 32])
torch.Size([32, 256])
torch.Size([32, 32])
torch.Size([32, 256])
torch.Size([32, 32])
torch.Size([32, 256])
torch.Size([32, 32])
torch.Size([30, 256])
torch.Size([30, 32])
torch.Size([32, 256])
torch.Size([32, 32])
torch.Size([32, 256])
torch.Size([32, 32])
torch.Size([32, 256])
torch.Size([32, 32])
torch.Size([32, 256])
torch.Size([32, 32])
torch.Size([32, 256])
torch.Size([32, 32])
torch.Size([15, 256])
torch.Size([15, 32])
Epoch [18/50] - Train Loss: 0.3934, Train Acc: 82.62%, Val Loss: 1.1192, Val Acc: 62.29%
Epoch 19/50 [Train]:  68%|██████▊   | 15/22 [00:05<00:01,  3.88it/s, Loss=0.4005, Acc=78.75%]
torch.Size([32, 256])
torch.Size([32, 32])
torch.Size([32, 256])
torch.Size([32, 32])
torch.Size([32, 256])
torch.Size([32, 32])
torch.Size([32, 256])
torch.Size([32, 32])
torch.Size([32, 256])
torch.Size([32, 32])
torch.Size([32, 256])
torch.Size([32, 32])
torch.Size([32, 256])
torch.Size([32, 32])
torch.Size([32, 256])
torch.Size([32, 32])
torch.Size([32, 256])
torch.Size([32, 32])
torch.Size([32, 256])
torch.Size([32, 32])
torch.Size([32, 256])
torch.Size([32, 32])
torch.Size([32, 256])
torch.Size([32, 32])
torch.Size([32, 256])
torch.Size([32, 32])
torch.Size([32, 256])
torch.Size([32, 32])
torch.Size([32, 256])
torch.Size([32, 32])
torch.Size([32, 256])
torch.Size([32, 32])
torch.Size([32, 256])
torch.Size([32, 32])
torch.Size([32, 256])
torch.Size([32, 32])
torch.Size([32, 256])
torch.Size([32, 32])
torch.Size([32, 256])
torch.Size([32, 32])
torch.Size([32, 256])
torch.Size([32, 32])
torch.Size([30, 256])
torch.Size([30, 32])
torch.Size([32, 256])
torch.Size([32, 32])
torch.Size([32, 256])
torch.Size([32, 32])
torch.Size([32, 256])
torch.Size([32, 32])
torch.Size([32, 256])
torch.Size([32, 32])
torch.Size([32, 256])
torch.Size([32, 32])
torch.Size([15, 256])
torch.Size([15, 32])
Epoch [19/50] - Train Loss: 0.3880, Train Acc: 79.63%, Val Loss: 0.3825, Val Acc: 79.43%
Epoch 20/50 [Train]:  68%|██████▊   | 15/22 [00:05<00:01,  4.38it/s, Loss=0.3619, Acc=81.88%]
torch.Size([32, 256])
torch.Size([32, 32])
torch.Size([32, 256])
torch.Size([32, 32])
torch.Size([32, 256])
torch.Size([32, 32])
torch.Size([32, 256])
torch.Size([32, 32])
torch.Size([32, 256])
torch.Size([32, 32])
torch.Size([32, 256])
torch.Size([32, 32])
torch.Size([32, 256])
torch.Size([32, 32])
torch.Size([32, 256])
torch.Size([32, 32])
torch.Size([32, 256])
torch.Size([32, 32])
torch.Size([32, 256])
torch.Size([32, 32])
torch.Size([32, 256])
torch.Size([32, 32])
torch.Size([32, 256])
torch.Size([32, 32])
torch.Size([32, 256])
torch.Size([32, 32])
torch.Size([32, 256])
torch.Size([32, 32])
torch.Size([32, 256])
torch.Size([32, 32])
torch.Size([32, 256])
torch.Size([32, 32])
torch.Size([32, 256])
torch.Size([32, 32])
torch.Size([32, 256])
torch.Size([32, 32])
torch.Size([32, 256])
torch.Size([32, 32])
torch.Size([32, 256])
torch.Size([32, 32])
torch.Size([32, 256])
torch.Size([32, 32])
torch.Size([30, 256])
torch.Size([30, 32])
torch.Size([32, 256])
torch.Size([32, 32])
torch.Size([32, 256])
torch.Size([32, 32])
torch.Size([32, 256])
torch.Size([32, 32])
torch.Size([32, 256])
torch.Size([32, 32])
torch.Size([32, 256])
torch.Size([32, 32])
torch.Size([15, 256])
torch.Size([15, 32])
Epoch [20/50] - Train Loss: 0.3539, Train Acc: 81.20%, Val Loss: 0.4140, Val Acc: 78.86%
Epoch 21/50 [Train]:  68%|██████▊   | 15/22 [00:05<00:01,  3.99it/s, Loss=0.3686, Acc=81.88%]
torch.Size([32, 256])
torch.Size([32, 32])
torch.Size([32, 256])
torch.Size([32, 32])
torch.Size([32, 256])
torch.Size([32, 32])
torch.Size([32, 256])
torch.Size([32, 32])
torch.Size([32, 256])
torch.Size([32, 32])
torch.Size([32, 256])
torch.Size([32, 32])
torch.Size([32, 256])
torch.Size([32, 32])
torch.Size([32, 256])
torch.Size([32, 32])
torch.Size([32, 256])
torch.Size([32, 32])
torch.Size([32, 256])
torch.Size([32, 32])
torch.Size([32, 256])
torch.Size([32, 32])
torch.Size([32, 256])
torch.Size([32, 32])
torch.Size([32, 256])
torch.Size([32, 32])
torch.Size([32, 256])
torch.Size([32, 32])
torch.Size([32, 256])
torch.Size([32, 32])
torch.Size([32, 256])
torch.Size([32, 32])
torch.Size([32, 256])
torch.Size([32, 32])
torch.Size([32, 256])
torch.Size([32, 32])
torch.Size([32, 256])
torch.Size([32, 32])
torch.Size([32, 256])
torch.Size([32, 32])
torch.Size([32, 256])
torch.Size([32, 32])
torch.Size([30, 256])
torch.Size([30, 32])
torch.Size([32, 256])
torch.Size([32, 32])
torch.Size([32, 256])
torch.Size([32, 32])
torch.Size([32, 256])
torch.Size([32, 32])
torch.Size([32, 256])
torch.Size([32, 32])
torch.Size([32, 256])
torch.Size([32, 32])
torch.Size([15, 256])
torch.Size([15, 32])
Epoch [21/50] - Train Loss: 0.3640, Train Acc: 81.62%, Val Loss: 2.3380, Val Acc: 37.71%
Epoch 22/50 [Train]:  68%|██████▊   | 15/22 [00:05<00:01,  3.99it/s, Loss=0.3679, Acc=83.33%]
torch.Size([32, 256])
torch.Size([32, 32])
torch.Size([32, 256])
torch.Size([32, 32])
torch.Size([32, 256])
torch.Size([32, 32])
torch.Size([32, 256])
torch.Size([32, 32])
torch.Size([32, 256])
torch.Size([32, 32])
torch.Size([32, 256])
torch.Size([32, 32])
torch.Size([32, 256])
torch.Size([32, 32])
torch.Size([32, 256])
torch.Size([32, 32])
torch.Size([32, 256])
torch.Size([32, 32])
torch.Size([32, 256])
torch.Size([32, 32])
torch.Size([32, 256])
torch.Size([32, 32])
torch.Size([32, 256])
torch.Size([32, 32])
torch.Size([32, 256])
torch.Size([32, 32])
torch.Size([32, 256])
torch.Size([32, 32])
torch.Size([32, 256])
torch.Size([32, 32])
torch.Size([32, 256])
torch.Size([32, 32])
torch.Size([32, 256])
torch.Size([32, 32])
torch.Size([32, 256])
torch.Size([32, 32])
torch.Size([32, 256])
torch.Size([32, 32])
torch.Size([32, 256])
torch.Size([32, 32])
torch.Size([32, 256])
torch.Size([32, 32])
torch.Size([30, 256])
torch.Size([30, 32])
torch.Size([32, 256])
torch.Size([32, 32])
torch.Size([32, 256])
torch.Size([32, 32])
torch.Size([32, 256])
torch.Size([32, 32])
torch.Size([32, 256])
torch.Size([32, 32])
torch.Size([32, 256])
torch.Size([32, 32])
torch.Size([15, 256])
torch.Size([15, 32])
Epoch [22/50] - Train Loss: 0.3469, Train Acc: 84.62%, Val Loss: 2.4486, Val Acc: 30.86%
Epoch 23/50 [Train]:  68%|██████▊   | 15/22 [00:05<00:01,  4.06it/s, Loss=0.4268, Acc=82.71%]
torch.Size([32, 256])
torch.Size([32, 32])
torch.Size([32, 256])
torch.Size([32, 32])
torch.Size([32, 256])
torch.Size([32, 32])
torch.Size([32, 256])
torch.Size([32, 32])
torch.Size([32, 256])
torch.Size([32, 32])
torch.Size([32, 256])
torch.Size([32, 32])
torch.Size([32, 256])
torch.Size([32, 32])
torch.Size([32, 256])
torch.Size([32, 32])
torch.Size([32, 256])
torch.Size([32, 32])
torch.Size([32, 256])
torch.Size([32, 32])
torch.Size([32, 256])
torch.Size([32, 32])
torch.Size([32, 256])
torch.Size([32, 32])
torch.Size([32, 256])
torch.Size([32, 32])
torch.Size([32, 256])
torch.Size([32, 32])
torch.Size([32, 256])
torch.Size([32, 32])
torch.Size([32, 256])
torch.Size([32, 32])
torch.Size([32, 256])
torch.Size([32, 32])
torch.Size([32, 256])
torch.Size([32, 32])
torch.Size([32, 256])
torch.Size([32, 32])
torch.Size([32, 256])
torch.Size([32, 32])
torch.Size([32, 256])
torch.Size([32, 32])
torch.Size([30, 256])
torch.Size([30, 32])
torch.Size([32, 256])
torch.Size([32, 32])
torch.Size([32, 256])
torch.Size([32, 32])
torch.Size([32, 256])
torch.Size([32, 32])
torch.Size([32, 256])
torch.Size([32, 32])
torch.Size([32, 256])
torch.Size([32, 32])
torch.Size([15, 256])
torch.Size([15, 32])
Epoch [23/50] - Train Loss: 0.3901, Train Acc: 83.48%, Val Loss: 0.7182, Val Acc: 72.00%
Epoch 24/50 [Train]:  68%|██████▊   | 15/22 [00:05<00:01,  3.77it/s, Loss=0.3389, Acc=85.21%]
torch.Size([32, 256])
torch.Size([32, 32])
torch.Size([32, 256])
torch.Size([32, 32])
torch.Size([32, 256])
torch.Size([32, 32])
torch.Size([32, 256])
torch.Size([32, 32])
torch.Size([32, 256])
torch.Size([32, 32])
torch.Size([32, 256])
torch.Size([32, 32])
torch.Size([32, 256])
torch.Size([32, 32])
torch.Size([32, 256])
torch.Size([32, 32])
torch.Size([32, 256])
torch.Size([32, 32])
torch.Size([32, 256])
torch.Size([32, 32])
torch.Size([32, 256])
torch.Size([32, 32])
torch.Size([32, 256])
torch.Size([32, 32])
torch.Size([32, 256])
torch.Size([32, 32])
torch.Size([32, 256])
torch.Size([32, 32])
torch.Size([32, 256])
torch.Size([32, 32])
torch.Size([32, 256])
torch.Size([32, 32])
torch.Size([32, 256])
torch.Size([32, 32])
torch.Size([32, 256])
torch.Size([32, 32])
torch.Size([32, 256])
torch.Size([32, 32])
torch.Size([32, 256])
torch.Size([32, 32])
torch.Size([32, 256])
torch.Size([32, 32])
torch.Size([30, 256])
torch.Size([30, 32])
torch.Size([32, 256])
torch.Size([32, 32])
torch.Size([32, 256])
torch.Size([32, 32])
torch.Size([32, 256])
torch.Size([32, 32])
torch.Size([32, 256])
torch.Size([32, 32])
torch.Size([32, 256])
torch.Size([32, 32])
torch.Size([15, 256])
torch.Size([15, 32])
Epoch [24/50] - Train Loss: 0.3115, Train Acc: 85.61%, Val Loss: 1.0986, Val Acc: 66.86%
Epoch 25/50 [Train]:  68%|██████▊   | 15/22 [00:05<00:01,  3.91it/s, Loss=0.3629, Acc=82.92%]
torch.Size([32, 256])
torch.Size([32, 32])
torch.Size([32, 256])
torch.Size([32, 32])
torch.Size([32, 256])
torch.Size([32, 32])
torch.Size([32, 256])
torch.Size([32, 32])
torch.Size([32, 256])
torch.Size([32, 32])
torch.Size([32, 256])
torch.Size([32, 32])
torch.Size([32, 256])
torch.Size([32, 32])
torch.Size([32, 256])
torch.Size([32, 32])
torch.Size([32, 256])
torch.Size([32, 32])
torch.Size([32, 256])
torch.Size([32, 32])
torch.Size([32, 256])
torch.Size([32, 32])
torch.Size([32, 256])
torch.Size([32, 32])
torch.Size([32, 256])
torch.Size([32, 32])
torch.Size([32, 256])
torch.Size([32, 32])
torch.Size([32, 256])
torch.Size([32, 32])
torch.Size([32, 256])
torch.Size([32, 32])
torch.Size([32, 256])
torch.Size([32, 32])
torch.Size([32, 256])
torch.Size([32, 32])
torch.Size([32, 256])
torch.Size([32, 32])
torch.Size([32, 256])
torch.Size([32, 32])
torch.Size([32, 256])
torch.Size([32, 32])
torch.Size([30, 256])
torch.Size([30, 32])
torch.Size([32, 256])
torch.Size([32, 32])
torch.Size([32, 256])
torch.Size([32, 32])
torch.Size([32, 256])
torch.Size([32, 32])
torch.Size([32, 256])
torch.Size([32, 32])
torch.Size([32, 256])
torch.Size([32, 32])
torch.Size([15, 256])
torch.Size([15, 32])
Epoch [25/50] - Train Loss: 0.3915, Train Acc: 82.05%, Val Loss: 3.3785, Val Acc: 29.71%
Epoch 26/50 [Train]:  68%|██████▊   | 15/22 [00:05<00:01,  4.10it/s, Loss=0.3427, Acc=84.17%]
torch.Size([32, 256])
torch.Size([32, 32])
torch.Size([32, 256])
torch.Size([32, 32])
torch.Size([32, 256])
torch.Size([32, 32])
torch.Size([32, 256])
torch.Size([32, 32])
torch.Size([32, 256])
torch.Size([32, 32])
torch.Size([32, 256])
torch.Size([32, 32])
torch.Size([32, 256])
torch.Size([32, 32])
torch.Size([32, 256])
torch.Size([32, 32])
torch.Size([32, 256])
torch.Size([32, 32])
torch.Size([32, 256])
torch.Size([32, 32])
torch.Size([32, 256])
torch.Size([32, 32])
torch.Size([32, 256])
torch.Size([32, 32])
torch.Size([32, 256])
torch.Size([32, 32])
torch.Size([32, 256])
torch.Size([32, 32])
torch.Size([32, 256])
torch.Size([32, 32])
torch.Size([32, 256])
torch.Size([32, 32])
torch.Size([32, 256])
torch.Size([32, 32])
torch.Size([32, 256])
torch.Size([32, 32])
torch.Size([32, 256])
torch.Size([32, 32])
torch.Size([32, 256])
torch.Size([32, 32])
torch.Size([32, 256])
torch.Size([32, 32])
torch.Size([30, 256])
torch.Size([30, 32])
torch.Size([32, 256])
torch.Size([32, 32])
torch.Size([32, 256])
torch.Size([32, 32])
torch.Size([32, 256])
torch.Size([32, 32])
torch.Size([32, 256])
torch.Size([32, 32])
torch.Size([32, 256])
torch.Size([32, 32])
torch.Size([15, 256])
torch.Size([15, 32])
Epoch [26/50] - Train Loss: 0.3492, Train Acc: 83.19%, Val Loss: 0.3760, Val Acc: 77.71%
Epoch 27/50 [Train]:  68%|██████▊   | 15/22 [00:05<00:01,  3.81it/s, Loss=0.3473, Acc=85.21%]
torch.Size([32, 256])
torch.Size([32, 32])
torch.Size([32, 256])
torch.Size([32, 32])
torch.Size([32, 256])
torch.Size([32, 32])
torch.Size([32, 256])
torch.Size([32, 32])
torch.Size([32, 256])
torch.Size([32, 32])
torch.Size([32, 256])
torch.Size([32, 32])
torch.Size([32, 256])
torch.Size([32, 32])
torch.Size([32, 256])
torch.Size([32, 32])
torch.Size([32, 256])
torch.Size([32, 32])
torch.Size([32, 256])
torch.Size([32, 32])
torch.Size([32, 256])
torch.Size([32, 32])
torch.Size([32, 256])
torch.Size([32, 32])
torch.Size([32, 256])
torch.Size([32, 32])
torch.Size([32, 256])
torch.Size([32, 32])
torch.Size([32, 256])
torch.Size([32, 32])
torch.Size([32, 256])
torch.Size([32, 32])
torch.Size([32, 256])
torch.Size([32, 32])
torch.Size([32, 256])
torch.Size([32, 32])
torch.Size([32, 256])
torch.Size([32, 32])
torch.Size([32, 256])
torch.Size([32, 32])
torch.Size([32, 256])
torch.Size([32, 32])
torch.Size([30, 256])
torch.Size([30, 32])
torch.Size([32, 256])
torch.Size([32, 32])
torch.Size([32, 256])
torch.Size([32, 32])
torch.Size([32, 256])
torch.Size([32, 32])
torch.Size([32, 256])
torch.Size([32, 32])
torch.Size([32, 256])
torch.Size([32, 32])
torch.Size([15, 256])
torch.Size([15, 32])
Epoch [27/50] - Train Loss: 0.3530, Train Acc: 84.47%, Val Loss: 3.7023, Val Acc: 31.43%
Epoch 28/50 [Train]:  68%|██████▊   | 15/22 [00:05<00:01,  4.14it/s, Loss=0.3111, Acc=84.79%]
torch.Size([32, 256])
torch.Size([32, 32])
torch.Size([32, 256])
torch.Size([32, 32])
torch.Size([32, 256])
torch.Size([32, 32])
torch.Size([32, 256])
torch.Size([32, 32])
torch.Size([32, 256])
torch.Size([32, 32])
torch.Size([32, 256])
torch.Size([32, 32])
torch.Size([32, 256])
torch.Size([32, 32])
torch.Size([32, 256])
torch.Size([32, 32])
torch.Size([32, 256])
torch.Size([32, 32])
torch.Size([32, 256])
torch.Size([32, 32])
torch.Size([32, 256])
torch.Size([32, 32])
torch.Size([32, 256])
torch.Size([32, 32])
torch.Size([32, 256])
torch.Size([32, 32])
torch.Size([32, 256])
torch.Size([32, 32])
torch.Size([32, 256])
torch.Size([32, 32])
torch.Size([32, 256])
torch.Size([32, 32])
torch.Size([32, 256])
torch.Size([32, 32])
torch.Size([32, 256])
torch.Size([32, 32])
torch.Size([32, 256])
torch.Size([32, 32])
torch.Size([32, 256])
torch.Size([32, 32])
torch.Size([32, 256])
torch.Size([32, 32])
torch.Size([30, 256])
torch.Size([30, 32])
torch.Size([32, 256])
torch.Size([32, 32])
torch.Size([32, 256])
torch.Size([32, 32])
torch.Size([32, 256])
torch.Size([32, 32])
torch.Size([32, 256])
torch.Size([32, 32])
torch.Size([32, 256])
torch.Size([32, 32])
torch.Size([15, 256])
torch.Size([15, 32])
Epoch [28/50] - Train Loss: 0.3223, Train Acc: 85.19%, Val Loss: 0.3766, Val Acc: 79.43%
Epoch 29/50 [Train]:  68%|██████▊   | 15/22 [00:05<00:01,  4.05it/s, Loss=0.3290, Acc=86.25%]
torch.Size([32, 256])
torch.Size([32, 32])
torch.Size([32, 256])
torch.Size([32, 32])
torch.Size([32, 256])
torch.Size([32, 32])
torch.Size([32, 256])
torch.Size([32, 32])
torch.Size([32, 256])
torch.Size([32, 32])
torch.Size([32, 256])
torch.Size([32, 32])
torch.Size([32, 256])
torch.Size([32, 32])
torch.Size([32, 256])
torch.Size([32, 32])
torch.Size([32, 256])
torch.Size([32, 32])
torch.Size([32, 256])
torch.Size([32, 32])
torch.Size([32, 256])
torch.Size([32, 32])
torch.Size([32, 256])
torch.Size([32, 32])
torch.Size([32, 256])
torch.Size([32, 32])
torch.Size([32, 256])
torch.Size([32, 32])
torch.Size([32, 256])
torch.Size([32, 32])
torch.Size([32, 256])
torch.Size([32, 32])
torch.Size([32, 256])
torch.Size([32, 32])
torch.Size([32, 256])
torch.Size([32, 32])
torch.Size([32, 256])
torch.Size([32, 32])
torch.Size([32, 256])
torch.Size([32, 32])
torch.Size([32, 256])
torch.Size([32, 32])
torch.Size([30, 256])
torch.Size([30, 32])
torch.Size([32, 256])
torch.Size([32, 32])
torch.Size([32, 256])
torch.Size([32, 32])
torch.Size([32, 256])
torch.Size([32, 32])
torch.Size([32, 256])
torch.Size([32, 32])
torch.Size([32, 256])
torch.Size([32, 32])
torch.Size([15, 256])
torch.Size([15, 32])
Epoch [29/50] - Train Loss: 0.3049, Train Acc: 87.61%, Val Loss: 0.8261, Val Acc: 68.57%
Epoch 30/50 [Train]:  68%|██████▊   | 15/22 [00:05<00:01,  4.15it/s, Loss=0.2969, Acc=85.83%]
torch.Size([32, 256])
torch.Size([32, 32])
torch.Size([32, 256])
torch.Size([32, 32])
torch.Size([32, 256])
torch.Size([32, 32])
torch.Size([32, 256])
torch.Size([32, 32])
torch.Size([32, 256])
torch.Size([32, 32])
torch.Size([32, 256])
torch.Size([32, 32])
torch.Size([32, 256])
torch.Size([32, 32])
torch.Size([32, 256])
torch.Size([32, 32])
torch.Size([32, 256])
torch.Size([32, 32])
torch.Size([32, 256])
torch.Size([32, 32])
torch.Size([32, 256])
torch.Size([32, 32])
torch.Size([32, 256])
torch.Size([32, 32])
torch.Size([32, 256])
torch.Size([32, 32])
torch.Size([32, 256])
torch.Size([32, 32])
torch.Size([32, 256])
torch.Size([32, 32])
torch.Size([32, 256])
torch.Size([32, 32])
torch.Size([32, 256])
torch.Size([32, 32])
torch.Size([32, 256])
torch.Size([32, 32])
torch.Size([32, 256])
torch.Size([32, 32])
torch.Size([32, 256])
torch.Size([32, 32])
torch.Size([32, 256])
torch.Size([32, 32])
torch.Size([30, 256])
torch.Size([30, 32])
torch.Size([32, 256])
torch.Size([32, 32])
torch.Size([32, 256])
torch.Size([32, 32])
torch.Size([32, 256])
torch.Size([32, 32])
torch.Size([32, 256])
torch.Size([32, 32])
torch.Size([32, 256])
torch.Size([32, 32])
torch.Size([15, 256])
torch.Size([15, 32])
Epoch [30/50] - Train Loss: 0.2869, Train Acc: 86.75%, Val Loss: 0.4569, Val Acc: 80.00%
Epoch 31/50 [Train]:  68%|██████▊   | 15/22 [00:05<00:01,  4.06it/s, Loss=0.2948, Acc=86.25%]
torch.Size([32, 256])
torch.Size([32, 32])
torch.Size([32, 256])
torch.Size([32, 32])
torch.Size([32, 256])
torch.Size([32, 32])
torch.Size([32, 256])
torch.Size([32, 32])
torch.Size([32, 256])
torch.Size([32, 32])
torch.Size([32, 256])
torch.Size([32, 32])
torch.Size([32, 256])
torch.Size([32, 32])
torch.Size([32, 256])
torch.Size([32, 32])
torch.Size([32, 256])
torch.Size([32, 32])
torch.Size([32, 256])
torch.Size([32, 32])
torch.Size([32, 256])
torch.Size([32, 32])
torch.Size([32, 256])
torch.Size([32, 32])
torch.Size([32, 256])
torch.Size([32, 32])
torch.Size([32, 256])
torch.Size([32, 32])
torch.Size([32, 256])
torch.Size([32, 32])
torch.Size([32, 256])
torch.Size([32, 32])
torch.Size([32, 256])
torch.Size([32, 32])
torch.Size([32, 256])
torch.Size([32, 32])
torch.Size([32, 256])
torch.Size([32, 32])
torch.Size([32, 256])
torch.Size([32, 32])
torch.Size([32, 256])
torch.Size([32, 32])
torch.Size([30, 256])
torch.Size([30, 32])
torch.Size([32, 256])
torch.Size([32, 32])
torch.Size([32, 256])
torch.Size([32, 32])
torch.Size([32, 256])
torch.Size([32, 32])
torch.Size([32, 256])
torch.Size([32, 32])
torch.Size([32, 256])
torch.Size([32, 32])
torch.Size([15, 256])
torch.Size([15, 32])
Epoch [31/50] - Train Loss: 0.2903, Train Acc: 86.75%, Val Loss: 3.9952, Val Acc: 58.86%
Epoch 32/50 [Train]:  68%|██████▊   | 15/22 [00:05<00:01,  3.87it/s, Loss=0.3545, Acc=84.38%]
torch.Size([32, 256])
torch.Size([32, 32])
torch.Size([32, 256])
torch.Size([32, 32])
torch.Size([32, 256])
torch.Size([32, 32])
torch.Size([32, 256])
torch.Size([32, 32])
torch.Size([32, 256])
torch.Size([32, 32])
torch.Size([32, 256])
torch.Size([32, 32])
torch.Size([32, 256])
torch.Size([32, 32])
torch.Size([32, 256])
torch.Size([32, 32])
torch.Size([32, 256])
torch.Size([32, 32])
torch.Size([32, 256])
torch.Size([32, 32])
torch.Size([32, 256])
torch.Size([32, 32])
torch.Size([32, 256])
torch.Size([32, 32])
torch.Size([32, 256])
torch.Size([32, 32])
torch.Size([32, 256])
torch.Size([32, 32])
torch.Size([32, 256])
torch.Size([32, 32])
torch.Size([32, 256])
torch.Size([32, 32])
torch.Size([32, 256])
torch.Size([32, 32])
torch.Size([32, 256])
torch.Size([32, 32])
torch.Size([32, 256])
torch.Size([32, 32])
torch.Size([32, 256])
torch.Size([32, 32])
torch.Size([32, 256])
torch.Size([32, 32])
torch.Size([30, 256])
torch.Size([30, 32])
torch.Size([32, 256])
torch.Size([32, 32])
torch.Size([32, 256])
torch.Size([32, 32])
torch.Size([32, 256])
torch.Size([32, 32])
torch.Size([32, 256])
torch.Size([32, 32])
torch.Size([32, 256])
torch.Size([32, 32])
torch.Size([15, 256])
torch.Size([15, 32])
Epoch [32/50] - Train Loss: 0.3251, Train Acc: 86.18%, Val Loss: 0.8154, Val Acc: 71.43%
Epoch 33/50 [Train]:  68%|██████▊   | 15/22 [00:05<00:01,  4.20it/s, Loss=0.3327, Acc=84.38%]
torch.Size([32, 256])
torch.Size([32, 32])
torch.Size([32, 256])
torch.Size([32, 32])
torch.Size([32, 256])
torch.Size([32, 32])
torch.Size([32, 256])
torch.Size([32, 32])
torch.Size([32, 256])
torch.Size([32, 32])
torch.Size([32, 256])
torch.Size([32, 32])
torch.Size([32, 256])
torch.Size([32, 32])
torch.Size([32, 256])
torch.Size([32, 32])
torch.Size([32, 256])
torch.Size([32, 32])
torch.Size([32, 256])
torch.Size([32, 32])
torch.Size([32, 256])
torch.Size([32, 32])
torch.Size([32, 256])
torch.Size([32, 32])
torch.Size([32, 256])
torch.Size([32, 32])
torch.Size([32, 256])
torch.Size([32, 32])
torch.Size([32, 256])
torch.Size([32, 32])
torch.Size([32, 256])
torch.Size([32, 32])
torch.Size([32, 256])
torch.Size([32, 32])
torch.Size([32, 256])
torch.Size([32, 32])
torch.Size([32, 256])
torch.Size([32, 32])
torch.Size([32, 256])
torch.Size([32, 32])
torch.Size([32, 256])
torch.Size([32, 32])
torch.Size([30, 256])
torch.Size([30, 32])
torch.Size([32, 256])
torch.Size([32, 32])
torch.Size([32, 256])
torch.Size([32, 32])
torch.Size([32, 256])
torch.Size([32, 32])
torch.Size([32, 256])
torch.Size([32, 32])
torch.Size([32, 256])
torch.Size([32, 32])
torch.Size([15, 256])
torch.Size([15, 32])
Epoch [33/50] - Train Loss: 0.2922, Train Acc: 87.04%, Val Loss: 0.9315, Val Acc: 81.71%
Epoch 34/50 [Train]:  68%|██████▊   | 15/22 [00:05<00:01,  4.18it/s, Loss=0.3062, Acc=87.08%]
torch.Size([32, 256])
torch.Size([32, 32])
torch.Size([32, 256])
torch.Size([32, 32])
torch.Size([32, 256])
torch.Size([32, 32])
torch.Size([32, 256])
torch.Size([32, 32])
torch.Size([32, 256])
torch.Size([32, 32])
torch.Size([32, 256])
torch.Size([32, 32])
torch.Size([32, 256])
torch.Size([32, 32])
torch.Size([32, 256])
torch.Size([32, 32])
torch.Size([32, 256])
torch.Size([32, 32])
torch.Size([32, 256])
torch.Size([32, 32])
torch.Size([32, 256])
torch.Size([32, 32])
torch.Size([32, 256])
torch.Size([32, 32])
torch.Size([32, 256])
torch.Size([32, 32])
torch.Size([32, 256])
torch.Size([32, 32])
torch.Size([32, 256])
torch.Size([32, 32])
torch.Size([32, 256])
torch.Size([32, 32])
torch.Size([32, 256])
torch.Size([32, 32])
torch.Size([32, 256])
torch.Size([32, 32])
torch.Size([32, 256])
torch.Size([32, 32])
torch.Size([32, 256])
torch.Size([32, 32])
torch.Size([32, 256])
torch.Size([32, 32])
torch.Size([30, 256])
torch.Size([30, 32])
torch.Size([32, 256])
torch.Size([32, 32])
torch.Size([32, 256])
torch.Size([32, 32])
torch.Size([32, 256])
torch.Size([32, 32])
torch.Size([32, 256])
torch.Size([32, 32])
torch.Size([32, 256])
torch.Size([32, 32])
torch.Size([15, 256])
torch.Size([15, 32])
Epoch [34/50] - Train Loss: 0.2933, Train Acc: 87.18%, Val Loss: 5.5904, Val Acc: 24.57%
Epoch 35/50 [Train]:  68%|██████▊   | 15/22 [00:05<00:01,  4.00it/s, Loss=0.2771, Acc=88.54%]
torch.Size([32, 256])
torch.Size([32, 32])
torch.Size([32, 256])
torch.Size([32, 32])
torch.Size([32, 256])
torch.Size([32, 32])
torch.Size([32, 256])
torch.Size([32, 32])
torch.Size([32, 256])
torch.Size([32, 32])
torch.Size([32, 256])
torch.Size([32, 32])
torch.Size([32, 256])
torch.Size([32, 32])
torch.Size([32, 256])
torch.Size([32, 32])
torch.Size([32, 256])
torch.Size([32, 32])
torch.Size([32, 256])
torch.Size([32, 32])
torch.Size([32, 256])
torch.Size([32, 32])
torch.Size([32, 256])
torch.Size([32, 32])
torch.Size([32, 256])
torch.Size([32, 32])
torch.Size([32, 256])
torch.Size([32, 32])
torch.Size([32, 256])
torch.Size([32, 32])
torch.Size([32, 256])
torch.Size([32, 32])
torch.Size([32, 256])
torch.Size([32, 32])
torch.Size([32, 256])
torch.Size([32, 32])
torch.Size([32, 256])
torch.Size([32, 32])
torch.Size([32, 256])
torch.Size([32, 32])
torch.Size([32, 256])
torch.Size([32, 32])
torch.Size([30, 256])
torch.Size([30, 32])
torch.Size([32, 256])
torch.Size([32, 32])
torch.Size([32, 256])
torch.Size([32, 32])
torch.Size([32, 256])
torch.Size([32, 32])
torch.Size([32, 256])
torch.Size([32, 32])
torch.Size([32, 256])
torch.Size([32, 32])
torch.Size([15, 256])
torch.Size([15, 32])
Epoch [35/50] - Train Loss: 0.2831, Train Acc: 88.18%, Val Loss: 1.7167, Val Acc: 52.00%
Epoch 36/50 [Train]:  68%|██████▊   | 15/22 [00:05<00:01,  4.05it/s, Loss=0.3382, Acc=83.75%]
torch.Size([32, 256])
torch.Size([32, 32])
torch.Size([32, 256])
torch.Size([32, 32])
torch.Size([32, 256])
torch.Size([32, 32])
torch.Size([32, 256])
torch.Size([32, 32])
torch.Size([32, 256])
torch.Size([32, 32])
torch.Size([32, 256])
torch.Size([32, 32])
torch.Size([32, 256])
torch.Size([32, 32])
torch.Size([32, 256])
torch.Size([32, 32])
torch.Size([32, 256])
torch.Size([32, 32])
torch.Size([32, 256])
torch.Size([32, 32])
torch.Size([32, 256])
torch.Size([32, 32])
torch.Size([32, 256])
torch.Size([32, 32])
torch.Size([32, 256])
torch.Size([32, 32])
torch.Size([32, 256])
torch.Size([32, 32])
torch.Size([32, 256])
torch.Size([32, 32])
torch.Size([32, 256])
torch.Size([32, 32])
torch.Size([32, 256])
torch.Size([32, 32])
torch.Size([32, 256])
torch.Size([32, 32])
torch.Size([32, 256])
torch.Size([32, 32])
torch.Size([32, 256])
torch.Size([32, 32])
torch.Size([32, 256])
torch.Size([32, 32])
torch.Size([30, 256])
torch.Size([30, 32])
torch.Size([32, 256])
torch.Size([32, 32])
torch.Size([32, 256])
torch.Size([32, 32])
torch.Size([32, 256])
torch.Size([32, 32])
torch.Size([32, 256])
torch.Size([32, 32])
torch.Size([32, 256])
torch.Size([32, 32])
torch.Size([15, 256])
torch.Size([15, 32])
Epoch [36/50] - Train Loss: 0.3208, Train Acc: 85.04%, Val Loss: 0.9620, Val Acc: 73.14%
Epoch 37/50 [Train]:  68%|██████▊   | 15/22 [00:05<00:01,  4.16it/s, Loss=0.2582, Acc=88.96%]
torch.Size([32, 256])
torch.Size([32, 32])
torch.Size([32, 256])
torch.Size([32, 32])
torch.Size([32, 256])
torch.Size([32, 32])
torch.Size([32, 256])
torch.Size([32, 32])
torch.Size([32, 256])
torch.Size([32, 32])
torch.Size([32, 256])
torch.Size([32, 32])
torch.Size([32, 256])
torch.Size([32, 32])
torch.Size([32, 256])
torch.Size([32, 32])
torch.Size([32, 256])
torch.Size([32, 32])
torch.Size([32, 256])
torch.Size([32, 32])
torch.Size([32, 256])
torch.Size([32, 32])
torch.Size([32, 256])
torch.Size([32, 32])
torch.Size([32, 256])
torch.Size([32, 32])
torch.Size([32, 256])
torch.Size([32, 32])
torch.Size([32, 256])
torch.Size([32, 32])
torch.Size([32, 256])
torch.Size([32, 32])
torch.Size([32, 256])
torch.Size([32, 32])
torch.Size([32, 256])
torch.Size([32, 32])
torch.Size([32, 256])
torch.Size([32, 32])
torch.Size([32, 256])
torch.Size([32, 32])
torch.Size([32, 256])
torch.Size([32, 32])
torch.Size([30, 256])
torch.Size([30, 32])
torch.Size([32, 256])
torch.Size([32, 32])
torch.Size([32, 256])
torch.Size([32, 32])
torch.Size([32, 256])
torch.Size([32, 32])
torch.Size([32, 256])
torch.Size([32, 32])
torch.Size([32, 256])
torch.Size([32, 32])
torch.Size([15, 256])
torch.Size([15, 32])
Epoch [37/50] - Train Loss: 0.2718, Train Acc: 88.18%, Val Loss: 0.4308, Val Acc: 77.71%
Epoch 38/50 [Train]:  68%|██████▊   | 15/22 [00:05<00:01,  4.02it/s, Loss=0.2881, Acc=87.08%]
torch.Size([32, 256])
torch.Size([32, 32])
torch.Size([32, 256])
torch.Size([32, 32])
torch.Size([32, 256])
torch.Size([32, 32])
torch.Size([32, 256])
torch.Size([32, 32])
torch.Size([32, 256])
torch.Size([32, 32])
torch.Size([32, 256])
torch.Size([32, 32])
torch.Size([32, 256])
torch.Size([32, 32])
torch.Size([32, 256])
torch.Size([32, 32])
torch.Size([32, 256])
torch.Size([32, 32])
torch.Size([32, 256])
torch.Size([32, 32])
torch.Size([32, 256])
torch.Size([32, 32])
torch.Size([32, 256])
torch.Size([32, 32])
torch.Size([32, 256])
torch.Size([32, 32])
torch.Size([32, 256])
torch.Size([32, 32])
torch.Size([32, 256])
torch.Size([32, 32])
torch.Size([32, 256])
torch.Size([32, 32])
torch.Size([32, 256])
torch.Size([32, 32])
torch.Size([32, 256])
torch.Size([32, 32])
torch.Size([32, 256])
torch.Size([32, 32])
torch.Size([32, 256])
torch.Size([32, 32])
torch.Size([32, 256])
torch.Size([32, 32])
torch.Size([30, 256])
torch.Size([30, 32])
torch.Size([32, 256])
torch.Size([32, 32])
torch.Size([32, 256])
torch.Size([32, 32])
torch.Size([32, 256])
torch.Size([32, 32])
torch.Size([32, 256])
torch.Size([32, 32])
torch.Size([32, 256])
torch.Size([32, 32])
torch.Size([15, 256])
torch.Size([15, 32])
Epoch [38/50] - Train Loss: 0.2961, Train Acc: 86.47%, Val Loss: 0.4111, Val Acc: 80.00%
Epoch 39/50 [Train]:  68%|██████▊   | 15/22 [00:05<00:01,  4.24it/s, Loss=0.2933, Acc=87.92%]
torch.Size([32, 256])
torch.Size([32, 32])
torch.Size([32, 256])
torch.Size([32, 32])
torch.Size([32, 256])
torch.Size([32, 32])
torch.Size([32, 256])
torch.Size([32, 32])
torch.Size([32, 256])
torch.Size([32, 32])
torch.Size([32, 256])
torch.Size([32, 32])
torch.Size([32, 256])
torch.Size([32, 32])
torch.Size([32, 256])
torch.Size([32, 32])
torch.Size([32, 256])
torch.Size([32, 32])
torch.Size([32, 256])
torch.Size([32, 32])
torch.Size([32, 256])
torch.Size([32, 32])
torch.Size([32, 256])
torch.Size([32, 32])
torch.Size([32, 256])
torch.Size([32, 32])
torch.Size([32, 256])
torch.Size([32, 32])
torch.Size([32, 256])
torch.Size([32, 32])
torch.Size([32, 256])
torch.Size([32, 32])
torch.Size([32, 256])
torch.Size([32, 32])
torch.Size([32, 256])
torch.Size([32, 32])
torch.Size([32, 256])
torch.Size([32, 32])
torch.Size([32, 256])
torch.Size([32, 32])
torch.Size([32, 256])
torch.Size([32, 32])
torch.Size([30, 256])
torch.Size([30, 32])
torch.Size([32, 256])
torch.Size([32, 32])
torch.Size([32, 256])
torch.Size([32, 32])
torch.Size([32, 256])
torch.Size([32, 32])
torch.Size([32, 256])
torch.Size([32, 32])
torch.Size([32, 256])
torch.Size([32, 32])
torch.Size([15, 256])
torch.Size([15, 32])
Epoch [39/50] - Train Loss: 0.2827, Train Acc: 88.18%, Val Loss: 9.7693, Val Acc: 21.14%
Epoch 40/50 [Train]:  68%|██████▊   | 15/22 [00:05<00:01,  3.95it/s, Loss=0.2077, Acc=91.46%]
torch.Size([32, 256])
torch.Size([32, 32])
torch.Size([32, 256])
torch.Size([32, 32])
torch.Size([32, 256])
torch.Size([32, 32])
torch.Size([32, 256])
torch.Size([32, 32])
torch.Size([32, 256])
torch.Size([32, 32])
torch.Size([32, 256])
torch.Size([32, 32])
torch.Size([32, 256])
torch.Size([32, 32])
torch.Size([32, 256])
torch.Size([32, 32])
torch.Size([32, 256])
torch.Size([32, 32])
torch.Size([32, 256])
torch.Size([32, 32])
torch.Size([32, 256])
torch.Size([32, 32])
torch.Size([32, 256])
torch.Size([32, 32])
torch.Size([32, 256])
torch.Size([32, 32])
torch.Size([32, 256])
torch.Size([32, 32])
torch.Size([32, 256])
torch.Size([32, 32])
torch.Size([32, 256])
torch.Size([32, 32])
torch.Size([32, 256])
torch.Size([32, 32])
torch.Size([32, 256])
torch.Size([32, 32])
torch.Size([32, 256])
torch.Size([32, 32])
torch.Size([32, 256])
torch.Size([32, 32])
torch.Size([32, 256])
torch.Size([32, 32])
torch.Size([30, 256])
torch.Size([30, 32])
torch.Size([32, 256])
torch.Size([32, 32])
torch.Size([32, 256])
torch.Size([32, 32])
torch.Size([32, 256])
torch.Size([32, 32])
torch.Size([32, 256])
torch.Size([32, 32])
torch.Size([32, 256])
torch.Size([32, 32])
torch.Size([15, 256])
torch.Size([15, 32])
Epoch [40/50] - Train Loss: 0.2260, Train Acc: 89.74%, Val Loss: 2.2134, Val Acc: 38.86%
Epoch 41/50 [Train]:  68%|██████▊   | 15/22 [00:05<00:01,  3.97it/s, Loss=0.2388, Acc=90.83%]
torch.Size([32, 256])
torch.Size([32, 32])
torch.Size([32, 256])
torch.Size([32, 32])
torch.Size([32, 256])
torch.Size([32, 32])
torch.Size([32, 256])
torch.Size([32, 32])
torch.Size([32, 256])
torch.Size([32, 32])
torch.Size([32, 256])
torch.Size([32, 32])
torch.Size([32, 256])
torch.Size([32, 32])
torch.Size([32, 256])
torch.Size([32, 32])
torch.Size([32, 256])
torch.Size([32, 32])
torch.Size([32, 256])
torch.Size([32, 32])
torch.Size([32, 256])
torch.Size([32, 32])
torch.Size([32, 256])
torch.Size([32, 32])
torch.Size([32, 256])
torch.Size([32, 32])
torch.Size([32, 256])
torch.Size([32, 32])
torch.Size([32, 256])
torch.Size([32, 32])
torch.Size([32, 256])
torch.Size([32, 32])
torch.Size([32, 256])
torch.Size([32, 32])
torch.Size([32, 256])
torch.Size([32, 32])
torch.Size([32, 256])
torch.Size([32, 32])
torch.Size([32, 256])
torch.Size([32, 32])
torch.Size([32, 256])
torch.Size([32, 32])
torch.Size([30, 256])
torch.Size([30, 32])
torch.Size([32, 256])
torch.Size([32, 32])
torch.Size([32, 256])
torch.Size([32, 32])
torch.Size([32, 256])
torch.Size([32, 32])
torch.Size([32, 256])
torch.Size([32, 32])
torch.Size([32, 256])
torch.Size([32, 32])
torch.Size([15, 256])
torch.Size([15, 32])
Epoch [41/50] - Train Loss: 0.2384, Train Acc: 90.46%, Val Loss: 0.4249, Val Acc: 81.71%
Epoch 42/50 [Train]:  68%|██████▊   | 15/22 [00:05<00:01,  4.23it/s, Loss=0.2158, Acc=92.29%]
torch.Size([32, 256])
torch.Size([32, 32])
torch.Size([32, 256])
torch.Size([32, 32])
torch.Size([32, 256])
torch.Size([32, 32])
torch.Size([32, 256])
torch.Size([32, 32])
torch.Size([32, 256])
torch.Size([32, 32])
torch.Size([32, 256])
torch.Size([32, 32])
torch.Size([32, 256])
torch.Size([32, 32])
torch.Size([32, 256])
torch.Size([32, 32])
torch.Size([32, 256])
torch.Size([32, 32])
torch.Size([32, 256])
torch.Size([32, 32])
torch.Size([32, 256])
torch.Size([32, 32])
torch.Size([32, 256])
torch.Size([32, 32])
torch.Size([32, 256])
torch.Size([32, 32])
torch.Size([32, 256])
torch.Size([32, 32])
torch.Size([32, 256])
torch.Size([32, 32])
torch.Size([32, 256])
torch.Size([32, 32])
torch.Size([32, 256])
torch.Size([32, 32])
torch.Size([32, 256])
torch.Size([32, 32])
torch.Size([32, 256])
torch.Size([32, 32])
torch.Size([32, 256])
torch.Size([32, 32])
torch.Size([32, 256])
torch.Size([32, 32])
torch.Size([30, 256])
torch.Size([30, 32])
torch.Size([32, 256])
torch.Size([32, 32])
torch.Size([32, 256])
torch.Size([32, 32])
torch.Size([32, 256])
torch.Size([32, 32])
torch.Size([32, 256])
torch.Size([32, 32])
torch.Size([32, 256])
torch.Size([32, 32])
torch.Size([15, 256])
torch.Size([15, 32])
Epoch [42/50] - Train Loss: 0.2232, Train Acc: 91.03%, Val Loss: 0.6171, Val Acc: 73.14%
Epoch 43/50 [Train]:  68%|██████▊   | 15/22 [00:05<00:01,  3.90it/s, Loss=0.2397, Acc=88.96%]
torch.Size([32, 256])
torch.Size([32, 32])
torch.Size([32, 256])
torch.Size([32, 32])
torch.Size([32, 256])
torch.Size([32, 32])
torch.Size([32, 256])
torch.Size([32, 32])
torch.Size([32, 256])
torch.Size([32, 32])
torch.Size([32, 256])
torch.Size([32, 32])
torch.Size([32, 256])
torch.Size([32, 32])
torch.Size([32, 256])
torch.Size([32, 32])
torch.Size([32, 256])
torch.Size([32, 32])
torch.Size([32, 256])
torch.Size([32, 32])
torch.Size([32, 256])
torch.Size([32, 32])
torch.Size([32, 256])
torch.Size([32, 32])
torch.Size([32, 256])
torch.Size([32, 32])
torch.Size([32, 256])
torch.Size([32, 32])
torch.Size([32, 256])
torch.Size([32, 32])
torch.Size([32, 256])
torch.Size([32, 32])
torch.Size([32, 256])
torch.Size([32, 32])
torch.Size([32, 256])
torch.Size([32, 32])
torch.Size([32, 256])
torch.Size([32, 32])
torch.Size([32, 256])
torch.Size([32, 32])
torch.Size([32, 256])
torch.Size([32, 32])
torch.Size([30, 256])
torch.Size([30, 32])
torch.Size([32, 256])
torch.Size([32, 32])
torch.Size([32, 256])
torch.Size([32, 32])
torch.Size([32, 256])
torch.Size([32, 32])
torch.Size([32, 256])
torch.Size([32, 32])
torch.Size([32, 256])
torch.Size([32, 32])
torch.Size([15, 256])
torch.Size([15, 32])
Epoch [43/50] - Train Loss: 0.2683, Train Acc: 88.60%, Val Loss: 3.5162, Val Acc: 60.00%
Epoch 44/50 [Train]:  68%|██████▊   | 15/22 [00:05<00:01,  4.27it/s, Loss=0.2326, Acc=90.62%]
torch.Size([32, 256])
torch.Size([32, 32])
torch.Size([32, 256])
torch.Size([32, 32])
torch.Size([32, 256])
torch.Size([32, 32])
torch.Size([32, 256])
torch.Size([32, 32])
torch.Size([32, 256])
torch.Size([32, 32])
torch.Size([32, 256])
torch.Size([32, 32])
torch.Size([32, 256])
torch.Size([32, 32])
torch.Size([32, 256])
torch.Size([32, 32])
torch.Size([32, 256])
torch.Size([32, 32])
torch.Size([32, 256])
torch.Size([32, 32])
torch.Size([32, 256])
torch.Size([32, 32])
torch.Size([32, 256])
torch.Size([32, 32])
torch.Size([32, 256])
torch.Size([32, 32])
torch.Size([32, 256])
torch.Size([32, 32])
torch.Size([32, 256])
torch.Size([32, 32])
torch.Size([32, 256])
torch.Size([32, 32])
torch.Size([32, 256])
torch.Size([32, 32])
torch.Size([32, 256])
torch.Size([32, 32])
torch.Size([32, 256])
torch.Size([32, 32])
torch.Size([32, 256])
torch.Size([32, 32])
torch.Size([32, 256])
torch.Size([32, 32])
torch.Size([30, 256])
torch.Size([30, 32])
torch.Size([32, 256])
torch.Size([32, 32])
torch.Size([32, 256])
torch.Size([32, 32])
torch.Size([32, 256])
torch.Size([32, 32])
torch.Size([32, 256])
torch.Size([32, 32])
torch.Size([32, 256])
torch.Size([32, 32])
torch.Size([15, 256])
torch.Size([15, 32])
Epoch [44/50] - Train Loss: 0.2342, Train Acc: 90.74%, Val Loss: 1.2337, Val Acc: 68.57%
Epoch 45/50 [Train]:  68%|██████▊   | 15/22 [00:05<00:01,  4.06it/s, Loss=0.2363, Acc=88.96%]
torch.Size([32, 256])
torch.Size([32, 32])
torch.Size([32, 256])
torch.Size([32, 32])
torch.Size([32, 256])
torch.Size([32, 32])
torch.Size([32, 256])
torch.Size([32, 32])
torch.Size([32, 256])
torch.Size([32, 32])
torch.Size([32, 256])
torch.Size([32, 32])
torch.Size([32, 256])
torch.Size([32, 32])
torch.Size([32, 256])
torch.Size([32, 32])
torch.Size([32, 256])
torch.Size([32, 32])
torch.Size([32, 256])
torch.Size([32, 32])
torch.Size([32, 256])
torch.Size([32, 32])
torch.Size([32, 256])
torch.Size([32, 32])
torch.Size([32, 256])
torch.Size([32, 32])
torch.Size([32, 256])
torch.Size([32, 32])
torch.Size([32, 256])
torch.Size([32, 32])
torch.Size([32, 256])
torch.Size([32, 32])
torch.Size([32, 256])
torch.Size([32, 32])
torch.Size([32, 256])
torch.Size([32, 32])
torch.Size([32, 256])
torch.Size([32, 32])
torch.Size([32, 256])
torch.Size([32, 32])
torch.Size([32, 256])
torch.Size([32, 32])
torch.Size([30, 256])
torch.Size([30, 32])
torch.Size([32, 256])
torch.Size([32, 32])
torch.Size([32, 256])
torch.Size([32, 32])
torch.Size([32, 256])
torch.Size([32, 32])
torch.Size([32, 256])
torch.Size([32, 32])
torch.Size([32, 256])
torch.Size([32, 32])
torch.Size([15, 256])
torch.Size([15, 32])
Epoch [45/50] - Train Loss: 0.2218, Train Acc: 89.74%, Val Loss: 1.3642, Val Acc: 66.29%
Epoch 46/50 [Train]:  68%|██████▊   | 15/22 [00:05<00:01,  3.87it/s, Loss=0.2181, Acc=92.29%]
torch.Size([32, 256])
torch.Size([32, 32])
torch.Size([32, 256])
torch.Size([32, 32])
torch.Size([32, 256])
torch.Size([32, 32])
torch.Size([32, 256])
torch.Size([32, 32])
torch.Size([32, 256])
torch.Size([32, 32])
torch.Size([32, 256])
torch.Size([32, 32])
torch.Size([32, 256])
torch.Size([32, 32])
torch.Size([32, 256])
torch.Size([32, 32])
torch.Size([32, 256])
torch.Size([32, 32])
torch.Size([32, 256])
torch.Size([32, 32])
torch.Size([32, 256])
torch.Size([32, 32])
torch.Size([32, 256])
torch.Size([32, 32])
torch.Size([32, 256])
torch.Size([32, 32])
torch.Size([32, 256])
torch.Size([32, 32])
torch.Size([32, 256])
torch.Size([32, 32])
torch.Size([32, 256])
torch.Size([32, 32])
torch.Size([32, 256])
torch.Size([32, 32])
torch.Size([32, 256])
torch.Size([32, 32])
torch.Size([32, 256])
torch.Size([32, 32])
torch.Size([32, 256])
torch.Size([32, 32])
torch.Size([32, 256])
torch.Size([32, 32])
torch.Size([30, 256])
torch.Size([30, 32])
torch.Size([32, 256])
torch.Size([32, 32])
torch.Size([32, 256])
torch.Size([32, 32])
torch.Size([32, 256])
torch.Size([32, 32])
torch.Size([32, 256])
torch.Size([32, 32])
torch.Size([32, 256])
torch.Size([32, 32])
torch.Size([15, 256])
torch.Size([15, 32])
Epoch [46/50] - Train Loss: 0.2334, Train Acc: 90.74%, Val Loss: 0.6597, Val Acc: 81.71%
Epoch 47/50 [Train]:  68%|██████▊   | 15/22 [00:05<00:01,  3.89it/s, Loss=0.2205, Acc=91.04%]
torch.Size([32, 256])
torch.Size([32, 32])
torch.Size([32, 256])
torch.Size([32, 32])
torch.Size([32, 256])
torch.Size([32, 32])
torch.Size([32, 256])
torch.Size([32, 32])
torch.Size([32, 256])
torch.Size([32, 32])
torch.Size([32, 256])
torch.Size([32, 32])
torch.Size([32, 256])
torch.Size([32, 32])
torch.Size([32, 256])
torch.Size([32, 32])
torch.Size([32, 256])
torch.Size([32, 32])
torch.Size([32, 256])
torch.Size([32, 32])
torch.Size([32, 256])
torch.Size([32, 32])
torch.Size([32, 256])
torch.Size([32, 32])
torch.Size([32, 256])
torch.Size([32, 32])
torch.Size([32, 256])
torch.Size([32, 32])
torch.Size([32, 256])
torch.Size([32, 32])
torch.Size([32, 256])
torch.Size([32, 32])
torch.Size([32, 256])
torch.Size([32, 32])
torch.Size([32, 256])
torch.Size([32, 32])
torch.Size([32, 256])
torch.Size([32, 32])
torch.Size([32, 256])
torch.Size([32, 32])
torch.Size([32, 256])
torch.Size([32, 32])
torch.Size([30, 256])
torch.Size([30, 32])
torch.Size([32, 256])
torch.Size([32, 32])
torch.Size([32, 256])
torch.Size([32, 32])
torch.Size([32, 256])
torch.Size([32, 32])
torch.Size([32, 256])
torch.Size([32, 32])
torch.Size([32, 256])
torch.Size([32, 32])
torch.Size([15, 256])
torch.Size([15, 32])
Epoch [47/50] - Train Loss: 0.2212, Train Acc: 90.74%, Val Loss: 2.8634, Val Acc: 61.14%
Epoch 48/50 [Train]:  68%|██████▊   | 15/22 [00:05<00:01,  4.37it/s, Loss=0.2214, Acc=90.42%]
torch.Size([32, 256])
torch.Size([32, 32])
torch.Size([32, 256])
torch.Size([32, 32])
torch.Size([32, 256])
torch.Size([32, 32])
torch.Size([32, 256])
torch.Size([32, 32])
torch.Size([32, 256])
torch.Size([32, 32])
torch.Size([32, 256])
torch.Size([32, 32])
torch.Size([32, 256])
torch.Size([32, 32])
torch.Size([32, 256])
torch.Size([32, 32])
torch.Size([32, 256])
torch.Size([32, 32])
torch.Size([32, 256])
torch.Size([32, 32])
torch.Size([32, 256])
torch.Size([32, 32])
torch.Size([32, 256])
torch.Size([32, 32])
torch.Size([32, 256])
torch.Size([32, 32])
torch.Size([32, 256])
torch.Size([32, 32])
torch.Size([32, 256])
torch.Size([32, 32])
torch.Size([32, 256])
torch.Size([32, 32])
torch.Size([32, 256])
torch.Size([32, 32])
torch.Size([32, 256])
torch.Size([32, 32])
torch.Size([32, 256])
torch.Size([32, 32])
torch.Size([32, 256])
torch.Size([32, 32])
torch.Size([32, 256])
torch.Size([32, 32])
torch.Size([30, 256])
torch.Size([30, 32])
torch.Size([32, 256])
torch.Size([32, 32])
torch.Size([32, 256])
torch.Size([32, 32])
torch.Size([32, 256])
torch.Size([32, 32])
torch.Size([32, 256])
torch.Size([32, 32])
torch.Size([32, 256])
torch.Size([32, 32])
torch.Size([15, 256])
torch.Size([15, 32])
Epoch [48/50] - Train Loss: 0.2179, Train Acc: 90.31%, Val Loss: 1.3687, Val Acc: 76.00%
Epoch 49/50 [Train]:  68%|██████▊   | 15/22 [00:05<00:01,  3.86it/s, Loss=0.2016, Acc=91.25%]
torch.Size([32, 256])
torch.Size([32, 32])
torch.Size([32, 256])
torch.Size([32, 32])
torch.Size([32, 256])
torch.Size([32, 32])
torch.Size([32, 256])
torch.Size([32, 32])
torch.Size([32, 256])
torch.Size([32, 32])
torch.Size([32, 256])
torch.Size([32, 32])
torch.Size([32, 256])
torch.Size([32, 32])
torch.Size([32, 256])
torch.Size([32, 32])
torch.Size([32, 256])
torch.Size([32, 32])
torch.Size([32, 256])
torch.Size([32, 32])
torch.Size([32, 256])
torch.Size([32, 32])
torch.Size([32, 256])
torch.Size([32, 32])
torch.Size([32, 256])
torch.Size([32, 32])
torch.Size([32, 256])
torch.Size([32, 32])
torch.Size([32, 256])
torch.Size([32, 32])
torch.Size([32, 256])
torch.Size([32, 32])
torch.Size([32, 256])
torch.Size([32, 32])
torch.Size([32, 256])
torch.Size([32, 32])
torch.Size([32, 256])
torch.Size([32, 32])
torch.Size([32, 256])
torch.Size([32, 32])
torch.Size([32, 256])
torch.Size([32, 32])
torch.Size([30, 256])
torch.Size([30, 32])
torch.Size([32, 256])
torch.Size([32, 32])
torch.Size([32, 256])
torch.Size([32, 32])
torch.Size([32, 256])
torch.Size([32, 32])
torch.Size([32, 256])
torch.Size([32, 32])
torch.Size([32, 256])
torch.Size([32, 32])
torch.Size([15, 256])
torch.Size([15, 32])
Epoch [49/50] - Train Loss: 0.2200, Train Acc: 90.74%, Val Loss: 0.3600, Val Acc: 85.14%
Epoch 50/50 [Train]:  68%|██████▊   | 15/22 [00:05<00:01,  3.96it/s, Loss=0.1873, Acc=91.67%]
torch.Size([32, 256])
torch.Size([32, 32])
torch.Size([32, 256])
torch.Size([32, 32])
torch.Size([32, 256])
torch.Size([32, 32])
torch.Size([32, 256])
torch.Size([32, 32])
torch.Size([32, 256])
torch.Size([32, 32])
torch.Size([32, 256])
torch.Size([32, 32])
torch.Size([32, 256])
torch.Size([32, 32])
torch.Size([32, 256])
torch.Size([32, 32])
torch.Size([32, 256])
torch.Size([32, 32])
torch.Size([32, 256])
torch.Size([32, 32])
torch.Size([32, 256])
torch.Size([32, 32])
torch.Size([32, 256])
torch.Size([32, 32])
torch.Size([32, 256])
torch.Size([32, 32])
torch.Size([32, 256])
torch.Size([32, 32])
torch.Size([32, 256])
torch.Size([32, 32])
torch.Size([32, 256])
torch.Size([32, 32])
torch.Size([32, 256])
torch.Size([32, 32])
torch.Size([32, 256])
torch.Size([32, 32])
torch.Size([32, 256])
torch.Size([32, 32])
torch.Size([32, 256])
torch.Size([32, 32])
torch.Size([32, 256])
torch.Size([32, 32])
torch.Size([30, 256])
torch.Size([30, 32])
torch.Size([32, 256])
torch.Size([32, 32])
torch.Size([32, 256])
torch.Size([32, 32])
torch.Size([32, 256])
torch.Size([32, 32])
torch.Size([32, 256])
torch.Size([32, 32])
torch.Size([32, 256])
torch.Size([32, 32])
torch.Size([15, 256])
torch.Size([15, 32])
Epoch [50/50] - Train Loss: 0.1919, Train Acc: 91.88%, Val Loss: 5.6460, Val Acc: 25.14%
Evaluating model...
Evaluating: 100%|██████████| 7/7 [00:02<00:00,  2.95it/s]
torch.Size([32, 256])
torch.Size([32, 32])
torch.Size([32, 256])
torch.Size([32, 32])
torch.Size([32, 256])
torch.Size([32, 32])
torch.Size([32, 256])
torch.Size([32, 32])
torch.Size([32, 256])
torch.Size([32, 32])
torch.Size([32, 256])
torch.Size([32, 32])
torch.Size([28, 256])
torch.Size([28, 32])
Test Results:
Accuracy: 0.3909 (39.09%)
Precision: 0.6671 (66.71%)
Recall: 0.3909 (39.09%)
F1-Score: 0.2368 (23.68%)
AUC-ROC: 0.9336 (93.36%)
Model saved as 'base_ccal.pth'
