Freezing layer 'model.23.dfl.conv.weight'
[34m[1mAMP: [0mrunning Automatic Mixed Precision (AMP) checks with YOLO11n...
[34m[1mAMP: [0mchecks passed ✅
[34m[1mtrain: [0mScanning /kaggle/input/iiuc-idcard-data/train/labels... 46 images, 0 backgrounds, 0 corrupt: 100%|██████████| 46/46 [00:00<00:00, 162.72it/s]
[34m[1mtrain: [0mWARNING ⚠️ Cache directory /kaggle/input/iiuc-idcard-data/train is not writeable, cache not saved.
[34m[1malbumentations: [0mBlur(p=0.01, blur_limit=(3, 7)), MedianBlur(p=0.01, blur_limit=(3, 7)), ToGray(p=0.01, num_output_channels=3, method='weighted_average'), CLAHE(p=0.01, clip_limit=(1, 4.0), tile_grid_size=(8, 8))
/opt/conda/lib/python3.10/multiprocessing/popen_fork.py:66: RuntimeWarning: os.fork() was called. os.fork() is incompatible with multithreaded code, and JAX is multithreaded, so this will likely lead to a deadlock.
  self.pid = os.fork()
[34m[1mval: [0mScanning /kaggle/input/iiuc-idcard-data/valid/labels... 12 images, 0 backgrounds, 0 corrupt: 100%|██████████| 12/12 [00:00<00:00, 161.86it/s]
[34m[1mval: [0mWARNING ⚠️ Cache directory /kaggle/input/iiuc-idcard-data/valid is not writeable, cache not saved.
Plotting labels to runs/detect/train2/labels.jpg...
[34m[1moptimizer:[0m 'optimizer=auto' found, ignoring 'lr0=0.0005' and 'momentum=0.937' and determining best 'optimizer', 'lr0' and 'momentum' automatically...
[34m[1moptimizer:[0m AdamW(lr=0.001667, momentum=0.9) with parameter groups 106 weight(decay=0.0), 113 weight(decay=0.0005), 112 bias(decay=0.0)
[34m[1mTensorBoard: [0mmodel graph visualization added ✅
Image sizes 640 train, 640 val
Using 4 dataloader workers
Logging results to [1mruns/detect/train2[0m
Starting training for 300 epochs...

      Epoch    GPU_mem   box_loss   cls_loss   dfl_loss  Instances       Size
      1/300      8.84G     0.5023     0.3327      0.807        225        640: 100%|██████████| 3/3 [00:03<00:00,  1.03s/it]
                 Class     Images  Instances      Box(P          R      mAP50  mAP50-95): 100%|██████████| 1/1 [00:01<00:00,  1.40s/it]
                   all         12        118      0.687      0.809      0.781       0.35

      Epoch    GPU_mem   box_loss   cls_loss   dfl_loss  Instances       Size
      2/300      9.28G     0.5277      0.338     0.8256        206        640: 100%|██████████| 3/3 [00:02<00:00,  1.28it/s]
                 Class     Images  Instances      Box(P          R      mAP50  mAP50-95): 100%|██████████| 1/1 [00:00<00:00,  4.66it/s]
                   all         12        118      0.701      0.829      0.796       0.35

      Epoch    GPU_mem   box_loss   cls_loss   dfl_loss  Instances       Size
      3/300      8.73G     0.5732     0.3544     0.8188        239        640: 100%|██████████| 3/3 [00:02<00:00,  1.33it/s]
                 Class     Images  Instances      Box(P          R      mAP50  mAP50-95): 100%|██████████| 1/1 [00:00<00:00,  4.78it/s]
                   all         12        118      0.754      0.791      0.783      0.339

      Epoch    GPU_mem   box_loss   cls_loss   dfl_loss  Instances       Size
      4/300      8.88G     0.5868     0.3616     0.8032        276        640: 100%|██████████| 3/3 [00:02<00:00,  1.32it/s]
                 Class     Images  Instances      Box(P          R      mAP50  mAP50-95): 100%|██████████| 1/1 [00:00<00:00,  4.69it/s]
                   all         12        118      0.818      0.752      0.786      0.339

      Epoch    GPU_mem   box_loss   cls_loss   dfl_loss  Instances       Size
      5/300      8.86G     0.6009     0.3669     0.8084        201        640: 100%|██████████| 3/3 [00:02<00:00,  1.32it/s]
                 Class     Images  Instances      Box(P          R      mAP50  mAP50-95): 100%|██████████| 1/1 [00:00<00:00,  4.93it/s]
                   all         12        118        0.8      0.782      0.805      0.354

      Epoch    GPU_mem   box_loss   cls_loss   dfl_loss  Instances       Size
      6/300      8.71G     0.6602     0.3872     0.8269        233        640: 100%|██████████| 3/3 [00:02<00:00,  1.36it/s]
                 Class     Images  Instances      Box(P          R      mAP50  mAP50-95): 100%|██████████| 1/1 [00:00<00:00,  4.75it/s]
                   all         12        118      0.804      0.763      0.782      0.343

      Epoch    GPU_mem   box_loss   cls_loss   dfl_loss  Instances       Size
      7/300      9.04G     0.6957     0.3966     0.8159        199        640: 100%|██████████| 3/3 [00:02<00:00,  1.35it/s]
                 Class     Images  Instances      Box(P          R      mAP50  mAP50-95): 100%|██████████| 1/1 [00:00<00:00,  4.72it/s]
                   all         12        118      0.788      0.765      0.794      0.341

      Epoch    GPU_mem   box_loss   cls_loss   dfl_loss  Instances       Size
      8/300      8.73G     0.6352     0.3862     0.8228        253        640: 100%|██████████| 3/3 [00:02<00:00,  1.37it/s]
                 Class     Images  Instances      Box(P          R      mAP50  mAP50-95): 100%|██████████| 1/1 [00:00<00:00,  4.77it/s]
                   all         12        118      0.786      0.752      0.775      0.342

      Epoch    GPU_mem   box_loss   cls_loss   dfl_loss  Instances       Size
      9/300       9.1G     0.6643     0.3944     0.8169        258        640: 100%|██████████| 3/3 [00:02<00:00,  1.35it/s]
                 Class     Images  Instances      Box(P          R      mAP50  mAP50-95): 100%|██████████| 1/1 [00:00<00:00,  4.64it/s]
                   all         12        118       0.79      0.746      0.797      0.362

      Epoch    GPU_mem   box_loss   cls_loss   dfl_loss  Instances       Size
     10/300      8.68G     0.6438     0.3906     0.8247        213        640: 100%|██████████| 3/3 [00:02<00:00,  1.37it/s]
                 Class     Images  Instances      Box(P          R      mAP50  mAP50-95): 100%|██████████| 1/1 [00:00<00:00,  4.75it/s]
                   all         12        118      0.769      0.784       0.79      0.367

      Epoch    GPU_mem   box_loss   cls_loss   dfl_loss  Instances       Size
     11/300      9.01G     0.6857     0.4065     0.8231        278        640: 100%|██████████| 3/3 [00:02<00:00,  1.35it/s]
                 Class     Images  Instances      Box(P          R      mAP50  mAP50-95): 100%|██████████| 1/1 [00:00<00:00,  4.62it/s]
                   all         12        118      0.796       0.71      0.782      0.349

      Epoch    GPU_mem   box_loss   cls_loss   dfl_loss  Instances       Size
     12/300      8.72G     0.6457       0.41     0.8285        217        640: 100%|██████████| 3/3 [00:02<00:00,  1.37it/s]
                 Class     Images  Instances      Box(P          R      mAP50  mAP50-95): 100%|██████████| 1/1 [00:00<00:00,  4.82it/s]
                   all         12        118      0.794       0.76      0.791      0.348

      Epoch    GPU_mem   box_loss   cls_loss   dfl_loss  Instances       Size
     13/300      8.93G     0.6321     0.4076     0.8237        273        640: 100%|██████████| 3/3 [00:02<00:00,  1.34it/s]
                 Class     Images  Instances      Box(P          R      mAP50  mAP50-95): 100%|██████████| 1/1 [00:00<00:00,  4.87it/s]
                   all         12        118        0.8      0.775      0.785       0.35

      Epoch    GPU_mem   box_loss   cls_loss   dfl_loss  Instances       Size
     14/300       8.8G     0.7042     0.4321     0.8337        224        640: 100%|██████████| 3/3 [00:02<00:00,  1.37it/s]
                 Class     Images  Instances      Box(P          R      mAP50  mAP50-95): 100%|██████████| 1/1 [00:00<00:00,  4.64it/s]
                   all         12        118      0.782      0.756      0.745      0.327

      Epoch    GPU_mem   box_loss   cls_loss   dfl_loss  Instances       Size
     15/300      8.77G     0.7282     0.4641     0.8522        293        640: 100%|██████████| 3/3 [00:02<00:00,  1.34it/s]
                 Class     Images  Instances      Box(P          R      mAP50  mAP50-95): 100%|██████████| 1/1 [00:00<00:00,  4.91it/s]
                   all         12        118      0.775       0.78      0.762       0.33

      Epoch    GPU_mem   box_loss   cls_loss   dfl_loss  Instances       Size
     16/300      8.97G     0.7431     0.4453     0.8323        260        640: 100%|██████████| 3/3 [00:02<00:00,  1.37it/s]
                 Class     Images  Instances      Box(P          R      mAP50  mAP50-95): 100%|██████████| 1/1 [00:00<00:00,  4.68it/s]
                   all         12        118      0.747      0.742      0.736      0.319

      Epoch    GPU_mem   box_loss   cls_loss   dfl_loss  Instances       Size
     17/300      8.72G     0.7485     0.4688     0.8345        307        640: 100%|██████████| 3/3 [00:02<00:00,  1.34it/s]
                 Class     Images  Instances      Box(P          R      mAP50  mAP50-95): 100%|██████████| 1/1 [00:00<00:00,  4.72it/s]
                   all         12        118      0.724      0.723      0.733       0.31

      Epoch    GPU_mem   box_loss   cls_loss   dfl_loss  Instances       Size
     18/300       8.7G     0.7597      0.479     0.8468        285        640: 100%|██████████| 3/3 [00:02<00:00,  1.36it/s]
                 Class     Images  Instances      Box(P          R      mAP50  mAP50-95): 100%|██████████| 1/1 [00:00<00:00,  4.78it/s]
                   all         12        118      0.702      0.728      0.726      0.307

      Epoch    GPU_mem   box_loss   cls_loss   dfl_loss  Instances       Size
     19/300      8.71G     0.7577     0.4741     0.8451        219        640: 100%|██████████| 3/3 [00:02<00:00,  1.37it/s]
                 Class     Images  Instances      Box(P          R      mAP50  mAP50-95): 100%|██████████| 1/1 [00:00<00:00,  4.77it/s]
                   all         12        118      0.736      0.732      0.707      0.304

      Epoch    GPU_mem   box_loss   cls_loss   dfl_loss  Instances       Size
     20/300      8.69G      0.772     0.4848     0.8632        276        640: 100%|██████████| 3/3 [00:02<00:00,  1.37it/s]
                 Class     Images  Instances      Box(P          R      mAP50  mAP50-95): 100%|██████████| 1/1 [00:00<00:00,  4.68it/s]
                   all         12        118      0.715      0.735      0.695      0.301

      Epoch    GPU_mem   box_loss   cls_loss   dfl_loss  Instances       Size
     21/300      8.84G     0.8018     0.4761     0.8435        287        640: 100%|██████████| 3/3 [00:02<00:00,  1.37it/s]
                 Class     Images  Instances      Box(P          R      mAP50  mAP50-95): 100%|██████████| 1/1 [00:00<00:00,  4.73it/s]
                   all         12        118      0.678      0.752      0.726        0.3

      Epoch    GPU_mem   box_loss   cls_loss   dfl_loss  Instances       Size
     22/300      8.83G     0.7796     0.4763     0.8501        252        640: 100%|██████████| 3/3 [00:02<00:00,  1.37it/s]
                 Class     Images  Instances      Box(P          R      mAP50  mAP50-95): 100%|██████████| 1/1 [00:00<00:00,  4.63it/s]
                   all         12        118      0.659      0.722      0.703      0.313

      Epoch    GPU_mem   box_loss   cls_loss   dfl_loss  Instances       Size
     23/300       9.1G     0.7381     0.4623     0.8459        225        640: 100%|██████████| 3/3 [00:02<00:00,  1.37it/s]
                 Class     Images  Instances      Box(P          R      mAP50  mAP50-95): 100%|██████████| 1/1 [00:00<00:00,  4.76it/s]
                   all         12        118      0.717      0.596      0.638      0.277

      Epoch    GPU_mem   box_loss   cls_loss   dfl_loss  Instances       Size
     24/300      8.71G      0.768     0.4663     0.8596        197        640: 100%|██████████| 3/3 [00:02<00:00,  1.37it/s]
                 Class     Images  Instances      Box(P          R      mAP50  mAP50-95): 100%|██████████| 1/1 [00:00<00:00,  4.74it/s]
                   all         12        118       0.61      0.703      0.641      0.277

      Epoch    GPU_mem   box_loss   cls_loss   dfl_loss  Instances       Size
     25/300      9.24G     0.7573     0.4588      0.838        257        640: 100%|██████████| 3/3 [00:02<00:00,  1.37it/s]
                 Class     Images  Instances      Box(P          R      mAP50  mAP50-95): 100%|██████████| 1/1 [00:00<00:00,  4.52it/s]
                   all         12        118      0.669      0.633      0.613      0.275

      Epoch    GPU_mem   box_loss   cls_loss   dfl_loss  Instances       Size
     26/300      8.84G     0.8188     0.4836     0.8452        275        640: 100%|██████████| 3/3 [00:02<00:00,  1.37it/s]
                 Class     Images  Instances      Box(P          R      mAP50  mAP50-95): 100%|██████████| 1/1 [00:00<00:00,  4.87it/s]
                   all         12        118      0.643       0.65      0.575      0.241

      Epoch    GPU_mem   box_loss   cls_loss   dfl_loss  Instances       Size
     27/300      8.75G     0.7719     0.5058     0.8476        237        640: 100%|██████████| 3/3 [00:02<00:00,  1.37it/s]
                 Class     Images  Instances      Box(P          R      mAP50  mAP50-95): 100%|██████████| 1/1 [00:00<00:00,  4.66it/s]
                   all         12        118      0.581      0.685      0.595      0.247

      Epoch    GPU_mem   box_loss   cls_loss   dfl_loss  Instances       Size
     28/300      8.71G     0.7947     0.4903     0.8684        254        640: 100%|██████████| 3/3 [00:02<00:00,  1.37it/s]
                 Class     Images  Instances      Box(P          R      mAP50  mAP50-95): 100%|██████████| 1/1 [00:00<00:00,  4.64it/s]
                   all         12        118      0.682      0.692      0.636      0.267

      Epoch    GPU_mem   box_loss   cls_loss   dfl_loss  Instances       Size
     29/300      8.83G     0.8429     0.5157     0.8617        257        640: 100%|██████████| 3/3 [00:02<00:00,  1.40it/s]
                 Class     Images  Instances      Box(P          R      mAP50  mAP50-95): 100%|██████████| 1/1 [00:00<00:00,  4.61it/s]
                   all         12        118      0.682      0.692      0.636      0.267

      Epoch    GPU_mem   box_loss   cls_loss   dfl_loss  Instances       Size
     30/300      9.11G     0.8489     0.5232     0.8779        281        640: 100%|██████████| 3/3 [00:02<00:00,  1.36it/s]
                 Class     Images  Instances      Box(P          R      mAP50  mAP50-95): 100%|██████████| 1/1 [00:00<00:00,  4.86it/s]
                   all         12        118      0.703      0.697      0.635      0.262

      Epoch    GPU_mem   box_loss   cls_loss   dfl_loss  Instances       Size
     31/300       8.7G     0.8678     0.5091     0.8627        259        640: 100%|██████████| 3/3 [00:02<00:00,  1.37it/s]
                 Class     Images  Instances      Box(P          R      mAP50  mAP50-95): 100%|██████████| 1/1 [00:00<00:00,  4.57it/s]
                   all         12        118      0.652      0.598      0.609      0.235

      Epoch    GPU_mem   box_loss   cls_loss   dfl_loss  Instances       Size
     32/300      8.74G     0.9145     0.5355     0.8575        229        640: 100%|██████████| 3/3 [00:02<00:00,  1.36it/s]
                 Class     Images  Instances      Box(P          R      mAP50  mAP50-95): 100%|██████████| 1/1 [00:00<00:00,  4.47it/s]
                   all         12        118      0.641      0.707      0.676      0.285

      Epoch    GPU_mem   box_loss   cls_loss   dfl_loss  Instances       Size
     33/300      8.85G     0.8419     0.5315     0.8515        257        640: 100%|██████████| 3/3 [00:02<00:00,  1.39it/s]
                 Class     Images  Instances      Box(P          R      mAP50  mAP50-95): 100%|██████████| 1/1 [00:00<00:00,  4.93it/s]
                   all         12        118      0.641      0.707      0.676      0.285

      Epoch    GPU_mem   box_loss   cls_loss   dfl_loss  Instances       Size
     34/300      8.76G     0.8465      0.534     0.8922        211        640: 100%|██████████| 3/3 [00:02<00:00,  1.37it/s]
                 Class     Images  Instances      Box(P          R      mAP50  mAP50-95): 100%|██████████| 1/1 [00:00<00:00,  4.86it/s]
                   all         12        118      0.698       0.72      0.688      0.296

      Epoch    GPU_mem   box_loss   cls_loss   dfl_loss  Instances       Size
     35/300      8.71G     0.8683     0.5379     0.8683        238        640: 100%|██████████| 3/3 [00:02<00:00,  1.37it/s]
                 Class     Images  Instances      Box(P          R      mAP50  mAP50-95): 100%|██████████| 1/1 [00:00<00:00,  4.64it/s]
                   all         12        118      0.637      0.734      0.683      0.287

      Epoch    GPU_mem   box_loss   cls_loss   dfl_loss  Instances       Size
     36/300      9.03G     0.8481     0.5344     0.8652        231        640: 100%|██████████| 3/3 [00:02<00:00,  1.37it/s]
                 Class     Images  Instances      Box(P          R      mAP50  mAP50-95): 100%|██████████| 1/1 [00:00<00:00,  4.79it/s]
                   all         12        118      0.734      0.675       0.69      0.286

      Epoch    GPU_mem   box_loss   cls_loss   dfl_loss  Instances       Size
     37/300      8.98G      0.869     0.5188     0.8578        207        640: 100%|██████████| 3/3 [00:02<00:00,  1.40it/s]
                 Class     Images  Instances      Box(P          R      mAP50  mAP50-95): 100%|██████████| 1/1 [00:00<00:00,  4.60it/s]
                   all         12        118      0.734      0.675       0.69      0.286

      Epoch    GPU_mem   box_loss   cls_loss   dfl_loss  Instances       Size
     38/300      8.92G     0.8965     0.5498     0.8666        190        640: 100%|██████████| 3/3 [00:02<00:00,  1.37it/s]
                 Class     Images  Instances      Box(P          R      mAP50  mAP50-95): 100%|██████████| 1/1 [00:00<00:00,  4.67it/s]
                   all         12        118      0.765      0.599      0.665      0.279

      Epoch    GPU_mem   box_loss   cls_loss   dfl_loss  Instances       Size
     39/300      8.75G      0.904     0.5309     0.8699        260        640: 100%|██████████| 3/3 [00:02<00:00,  1.37it/s]
                 Class     Images  Instances      Box(P          R      mAP50  mAP50-95): 100%|██████████| 1/1 [00:00<00:00,  4.88it/s]
                   all         12        118      0.731      0.621      0.659       0.31

      Epoch    GPU_mem   box_loss   cls_loss   dfl_loss  Instances       Size
     40/300      8.75G     0.9288     0.5224      0.879        298        640: 100%|██████████| 3/3 [00:02<00:00,  1.36it/s]
                 Class     Images  Instances      Box(P          R      mAP50  mAP50-95): 100%|██████████| 1/1 [00:00<00:00,  4.51it/s]
                   all         12        118      0.702      0.651      0.656      0.281

      Epoch    GPU_mem   box_loss   cls_loss   dfl_loss  Instances       Size
     41/300      8.99G     0.8653     0.5393     0.8902        264        640: 100%|██████████| 3/3 [00:02<00:00,  1.40it/s]
                 Class     Images  Instances      Box(P          R      mAP50  mAP50-95): 100%|██████████| 1/1 [00:00<00:00,  4.78it/s]
                   all         12        118      0.702      0.651      0.656      0.281

      Epoch    GPU_mem   box_loss   cls_loss   dfl_loss  Instances       Size
     42/300       8.8G     0.8737      0.515      0.875        240        640: 100%|██████████| 3/3 [00:02<00:00,  1.36it/s]
                 Class     Images  Instances      Box(P          R      mAP50  mAP50-95): 100%|██████████| 1/1 [00:00<00:00,  4.26it/s]
                   all         12        118      0.685      0.549      0.556      0.229

      Epoch    GPU_mem   box_loss   cls_loss   dfl_loss  Instances       Size
     43/300      8.72G      0.934     0.5579     0.8887        323        640: 100%|██████████| 3/3 [00:02<00:00,  1.37it/s]
                 Class     Images  Instances      Box(P          R      mAP50  mAP50-95): 100%|██████████| 1/1 [00:00<00:00,  4.36it/s]
                   all         12        118       0.69      0.459      0.473      0.205

      Epoch    GPU_mem   box_loss   cls_loss   dfl_loss  Instances       Size
     44/300       8.8G     0.9072     0.5422      0.882        240        640: 100%|██████████| 3/3 [00:02<00:00,  1.37it/s]
                 Class     Images  Instances      Box(P          R      mAP50  mAP50-95): 100%|██████████| 1/1 [00:00<00:00,  4.14it/s]
                   all         12        118      0.694      0.461      0.499      0.229

      Epoch    GPU_mem   box_loss   cls_loss   dfl_loss  Instances       Size
     45/300      8.81G     0.8758     0.5292     0.8844        255        640: 100%|██████████| 3/3 [00:02<00:00,  1.40it/s]
                 Class     Images  Instances      Box(P          R      mAP50  mAP50-95): 100%|██████████| 1/1 [00:00<00:00,  4.45it/s]
                   all         12        118      0.694      0.461      0.499      0.229

      Epoch    GPU_mem   box_loss   cls_loss   dfl_loss  Instances       Size
     46/300      8.75G     0.8242     0.4939     0.8784        216        640: 100%|██████████| 3/3 [00:02<00:00,  1.37it/s]
                 Class     Images  Instances      Box(P          R      mAP50  mAP50-95): 100%|██████████| 1/1 [00:00<00:00,  4.44it/s]
                   all         12        118      0.765      0.495      0.542      0.227

      Epoch    GPU_mem   box_loss   cls_loss   dfl_loss  Instances       Size
     47/300      8.87G     0.9492     0.5257     0.8601        238        640: 100%|██████████| 3/3 [00:02<00:00,  1.36it/s]
                 Class     Images  Instances      Box(P          R      mAP50  mAP50-95): 100%|██████████| 1/1 [00:00<00:00,  4.61it/s]
                   all         12        118      0.716      0.606      0.673      0.292

      Epoch    GPU_mem   box_loss   cls_loss   dfl_loss  Instances       Size
     48/300      9.08G     0.8259     0.4948     0.8517        208        640: 100%|██████████| 3/3 [00:02<00:00,  1.37it/s]
                 Class     Images  Instances      Box(P          R      mAP50  mAP50-95): 100%|██████████| 1/1 [00:00<00:00,  4.81it/s]
                   all         12        118      0.705      0.675      0.689      0.335

      Epoch    GPU_mem   box_loss   cls_loss   dfl_loss  Instances       Size
     49/300      8.81G     0.8486     0.5158     0.8847        246        640: 100%|██████████| 3/3 [00:02<00:00,  1.40it/s]
                 Class     Images  Instances      Box(P          R      mAP50  mAP50-95): 100%|██████████| 1/1 [00:00<00:00,  4.83it/s]
                   all         12        118      0.705      0.675      0.689      0.335

      Epoch    GPU_mem   box_loss   cls_loss   dfl_loss  Instances       Size
     50/300      9.06G     0.8627     0.5173     0.8526        300        640: 100%|██████████| 3/3 [00:02<00:00,  1.37it/s]
                 Class     Images  Instances      Box(P          R      mAP50  mAP50-95): 100%|██████████| 1/1 [00:00<00:00,  4.63it/s]
                   all         12        118      0.669      0.714      0.697      0.325

      Epoch    GPU_mem   box_loss   cls_loss   dfl_loss  Instances       Size
     51/300      8.88G     0.8858     0.5161     0.8558        287        640: 100%|██████████| 3/3 [00:02<00:00,  1.37it/s]
                 Class     Images  Instances      Box(P          R      mAP50  mAP50-95): 100%|██████████| 1/1 [00:00<00:00,  4.83it/s]
                   all         12        118      0.764      0.636      0.684      0.282

      Epoch    GPU_mem   box_loss   cls_loss   dfl_loss  Instances       Size
     52/300      8.77G     0.9122       0.55      0.865        259        640: 100%|██████████| 3/3 [00:02<00:00,  1.36it/s]
                 Class     Images  Instances      Box(P          R      mAP50  mAP50-95): 100%|██████████| 1/1 [00:00<00:00,  4.61it/s]
                   all         12        118       0.75      0.639      0.695      0.305

      Epoch    GPU_mem   box_loss   cls_loss   dfl_loss  Instances       Size
     53/300      9.01G     0.8963     0.5513      0.888        174        640: 100%|██████████| 3/3 [00:02<00:00,  1.39it/s]
                 Class     Images  Instances      Box(P          R      mAP50  mAP50-95): 100%|██████████| 1/1 [00:00<00:00,  4.71it/s]
                   all         12        118       0.75      0.639      0.695      0.305

      Epoch    GPU_mem   box_loss   cls_loss   dfl_loss  Instances       Size
     54/300      8.73G      0.828     0.5063     0.8681        229        640: 100%|██████████| 3/3 [00:02<00:00,  1.37it/s]
                 Class     Images  Instances      Box(P          R      mAP50  mAP50-95): 100%|██████████| 1/1 [00:00<00:00,  4.80it/s]
                   all         12        118      0.794      0.649      0.725      0.337

      Epoch    GPU_mem   box_loss   cls_loss   dfl_loss  Instances       Size
     55/300      8.75G     0.8036     0.4888     0.8406        273        640: 100%|██████████| 3/3 [00:02<00:00,  1.36it/s]
                 Class     Images  Instances      Box(P          R      mAP50  mAP50-95): 100%|██████████| 1/1 [00:00<00:00,  4.72it/s]
                   all         12        118      0.747      0.663      0.702      0.326

      Epoch    GPU_mem   box_loss   cls_loss   dfl_loss  Instances       Size
     56/300      8.76G     0.8278      0.509      0.863        286        640: 100%|██████████| 3/3 [00:02<00:00,  1.37it/s]
                 Class     Images  Instances      Box(P          R      mAP50  mAP50-95): 100%|██████████| 1/1 [00:00<00:00,  4.84it/s]
                   all         12        118      0.712      0.629      0.694      0.332

      Epoch    GPU_mem   box_loss   cls_loss   dfl_loss  Instances       Size
     57/300      8.97G     0.8242     0.4869     0.8671        231        640: 100%|██████████| 3/3 [00:02<00:00,  1.40it/s]
                 Class     Images  Instances      Box(P          R      mAP50  mAP50-95): 100%|██████████| 1/1 [00:00<00:00,  4.71it/s]
                   all         12        118      0.712      0.629      0.694      0.332

      Epoch    GPU_mem   box_loss   cls_loss   dfl_loss  Instances       Size
     58/300      8.72G     0.8325     0.5123      0.874        203        640: 100%|██████████| 3/3 [00:02<00:00,  1.37it/s]
                 Class     Images  Instances      Box(P          R      mAP50  mAP50-95): 100%|██████████| 1/1 [00:00<00:00,  4.64it/s]
                   all         12        118      0.671      0.695      0.702      0.336

      Epoch    GPU_mem   box_loss   cls_loss   dfl_loss  Instances       Size
     59/300      8.72G     0.8004     0.4908     0.8532        258        640: 100%|██████████| 3/3 [00:02<00:00,  1.38it/s]
                 Class     Images  Instances      Box(P          R      mAP50  mAP50-95): 100%|██████████| 1/1 [00:00<00:00,  4.72it/s]
                   all         12        118      0.704      0.593      0.669      0.308

      Epoch    GPU_mem   box_loss   cls_loss   dfl_loss  Instances       Size
     60/300      8.79G     0.8385     0.5076     0.8749        283        640: 100%|██████████| 3/3 [00:02<00:00,  1.37it/s]
                 Class     Images  Instances      Box(P          R      mAP50  mAP50-95): 100%|██████████| 1/1 [00:00<00:00,  4.71it/s]
                   all         12        118      0.625        0.7      0.667      0.306

      Epoch    GPU_mem   box_loss   cls_loss   dfl_loss  Instances       Size
     61/300      8.95G      0.819     0.4845     0.8573        276        640: 100%|██████████| 3/3 [00:02<00:00,  1.40it/s]
                 Class     Images  Instances      Box(P          R      mAP50  mAP50-95): 100%|██████████| 1/1 [00:00<00:00,  4.57it/s]
                   all         12        118      0.625        0.7      0.667      0.306

      Epoch    GPU_mem   box_loss   cls_loss   dfl_loss  Instances       Size
     62/300      8.88G     0.7919     0.5058     0.8849        211        640: 100%|██████████| 3/3 [00:02<00:00,  1.37it/s]
                 Class     Images  Instances      Box(P          R      mAP50  mAP50-95): 100%|██████████| 1/1 [00:00<00:00,  4.80it/s]
                   all         12        118      0.763      0.597      0.682      0.314

      Epoch    GPU_mem   box_loss   cls_loss   dfl_loss  Instances       Size
     63/300      9.05G     0.8317     0.5175     0.8602        339        640: 100%|██████████| 3/3 [00:02<00:00,  1.37it/s]
                 Class     Images  Instances      Box(P          R      mAP50  mAP50-95): 100%|██████████| 1/1 [00:00<00:00,  4.68it/s]
                   all         12        118      0.739      0.651      0.678      0.319

      Epoch    GPU_mem   box_loss   cls_loss   dfl_loss  Instances       Size
     64/300      9.05G     0.8012     0.4893     0.8399        303        640: 100%|██████████| 3/3 [00:02<00:00,  1.37it/s]
                 Class     Images  Instances      Box(P          R      mAP50  mAP50-95): 100%|██████████| 1/1 [00:00<00:00,  4.87it/s]
                   all         12        118      0.689      0.691      0.695      0.309

      Epoch    GPU_mem   box_loss   cls_loss   dfl_loss  Instances       Size
     65/300      8.67G      0.857      0.495     0.8545        284        640: 100%|██████████| 3/3 [00:02<00:00,  1.39it/s]
                 Class     Images  Instances      Box(P          R      mAP50  mAP50-95): 100%|██████████| 1/1 [00:00<00:00,  4.55it/s]
                   all         12        118      0.689      0.691      0.695      0.309

      Epoch    GPU_mem   box_loss   cls_loss   dfl_loss  Instances       Size
     66/300      8.85G     0.7866      0.481     0.8656        247        640: 100%|██████████| 3/3 [00:02<00:00,  1.37it/s]
                 Class     Images  Instances      Box(P          R      mAP50  mAP50-95): 100%|██████████| 1/1 [00:00<00:00,  4.67it/s]
                   all         12        118      0.773      0.628      0.704      0.315

      Epoch    GPU_mem   box_loss   cls_loss   dfl_loss  Instances       Size
     67/300       8.7G     0.7928     0.4754     0.8408        268        640: 100%|██████████| 3/3 [00:02<00:00,  1.37it/s]
                 Class     Images  Instances      Box(P          R      mAP50  mAP50-95): 100%|██████████| 1/1 [00:00<00:00,  3.88it/s]
                   all         12        118      0.716        0.7      0.711      0.316

      Epoch    GPU_mem   box_loss   cls_loss   dfl_loss  Instances       Size
     68/300      8.78G     0.8339     0.4938     0.8447        262        640: 100%|██████████| 3/3 [00:02<00:00,  1.37it/s]
                 Class     Images  Instances      Box(P          R      mAP50  mAP50-95): 100%|██████████| 1/1 [00:00<00:00,  4.75it/s]
                   all         12        118      0.737       0.66      0.683      0.296

      Epoch    GPU_mem   box_loss   cls_loss   dfl_loss  Instances       Size
     69/300      8.74G     0.8282     0.5181     0.8765        222        640: 100%|██████████| 3/3 [00:02<00:00,  1.40it/s]
                 Class     Images  Instances      Box(P          R      mAP50  mAP50-95): 100%|██████████| 1/1 [00:00<00:00,  4.61it/s]
                   all         12        118      0.737       0.66      0.683      0.296

      Epoch    GPU_mem   box_loss   cls_loss   dfl_loss  Instances       Size
     70/300      8.77G     0.7898     0.4936      0.866        184        640: 100%|██████████| 3/3 [00:02<00:00,  1.37it/s]
                 Class     Images  Instances      Box(P          R      mAP50  mAP50-95): 100%|██████████| 1/1 [00:00<00:00,  4.56it/s]
                   all         12        118      0.787       0.73      0.731      0.315

      Epoch    GPU_mem   box_loss   cls_loss   dfl_loss  Instances       Size
     71/300      8.78G     0.7635     0.4672     0.8444        241        640: 100%|██████████| 3/3 [00:02<00:00,  1.37it/s]
                 Class     Images  Instances      Box(P          R      mAP50  mAP50-95): 100%|██████████| 1/1 [00:00<00:00,  4.68it/s]
                   all         12        118      0.764      0.739       0.76      0.335

      Epoch    GPU_mem   box_loss   cls_loss   dfl_loss  Instances       Size
     72/300      8.73G     0.7892     0.4692     0.8568        298        640: 100%|██████████| 3/3 [00:02<00:00,  1.36it/s]
                 Class     Images  Instances      Box(P          R      mAP50  mAP50-95): 100%|██████████| 1/1 [00:00<00:00,  4.78it/s]
                   all         12        118       0.75       0.66      0.751      0.317

      Epoch    GPU_mem   box_loss   cls_loss   dfl_loss  Instances       Size
     73/300      8.86G     0.7368     0.4467     0.8389        175        640: 100%|██████████| 3/3 [00:02<00:00,  1.40it/s]
                 Class     Images  Instances      Box(P          R      mAP50  mAP50-95): 100%|██████████| 1/1 [00:00<00:00,  4.66it/s]
                   all         12        118       0.75       0.66      0.751      0.317

      Epoch    GPU_mem   box_loss   cls_loss   dfl_loss  Instances       Size
     74/300      8.73G     0.7309     0.4674     0.8414        220        640: 100%|██████████| 3/3 [00:02<00:00,  1.37it/s]
                 Class     Images  Instances      Box(P          R      mAP50  mAP50-95): 100%|██████████| 1/1 [00:00<00:00,  4.71it/s]
                   all         12        118      0.675      0.764      0.734      0.299

      Epoch    GPU_mem   box_loss   cls_loss   dfl_loss  Instances       Size
     75/300      8.72G     0.7652     0.4556     0.8508        230        640: 100%|██████████| 3/3 [00:02<00:00,  1.37it/s]
                 Class     Images  Instances      Box(P          R      mAP50  mAP50-95): 100%|██████████| 1/1 [00:00<00:00,  4.69it/s]
                   all         12        118      0.752      0.753      0.763      0.331

      Epoch    GPU_mem   box_loss   cls_loss   dfl_loss  Instances       Size
     76/300      9.08G     0.7811     0.4704     0.8464        289        640: 100%|██████████| 3/3 [00:02<00:00,  1.37it/s]
                 Class     Images  Instances      Box(P          R      mAP50  mAP50-95): 100%|██████████| 1/1 [00:00<00:00,  4.65it/s]
                   all         12        118       0.76       0.73      0.767      0.346

      Epoch    GPU_mem   box_loss   cls_loss   dfl_loss  Instances       Size
     77/300      8.97G     0.7522     0.4512      0.848        270        640: 100%|██████████| 3/3 [00:02<00:00,  1.39it/s]
                 Class     Images  Instances      Box(P          R      mAP50  mAP50-95): 100%|██████████| 1/1 [00:00<00:00,  4.64it/s]
                   all         12        118       0.76       0.73      0.767      0.346

      Epoch    GPU_mem   box_loss   cls_loss   dfl_loss  Instances       Size
     78/300      8.75G     0.7609     0.4532     0.8325        341        640: 100%|██████████| 3/3 [00:02<00:00,  1.36it/s]
                 Class     Images  Instances      Box(P          R      mAP50  mAP50-95): 100%|██████████| 1/1 [00:00<00:00,  4.70it/s]
                   all         12        118      0.738      0.742      0.752      0.331

      Epoch    GPU_mem   box_loss   cls_loss   dfl_loss  Instances       Size
     79/300       8.7G     0.7509     0.4625     0.8432        272        640: 100%|██████████| 3/3 [00:02<00:00,  1.37it/s]
                 Class     Images  Instances      Box(P          R      mAP50  mAP50-95): 100%|██████████| 1/1 [00:00<00:00,  4.60it/s]
                   all         12        118      0.839      0.698      0.781      0.345

      Epoch    GPU_mem   box_loss   cls_loss   dfl_loss  Instances       Size
     80/300      8.73G     0.7273     0.4368     0.8419        169        640: 100%|██████████| 3/3 [00:02<00:00,  1.37it/s]
                 Class     Images  Instances      Box(P          R      mAP50  mAP50-95): 100%|██████████| 1/1 [00:00<00:00,  4.86it/s]
                   all         12        118       0.74      0.747      0.757      0.333

      Epoch    GPU_mem   box_loss   cls_loss   dfl_loss  Instances       Size
     81/300      8.97G     0.6954     0.4263     0.8417        207        640: 100%|██████████| 3/3 [00:02<00:00,  1.40it/s]
                 Class     Images  Instances      Box(P          R      mAP50  mAP50-95): 100%|██████████| 1/1 [00:00<00:00,  4.69it/s]
                   all         12        118       0.74      0.747      0.757      0.333

      Epoch    GPU_mem   box_loss   cls_loss   dfl_loss  Instances       Size
     82/300      8.74G     0.7291     0.4415     0.8381        291        640: 100%|██████████| 3/3 [00:02<00:00,  1.37it/s]
                 Class     Images  Instances      Box(P          R      mAP50  mAP50-95): 100%|██████████| 1/1 [00:00<00:00,  4.78it/s]
                   all         12        118      0.704      0.727      0.722      0.318

      Epoch    GPU_mem   box_loss   cls_loss   dfl_loss  Instances       Size
     83/300       8.9G     0.7357     0.4291      0.836        261        640: 100%|██████████| 3/3 [00:02<00:00,  1.37it/s]
                 Class     Images  Instances      Box(P          R      mAP50  mAP50-95): 100%|██████████| 1/1 [00:00<00:00,  4.90it/s]
                   all         12        118      0.665      0.784      0.734      0.307

      Epoch    GPU_mem   box_loss   cls_loss   dfl_loss  Instances       Size
     84/300      9.02G     0.7495     0.4485     0.8361        286        640: 100%|██████████| 3/3 [00:02<00:00,  1.37it/s]
                 Class     Images  Instances      Box(P          R      mAP50  mAP50-95): 100%|██████████| 1/1 [00:00<00:00,  4.67it/s]
                   all         12        118      0.767      0.725      0.748      0.312

      Epoch    GPU_mem   box_loss   cls_loss   dfl_loss  Instances       Size
     85/300      8.71G     0.7344     0.4452     0.8388        233        640: 100%|██████████| 3/3 [00:02<00:00,  1.40it/s]
                 Class     Images  Instances      Box(P          R      mAP50  mAP50-95): 100%|██████████| 1/1 [00:00<00:00,  4.81it/s]
                   all         12        118      0.767      0.725      0.748      0.312

      Epoch    GPU_mem   box_loss   cls_loss   dfl_loss  Instances       Size
     86/300      8.88G     0.7154      0.438     0.8377        287        640: 100%|██████████| 3/3 [00:02<00:00,  1.36it/s]
                 Class     Images  Instances      Box(P          R      mAP50  mAP50-95): 100%|██████████| 1/1 [00:00<00:00,  4.92it/s]
                   all         12        118      0.777      0.728      0.755      0.325

      Epoch    GPU_mem   box_loss   cls_loss   dfl_loss  Instances       Size
     87/300       8.7G     0.7636     0.4577     0.8524        278        640: 100%|██████████| 3/3 [00:02<00:00,  1.37it/s]
                 Class     Images  Instances      Box(P          R      mAP50  mAP50-95): 100%|██████████| 1/1 [00:00<00:00,  4.72it/s]
                   all         12        118      0.721      0.748      0.746      0.324

      Epoch    GPU_mem   box_loss   cls_loss   dfl_loss  Instances       Size
     88/300      8.78G     0.7673     0.4469     0.8449        257        640: 100%|██████████| 3/3 [00:02<00:00,  1.36it/s]
                 Class     Images  Instances      Box(P          R      mAP50  mAP50-95): 100%|██████████| 1/1 [00:00<00:00,  4.83it/s]
                   all         12        118       0.74      0.723      0.732      0.313

      Epoch    GPU_mem   box_loss   cls_loss   dfl_loss  Instances       Size
     89/300      8.69G     0.7642     0.4681      0.844        344        640: 100%|██████████| 3/3 [00:02<00:00,  1.39it/s]
                 Class     Images  Instances      Box(P          R      mAP50  mAP50-95): 100%|██████████| 1/1 [00:00<00:00,  4.86it/s]
                   all         12        118       0.74      0.723      0.732      0.313

      Epoch    GPU_mem   box_loss   cls_loss   dfl_loss  Instances       Size
     90/300      8.71G      0.692      0.423     0.8416        255        640: 100%|██████████| 3/3 [00:02<00:00,  1.36it/s]
                 Class     Images  Instances      Box(P          R      mAP50  mAP50-95): 100%|██████████| 1/1 [00:00<00:00,  4.76it/s]
                   all         12        118      0.737       0.68      0.721       0.29

      Epoch    GPU_mem   box_loss   cls_loss   dfl_loss  Instances       Size
     91/300      8.93G     0.7658     0.4481     0.8395        239        640: 100%|██████████| 3/3 [00:02<00:00,  1.36it/s]
                 Class     Images  Instances      Box(P          R      mAP50  mAP50-95): 100%|██████████| 1/1 [00:00<00:00,  4.91it/s]
                   all         12        118      0.787      0.673      0.722      0.298

      Epoch    GPU_mem   box_loss   cls_loss   dfl_loss  Instances       Size
     92/300      8.75G     0.6985     0.4416     0.8498        303        640: 100%|██████████| 3/3 [00:02<00:00,  1.37it/s]
                 Class     Images  Instances      Box(P          R      mAP50  mAP50-95): 100%|██████████| 1/1 [00:00<00:00,  4.51it/s]
                   all         12        118      0.673      0.742      0.719      0.306

      Epoch    GPU_mem   box_loss   cls_loss   dfl_loss  Instances       Size
     93/300      8.85G     0.7429     0.4204     0.8336        215        640: 100%|██████████| 3/3 [00:02<00:00,  1.39it/s]
                 Class     Images  Instances      Box(P          R      mAP50  mAP50-95): 100%|██████████| 1/1 [00:00<00:00,  4.83it/s]
                   all         12        118      0.673      0.742      0.719      0.306

      Epoch    GPU_mem   box_loss   cls_loss   dfl_loss  Instances       Size
     94/300      8.77G     0.7687     0.4406     0.8475        223        640: 100%|██████████| 3/3 [00:02<00:00,  1.36it/s]
                 Class     Images  Instances      Box(P          R      mAP50  mAP50-95): 100%|██████████| 1/1 [00:00<00:00,  4.64it/s]
                   all         12        118      0.725      0.696      0.692      0.294

      Epoch    GPU_mem   box_loss   cls_loss   dfl_loss  Instances       Size
     95/300      8.95G     0.7663     0.4598       0.86        254        640: 100%|██████████| 3/3 [00:02<00:00,  1.36it/s]
                 Class     Images  Instances      Box(P          R      mAP50  mAP50-95): 100%|██████████| 1/1 [00:00<00:00,  4.86it/s]
                   all         12        118      0.778      0.719      0.717      0.291

      Epoch    GPU_mem   box_loss   cls_loss   dfl_loss  Instances       Size
     96/300      9.03G     0.7379     0.4359     0.8413        290        640: 100%|██████████| 3/3 [00:02<00:00,  1.37it/s]
                 Class     Images  Instances      Box(P          R      mAP50  mAP50-95): 100%|██████████| 1/1 [00:00<00:00,  4.74it/s]
                   all         12        118      0.694       0.77      0.729      0.304

      Epoch    GPU_mem   box_loss   cls_loss   dfl_loss  Instances       Size
     97/300      8.71G     0.7465     0.4434     0.8471        274        640: 100%|██████████| 3/3 [00:02<00:00,  1.39it/s]
                 Class     Images  Instances      Box(P          R      mAP50  mAP50-95): 100%|██████████| 1/1 [00:00<00:00,  4.60it/s]
                   all         12        118      0.694       0.77      0.729      0.304

      Epoch    GPU_mem   box_loss   cls_loss   dfl_loss  Instances       Size
     98/300      8.79G     0.7719     0.4433     0.8501        337        640: 100%|██████████| 3/3 [00:02<00:00,  1.36it/s]
                 Class     Images  Instances      Box(P          R      mAP50  mAP50-95): 100%|██████████| 1/1 [00:00<00:00,  4.76it/s]
                   all         12        118      0.689      0.725      0.723      0.302

      Epoch    GPU_mem   box_loss   cls_loss   dfl_loss  Instances       Size
     99/300      8.89G     0.6774     0.4162     0.8335        195        640: 100%|██████████| 3/3 [00:02<00:00,  1.38it/s]
                 Class     Images  Instances      Box(P          R      mAP50  mAP50-95): 100%|██████████| 1/1 [00:00<00:00,  4.89it/s]
                   all         12        118       0.74      0.762      0.738      0.301

      Epoch    GPU_mem   box_loss   cls_loss   dfl_loss  Instances       Size
    100/300      8.81G     0.7312     0.4331     0.8436        285        640: 100%|██████████| 3/3 [00:02<00:00,  1.37it/s]
                 Class     Images  Instances      Box(P          R      mAP50  mAP50-95): 100%|██████████| 1/1 [00:00<00:00,  4.73it/s]
                   all         12        118      0.778      0.648      0.691      0.285

      Epoch    GPU_mem   box_loss   cls_loss   dfl_loss  Instances       Size
    101/300      9.04G     0.7205     0.4482     0.8403        243        640: 100%|██████████| 3/3 [00:02<00:00,  1.39it/s]
                 Class     Images  Instances      Box(P          R      mAP50  mAP50-95): 100%|██████████| 1/1 [00:00<00:00,  4.57it/s]
                   all         12        118      0.778      0.648      0.691      0.285

      Epoch    GPU_mem   box_loss   cls_loss   dfl_loss  Instances       Size
    102/300      8.86G     0.7384     0.4435     0.8539        347        640: 100%|██████████| 3/3 [00:02<00:00,  1.37it/s]
                 Class     Images  Instances      Box(P          R      mAP50  mAP50-95): 100%|██████████| 1/1 [00:00<00:00,  4.86it/s]
                   all         12        118      0.785      0.634      0.703       0.29

      Epoch    GPU_mem   box_loss   cls_loss   dfl_loss  Instances       Size
    103/300      8.71G     0.6993      0.411     0.8324        217        640: 100%|██████████| 3/3 [00:02<00:00,  1.37it/s]
                 Class     Images  Instances      Box(P          R      mAP50  mAP50-95): 100%|██████████| 1/1 [00:00<00:00,  4.74it/s]
                   all         12        118      0.789      0.703       0.72      0.304

      Epoch    GPU_mem   box_loss   cls_loss   dfl_loss  Instances       Size
    104/300      8.72G     0.7507     0.4507     0.8316        325        640: 100%|██████████| 3/3 [00:02<00:00,  1.36it/s]
                 Class     Images  Instances      Box(P          R      mAP50  mAP50-95): 100%|██████████| 1/1 [00:00<00:00,  4.74it/s]
                   all         12        118      0.747      0.772      0.753      0.304

      Epoch    GPU_mem   box_loss   cls_loss   dfl_loss  Instances       Size
    105/300      8.84G      0.773     0.4527     0.8399        353        640: 100%|██████████| 3/3 [00:02<00:00,  1.39it/s]
                 Class     Images  Instances      Box(P          R      mAP50  mAP50-95): 100%|██████████| 1/1 [00:00<00:00,  4.75it/s]
                   all         12        118      0.747      0.772      0.753      0.304

      Epoch    GPU_mem   box_loss   cls_loss   dfl_loss  Instances       Size
    106/300       8.9G     0.7337     0.4377     0.8322        224        640: 100%|██████████| 3/3 [00:02<00:00,  1.37it/s]
                 Class     Images  Instances      Box(P          R      mAP50  mAP50-95): 100%|██████████| 1/1 [00:00<00:00,  4.59it/s]
                   all         12        118      0.751      0.748      0.781      0.324

      Epoch    GPU_mem   box_loss   cls_loss   dfl_loss  Instances       Size
    107/300      8.86G     0.7259     0.4171     0.8485        199        640: 100%|██████████| 3/3 [00:02<00:00,  1.37it/s]
                 Class     Images  Instances      Box(P          R      mAP50  mAP50-95): 100%|██████████| 1/1 [00:00<00:00,  4.67it/s]
                   all         12        118      0.746      0.763      0.758      0.328

      Epoch    GPU_mem   box_loss   cls_loss   dfl_loss  Instances       Size
    108/300      8.91G     0.7309     0.4112     0.8305        318        640: 100%|██████████| 3/3 [00:02<00:00,  1.37it/s]
                 Class     Images  Instances      Box(P          R      mAP50  mAP50-95): 100%|██████████| 1/1 [00:00<00:00,  4.86it/s]
                   all         12        118      0.737      0.745      0.752      0.314

      Epoch    GPU_mem   box_loss   cls_loss   dfl_loss  Instances       Size
    109/300      8.69G     0.7465      0.426      0.834        285        640: 100%|██████████| 3/3 [00:02<00:00,  1.39it/s]
                 Class     Images  Instances      Box(P          R      mAP50  mAP50-95): 100%|██████████| 1/1 [00:00<00:00,  4.84it/s]
                   all         12        118      0.737      0.745      0.752      0.314

      Epoch    GPU_mem   box_loss   cls_loss   dfl_loss  Instances       Size
    110/300      9.03G     0.7116     0.4223     0.8328        233        640: 100%|██████████| 3/3 [00:02<00:00,  1.37it/s]
                 Class     Images  Instances      Box(P          R      mAP50  mAP50-95): 100%|██████████| 1/1 [00:00<00:00,  4.70it/s]
                   all         12        118      0.768       0.71      0.736      0.311
[34m[1mEarlyStopping: [0mTraining stopped early as no improvement observed in last 100 epochs. Best results observed at epoch 10, best model saved as best.pt.
To update EarlyStopping(patience=100) pass a new patience value, i.e. `patience=300` or use `patience=0` to disable EarlyStopping.

110 epochs completed in 0.119 hours.
Optimizer stripped from runs/detect/train2/weights/last.pt, 40.5MB
Optimizer stripped from runs/detect/train2/weights/best.pt, 40.5MB

Validating runs/detect/train2/weights/best.pt...
Ultralytics 8.3.13 🚀 Python-3.10.14 torch-2.4.0 CUDA:0 (Tesla P100-PCIE-16GB, 16269MiB)
YOLO11m summary (fused): 303 layers, 20,031,574 parameters, 0 gradients, 67.7 GFLOPs
                 Class     Images  Instances      Box(P          R      mAP50  mAP50-95): 100%|██████████| 1/1 [00:00<00:00,  4.33it/s]
                   all         12        118      0.769      0.784       0.79      0.368
    not_wearing_idcard         11         50      0.695      0.775      0.738      0.283
        wearing_idcard         12         68      0.843      0.793      0.842      0.453
Speed: 0.2ms preprocess, 13.0ms inference, 0.0ms loss, 0.7ms postprocess per image
Results saved to [1mruns/detect/train2[0m
