============================================================
CCAL Paper Reproduction - Image-Level 80/20 Split
============================================================
Total images found: 1097
  Bengin cases: 120
  Malignant cases: 561
  Normal cases: 416

After 80/20 split:
  Train: 877
  Test:  220
  Train after augmentation: 9999

Creating CCAL model...
Total Parameters: 703,331
Trainable Parameters: 703,331

Starting training...
Epoch 1/50 [Train]: 100%|██████████| 313/313 [00:56<00:00,  5.50it/s]
  ✓ New best model! Val Acc: 40.00%
Epoch  1: Train Loss=0.5727 Acc=77.60% | Val Loss=1.2864 Acc=40.00% | 59.3s
Epoch 2/50 [Train]: 100%|██████████| 313/313 [00:54<00:00,  5.76it/s]
  ✓ New best model! Val Acc: 81.82%
Epoch  2: Train Loss=0.5393 Acc=79.51% | Val Loss=0.4503 Acc=81.82% | 56.5s
Epoch 3/50 [Train]: 100%|██████████| 313/313 [00:54<00:00,  5.73it/s]
Epoch  3: Train Loss=0.4564 Acc=82.85% | Val Loss=2.1392 Acc=51.36% | 56.9s
Epoch 4/50 [Train]: 100%|██████████| 313/313 [00:54<00:00,  5.75it/s]
Epoch  4: Train Loss=0.9553 Acc=53.09% | Val Loss=0.9503 Acc=51.36% | 56.7s
Epoch 5/50 [Train]: 100%|██████████| 313/313 [00:54<00:00,  5.77it/s]
Epoch  5: Train Loss=0.9562 Acc=51.40% | Val Loss=0.9570 Acc=51.36% | 56.5s
Epoch 6/50 [Train]: 100%|██████████| 313/313 [00:55<00:00,  5.68it/s]
Epoch  6: Train Loss=0.9819 Acc=48.21% | Val Loss=0.9589 Acc=51.36% | 57.3s
Epoch 7/50 [Train]: 100%|██████████| 313/313 [00:55<00:00,  5.60it/s]
Epoch  7: Train Loss=0.9763 Acc=48.82% | Val Loss=0.9515 Acc=51.36% | 58.1s
Epoch 8/50 [Train]:   9%|▉         | 28/313 [00:05<00:57,  4.92it/s]
