Creating CCAL model...
Model Parameters: 703,331
Trainable Parameters: 703,331
[34m[1mwandb[0m: [33mWARNING[0m Calling wandb.login() after wandb.init() has no effect.
Starting training...
Training Epoch 1: 100%|██████████| 28/28 [00:05<00:00,  5.33it/s]
✓ New best model saved! Val Acc: 51.36%
Epoch  1: Train Loss: 1.3060, Train Acc: 31.47% | Val Loss: 1.0520, Val Acc: 51.36%
Training Epoch 2: 100%|██████████| 28/28 [00:03<00:00,  8.53it/s]
Epoch  2: Train Loss: 1.2536, Train Acc: 34.89% | Val Loss: 1.0344, Val Acc: 51.36%
Training Epoch 3: 100%|██████████| 28/28 [00:03<00:00,  8.66it/s]
Epoch  3: Train Loss: 1.2197, Train Acc: 36.15% | Val Loss: 1.0263, Val Acc: 51.36%
Training Epoch 4: 100%|██████████| 28/28 [00:03<00:00,  8.54it/s]
Epoch  4: Train Loss: 1.2347, Train Acc: 36.15% | Val Loss: 1.0044, Val Acc: 50.45%
Training Epoch 5: 100%|██████████| 28/28 [00:03<00:00,  8.65it/s]
✓ New best model saved! Val Acc: 60.00%
Epoch  5: Train Loss: 1.1218, Train Acc: 42.65% | Val Loss: 0.9717, Val Acc: 60.00%
Training Epoch 6: 100%|██████████| 28/28 [00:03<00:00,  8.20it/s]
✓ New best model saved! Val Acc: 62.27%
Epoch  6: Train Loss: 1.1213, Train Acc: 40.02% | Val Loss: 0.9438, Val Acc: 62.27%
Training Epoch 7: 100%|██████████| 28/28 [00:03<00:00,  8.57it/s]
✓ New best model saved! Val Acc: 69.55%
Epoch  7: Train Loss: 1.0837, Train Acc: 45.04% | Val Loss: 0.9269, Val Acc: 69.55%
Training Epoch 8: 100%|██████████| 28/28 [00:03<00:00,  8.74it/s]
✓ New best model saved! Val Acc: 70.45%
Epoch  8: Train Loss: 1.0409, Train Acc: 46.07% | Val Loss: 0.8832, Val Acc: 70.45%
Training Epoch 9: 100%|██████████| 28/28 [00:03<00:00,  8.46it/s]
✓ New best model saved! Val Acc: 75.00%
Epoch  9: Train Loss: 0.9946, Train Acc: 50.51% | Val Loss: 0.8536, Val Acc: 75.00%
Training Epoch 10: 100%|██████████| 28/28 [00:03<00:00,  8.51it/s]
✓ New best model saved! Val Acc: 75.45%
Epoch 10: Train Loss: 0.9365, Train Acc: 56.90% | Val Loss: 0.8169, Val Acc: 75.45%
Training Epoch 11: 100%|██████████| 28/28 [00:03<00:00,  8.19it/s]
✓ New best model saved! Val Acc: 78.18%
Epoch 11: Train Loss: 0.8982, Train Acc: 57.01% | Val Loss: 0.7703, Val Acc: 78.18%
Training Epoch 12: 100%|██████████| 28/28 [00:03<00:00,  8.56it/s]
Epoch 12: Train Loss: 0.8451, Train Acc: 61.23% | Val Loss: 0.7462, Val Acc: 72.73%
Training Epoch 13: 100%|██████████| 28/28 [00:03<00:00,  8.28it/s]
✓ New best model saved! Val Acc: 78.64%
Epoch 13: Train Loss: 0.7977, Train Acc: 65.22% | Val Loss: 0.7003, Val Acc: 78.64%
Training Epoch 14: 100%|██████████| 28/28 [00:03<00:00,  8.49it/s]
✓ New best model saved! Val Acc: 81.82%
Epoch 14: Train Loss: 0.7262, Train Acc: 69.90% | Val Loss: 0.6570, Val Acc: 81.82%
Training Epoch 15: 100%|██████████| 28/28 [00:03<00:00,  8.33it/s]
✓ New best model saved! Val Acc: 84.55%
Epoch 15: Train Loss: 0.6831, Train Acc: 72.18% | Val Loss: 0.5661, Val Acc: 84.55%
Training Epoch 16: 100%|██████████| 28/28 [00:03<00:00,  8.63it/s]
✓ New best model saved! Val Acc: 88.18%
Epoch 16: Train Loss: 0.6232, Train Acc: 76.51% | Val Loss: 0.5317, Val Acc: 88.18%
Training Epoch 17: 100%|██████████| 28/28 [00:03<00:00,  8.67it/s]
✓ New best model saved! Val Acc: 89.09%
Epoch 17: Train Loss: 0.5521, Train Acc: 81.41% | Val Loss: 0.4898, Val Acc: 89.09%
Training Epoch 18: 100%|██████████| 28/28 [00:03<00:00,  8.31it/s]
✓ New best model saved! Val Acc: 90.00%
Epoch 18: Train Loss: 0.5107, Train Acc: 82.33% | Val Loss: 0.4341, Val Acc: 90.00%
Training Epoch 19: 100%|██████████| 28/28 [00:03<00:00,  8.66it/s]
✓ New best model saved! Val Acc: 92.27%
Epoch 19: Train Loss: 0.4859, Train Acc: 83.24% | Val Loss: 0.3989, Val Acc: 92.27%
Training Epoch 20: 100%|██████████| 28/28 [00:03<00:00,  8.34it/s]
✓ New best model saved! Val Acc: 93.18%
Epoch 20: Train Loss: 0.4286, Train Acc: 87.46% | Val Loss: 0.3755, Val Acc: 93.18%
Training Epoch 21: 100%|██████████| 28/28 [00:03<00:00,  8.51it/s]
Epoch 21: Train Loss: 0.3982, Train Acc: 89.28% | Val Loss: 0.3165, Val Acc: 92.73%
Training Epoch 22: 100%|██████████| 28/28 [00:03<00:00,  8.41it/s]
✓ New best model saved! Val Acc: 95.91%
Epoch 22: Train Loss: 0.3428, Train Acc: 89.40% | Val Loss: 0.2958, Val Acc: 95.91%
Training Epoch 23: 100%|██████████| 28/28 [00:03<00:00,  8.63it/s]
✓ New best model saved! Val Acc: 96.36%
Epoch 23: Train Loss: 0.3172, Train Acc: 91.79% | Val Loss: 0.2810, Val Acc: 96.36%
Training Epoch 24: 100%|██████████| 28/28 [00:03<00:00,  8.43it/s]
Epoch 24: Train Loss: 0.2993, Train Acc: 91.56% | Val Loss: 0.2538, Val Acc: 96.36%
Training Epoch 25: 100%|██████████| 28/28 [00:03<00:00,  8.33it/s]
✓ New best model saved! Val Acc: 98.64%
Epoch 25: Train Loss: 0.2533, Train Acc: 94.30% | Val Loss: 0.2197, Val Acc: 98.64%
Training Epoch 26: 100%|██████████| 28/28 [00:03<00:00,  8.60it/s]
✓ New best model saved! Val Acc: 99.09%
Epoch 26: Train Loss: 0.2327, Train Acc: 95.44% | Val Loss: 0.2017, Val Acc: 99.09%
Training Epoch 27: 100%|██████████| 28/28 [00:03<00:00,  8.35it/s]
Epoch 27: Train Loss: 0.2222, Train Acc: 95.67% | Val Loss: 0.1911, Val Acc: 99.09%
Training Epoch 28: 100%|██████████| 28/28 [00:03<00:00,  8.54it/s]
Epoch 28: Train Loss: 0.2117, Train Acc: 96.69% | Val Loss: 0.1740, Val Acc: 98.64%
Training Epoch 29: 100%|██████████| 28/28 [00:03<00:00,  8.52it/s]
✓ New best model saved! Val Acc: 99.55%
Epoch 29: Train Loss: 0.1926, Train Acc: 96.47% | Val Loss: 0.1352, Val Acc: 99.55%
Training Epoch 30: 100%|██████████| 28/28 [00:03<00:00,  8.60it/s]
Epoch 30: Train Loss: 0.1587, Train Acc: 98.40% | Val Loss: 0.1599, Val Acc: 99.55%
Training Epoch 31: 100%|██████████| 28/28 [00:03<00:00,  8.37it/s]
Epoch 31: Train Loss: 0.1507, Train Acc: 97.95% | Val Loss: 0.1185, Val Acc: 99.55%
Training Epoch 32: 100%|██████████| 28/28 [00:03<00:00,  8.15it/s]
Epoch 32: Train Loss: 0.1491, Train Acc: 98.06% | Val Loss: 0.1160, Val Acc: 99.55%
Training Epoch 33: 100%|██████████| 28/28 [00:03<00:00,  8.50it/s]
Epoch 33: Train Loss: 0.1243, Train Acc: 99.09% | Val Loss: 0.1215, Val Acc: 99.55%
Training Epoch 34: 100%|██████████| 28/28 [00:03<00:00,  8.29it/s]
Epoch 34: Train Loss: 0.1255, Train Acc: 98.97% | Val Loss: 0.1070, Val Acc: 99.55%
Training Epoch 35: 100%|██████████| 28/28 [00:03<00:00,  8.43it/s]
Epoch 35: Train Loss: 0.1115, Train Acc: 98.63% | Val Loss: 0.1044, Val Acc: 99.55%
Training Epoch 36: 100%|██████████| 28/28 [00:03<00:00,  8.69it/s]
Epoch 36: Train Loss: 0.1032, Train Acc: 98.86% | Val Loss: 0.1070, Val Acc: 99.55%
Training Epoch 37: 100%|██████████| 28/28 [00:03<00:00,  8.52it/s]
Epoch 37: Train Loss: 0.1107, Train Acc: 98.06% | Val Loss: 0.0928, Val Acc: 99.55%
Training Epoch 38: 100%|██████████| 28/28 [00:03<00:00,  8.29it/s]
Epoch 38: Train Loss: 0.0963, Train Acc: 98.97% | Val Loss: 0.1170, Val Acc: 99.55%
Training Epoch 39: 100%|██████████| 28/28 [00:03<00:00,  8.18it/s]
Epoch 39: Train Loss: 0.0942, Train Acc: 99.32% | Val Loss: 0.0778, Val Acc: 99.55%
Training Epoch 40: 100%|██████████| 28/28 [00:03<00:00,  8.50it/s]
Epoch 40: Train Loss: 0.0838, Train Acc: 99.20% | Val Loss: 0.0709, Val Acc: 99.55%
Training Epoch 41: 100%|██████████| 28/28 [00:03<00:00,  8.28it/s]
Epoch 41: Train Loss: 0.0803, Train Acc: 98.75% | Val Loss: 0.0794, Val Acc: 99.55%
Training Epoch 42: 100%|██████████| 28/28 [00:03<00:00,  8.52it/s]
Epoch 42: Train Loss: 0.0748, Train Acc: 99.32% | Val Loss: 0.0647, Val Acc: 99.55%
Training Epoch 43: 100%|██████████| 28/28 [00:03<00:00,  8.41it/s]
Epoch 43: Train Loss: 0.0734, Train Acc: 99.43% | Val Loss: 0.0661, Val Acc: 99.55%
Training Epoch 44: 100%|██████████| 28/28 [00:03<00:00,  8.76it/s]
Epoch 44: Train Loss: 0.0597, Train Acc: 99.54% | Val Loss: 0.0599, Val Acc: 99.55%
Training Epoch 45: 100%|██████████| 28/28 [00:03<00:00,  8.58it/s]
Epoch 45: Train Loss: 0.0643, Train Acc: 99.43% | Val Loss: 0.0769, Val Acc: 99.55%
Training Epoch 46: 100%|██████████| 28/28 [00:03<00:00,  8.47it/s]
Epoch 46: Train Loss: 0.0597, Train Acc: 99.66% | Val Loss: 0.0530, Val Acc: 99.55%
Training Epoch 47: 100%|██████████| 28/28 [00:03<00:00,  8.60it/s]
Epoch 47: Train Loss: 0.0565, Train Acc: 99.54% | Val Loss: 0.0647, Val Acc: 99.55%
Training Epoch 48: 100%|██████████| 28/28 [00:03<00:00,  8.38it/s]
Epoch 48: Train Loss: 0.0696, Train Acc: 99.54% | Val Loss: 0.0584, Val Acc: 99.55%
Training Epoch 49: 100%|██████████| 28/28 [00:03<00:00,  8.57it/s]
Epoch 49: Train Loss: 0.0618, Train Acc: 99.43% | Val Loss: 0.0611, Val Acc: 99.55%
Training Epoch 50: 100%|██████████| 28/28 [00:03<00:00,  8.60it/s]
Epoch 50: Train Loss: 0.0590, Train Acc: 99.54% | Val Loss: 0.0628, Val Acc: 99.55%

Training completed!
Best model saved at epoch 29 with validation accuracy: 99.55%
Evaluating model...
Testing: 100%|██████████| 7/7 [00:00<00:00,  7.75it/s]

Test Results:
Accuracy:  99.55%
Precision: 99.55%
Recall:    99.55%
F1-Score:  99.55%
AUC:       99.83%
Model saved as 'base_ccal.pth'
