============================================================
Lung-EffNet — Sequential 70/20/10 Split (No Shuffle)
============================================================
Total images: 1097
  Bengin cases: 120
  Malignant cases: 561
  Normal cases: 416

After sequential 70/20/10 split:
  Train: 767 (first 70%)
  Val:   218 (next 20%)
  Test:  112 (last 10%)
    Bengin cases: train=84, val=23, test=13
    Malignant cases: train=392, val=112, test=57
    Normal cases: train=291, val=83, test=42
Train after augmentation: 2749

############################################################
 EfficientNet-B0 | SEQUENTIAL SPLIT
############################################################
Downloading: "https://download.pytorch.org/models/efficientnet_b0_rwightman-7f5810bc.pth" to /root/.cache/torch/hub/checkpoints/efficientnet_b0_rwightman-7f5810bc.pth
100%|██████████| 20.5M/20.5M [00:00<00:00, 146MB/s]
  EfficientNet-B0: 4.01M params

============================================================
 Training: EffNet-B0 | 30 epochs | LR=0.001
============================================================
  [  1/30] loss=0.3774/0.8909 acc=0.8500/0.7248 f1=0.6354 lr=1.0e-03 (20.2s) ★
  [  2/30] loss=0.1452/0.5495 acc=0.9511/0.8807 f1=0.7225 lr=1.0e-03 (18.9s) ★
  [  3/30] loss=0.0888/0.8516 acc=0.9713/0.7798 f1=0.6505 lr=1.0e-03 (18.7s)
  [  4/30] loss=0.0828/1.3464 acc=0.9717/0.7890 f1=0.6582 lr=1.0e-03 (18.6s)
  [  5/30] loss=0.0479/1.3654 acc=0.9831/0.7569 f1=0.6323 lr=1.0e-03 (18.8s)
  [  6/30] loss=0.0340/1.8336 acc=0.9886/0.6330 f1=0.5347 lr=1.0e-03 (18.9s)
  [  7/30] loss=0.0356/0.9819 acc=0.9875/0.8028 f1=0.6430 lr=1.0e-03 (19.4s)
  [  8/30] loss=0.0538/0.8931 acc=0.9835/0.7936 f1=0.6850 lr=3.0e-04 (19.4s)
  [  9/30] loss=0.0136/0.9544 acc=0.9952/0.7936 f1=0.6898 lr=3.0e-04 (19.0s)
  ⏹ Early stop at epoch 9 (no improvement for 7 epochs)

============================================================
 TEST RESULTS — EffNet-B0
============================================================
Accuracy:  91.07%
Parameters: 4.01M

              precision    recall  f1-score   support

      Benign       0.62      0.62      0.62        13
   Malignant       1.00      1.00      1.00        57
      Normal       0.88      0.88      0.88        42

    accuracy                           0.91       112
   macro avg       0.83      0.83      0.83       112
weighted avg       0.91      0.91      0.91       112


############################################################
 EfficientNet-B1 | SEQUENTIAL SPLIT
############################################################
Downloading: "https://download.pytorch.org/models/efficientnet_b1_rwightman-bac287d4.pth" to /root/.cache/torch/hub/checkpoints/efficientnet_b1_rwightman-bac287d4.pth
100%|██████████| 30.1M/30.1M [00:00<00:00, 158MB/s]
  EfficientNet-B1: 6.52M params

============================================================
 Training: EffNet-B1 | 30 epochs | LR=0.001
============================================================
  [  1/30] loss=0.3407/3.1729 acc=0.8643/0.6009 f1=0.4608 lr=1.0e-03 (25.9s) ★
  [  2/30] loss=0.1121/0.6084 acc=0.9581/0.8486 f1=0.6795 lr=1.0e-03 (26.4s) ★
  [  3/30] loss=0.0536/1.2520 acc=0.9824/0.6927 f1=0.5701 lr=1.0e-03 (25.6s)
  [  4/30] loss=0.0449/0.8248 acc=0.9849/0.8578 f1=0.7118 lr=1.0e-03 (25.7s) ★
  [  5/30] loss=0.0774/0.5614 acc=0.9743/0.8578 f1=0.7415 lr=1.0e-03 (26.2s)
  [  6/30] loss=0.0641/0.8674 acc=0.9787/0.8578 f1=0.7358 lr=1.0e-03 (25.8s)
  [  7/30] loss=0.0464/0.7830 acc=0.9875/0.8394 f1=0.7124 lr=1.0e-03 (25.9s)
  [  8/30] loss=0.0117/0.6275 acc=0.9967/0.7752 f1=0.6770 lr=1.0e-03 (26.0s)
  [  9/30] loss=0.0192/1.4083 acc=0.9930/0.8578 f1=0.7299 lr=1.0e-03 (25.7s)
  [ 10/30] loss=0.0221/0.6178 acc=0.9926/0.8165 f1=0.7492 lr=3.0e-04 (25.8s)
  [ 11/30] loss=0.0121/0.7018 acc=0.9971/0.8532 f1=0.7289 lr=3.0e-04 (26.1s)
  ⏹ Early stop at epoch 11 (no improvement for 7 epochs)

============================================================
 TEST RESULTS — EffNet-B1
============================================================
Accuracy:  82.14%
Parameters: 6.52M

              precision    recall  f1-score   support

      Benign       0.43      0.77      0.56        13
   Malignant       0.93      1.00      0.97        57
      Normal       0.89      0.60      0.71        42

    accuracy                           0.82       112
   macro avg       0.75      0.79      0.75       112
weighted avg       0.86      0.82      0.82       112


############################################################
 EfficientNet-B2 | SEQUENTIAL SPLIT
############################################################
Downloading: "https://download.pytorch.org/models/efficientnet_b2_rwightman-c35c1473.pth" to /root/.cache/torch/hub/checkpoints/efficientnet_b2_rwightman-c35c1473.pth
100%|██████████| 35.2M/35.2M [00:00<00:00, 167MB/s]
  EfficientNet-B2: 7.71M params

============================================================
 Training: EffNet-B2 | 30 epochs | LR=0.001
============================================================
  [  1/30] loss=0.3488/0.7708 acc=0.8592/0.8028 f1=0.6820 lr=1.0e-03 (27.8s) ★
  [  2/30] loss=0.1110/0.6084 acc=0.9603/0.8073 f1=0.6887 lr=1.0e-03 (27.9s) ★
  [  3/30] loss=0.0873/0.8026 acc=0.9699/0.8028 f1=0.6630 lr=1.0e-03 (27.5s)
  [  4/30] loss=0.0695/0.7851 acc=0.9776/0.8349 f1=0.5888 lr=1.0e-03 (29.8s) ★
  [  5/30] loss=0.0564/0.6418 acc=0.9831/0.8807 f1=0.6859 lr=1.0e-03 (27.9s) ★
  [  6/30] loss=0.0270/1.1190 acc=0.9915/0.8624 f1=0.7936 lr=1.0e-03 (27.7s)
  [  7/30] loss=0.0276/0.6689 acc=0.9897/0.8807 f1=0.7205 lr=1.0e-03 (27.7s)
  [  8/30] loss=0.0273/1.0592 acc=0.9908/0.8211 f1=0.6879 lr=1.0e-03 (27.8s)
  [  9/30] loss=0.0235/1.0463 acc=0.9938/0.8211 f1=0.6780 lr=1.0e-03 (27.8s)
  [ 10/30] loss=0.0280/1.0979 acc=0.9912/0.7982 f1=0.7170 lr=1.0e-03 (27.9s)
  [ 11/30] loss=0.0220/1.1048 acc=0.9926/0.8119 f1=0.6768 lr=3.0e-04 (27.8s)
  [ 12/30] loss=0.0160/0.9917 acc=0.9952/0.7982 f1=0.6554 lr=3.0e-04 (27.9s)
  ⏹ Early stop at epoch 12 (no improvement for 7 epochs)

============================================================
 TEST RESULTS — EffNet-B2
============================================================
Accuracy:  80.36%
Parameters: 7.71M

              precision    recall  f1-score   support

      Benign       0.22      0.15      0.18        13
   Malignant       0.95      0.98      0.97        57
      Normal       0.73      0.76      0.74        42

    accuracy                           0.80       112
   macro avg       0.63      0.63      0.63       112
weighted avg       0.78      0.80      0.79       112


############################################################
 EfficientNet-B3 | SEQUENTIAL SPLIT
############################################################
Downloading: "https://download.pytorch.org/models/efficientnet_b3_rwightman-b3899882.pth" to /root/.cache/torch/hub/checkpoints/efficientnet_b3_rwightman-b3899882.pth
100%|██████████| 47.2M/47.2M [00:00<00:00, 165MB/s] 
  EfficientNet-B3: 10.70M params

============================================================
 Training: EffNet-B3 | 30 epochs | LR=0.001
============================================================
  [  1/30] loss=0.3411/0.7542 acc=0.8640/0.7706 f1=0.6307 lr=1.0e-03 (37.0s) ★
  [  2/30] loss=0.1309/1.7504 acc=0.9592/0.5321 f1=0.4244 lr=1.0e-03 (36.6s)
  [  3/30] loss=0.0824/0.6608 acc=0.9728/0.8670 f1=0.7128 lr=1.0e-03 (36.7s) ★
  [  4/30] loss=0.0354/1.3837 acc=0.9871/0.6789 f1=0.5680 lr=1.0e-03 (36.7s)
  [  5/30] loss=0.0461/1.1667 acc=0.9860/0.8394 f1=0.6728 lr=1.0e-03 (36.9s)
  [  6/30] loss=0.0520/0.5333 acc=0.9831/0.8716 f1=0.7159 lr=1.0e-03 (36.6s) ★
  [  7/30] loss=0.0404/0.3322 acc=0.9860/0.8578 f1=0.7118 lr=1.0e-03 (36.8s)
  [  8/30] loss=0.0470/1.0815 acc=0.9827/0.8853 f1=0.7213 lr=1.0e-03 (36.8s) ★
  [  9/30] loss=0.0419/1.9440 acc=0.9882/0.6697 f1=0.5875 lr=1.0e-03 (36.7s)
  [ 10/30] loss=0.0343/1.2578 acc=0.9875/0.8119 f1=0.6680 lr=1.0e-03 (36.9s)
  [ 11/30] loss=0.0060/1.1373 acc=0.9982/0.8532 f1=0.6941 lr=1.0e-03 (36.5s)
  [ 12/30] loss=0.0048/1.1539 acc=0.9985/0.8532 f1=0.7070 lr=1.0e-03 (36.5s)
  [ 13/30] loss=0.0069/1.1513 acc=0.9982/0.8945 f1=0.7375 lr=1.0e-03 (36.9s) ★
  [ 14/30] loss=0.0128/0.7114 acc=0.9952/0.8578 f1=0.7200 lr=1.0e-03 (36.5s)
  [ 15/30] loss=0.0181/1.6084 acc=0.9949/0.6835 f1=0.5754 lr=1.0e-03 (36.9s)
  [ 16/30] loss=0.0273/1.1014 acc=0.9926/0.8165 f1=0.6368 lr=1.0e-03 (36.5s)
  [ 17/30] loss=0.0109/1.1678 acc=0.9956/0.7798 f1=0.6449 lr=1.0e-03 (36.6s)
  [ 18/30] loss=0.0313/0.7896 acc=0.9890/0.7890 f1=0.6420 lr=1.0e-03 (36.9s)
  [ 19/30] loss=0.0261/0.8054 acc=0.9926/0.7844 f1=0.6590 lr=3.0e-04 (36.6s)
  [ 20/30] loss=0.0060/0.9604 acc=0.9985/0.7798 f1=0.6555 lr=3.0e-04 (36.9s)
  ⏹ Early stop at epoch 20 (no improvement for 7 epochs)

============================================================
 TEST RESULTS — EffNet-B3
============================================================
Accuracy:  87.50%
Parameters: 10.70M

              precision    recall  f1-score   support

      Benign       0.45      0.38      0.42        13
   Malignant       1.00      1.00      1.00        57
      Normal       0.82      0.86      0.84        42

    accuracy                           0.88       112
   macro avg       0.76      0.75      0.75       112
weighted avg       0.87      0.88      0.87       112


############################################################
 EfficientNet-B4 | SEQUENTIAL SPLIT
############################################################
Downloading: "https://download.pytorch.org/models/efficientnet_b4_rwightman-23ab8bcd.pth" to /root/.cache/torch/hub/checkpoints/efficientnet_b4_rwightman-23ab8bcd.pth
100%|██████████| 74.5M/74.5M [00:00<00:00, 174MB/s] 
  EfficientNet-B4: 17.55M params

============================================================
 Training: EffNet-B4 | 30 epochs | LR=0.001
============================================================
  [  1/30] loss=0.3810/0.6797 acc=0.8349/0.7477 f1=0.6170 lr=1.0e-03 (50.6s) ★
  [  2/30] loss=0.1155/0.4806 acc=0.9603/0.9037 f1=0.7204 lr=1.0e-03 (50.5s) ★
  [  3/30] loss=0.0658/0.4956 acc=0.9772/0.8211 f1=0.6978 lr=1.0e-03 (50.0s)
  [  4/30] loss=0.0345/0.7198 acc=0.9901/0.8486 f1=0.7132 lr=1.0e-03 (50.4s)
  [  5/30] loss=0.0250/0.9772 acc=0.9912/0.8165 f1=0.6687 lr=1.0e-03 (50.0s)
  [  6/30] loss=0.0400/0.8676 acc=0.9842/0.8761 f1=0.6814 lr=1.0e-03 (50.3s)
  [  7/30] loss=0.0158/1.1553 acc=0.9949/0.7798 f1=0.6580 lr=1.0e-03 (50.6s)
  [  8/30] loss=0.0152/1.2090 acc=0.9952/0.8257 f1=0.6811 lr=3.0e-04 (50.5s)
  [  9/30] loss=0.0042/1.2129 acc=0.9989/0.8211 f1=0.6864 lr=3.0e-04 (50.4s)
  ⏹ Early stop at epoch 9 (no improvement for 7 epochs)

============================================================
 TEST RESULTS — EffNet-B4
============================================================
Accuracy:  82.14%
Parameters: 17.55M

              precision    recall  f1-score   support

      Benign       0.18      0.15      0.17        13
   Malignant       1.00      1.00      1.00        57
      Normal       0.75      0.79      0.77        42

    accuracy                           0.82       112
   macro avg       0.64      0.65      0.64       112
weighted avg       0.81      0.82      0.82       112


===========================================================================
 COMPARISON: Paper (Leaky) vs Sequential (Honest)
===========================================================================
Model         Paper Acc    Seq Acc    Δ Acc
---------------------------------------------
EffNet-B0        93.67%     91.07%   -2.60%
EffNet-B1        99.10%     82.14%  -16.96%
EffNet-B2        99.10%     80.36%  -18.74%
EffNet-B3        98.19%     87.50%  -10.69%
EffNet-B4        97.29%     82.14%  -15.15%

Generating XAI on best model...

✅ XAI visualizations generated.
