============================================================
Lung-EffNet — Image-Level 80/20 Split (Paper Method)
============================================================
Total images: 1097
  Bengin cases: 120
  Malignant cases: 561
  Normal cases: 416

After 80/20 split: train=789, val=88, test=220
Train after augmentation: 2824

############################################################
 EfficientNet-B0 | LEAKY SPLIT
############################################################
  EfficientNet-B0: 4.01M params

============================================================
 Training: EffNet-B0 | 30 epochs | LR=0.001
============================================================
  [  1/30] loss=0.4060/0.3045 acc=0.8200/0.8864 f1=0.8294 lr=1.0e-03 (20.6s) ★
  [  2/30] loss=0.1997/0.0861 acc=0.9219/0.9659 f1=0.9406 lr=1.0e-03 (20.0s) ★
  [  3/30] loss=0.1360/0.1648 acc=0.9492/0.9545 f1=0.8976 lr=1.0e-03 (20.4s)
  [  4/30] loss=0.0967/0.3277 acc=0.9641/0.8636 f1=0.8009 lr=1.0e-03 (20.1s)
  [  5/30] loss=0.0762/0.0629 acc=0.9702/0.9659 f1=0.9406 lr=1.0e-03 (20.3s)
  [  6/30] loss=0.0515/0.0831 acc=0.9844/0.9773 f1=0.9566 lr=1.0e-03 (20.6s) ★
  [  7/30] loss=0.0475/0.0943 acc=0.9837/0.9773 f1=0.9593 lr=1.0e-03 (20.3s)
  [  8/30] loss=0.0345/0.4365 acc=0.9865/0.8068 f1=0.7910 lr=1.0e-03 (20.2s)
  [  9/30] loss=0.0693/0.0484 acc=0.9787/0.9773 f1=0.9593 lr=1.0e-03 (20.3s)
  [ 10/30] loss=0.0615/0.0822 acc=0.9762/0.9659 f1=0.9406 lr=1.0e-03 (20.5s)
  [ 11/30] loss=0.0316/0.0483 acc=0.9886/0.9773 f1=0.9532 lr=1.0e-03 (20.4s)
  [ 12/30] loss=0.0234/0.0318 acc=0.9925/0.9886 f1=0.9790 lr=1.0e-03 (20.3s) ★
  [ 13/30] loss=0.0502/0.0594 acc=0.9833/0.9886 f1=0.9790 lr=1.0e-03 (20.2s)
  [ 14/30] loss=0.0305/0.0622 acc=0.9893/0.9659 f1=0.9406 lr=1.0e-03 (20.3s)
  [ 15/30] loss=0.0475/0.0909 acc=0.9833/0.9659 f1=0.9370 lr=1.0e-03 (20.5s)
  [ 16/30] loss=0.0142/0.0089 acc=0.9957/0.9886 f1=0.9775 lr=1.0e-03 (20.5s)
  [ 17/30] loss=0.0195/0.0579 acc=0.9943/0.9886 f1=0.9790 lr=1.0e-03 (20.7s)
  [ 18/30] loss=0.0465/0.0806 acc=0.9886/0.9545 f1=0.9247 lr=3.0e-04 (20.7s)
  [ 19/30] loss=0.0343/0.0453 acc=0.9869/0.9886 f1=0.9913 lr=3.0e-04 (20.5s)
  ⏹ Early stop at epoch 19 (no improvement for 7 epochs)

============================================================
 TEST RESULTS — EffNet-B0
============================================================
Accuracy:  98.64%
Parameters: 4.01M

              precision    recall  f1-score   support

      Benign       0.92      0.96      0.94        24
   Malignant       1.00      1.00      1.00       113
      Normal       0.99      0.98      0.98        83

    accuracy                           0.99       220
   macro avg       0.97      0.98      0.97       220
weighted avg       0.99      0.99      0.99       220


############################################################
 EfficientNet-B1 | LEAKY SPLIT
############################################################
  EfficientNet-B1: 6.52M params

============================================================
 Training: EffNet-B1 | 30 epochs | LR=0.001
============================================================
  [  1/30] loss=0.4131/0.5067 acc=0.8189/0.7841 f1=0.7089 lr=1.0e-03 (26.4s) ★
  [  2/30] loss=0.1691/0.2278 acc=0.9386/0.9318 f1=0.9073 lr=1.0e-03 (26.2s) ★
  [  3/30] loss=0.1117/0.1309 acc=0.9620/0.9659 f1=0.9480 lr=1.0e-03 (26.3s) ★
  [  4/30] loss=0.0784/0.1251 acc=0.9723/0.9773 f1=0.9593 lr=1.0e-03 (26.1s) ★
  [  5/30] loss=0.0561/0.2023 acc=0.9826/0.9545 f1=0.9186 lr=1.0e-03 (25.7s)
  [  6/30] loss=0.0736/0.0346 acc=0.9744/0.9886 f1=0.9790 lr=1.0e-03 (26.2s) ★
  [  7/30] loss=0.0302/0.0964 acc=0.9890/0.9659 f1=0.9398 lr=1.0e-03 (26.2s)
  [  8/30] loss=0.0582/0.0829 acc=0.9794/0.9773 f1=0.9593 lr=1.0e-03 (26.4s)
  [  9/30] loss=0.0533/0.1961 acc=0.9830/0.9773 f1=0.9593 lr=1.0e-03 (26.1s)
  [ 10/30] loss=0.0329/0.0078 acc=0.9893/1.0000 f1=1.0000 lr=1.0e-03 (25.8s) ★
  [ 11/30] loss=0.0095/0.2104 acc=0.9975/0.9659 f1=0.9406 lr=1.0e-03 (26.0s)
  [ 12/30] loss=0.0256/0.0314 acc=0.9925/0.9773 f1=0.9566 lr=1.0e-03 (26.0s)
  [ 13/30] loss=0.0183/0.1363 acc=0.9929/0.9773 f1=0.9608 lr=1.0e-03 (25.9s)
  [ 14/30] loss=0.0536/0.0402 acc=0.9819/0.9659 f1=0.9370 lr=1.0e-03 (25.8s)
  [ 15/30] loss=0.0472/0.0999 acc=0.9844/0.9432 f1=0.8896 lr=1.0e-03 (25.9s)
  [ 16/30] loss=0.0268/0.1588 acc=0.9908/0.9773 f1=0.9566 lr=3.0e-04 (25.9s)
  [ 17/30] loss=0.0163/0.0894 acc=0.9940/0.9773 f1=0.9566 lr=3.0e-04 (25.9s)
  ⏹ Early stop at epoch 17 (no improvement for 7 epochs)

============================================================
 TEST RESULTS — EffNet-B1
============================================================
Accuracy:  98.64%
Parameters: 6.52M

              precision    recall  f1-score   support

      Benign       0.96      0.92      0.94        24
   Malignant       1.00      1.00      1.00       113
      Normal       0.98      0.99      0.98        83

    accuracy                           0.99       220
   macro avg       0.98      0.97      0.97       220
weighted avg       0.99      0.99      0.99       220


############################################################
 EfficientNet-B2 | LEAKY SPLIT
############################################################
Downloading: "https://download.pytorch.org/models/efficientnet_b2_rwightman-c35c1473.pth" to /root/.cache/torch/hub/checkpoints/efficientnet_b2_rwightman-c35c1473.pth
100%|██████████| 35.2M/35.2M [00:00<00:00, 163MB/s]
  EfficientNet-B2: 7.71M params

============================================================
 Training: EffNet-B2 | 30 epochs | LR=0.001
============================================================
  [  1/30] loss=0.3996/0.1079 acc=0.8395/0.9545 f1=0.9229 lr=1.0e-03 (28.0s) ★
  [  2/30] loss=0.1660/0.3418 acc=0.9453/0.9205 f1=0.8740 lr=1.0e-03 (27.9s)
  [  3/30] loss=0.1189/0.2437 acc=0.9545/0.8977 f1=0.8502 lr=1.0e-03 (28.1s)
  [  4/30] loss=0.0666/0.2004 acc=0.9741/0.9545 f1=0.9229 lr=1.0e-03 (27.9s)
  [  5/30] loss=0.0569/0.1623 acc=0.9808/0.9205 f1=0.8797 lr=1.0e-03 (27.8s)
  [  6/30] loss=0.0433/0.1870 acc=0.9844/0.9659 f1=0.9406 lr=1.0e-03 (28.0s) ★
  [  7/30] loss=0.0947/0.1276 acc=0.9648/0.9659 f1=0.9492 lr=1.0e-03 (28.0s)
  [  8/30] loss=0.0524/0.1029 acc=0.9783/0.9773 f1=0.9593 lr=1.0e-03 (27.9s) ★
  [  9/30] loss=0.0332/0.1147 acc=0.9876/0.9773 f1=0.9593 lr=1.0e-03 (28.1s)
  [ 10/30] loss=0.0343/0.1679 acc=0.9872/0.9773 f1=0.9593 lr=1.0e-03 (28.0s)
  [ 11/30] loss=0.0258/0.0628 acc=0.9911/0.9886 f1=0.9790 lr=1.0e-03 (28.1s) ★
  [ 12/30] loss=0.0456/0.1195 acc=0.9819/0.9545 f1=0.9530 lr=1.0e-03 (27.8s)
  [ 13/30] loss=0.0312/0.1116 acc=0.9893/0.9659 f1=0.9424 lr=1.0e-03 (27.9s)
  [ 14/30] loss=0.0365/0.0690 acc=0.9865/0.9659 f1=0.9406 lr=1.0e-03 (27.9s)
  [ 15/30] loss=0.0337/0.0332 acc=0.9869/0.9886 f1=0.9790 lr=1.0e-03 (27.9s)
  [ 16/30] loss=0.0177/0.0767 acc=0.9954/0.9886 f1=0.9790 lr=1.0e-03 (28.0s)
  [ 17/30] loss=0.0326/0.0269 acc=0.9879/0.9773 f1=0.9593 lr=3.0e-04 (28.0s)
  [ 18/30] loss=0.0127/0.0761 acc=0.9972/0.9773 f1=0.9593 lr=3.0e-04 (28.0s)
  ⏹ Early stop at epoch 18 (no improvement for 7 epochs)

============================================================
 TEST RESULTS — EffNet-B2
============================================================
Accuracy:  98.64%
Parameters: 7.71M

              precision    recall  f1-score   support

      Benign       0.92      0.96      0.94        24
   Malignant       1.00      1.00      1.00       113
      Normal       0.99      0.98      0.98        83

    accuracy                           0.99       220
   macro avg       0.97      0.98      0.97       220
weighted avg       0.99      0.99      0.99       220


############################################################
 EfficientNet-B3 | LEAKY SPLIT
############################################################
Downloading: "https://download.pytorch.org/models/efficientnet_b3_rwightman-b3899882.pth" to /root/.cache/torch/hub/checkpoints/efficientnet_b3_rwightman-b3899882.pth
100%|██████████| 47.2M/47.2M [00:00<00:00, 170MB/s] 
  EfficientNet-B3: 10.70M params

============================================================
 Training: EffNet-B3 | 30 epochs | LR=0.001
============================================================
  [  1/30] loss=0.4013/0.5612 acc=0.8377/0.7955 f1=0.7447 lr=1.0e-03 (37.1s) ★
  [  2/30] loss=0.1816/0.0403 acc=0.9361/1.0000 f1=1.0000 lr=1.0e-03 (37.0s) ★
  [  3/30] loss=0.0983/0.1432 acc=0.9656/0.9432 f1=0.9081 lr=1.0e-03 (37.0s)
  [  4/30] loss=0.0755/0.0428 acc=0.9705/0.9659 f1=0.9502 lr=1.0e-03 (37.0s)
  [  5/30] loss=0.0626/0.1106 acc=0.9776/0.9773 f1=0.9593 lr=1.0e-03 (37.0s)
  [  6/30] loss=0.0684/0.0340 acc=0.9773/0.9886 f1=0.9790 lr=1.0e-03 (36.9s)
  [  7/30] loss=0.0704/0.1645 acc=0.9734/0.9318 f1=0.9073 lr=1.0e-03 (36.6s)
  [  8/30] loss=0.0443/0.0931 acc=0.9822/0.9773 f1=0.9703 lr=3.0e-04 (37.0s)
  [  9/30] loss=0.0151/0.0185 acc=0.9929/0.9886 f1=0.9790 lr=3.0e-04 (36.9s)
  ⏹ Early stop at epoch 9 (no improvement for 7 epochs)

============================================================
 TEST RESULTS — EffNet-B3
============================================================
Accuracy:  97.73%
Parameters: 10.70M

              precision    recall  f1-score   support

      Benign       0.88      0.92      0.90        24
   Malignant       1.00      1.00      1.00       113
      Normal       0.98      0.96      0.97        83

    accuracy                           0.98       220
   macro avg       0.95      0.96      0.96       220
weighted avg       0.98      0.98      0.98       220


############################################################
 EfficientNet-B4 | LEAKY SPLIT
############################################################
Downloading: "https://download.pytorch.org/models/efficientnet_b4_rwightman-23ab8bcd.pth" to /root/.cache/torch/hub/checkpoints/efficientnet_b4_rwightman-23ab8bcd.pth
100%|██████████| 74.5M/74.5M [00:00<00:00, 178MB/s] 
  EfficientNet-B4: 17.55M params

============================================================
 Training: EffNet-B4 | 30 epochs | LR=0.001
============================================================
  [  1/30] loss=0.4152/0.3022 acc=0.8256/0.8977 f1=0.8591 lr=1.0e-03 (50.9s) ★
  [  2/30] loss=0.1332/0.2435 acc=0.9482/0.9091 f1=0.8588 lr=1.0e-03 (50.8s) ★
  [  3/30] loss=0.0676/0.0286 acc=0.9737/0.9886 f1=0.9775 lr=1.0e-03 (50.8s) ★
  [  4/30] loss=0.0781/0.2692 acc=0.9719/0.9091 f1=0.8588 lr=1.0e-03 (51.0s)
  [  5/30] loss=0.0459/0.0806 acc=0.9819/0.9545 f1=0.9229 lr=1.0e-03 (50.4s)
  [  6/30] loss=0.0301/0.0223 acc=0.9915/0.9886 f1=0.9790 lr=1.0e-03 (50.7s)
  [  7/30] loss=0.0251/0.1635 acc=0.9915/0.9773 f1=0.9593 lr=1.0e-03 (50.6s)
  [  8/30] loss=0.0235/0.0792 acc=0.9922/0.9886 f1=0.9790 lr=1.0e-03 (50.6s)
  [  9/30] loss=0.0487/0.0547 acc=0.9862/0.9886 f1=0.9775 lr=3.0e-04 (50.6s)
  [ 10/30] loss=0.0188/0.0590 acc=0.9954/0.9773 f1=0.9593 lr=3.0e-04 (50.9s)
  ⏹ Early stop at epoch 10 (no improvement for 7 epochs)

============================================================
 TEST RESULTS — EffNet-B4
============================================================
Accuracy:  97.73%
Parameters: 17.55M

              precision    recall  f1-score   support

      Benign       0.95      0.83      0.89        24
   Malignant       1.00      1.00      1.00       113
      Normal       0.95      0.99      0.97        83

    accuracy                           0.98       220
   macro avg       0.97      0.94      0.95       220
weighted avg       0.98      0.98      0.98       220


===========================================================================
 COMPARISON: Paper vs Our Reproduction (Leaky Split)
===========================================================================
Model         Paper Acc    Our Acc    Δ Acc
---------------------------------------------
EffNet-B0        93.67%     98.64%   +4.97%
EffNet-B1        99.10%     98.64%   -0.46%
EffNet-B2        99.10%     98.64%   -0.46%
EffNet-B3        98.19%     97.73%   -0.46%
EffNet-B4        97.29%     97.73%   +0.44%

Generating XAI on best model...

✅ XAI visualizations generated.
